/usr/local/cuda/bin/nvcc -ccbin g++ -I../../../Common  -m64    --threads 0 --std=c++11 -gencode arch=compute_50,code=sm_50 -gencode arch=compute_52,code=sm_52 -gencode arch=compute_60,code=sm_60 -gencode arch=compute_61,code=sm_61 -gencode arch=compute_70,code=sm_70 -gencode arch=compute_75,code=sm_75 -gencode arch=compute_80,code=sm_80 -gencode arch=compute_86,code=sm_86 -gencode arch=compute_90,code=sm_90 -gencode arch=compute_90,code=compute_90 -o md.o -c md.cpp
/usr/local/cuda/bin/nvcc -ccbin g++ -I../../../Common  -m64    --threads 0 --std=c++11 -gencode arch=compute_50,code=sm_50 -gencode arch=compute_52,code=sm_52 -gencode arch=compute_60,code=sm_60 -gencode arch=compute_61,code=sm_61 -gencode arch=compute_70,code=sm_70 -gencode arch=compute_75,code=sm_75 -gencode arch=compute_80,code=sm_80 -gencode arch=compute_86,code=sm_86 -gencode arch=compute_90,code=sm_90 -gencode arch=compute_90,code=compute_90 -o md_savealldata.o -c md_savealldata.cpp
md_savealldata.cpp: In function ‘void LoadAllData(particle_data&, cell_data&, sample_data&, additional_data&, interaction_list_data&, potential_data&)’:
md_savealldata.cpp:87:18: warning: too many arguments for format [-Wformat-extra-args]
   87 |  fprintf(stderr, "Finish Load Data\n", 0);
      |                  ^~~~~~~~~~~~~~~~~~~~
/usr/local/cuda/bin/nvcc -ccbin g++ -I../../../Common  -m64    --threads 0 --std=c++11 -gencode arch=compute_50,code=sm_50 -gencode arch=compute_52,code=sm_52 -gencode arch=compute_60,code=sm_60 -gencode arch=compute_61,code=sm_61 -gencode arch=compute_70,code=sm_70 -gencode arch=compute_75,code=sm_75 -gencode arch=compute_80,code=sm_80 -gencode arch=compute_86,code=sm_86 -gencode arch=compute_90,code=sm_90 -gencode arch=compute_90,code=compute_90 -o md_savelammpsdata.o -c md_savelammpsdata.cpp
/usr/local/cuda/bin/nvcc -ccbin g++ -I../../../Common  -m64    --threads 0 --std=c++11 -gencode arch=compute_50,code=sm_50 -gencode arch=compute_52,code=sm_52 -gencode arch=compute_60,code=sm_60 -gencode arch=compute_61,code=sm_61 -gencode arch=compute_70,code=sm_70 -gencode arch=compute_75,code=sm_75 -gencode arch=compute_80,code=sm_80 -gencode arch=compute_86,code=sm_86 -gencode arch=compute_90,code=sm_90 -gencode arch=compute_90,code=compute_90 -o md_renewinteractionlist_full.o -c md_renewinteractionlist_full.cpp
/usr/local/cuda/bin/nvcc -ccbin g++ -I../../../Common  -m64    --threads 0 --std=c++11 -gencode arch=compute_50,code=sm_50 -gencode arch=compute_52,code=sm_52 -gencode arch=compute_60,code=sm_60 -gencode arch=compute_61,code=sm_61 -gencode arch=compute_70,code=sm_70 -gencode arch=compute_75,code=sm_75 -gencode arch=compute_80,code=sm_80 -gencode arch=compute_86,code=sm_86 -gencode arch=compute_90,code=sm_90 -gencode arch=compute_90,code=compute_90 -o kernel.o -c kernel.cu
mp.h(6): warning #2464-D: conversion from a string literal to "char *" is deprecated

Remark: The warnings can be suppressed with "-diag-suppress <warning-number>"

mp.h(6): warning #2464-D: conversion from a string literal to "char *" is deprecated

Remark: The warnings can be suppressed with "-diag-suppress <warning-number>"

mp.h(6): warning #2464-D: conversion from a string literal to "char *" is deprecated

Remark: The warnings can be suppressed with "-diag-suppress <warning-number>"

mp.h(6): warning #2464-D: conversion from a string literal to "char *" is deprecated

Remark: The warnings can be suppressed with "-diag-suppress <warning-number>"

mp.h(6): warning #2464-D: conversion from a string literal to "char *" is deprecated

Remark: The warnings can be suppressed with "-diag-suppress <warning-number>"

mp.h(6): warning #2464-D: conversion from a string literal to "char *" is deprecated

Remark: The warnings can be suppressed with "-diag-suppress <warning-number>"

mp.h(6): warning #2464-D: conversion from a string literal to "char *" is deprecated

Remark: The warnings can be suppressed with "-diag-suppress <warning-number>"

mp.h(6): warning #2464-D: conversion from a string literal to "char *" is deprecated

Remark: The warnings can be suppressed with "-diag-suppress <warning-number>"

mp.h(6): warning #2464-D: conversion from a string literal to "char *" is deprecated

Remark: The warnings can be suppressed with "-diag-suppress <warning-number>"

mp.h(6): warning #2464-D: conversion from a string literal to "char *" is deprecated

Remark: The warnings can be suppressed with "-diag-suppress <warning-number>"

/usr/local/cuda/bin/nvcc -ccbin g++ -I../../../Common  -m64    --threads 0 --std=c++11 -gencode arch=compute_50,code=sm_50 -gencode arch=compute_52,code=sm_52 -gencode arch=compute_60,code=sm_60 -gencode arch=compute_61,code=sm_61 -gencode arch=compute_70,code=sm_70 -gencode arch=compute_75,code=sm_75 -gencode arch=compute_80,code=sm_80 -gencode arch=compute_86,code=sm_86 -gencode arch=compute_90,code=sm_90 -gencode arch=compute_90,code=compute_90 -o mp_determineconjgradient.o -c mp_determineconjgradient.cu
mp.h(6): warning #2464-D: conversion from a string literal to "char *" is deprecated

Remark: The warnings can be suppressed with "-diag-suppress <warning-number>"

mp_determineconjgradient.cu(162): warning #2361-D: invalid narrowing conversion from "double" to "float"

mp_determineconjgradient.cu(162): warning #2361-D: invalid narrowing conversion from "double" to "float"

mp_determineconjgradient.cu(162): warning #2361-D: invalid narrowing conversion from "double" to "float"

mp_determineconjgradient.cu(162): warning #2361-D: invalid narrowing conversion from "double" to "float"

mp_determineconjgradient.cu(162): warning #2361-D: invalid narrowing conversion from "double" to "float"

mp_determineconjgradient.cu(162): warning #2361-D: invalid narrowing conversion from "double" to "float"

mp.h(6): warning #2464-D: conversion from a string literal to "char *" is deprecated

Remark: The warnings can be suppressed with "-diag-suppress <warning-number>"

mp_determineconjgradient.cu(162): warning #2361-D: invalid narrowing conversion from "double" to "float"

mp_determineconjgradient.cu(162): warning #2361-D: invalid narrowing conversion from "double" to "float"

mp_determineconjgradient.cu(162): warning #2361-D: invalid narrowing conversion from "double" to "float"

mp_determineconjgradient.cu(162): warning #2361-D: invalid narrowing conversion from "double" to "float"

mp_determineconjgradient.cu(162): warning #2361-D: invalid narrowing conversion from "double" to "float"

mp_determineconjgradient.cu(162): warning #2361-D: invalid narrowing conversion from "double" to "float"

mp.h(6): warning #2464-D: conversion from a string literal to "char *" is deprecated

Remark: The warnings can be suppressed with "-diag-suppress <warning-number>"

mp_determineconjgradient.cu(162): warning #2361-D: invalid narrowing conversion from "double" to "float"

mp_determineconjgradient.cu(162): warning #2361-D: invalid narrowing conversion from "double" to "float"

mp_determineconjgradient.cu(162): warning #2361-D: invalid narrowing conversion from "double" to "float"

mp_determineconjgradient.cu(162): warning #2361-D: invalid narrowing conversion from "double" to "float"

mp_determineconjgradient.cu(162): warning #2361-D: invalid narrowing conversion from "double" to "float"

mp_determineconjgradient.cu(162): warning #2361-D: invalid narrowing conversion from "double" to "float"

mp.h(6): warning #2464-D: conversion from a string literal to "char *" is deprecated

Remark: The warnings can be suppressed with "-diag-suppress <warning-number>"

mp_determineconjgradient.cu(162): warning #2361-D: invalid narrowing conversion from "double" to "float"

mp_determineconjgradient.cu(162): warning #2361-D: invalid narrowing conversion from "double" to "float"

mp_determineconjgradient.cu(162): warning #2361-D: invalid narrowing conversion from "double" to "float"

mp_determineconjgradient.cu(162): warning #2361-D: invalid narrowing conversion from "double" to "float"

mp_determineconjgradient.cu(162): warning #2361-D: invalid narrowing conversion from "double" to "float"

mp_determineconjgradient.cu(162): warning #2361-D: invalid narrowing conversion from "double" to "float"

mp.h(6): warning #2464-D: conversion from a string literal to "char *" is deprecated

Remark: The warnings can be suppressed with "-diag-suppress <warning-number>"

mp_determineconjgradient.cu(162): warning #2361-D: invalid narrowing conversion from "double" to "float"

mp_determineconjgradient.cu(162): warning #2361-D: invalid narrowing conversion from "double" to "float"

mp_determineconjgradient.cu(162): warning #2361-D: invalid narrowing conversion from "double" to "float"

mp_determineconjgradient.cu(162): warning #2361-D: invalid narrowing conversion from "double" to "float"

mp_determineconjgradient.cu(162): warning #2361-D: invalid narrowing conversion from "double" to "float"

mp_determineconjgradient.cu(162): warning #2361-D: invalid narrowing conversion from "double" to "float"

mp.h(6): warning #2464-D: conversion from a string literal to "char *" is deprecated

Remark: The warnings can be suppressed with "-diag-suppress <warning-number>"

mp_determineconjgradient.cu(162): warning #2361-D: invalid narrowing conversion from "double" to "float"

mp_determineconjgradient.cu(162): warning #2361-D: invalid narrowing conversion from "double" to "float"

mp_determineconjgradient.cu(162): warning #2361-D: invalid narrowing conversion from "double" to "float"

mp_determineconjgradient.cu(162): warning #2361-D: invalid narrowing conversion from "double" to "float"

mp_determineconjgradient.cu(162): warning #2361-D: invalid narrowing conversion from "double" to "float"

mp_determineconjgradient.cu(162): warning #2361-D: invalid narrowing conversion from "double" to "float"

mp.h(6): warning #2464-D: conversion from a string literal to "char *" is deprecated

Remark: The warnings can be suppressed with "-diag-suppress <warning-number>"

mp_determineconjgradient.cu(162): warning #2361-D: invalid narrowing conversion from "double" to "float"

mp_determineconjgradient.cu(162): warning #2361-D: invalid narrowing conversion from "double" to "float"

mp_determineconjgradient.cu(162): warning #2361-D: invalid narrowing conversion from "double" to "float"

mp_determineconjgradient.cu(162): warning #2361-D: invalid narrowing conversion from "double" to "float"

mp_determineconjgradient.cu(162): warning #2361-D: invalid narrowing conversion from "double" to "float"

mp_determineconjgradient.cu(162): warning #2361-D: invalid narrowing conversion from "double" to "float"

mp.h(6): warning #2464-D: conversion from a string literal to "char *" is deprecated

Remark: The warnings can be suppressed with "-diag-suppress <warning-number>"

mp_determineconjgradient.cu(162): warning #2361-D: invalid narrowing conversion from "double" to "float"

mp_determineconjgradient.cu(162): warning #2361-D: invalid narrowing conversion from "double" to "float"

mp_determineconjgradient.cu(162): warning #2361-D: invalid narrowing conversion from "double" to "float"

mp_determineconjgradient.cu(162): warning #2361-D: invalid narrowing conversion from "double" to "float"

mp_determineconjgradient.cu(162): warning #2361-D: invalid narrowing conversion from "double" to "float"

mp_determineconjgradient.cu(162): warning #2361-D: invalid narrowing conversion from "double" to "float"

mp.h(6): warning #2464-D: conversion from a string literal to "char *" is deprecated

Remark: The warnings can be suppressed with "-diag-suppress <warning-number>"

mp_determineconjgradient.cu(162): warning #2361-D: invalid narrowing conversion from "double" to "float"

mp_determineconjgradient.cu(162): warning #2361-D: invalid narrowing conversion from "double" to "float"

mp_determineconjgradient.cu(162): warning #2361-D: invalid narrowing conversion from "double" to "float"

mp_determineconjgradient.cu(162): warning #2361-D: invalid narrowing conversion from "double" to "float"

mp_determineconjgradient.cu(162): warning #2361-D: invalid narrowing conversion from "double" to "float"

mp_determineconjgradient.cu(162): warning #2361-D: invalid narrowing conversion from "double" to "float"

mp.h(6): warning #2464-D: conversion from a string literal to "char *" is deprecated

Remark: The warnings can be suppressed with "-diag-suppress <warning-number>"

mp_determineconjgradient.cu(162): warning #2361-D: invalid narrowing conversion from "double" to "float"

mp_determineconjgradient.cu(162): warning #2361-D: invalid narrowing conversion from "double" to "float"

mp_determineconjgradient.cu(162): warning #2361-D: invalid narrowing conversion from "double" to "float"

mp_determineconjgradient.cu(162): warning #2361-D: invalid narrowing conversion from "double" to "float"

mp_determineconjgradient.cu(162): warning #2361-D: invalid narrowing conversion from "double" to "float"

mp_determineconjgradient.cu(162): warning #2361-D: invalid narrowing conversion from "double" to "float"

mp_determineconjgradient.cu: In function ‘void DetermineConjGradient()’:
mp_determineconjgradient.cu:162:22: warning: narrowing conversion of ‘(sc * 2.5000000000000001e-2)’ from ‘double’ to ‘float’ [-Wnarrowing]
  162 |     float3 LSi[2] = { {sc * 0.025, sc * 0.025, sc * 0.05},{sc * 0.05, sc * 0.05, sc * 0.02} }, SpaceSize[2] = { {0.04, 0.04, 0.06}, {0.065, 0.065, 0.03} };
      |                   ~~~^~~~~~~~~
mp_determineconjgradient.cu:162:36: warning: narrowing conversion of ‘(sc * 2.5000000000000001e-2)’ from ‘double’ to ‘float’ [-Wnarrowing]
  162 |     float3 LSi[2] = { {sc * 0.025, sc * 0.025, sc * 0.05},{sc * 0.05, sc * 0.05, sc * 0.02} }, SpaceSize[2] = { {0.04, 0.04, 0.06}, {0.065, 0.065, 0.03} };
      |                                 ~~~^~~~~~~~~
mp_determineconjgradient.cu:162:50: warning: narrowing conversion of ‘(sc * 5.0000000000000003e-2)’ from ‘double’ to ‘float’ [-Wnarrowing]
  162 |     float3 LSi[2] = { {sc * 0.025, sc * 0.025, sc * 0.05},{sc * 0.05, sc * 0.05, sc * 0.02} }, SpaceSize[2] = { {0.04, 0.04, 0.06}, {0.065, 0.065, 0.03} };
      |                                               ~~~^~~~~~~~
mp_determineconjgradient.cu:162:65: warning: narrowing conversion of ‘(sc * 5.0000000000000003e-2)’ from ‘double’ to ‘float’ [-Wnarrowing]
  162 |     float3 LSi[2] = { {sc * 0.025, sc * 0.025, sc * 0.05},{sc * 0.05, sc * 0.05, sc * 0.02} }, SpaceSize[2] = { {0.04, 0.04, 0.06}, {0.065, 0.065, 0.03} };
      |                                                              ~~~^~~~~~~~
mp_determineconjgradient.cu:162:78: warning: narrowing conversion of ‘(sc * 5.0000000000000003e-2)’ from ‘double’ to ‘float’ [-Wnarrowing]
  162 |     float3 LSi[2] = { {sc * 0.025, sc * 0.025, sc * 0.05},{sc * 0.05, sc * 0.05, sc * 0.02} }, SpaceSize[2] = { {0.04, 0.04, 0.06}, {0.065, 0.065, 0.03} };
      |                                                                           ~~~^~~~~~~~
mp_determineconjgradient.cu:162:91: warning: narrowing conversion of ‘(sc * 2.0e-2)’ from ‘double’ to ‘float’ [-Wnarrowing]
  162 |     float3 LSi[2] = { {sc * 0.025, sc * 0.025, sc * 0.05},{sc * 0.05, sc * 0.05, sc * 0.02} }, SpaceSize[2] = { {0.04, 0.04, 0.06}, {0.065, 0.065, 0.03} };
      |                                                                                        ~~~^~~~~~~~
/usr/local/cuda/bin/nvcc -ccbin g++ -I../../../Common  -m64    --threads 0 --std=c++11 -gencode arch=compute_50,code=sm_50 -gencode arch=compute_52,code=sm_52 -gencode arch=compute_60,code=sm_60 -gencode arch=compute_61,code=sm_61 -gencode arch=compute_70,code=sm_70 -gencode arch=compute_75,code=sm_75 -gencode arch=compute_80,code=sm_80 -gencode arch=compute_86,code=sm_86 -gencode arch=compute_90,code=sm_90 -gencode arch=compute_90,code=compute_90 -o md_createcylindersample.o -c md_createcylindersample.cu
In file included from /usr/local/cuda/bin/../targets/x86_64-linux/include/thrust/detail/config/config.h:27,
                 from /usr/local/cuda/bin/../targets/x86_64-linux/include/thrust/detail/config.h:23,
                 from /usr/local/cuda/bin/../targets/x86_64-linux/include/thrust/count.h:24,
                 from md_createcylindersample.cu:11:
/usr/local/cuda/bin/../targets/x86_64-linux/include/thrust/detail/config/cpp_dialect.h:131:13: warning: Thrust requires at least C++14. C++11 is deprecated but still supported. C++11 support will be removed in a future release. Define THRUST_IGNORE_DEPRECATED_CPP_DIALECT to suppress this message.
  131 |      THRUST_COMPILER_DEPRECATION_SOFT(C++14, C++11);
      |             ^~~~~~~~~~~~~~~~~~~~~~~~~~~~~~~~~~~~~~~~                                                                                                                                                           
In file included from /usr/local/cuda/bin/../targets/x86_64-linux/include/cub/util_arch.cuh:36,
                 from /usr/local/cuda/bin/../targets/x86_64-linux/include/cub/util_debug.cuh:40,
                 from /usr/local/cuda/bin/../targets/x86_64-linux/include/thrust/system/cuda/config.h:43,
                 from /usr/local/cuda/bin/../targets/x86_64-linux/include/thrust/system/cuda/detail/execution_policy.h:35,
                 from /usr/local/cuda/bin/../targets/x86_64-linux/include/thrust/iterator/detail/device_system_tag.h:23,
                 from /usr/local/cuda/bin/../targets/x86_64-linux/include/thrust/iterator/iterator_traits.h:62,
                 from /usr/local/cuda/bin/../targets/x86_64-linux/include/thrust/count.h:26,
                 from md_createcylindersample.cu:11:
/usr/local/cuda/bin/../targets/x86_64-linux/include/cub/util_cpp_dialect.cuh:142:13: warning: CUB requires at least C++14. C++11 is deprecated but still supported. C++11 support will be removed in a future release. Define CUB_IGNORE_DEPRECATED_CPP_DIALECT to suppress this message.
  142 |      CUB_COMPILER_DEPRECATION_SOFT(C++14, C++11);
      |             ^~~~~~~~~~~~~~~~~~~~~~~~~~~~~~~~~~~~~                                                                                                                                                        
In file included from /usr/local/cuda/bin/../targets/x86_64-linux/include/thrust/detail/config/config.h:27,
                 from /usr/local/cuda/bin/../targets/x86_64-linux/include/thrust/detail/config.h:23,
                 from /usr/local/cuda/bin/../targets/x86_64-linux/include/thrust/count.h:24,
                 from md_createcylindersample.cu:11:
/usr/local/cuda/bin/../targets/x86_64-linux/include/thrust/detail/config/cpp_dialect.h:131:13: warning: Thrust requires at least C++14. C++11 is deprecated but still supported. C++11 support will be removed in a future release. Define THRUST_IGNORE_DEPRECATED_CPP_DIALECT to suppress this message.
  131 |      THRUST_COMPILER_DEPRECATION_SOFT(C++14, C++11);
      |             ^~~~~~~~~~~~~~~~~~~~~~~~~~~~~~~~~~~~~~~~                                                                                                                                                           
In file included from /usr/local/cuda/bin/../targets/x86_64-linux/include/cub/util_arch.cuh:36,
                 from /usr/local/cuda/bin/../targets/x86_64-linux/include/cub/util_debug.cuh:40,
                 from /usr/local/cuda/bin/../targets/x86_64-linux/include/thrust/system/cuda/config.h:43,
                 from /usr/local/cuda/bin/../targets/x86_64-linux/include/thrust/system/cuda/detail/execution_policy.h:35,
                 from /usr/local/cuda/bin/../targets/x86_64-linux/include/thrust/iterator/detail/device_system_tag.h:23,
                 from /usr/local/cuda/bin/../targets/x86_64-linux/include/thrust/iterator/iterator_traits.h:62,
                 from /usr/local/cuda/bin/../targets/x86_64-linux/include/thrust/count.h:26,
                 from md_createcylindersample.cu:11:
/usr/local/cuda/bin/../targets/x86_64-linux/include/cub/util_cpp_dialect.cuh:142:13: warning: CUB requires at least C++14. C++11 is deprecated but still supported. C++11 support will be removed in a future release. Define CUB_IGNORE_DEPRECATED_CPP_DIALECT to suppress this message.
  142 |      CUB_COMPILER_DEPRECATION_SOFT(C++14, C++11);
      |             ^~~~~~~~~~~~~~~~~~~~~~~~~~~~~~~~~~~~~                                                                                                                                                        
In file included from /usr/local/cuda/bin/../targets/x86_64-linux/include/thrust/detail/config/config.h:27,
                 from /usr/local/cuda/bin/../targets/x86_64-linux/include/thrust/detail/config.h:23,
                 from /usr/local/cuda/bin/../targets/x86_64-linux/include/thrust/count.h:24,
                 from md_createcylindersample.cu:11:
/usr/local/cuda/bin/../targets/x86_64-linux/include/thrust/detail/config/cpp_dialect.h:131:13: warning: Thrust requires at least C++14. C++11 is deprecated but still supported. C++11 support will be removed in a future release. Define THRUST_IGNORE_DEPRECATED_CPP_DIALECT to suppress this message.
  131 |      THRUST_COMPILER_DEPRECATION_SOFT(C++14, C++11);
      |             ^~~~~~~~~~~~~~~~~~~~~~~~~~~~~~~~~~~~~~~~                                                                                                                                                           
In file included from /usr/local/cuda/bin/../targets/x86_64-linux/include/cub/util_arch.cuh:36,
                 from /usr/local/cuda/bin/../targets/x86_64-linux/include/cub/util_debug.cuh:40,
                 from /usr/local/cuda/bin/../targets/x86_64-linux/include/thrust/system/cuda/config.h:43,
                 from /usr/local/cuda/bin/../targets/x86_64-linux/include/thrust/system/cuda/detail/execution_policy.h:35,
                 from /usr/local/cuda/bin/../targets/x86_64-linux/include/thrust/iterator/detail/device_system_tag.h:23,
                 from /usr/local/cuda/bin/../targets/x86_64-linux/include/thrust/iterator/iterator_traits.h:62,
                 from /usr/local/cuda/bin/../targets/x86_64-linux/include/thrust/count.h:26,
                 from md_createcylindersample.cu:11:
/usr/local/cuda/bin/../targets/x86_64-linux/include/cub/util_cpp_dialect.cuh:142:13: warning: CUB requires at least C++14. C++11 is deprecated but still supported. C++11 support will be removed in a future release. Define CUB_IGNORE_DEPRECATED_CPP_DIALECT to suppress this message.
  142 |      CUB_COMPILER_DEPRECATION_SOFT(C++14, C++11);
      |             ^~~~~~~~~~~~~~~~~~~~~~~~~~~~~~~~~~~~~                                                                                                                                                        
In file included from /usr/local/cuda/bin/../targets/x86_64-linux/include/thrust/detail/config/config.h:27,
                 from /usr/local/cuda/bin/../targets/x86_64-linux/include/thrust/detail/config.h:23,
                 from /usr/local/cuda/bin/../targets/x86_64-linux/include/thrust/count.h:24,
                 from md_createcylindersample.cu:11:
/usr/local/cuda/bin/../targets/x86_64-linux/include/thrust/detail/config/cpp_dialect.h:131:13: warning: Thrust requires at least C++14. C++11 is deprecated but still supported. C++11 support will be removed in a future release. Define THRUST_IGNORE_DEPRECATED_CPP_DIALECT to suppress this message.
  131 |      THRUST_COMPILER_DEPRECATION_SOFT(C++14, C++11);
      |             ^~~~~~~~~~~~~~~~~~~~~~~~~~~~~~~~~~~~~~~~                                                                                                                                                           
In file included from /usr/local/cuda/bin/../targets/x86_64-linux/include/cub/util_arch.cuh:36,
                 from /usr/local/cuda/bin/../targets/x86_64-linux/include/cub/util_debug.cuh:40,
                 from /usr/local/cuda/bin/../targets/x86_64-linux/include/thrust/system/cuda/config.h:43,
                 from /usr/local/cuda/bin/../targets/x86_64-linux/include/thrust/system/cuda/detail/execution_policy.h:35,
                 from /usr/local/cuda/bin/../targets/x86_64-linux/include/thrust/iterator/detail/device_system_tag.h:23,
                 from /usr/local/cuda/bin/../targets/x86_64-linux/include/thrust/iterator/iterator_traits.h:62,
                 from /usr/local/cuda/bin/../targets/x86_64-linux/include/thrust/count.h:26,
                 from md_createcylindersample.cu:11:
/usr/local/cuda/bin/../targets/x86_64-linux/include/cub/util_cpp_dialect.cuh:142:13: warning: CUB requires at least C++14. C++11 is deprecated but still supported. C++11 support will be removed in a future release. Define CUB_IGNORE_DEPRECATED_CPP_DIALECT to suppress this message.
  142 |      CUB_COMPILER_DEPRECATION_SOFT(C++14, C++11);
      |             ^~~~~~~~~~~~~~~~~~~~~~~~~~~~~~~~~~~~~                                                                                                                                                        
In file included from /usr/local/cuda/bin/../targets/x86_64-linux/include/thrust/detail/config/config.h:27,
                 from /usr/local/cuda/bin/../targets/x86_64-linux/include/thrust/detail/config.h:23,
                 from /usr/local/cuda/bin/../targets/x86_64-linux/include/thrust/count.h:24,
                 from md_createcylindersample.cu:11:
/usr/local/cuda/bin/../targets/x86_64-linux/include/thrust/detail/config/cpp_dialect.h:131:13: warning: Thrust requires at least C++14. C++11 is deprecated but still supported. C++11 support will be removed in a future release. Define THRUST_IGNORE_DEPRECATED_CPP_DIALECT to suppress this message.
  131 |      THRUST_COMPILER_DEPRECATION_SOFT(C++14, C++11);
      |             ^~~~~~~~~~~~~~~~~~~~~~~~~~~~~~~~~~~~~~~~                                                                                                                                                           
In file included from /usr/local/cuda/bin/../targets/x86_64-linux/include/cub/util_arch.cuh:36,
                 from /usr/local/cuda/bin/../targets/x86_64-linux/include/cub/util_debug.cuh:40,
                 from /usr/local/cuda/bin/../targets/x86_64-linux/include/thrust/system/cuda/config.h:43,
                 from /usr/local/cuda/bin/../targets/x86_64-linux/include/thrust/system/cuda/detail/execution_policy.h:35,
                 from /usr/local/cuda/bin/../targets/x86_64-linux/include/thrust/iterator/detail/device_system_tag.h:23,
                 from /usr/local/cuda/bin/../targets/x86_64-linux/include/thrust/iterator/iterator_traits.h:62,
                 from /usr/local/cuda/bin/../targets/x86_64-linux/include/thrust/count.h:26,
                 from md_createcylindersample.cu:11:
/usr/local/cuda/bin/../targets/x86_64-linux/include/cub/util_cpp_dialect.cuh:142:13: warning: CUB requires at least C++14. C++11 is deprecated but still supported. C++11 support will be removed in a future release. Define CUB_IGNORE_DEPRECATED_CPP_DIALECT to suppress this message.
  142 |      CUB_COMPILER_DEPRECATION_SOFT(C++14, C++11);
      |             ^~~~~~~~~~~~~~~~~~~~~~~~~~~~~~~~~~~~~                                                                                                                                                        
In file included from /usr/local/cuda/bin/../targets/x86_64-linux/include/thrust/detail/config/config.h:27,
                 from /usr/local/cuda/bin/../targets/x86_64-linux/include/thrust/detail/config.h:23,
                 from /usr/local/cuda/bin/../targets/x86_64-linux/include/thrust/count.h:24,
                 from md_createcylindersample.cu:11:
/usr/local/cuda/bin/../targets/x86_64-linux/include/thrust/detail/config/cpp_dialect.h:131:13: warning: Thrust requires at least C++14. C++11 is deprecated but still supported. C++11 support will be removed in a future release. Define THRUST_IGNORE_DEPRECATED_CPP_DIALECT to suppress this message.
  131 |      THRUST_COMPILER_DEPRECATION_SOFT(C++14, C++11);
      |             ^~~~~~~~~~~~~~~~~~~~~~~~~~~~~~~~~~~~~~~~                                                                                                                                                           
In file included from /usr/local/cuda/bin/../targets/x86_64-linux/include/cub/util_arch.cuh:36,
                 from /usr/local/cuda/bin/../targets/x86_64-linux/include/cub/util_debug.cuh:40,
                 from /usr/local/cuda/bin/../targets/x86_64-linux/include/thrust/system/cuda/config.h:43,
                 from /usr/local/cuda/bin/../targets/x86_64-linux/include/thrust/system/cuda/detail/execution_policy.h:35,
                 from /usr/local/cuda/bin/../targets/x86_64-linux/include/thrust/iterator/detail/device_system_tag.h:23,
                 from /usr/local/cuda/bin/../targets/x86_64-linux/include/thrust/iterator/iterator_traits.h:62,
                 from /usr/local/cuda/bin/../targets/x86_64-linux/include/thrust/count.h:26,
                 from md_createcylindersample.cu:11:
/usr/local/cuda/bin/../targets/x86_64-linux/include/cub/util_cpp_dialect.cuh:142:13: warning: CUB requires at least C++14. C++11 is deprecated but still supported. C++11 support will be removed in a future release. Define CUB_IGNORE_DEPRECATED_CPP_DIALECT to suppress this message.
  142 |      CUB_COMPILER_DEPRECATION_SOFT(C++14, C++11);
      |             ^~~~~~~~~~~~~~~~~~~~~~~~~~~~~~~~~~~~~                                                                                                                                                        
In file included from /usr/local/cuda/bin/../targets/x86_64-linux/include/thrust/detail/config/config.h:27,
                 from /usr/local/cuda/bin/../targets/x86_64-linux/include/thrust/detail/config.h:23,
                 from /usr/local/cuda/bin/../targets/x86_64-linux/include/thrust/count.h:24,
                 from md_createcylindersample.cu:11:
/usr/local/cuda/bin/../targets/x86_64-linux/include/thrust/detail/config/cpp_dialect.h:131:13: warning: Thrust requires at least C++14. C++11 is deprecated but still supported. C++11 support will be removed in a future release. Define THRUST_IGNORE_DEPRECATED_CPP_DIALECT to suppress this message.
  131 |      THRUST_COMPILER_DEPRECATION_SOFT(C++14, C++11);
      |             ^~~~~~~~~~~~~~~~~~~~~~~~~~~~~~~~~~~~~~~~                                                                                                                                                           
In file included from /usr/local/cuda/bin/../targets/x86_64-linux/include/cub/util_arch.cuh:36,
                 from /usr/local/cuda/bin/../targets/x86_64-linux/include/cub/util_debug.cuh:40,
                 from /usr/local/cuda/bin/../targets/x86_64-linux/include/thrust/system/cuda/config.h:43,
                 from /usr/local/cuda/bin/../targets/x86_64-linux/include/thrust/system/cuda/detail/execution_policy.h:35,
                 from /usr/local/cuda/bin/../targets/x86_64-linux/include/thrust/iterator/detail/device_system_tag.h:23,
                 from /usr/local/cuda/bin/../targets/x86_64-linux/include/thrust/iterator/iterator_traits.h:62,
                 from /usr/local/cuda/bin/../targets/x86_64-linux/include/thrust/count.h:26,
                 from md_createcylindersample.cu:11:
/usr/local/cuda/bin/../targets/x86_64-linux/include/cub/util_cpp_dialect.cuh:142:13: warning: CUB requires at least C++14. C++11 is deprecated but still supported. C++11 support will be removed in a future release. Define CUB_IGNORE_DEPRECATED_CPP_DIALECT to suppress this message.
  142 |      CUB_COMPILER_DEPRECATION_SOFT(C++14, C++11);
      |             ^~~~~~~~~~~~~~~~~~~~~~~~~~~~~~~~~~~~~                                                                                                                                                        
In file included from /usr/local/cuda/bin/../targets/x86_64-linux/include/thrust/detail/config/config.h:27,
                 from /usr/local/cuda/bin/../targets/x86_64-linux/include/thrust/detail/config.h:23,
                 from /usr/local/cuda/bin/../targets/x86_64-linux/include/thrust/count.h:24,
                 from md_createcylindersample.cu:11:
/usr/local/cuda/bin/../targets/x86_64-linux/include/thrust/detail/config/cpp_dialect.h:131:13: warning: Thrust requires at least C++14. C++11 is deprecated but still supported. C++11 support will be removed in a future release. Define THRUST_IGNORE_DEPRECATED_CPP_DIALECT to suppress this message.
  131 |      THRUST_COMPILER_DEPRECATION_SOFT(C++14, C++11);
      |             ^~~~~~~~~~~~~~~~~~~~~~~~~~~~~~~~~~~~~~~~                                                                                                                                                           
In file included from /usr/local/cuda/bin/../targets/x86_64-linux/include/cub/util_arch.cuh:36,
                 from /usr/local/cuda/bin/../targets/x86_64-linux/include/cub/util_debug.cuh:40,
                 from /usr/local/cuda/bin/../targets/x86_64-linux/include/thrust/system/cuda/config.h:43,
                 from /usr/local/cuda/bin/../targets/x86_64-linux/include/thrust/system/cuda/detail/execution_policy.h:35,
                 from /usr/local/cuda/bin/../targets/x86_64-linux/include/thrust/iterator/detail/device_system_tag.h:23,
                 from /usr/local/cuda/bin/../targets/x86_64-linux/include/thrust/iterator/iterator_traits.h:62,
                 from /usr/local/cuda/bin/../targets/x86_64-linux/include/thrust/count.h:26,
                 from md_createcylindersample.cu:11:
/usr/local/cuda/bin/../targets/x86_64-linux/include/cub/util_cpp_dialect.cuh:142:13: warning: CUB requires at least C++14. C++11 is deprecated but still supported. C++11 support will be removed in a future release. Define CUB_IGNORE_DEPRECATED_CPP_DIALECT to suppress this message.
  142 |      CUB_COMPILER_DEPRECATION_SOFT(C++14, C++11);
      |             ^~~~~~~~~~~~~~~~~~~~~~~~~~~~~~~~~~~~~                                                                                                                                                        
In file included from /usr/local/cuda/bin/../targets/x86_64-linux/include/thrust/detail/config/config.h:27,
                 from /usr/local/cuda/bin/../targets/x86_64-linux/include/thrust/detail/config.h:23,
                 from /usr/local/cuda/bin/../targets/x86_64-linux/include/thrust/count.h:24,
                 from md_createcylindersample.cu:11:
/usr/local/cuda/bin/../targets/x86_64-linux/include/thrust/detail/config/cpp_dialect.h:131:13: warning: Thrust requires at least C++14. C++11 is deprecated but still supported. C++11 support will be removed in a future release. Define THRUST_IGNORE_DEPRECATED_CPP_DIALECT to suppress this message.
  131 |      THRUST_COMPILER_DEPRECATION_SOFT(C++14, C++11);
      |             ^~~~~~~~~~~~~~~~~~~~~~~~~~~~~~~~~~~~~~~~                                                                                                                                                           
In file included from /usr/local/cuda/bin/../targets/x86_64-linux/include/cub/util_arch.cuh:36,
                 from /usr/local/cuda/bin/../targets/x86_64-linux/include/cub/util_debug.cuh:40,
                 from /usr/local/cuda/bin/../targets/x86_64-linux/include/thrust/system/cuda/config.h:43,
                 from /usr/local/cuda/bin/../targets/x86_64-linux/include/thrust/system/cuda/detail/execution_policy.h:35,
                 from /usr/local/cuda/bin/../targets/x86_64-linux/include/thrust/iterator/detail/device_system_tag.h:23,
                 from /usr/local/cuda/bin/../targets/x86_64-linux/include/thrust/iterator/iterator_traits.h:62,
                 from /usr/local/cuda/bin/../targets/x86_64-linux/include/thrust/count.h:26,
                 from md_createcylindersample.cu:11:
/usr/local/cuda/bin/../targets/x86_64-linux/include/cub/util_cpp_dialect.cuh:142:13: warning: CUB requires at least C++14. C++11 is deprecated but still supported. C++11 support will be removed in a future release. Define CUB_IGNORE_DEPRECATED_CPP_DIALECT to suppress this message.
  142 |      CUB_COMPILER_DEPRECATION_SOFT(C++14, C++11);
      |             ^~~~~~~~~~~~~~~~~~~~~~~~~~~~~~~~~~~~~                                                                                                                                                        
In file included from /usr/local/cuda/bin/../targets/x86_64-linux/include/thrust/detail/config/config.h:27,
                 from /usr/local/cuda/bin/../targets/x86_64-linux/include/thrust/detail/config.h:23,
                 from /usr/local/cuda/bin/../targets/x86_64-linux/include/thrust/count.h:24,
                 from md_createcylindersample.cu:11:
/usr/local/cuda/bin/../targets/x86_64-linux/include/thrust/detail/config/cpp_dialect.h:131:13: warning: Thrust requires at least C++14. C++11 is deprecated but still supported. C++11 support will be removed in a future release. Define THRUST_IGNORE_DEPRECATED_CPP_DIALECT to suppress this message.
  131 |      THRUST_COMPILER_DEPRECATION_SOFT(C++14, C++11);
      |             ^~~~~~~~~~~~~~~~~~~~~~~~~~~~~~~~~~~~~~~~                                                                                                                                                           
In file included from /usr/local/cuda/bin/../targets/x86_64-linux/include/cub/util_arch.cuh:36,
                 from /usr/local/cuda/bin/../targets/x86_64-linux/include/cub/util_debug.cuh:40,
                 from /usr/local/cuda/bin/../targets/x86_64-linux/include/thrust/system/cuda/config.h:43,
                 from /usr/local/cuda/bin/../targets/x86_64-linux/include/thrust/system/cuda/detail/execution_policy.h:35,
                 from /usr/local/cuda/bin/../targets/x86_64-linux/include/thrust/iterator/detail/device_system_tag.h:23,
                 from /usr/local/cuda/bin/../targets/x86_64-linux/include/thrust/iterator/iterator_traits.h:62,
                 from /usr/local/cuda/bin/../targets/x86_64-linux/include/thrust/count.h:26,
                 from md_createcylindersample.cu:11:
/usr/local/cuda/bin/../targets/x86_64-linux/include/cub/util_cpp_dialect.cuh:142:13: warning: CUB requires at least C++14. C++11 is deprecated but still supported. C++11 support will be removed in a future release. Define CUB_IGNORE_DEPRECATED_CPP_DIALECT to suppress this message.
  142 |      CUB_COMPILER_DEPRECATION_SOFT(C++14, C++11);
      |             ^~~~~~~~~~~~~~~~~~~~~~~~~~~~~~~~~~~~~                                                                                                                                                        
md_createcylindersample.cu(202): warning #2361-D: invalid narrowing conversion from "double" to "float"

Remark: The warnings can be suppressed with "-diag-suppress <warning-number>"

md_createcylindersample.cu(202): warning #2361-D: invalid narrowing conversion from "double" to "float"

md_createcylindersample.cu(202): warning #2361-D: invalid narrowing conversion from "double" to "float"

md_createcylindersample.cu(202): warning #2361-D: invalid narrowing conversion from "double" to "float"

Remark: The warnings can be suppressed with "-diag-suppress <warning-number>"

md_createcylindersample.cu(202): warning #2361-D: invalid narrowing conversion from "double" to "float"

md_createcylindersample.cu(202): warning #2361-D: invalid narrowing conversion from "double" to "float"

md_createcylindersample.cu(202): warning #2361-D: invalid narrowing conversion from "double" to "float"

Remark: The warnings can be suppressed with "-diag-suppress <warning-number>"

md_createcylindersample.cu(202): warning #2361-D: invalid narrowing conversion from "double" to "float"

md_createcylindersample.cu(202): warning #2361-D: invalid narrowing conversion from "double" to "float"

md_createcylindersample.cu(202): warning #2361-D: invalid narrowing conversion from "double" to "float"

Remark: The warnings can be suppressed with "-diag-suppress <warning-number>"

md_createcylindersample.cu(202): warning #2361-D: invalid narrowing conversion from "double" to "float"

md_createcylindersample.cu(202): warning #2361-D: invalid narrowing conversion from "double" to "float"

md_createcylindersample.cu(202): warning #2361-D: invalid narrowing conversion from "double" to "float"

Remark: The warnings can be suppressed with "-diag-suppress <warning-number>"

md_createcylindersample.cu(202): warning #2361-D: invalid narrowing conversion from "double" to "float"

md_createcylindersample.cu(202): warning #2361-D: invalid narrowing conversion from "double" to "float"

md_createcylindersample.cu(202): warning #2361-D: invalid narrowing conversion from "double" to "float"

Remark: The warnings can be suppressed with "-diag-suppress <warning-number>"

md_createcylindersample.cu(202): warning #2361-D: invalid narrowing conversion from "double" to "float"

md_createcylindersample.cu(202): warning #2361-D: invalid narrowing conversion from "double" to "float"

md_createcylindersample.cu(202): warning #2361-D: invalid narrowing conversion from "double" to "float"

Remark: The warnings can be suppressed with "-diag-suppress <warning-number>"

md_createcylindersample.cu(202): warning #2361-D: invalid narrowing conversion from "double" to "float"

md_createcylindersample.cu(202): warning #2361-D: invalid narrowing conversion from "double" to "float"

md_createcylindersample.cu(202): warning #2361-D: invalid narrowing conversion from "double" to "float"

Remark: The warnings can be suppressed with "-diag-suppress <warning-number>"

md_createcylindersample.cu(202): warning #2361-D: invalid narrowing conversion from "double" to "float"

md_createcylindersample.cu(202): warning #2361-D: invalid narrowing conversion from "double" to "float"

md_createcylindersample.cu(202): warning #2361-D: invalid narrowing conversion from "double" to "float"

Remark: The warnings can be suppressed with "-diag-suppress <warning-number>"

md_createcylindersample.cu(202): warning #2361-D: invalid narrowing conversion from "double" to "float"

md_createcylindersample.cu(202): warning #2361-D: invalid narrowing conversion from "double" to "float"

md_createcylindersample.cu(202): warning #2361-D: invalid narrowing conversion from "double" to "float"

Remark: The warnings can be suppressed with "-diag-suppress <warning-number>"

md_createcylindersample.cu(202): warning #2361-D: invalid narrowing conversion from "double" to "float"

md_createcylindersample.cu(202): warning #2361-D: invalid narrowing conversion from "double" to "float"

md_createcylindersample.cu: In function ‘void h_CreateCylinderSample(mp_mdparameters_data&, md_task_data&, uint, char*)’:
md_createcylindersample.cu:202:29: warning: narrowing conversion of ‘(8.0000000000000004e-1 * ((double)mdTD.md_task_data::S.sample_data::sized2.float3::x))’ from ‘double’ to ‘float’ [-Wnarrowing]
  202 |  float3 spacesized2 = { 0.8 * mdTD.S.sized2.x, 0.8 * mdTD.S.sized2.y, 0.8 * mdTD.S.sized2.z };
      |                       ~~~~~~^~~~~~~~~~~~~~~~~~~~~~~
md_createcylindersample.cu:202:60: warning: narrowing conversion of ‘(8.0000000000000004e-1 * ((double)mdTD.md_task_data::S.sample_data::sized2.float3::y))’ from ‘double’ to ‘float’ [-Wnarrowing]
  202 |  float3 spacesized2 = { 0.8 * mdTD.S.sized2.x, 0.8 * mdTD.S.sized2.y, 0.8 * mdTD.S.sized2.z };
      |                                                      ~~~~~~^~~~~~~~~~~~~~~~~~~~~~~
md_createcylindersample.cu:202:91: warning: narrowing conversion of ‘(8.0000000000000004e-1 * ((double)mdTD.md_task_data::S.sample_data::sized2.float3::z))’ from ‘double’ to ‘float’ [-Wnarrowing]
  202 |  float3 spacesized2 = { 0.8 * mdTD.S.sized2.x, 0.8 * mdTD.S.sized2.y, 0.8 * mdTD.S.sized2.z };
      |                                                                                     ~~~~~~^~~~                   
md_createcylindersample.cu:351:19: warning: format ‘%u’ expects argument of type ‘unsigned int’, but argument 3 has type ‘uint’ {aka ‘long unsigned int’} [-Wformat=]
  351 |  sprintf(filename, "./result/Sample_%u", isample);
      |                   ^~~~~~~~~~~~~~~~~~~~  ~~~~~~~
      |                                         |
      |                                         uint {aka long unsigned int}
md_createcylindersample.cu: In function ‘void h_LoadCylinderSample(mp_mdparameters_data&, uint)’:
md_createcylindersample.cu:364:19: warning: format ‘%u’ expects argument of type ‘unsigned int’, but argument 3 has type ‘uint’ {aka ‘long unsigned int’} [-Wformat=]
  364 |  sprintf(filename, "./result/Sample_%u.txt", isample); //std::cerr << "Load " << filename << "\n";
      |                   ^~~~~~~~~~~~~~~~~~~~~~~~  ~~~~~~~
      |                                             |
      |                                             uint {aka long unsigned int}
/usr/local/cuda/bin/nvcc -ccbin g++ -I../../../Common  -m64    --threads 0 --std=c++11 -gencode arch=compute_50,code=sm_50 -gencode arch=compute_52,code=sm_52 -gencode arch=compute_60,code=sm_60 -gencode arch=compute_61,code=sm_61 -gencode arch=compute_70,code=sm_70 -gencode arch=compute_75,code=sm_75 -gencode arch=compute_80,code=sm_80 -gencode arch=compute_86,code=sm_86 -gencode arch=compute_90,code=sm_90 -gencode arch=compute_90,code=compute_90 -o md_firerelaxation.o -c md_firerelaxation.cu
In file included from md_firerelaxation.cu:5:
/usr/local/cuda/bin/../targets/x86_64-linux/include/math_functions.h:54:2: warning: #warning "math_functions.h is an internal header file and must not be used directly.  This file will be removed in a future CUDA release.  Please use cuda_runtime_api.h or cuda_runtime.h instead." [-Wcpp]
   54 | #warning "math_functions.h is an internal header file and must not be used directly.  This file will be removed in a future CUDA release.  Please use cuda_runtime_api.h or cuda_runtime.h instead."
      |  ^~~~~~~
In file included from /usr/local/cuda/bin/../targets/x86_64-linux/include/thrust/detail/config/config.h:27,
                 from /usr/local/cuda/bin/../targets/x86_64-linux/include/thrust/detail/config.h:23,
                 from /usr/local/cuda/bin/../targets/x86_64-linux/include/thrust/count.h:24,
                 from md_firerelaxation.cu:10:
/usr/local/cuda/bin/../targets/x86_64-linux/include/thrust/detail/config/cpp_dialect.h:131:13: warning: Thrust requires at least C++14. C++11 is deprecated but still supported. C++11 support will be removed in a future release. Define THRUST_IGNORE_DEPRECATED_CPP_DIALECT to suppress this message.
  131 |      THRUST_COMPILER_DEPRECATION_SOFT(C++14, C++11);
      |             ^~~~~~~~~~~~~~~~~~~~~~~~~~~~~~~~~~~~~~~~                                                                                                                                                           
In file included from /usr/local/cuda/bin/../targets/x86_64-linux/include/cub/util_arch.cuh:36,
                 from /usr/local/cuda/bin/../targets/x86_64-linux/include/cub/util_debug.cuh:40,
                 from /usr/local/cuda/bin/../targets/x86_64-linux/include/thrust/system/cuda/config.h:43,
                 from /usr/local/cuda/bin/../targets/x86_64-linux/include/thrust/system/cuda/detail/execution_policy.h:35,
                 from /usr/local/cuda/bin/../targets/x86_64-linux/include/thrust/iterator/detail/device_system_tag.h:23,
                 from /usr/local/cuda/bin/../targets/x86_64-linux/include/thrust/iterator/iterator_traits.h:62,
                 from /usr/local/cuda/bin/../targets/x86_64-linux/include/thrust/count.h:26,
                 from md_firerelaxation.cu:10:
/usr/local/cuda/bin/../targets/x86_64-linux/include/cub/util_cpp_dialect.cuh:142:13: warning: CUB requires at least C++14. C++11 is deprecated but still supported. C++11 support will be removed in a future release. Define CUB_IGNORE_DEPRECATED_CPP_DIALECT to suppress this message.
  142 |      CUB_COMPILER_DEPRECATION_SOFT(C++14, C++11);
      |             ^~~~~~~~~~~~~~~~~~~~~~~~~~~~~~~~~~~~~                                                                                                                                                        
In file included from md_firerelaxation.cu:5:
/usr/local/cuda/bin/../targets/x86_64-linux/include/math_functions.h:54:2: warning: #warning "math_functions.h is an internal header file and must not be used directly.  This file will be removed in a future CUDA release.  Please use cuda_runtime_api.h or cuda_runtime.h instead." [-Wcpp]
   54 | #warning "math_functions.h is an internal header file and must not be used directly.  This file will be removed in a future CUDA release.  Please use cuda_runtime_api.h or cuda_runtime.h instead."
      |  ^~~~~~~
In file included from /usr/local/cuda/bin/../targets/x86_64-linux/include/thrust/detail/config/config.h:27,
                 from /usr/local/cuda/bin/../targets/x86_64-linux/include/thrust/detail/config.h:23,
                 from /usr/local/cuda/bin/../targets/x86_64-linux/include/thrust/count.h:24,
                 from md_firerelaxation.cu:10:
/usr/local/cuda/bin/../targets/x86_64-linux/include/thrust/detail/config/cpp_dialect.h:131:13: warning: Thrust requires at least C++14. C++11 is deprecated but still supported. C++11 support will be removed in a future release. Define THRUST_IGNORE_DEPRECATED_CPP_DIALECT to suppress this message.
  131 |      THRUST_COMPILER_DEPRECATION_SOFT(C++14, C++11);
      |             ^~~~~~~~~~~~~~~~~~~~~~~~~~~~~~~~~~~~~~~~                                                                                                                                                           
In file included from /usr/local/cuda/bin/../targets/x86_64-linux/include/cub/util_arch.cuh:36,
                 from /usr/local/cuda/bin/../targets/x86_64-linux/include/cub/util_debug.cuh:40,
                 from /usr/local/cuda/bin/../targets/x86_64-linux/include/thrust/system/cuda/config.h:43,
                 from /usr/local/cuda/bin/../targets/x86_64-linux/include/thrust/system/cuda/detail/execution_policy.h:35,
                 from /usr/local/cuda/bin/../targets/x86_64-linux/include/thrust/iterator/detail/device_system_tag.h:23,
                 from /usr/local/cuda/bin/../targets/x86_64-linux/include/thrust/iterator/iterator_traits.h:62,
                 from /usr/local/cuda/bin/../targets/x86_64-linux/include/thrust/count.h:26,
                 from md_firerelaxation.cu:10:
/usr/local/cuda/bin/../targets/x86_64-linux/include/cub/util_cpp_dialect.cuh:142:13: warning: CUB requires at least C++14. C++11 is deprecated but still supported. C++11 support will be removed in a future release. Define CUB_IGNORE_DEPRECATED_CPP_DIALECT to suppress this message.
  142 |      CUB_COMPILER_DEPRECATION_SOFT(C++14, C++11);
      |             ^~~~~~~~~~~~~~~~~~~~~~~~~~~~~~~~~~~~~                                                                                                                                                        
In file included from md_firerelaxation.cu:5:
/usr/local/cuda/bin/../targets/x86_64-linux/include/math_functions.h:54:2: warning: #warning "math_functions.h is an internal header file and must not be used directly.  This file will be removed in a future CUDA release.  Please use cuda_runtime_api.h or cuda_runtime.h instead." [-Wcpp]
   54 | #warning "math_functions.h is an internal header file and must not be used directly.  This file will be removed in a future CUDA release.  Please use cuda_runtime_api.h or cuda_runtime.h instead."
      |  ^~~~~~~
In file included from /usr/local/cuda/bin/../targets/x86_64-linux/include/thrust/detail/config/config.h:27,
                 from /usr/local/cuda/bin/../targets/x86_64-linux/include/thrust/detail/config.h:23,
                 from /usr/local/cuda/bin/../targets/x86_64-linux/include/thrust/count.h:24,
                 from md_firerelaxation.cu:10:
/usr/local/cuda/bin/../targets/x86_64-linux/include/thrust/detail/config/cpp_dialect.h:131:13: warning: Thrust requires at least C++14. C++11 is deprecated but still supported. C++11 support will be removed in a future release. Define THRUST_IGNORE_DEPRECATED_CPP_DIALECT to suppress this message.
  131 |      THRUST_COMPILER_DEPRECATION_SOFT(C++14, C++11);
      |             ^~~~~~~~~~~~~~~~~~~~~~~~~~~~~~~~~~~~~~~~                                                                                                                                                           
In file included from /usr/local/cuda/bin/../targets/x86_64-linux/include/cub/util_arch.cuh:36,
                 from /usr/local/cuda/bin/../targets/x86_64-linux/include/cub/util_debug.cuh:40,
                 from /usr/local/cuda/bin/../targets/x86_64-linux/include/thrust/system/cuda/config.h:43,
                 from /usr/local/cuda/bin/../targets/x86_64-linux/include/thrust/system/cuda/detail/execution_policy.h:35,
                 from /usr/local/cuda/bin/../targets/x86_64-linux/include/thrust/iterator/detail/device_system_tag.h:23,
                 from /usr/local/cuda/bin/../targets/x86_64-linux/include/thrust/iterator/iterator_traits.h:62,
                 from /usr/local/cuda/bin/../targets/x86_64-linux/include/thrust/count.h:26,
                 from md_firerelaxation.cu:10:
/usr/local/cuda/bin/../targets/x86_64-linux/include/cub/util_cpp_dialect.cuh:142:13: warning: CUB requires at least C++14. C++11 is deprecated but still supported. C++11 support will be removed in a future release. Define CUB_IGNORE_DEPRECATED_CPP_DIALECT to suppress this message.
  142 |      CUB_COMPILER_DEPRECATION_SOFT(C++14, C++11);
      |             ^~~~~~~~~~~~~~~~~~~~~~~~~~~~~~~~~~~~~                                                                                                                                                        
In file included from md_firerelaxation.cu:5:
/usr/local/cuda/bin/../targets/x86_64-linux/include/math_functions.h:54:2: warning: #warning "math_functions.h is an internal header file and must not be used directly.  This file will be removed in a future CUDA release.  Please use cuda_runtime_api.h or cuda_runtime.h instead." [-Wcpp]
   54 | #warning "math_functions.h is an internal header file and must not be used directly.  This file will be removed in a future CUDA release.  Please use cuda_runtime_api.h or cuda_runtime.h instead."
      |  ^~~~~~~
In file included from /usr/local/cuda/bin/../targets/x86_64-linux/include/thrust/detail/config/config.h:27,
                 from /usr/local/cuda/bin/../targets/x86_64-linux/include/thrust/detail/config.h:23,
                 from /usr/local/cuda/bin/../targets/x86_64-linux/include/thrust/count.h:24,
                 from md_firerelaxation.cu:10:
/usr/local/cuda/bin/../targets/x86_64-linux/include/thrust/detail/config/cpp_dialect.h:131:13: warning: Thrust requires at least C++14. C++11 is deprecated but still supported. C++11 support will be removed in a future release. Define THRUST_IGNORE_DEPRECATED_CPP_DIALECT to suppress this message.
  131 |      THRUST_COMPILER_DEPRECATION_SOFT(C++14, C++11);
      |             ^~~~~~~~~~~~~~~~~~~~~~~~~~~~~~~~~~~~~~~~                                                                                                                                                           
In file included from /usr/local/cuda/bin/../targets/x86_64-linux/include/cub/util_arch.cuh:36,
                 from /usr/local/cuda/bin/../targets/x86_64-linux/include/cub/util_debug.cuh:40,
                 from /usr/local/cuda/bin/../targets/x86_64-linux/include/thrust/system/cuda/config.h:43,
                 from /usr/local/cuda/bin/../targets/x86_64-linux/include/thrust/system/cuda/detail/execution_policy.h:35,
                 from /usr/local/cuda/bin/../targets/x86_64-linux/include/thrust/iterator/detail/device_system_tag.h:23,
                 from /usr/local/cuda/bin/../targets/x86_64-linux/include/thrust/iterator/iterator_traits.h:62,
                 from /usr/local/cuda/bin/../targets/x86_64-linux/include/thrust/count.h:26,
                 from md_firerelaxation.cu:10:
/usr/local/cuda/bin/../targets/x86_64-linux/include/cub/util_cpp_dialect.cuh:142:13: warning: CUB requires at least C++14. C++11 is deprecated but still supported. C++11 support will be removed in a future release. Define CUB_IGNORE_DEPRECATED_CPP_DIALECT to suppress this message.
  142 |      CUB_COMPILER_DEPRECATION_SOFT(C++14, C++11);
      |             ^~~~~~~~~~~~~~~~~~~~~~~~~~~~~~~~~~~~~                                                                                                                                                        
In file included from md_firerelaxation.cu:5:
/usr/local/cuda/bin/../targets/x86_64-linux/include/math_functions.h:54:2: warning: #warning "math_functions.h is an internal header file and must not be used directly.  This file will be removed in a future CUDA release.  Please use cuda_runtime_api.h or cuda_runtime.h instead." [-Wcpp]
   54 | #warning "math_functions.h is an internal header file and must not be used directly.  This file will be removed in a future CUDA release.  Please use cuda_runtime_api.h or cuda_runtime.h instead."
      |  ^~~~~~~
In file included from /usr/local/cuda/bin/../targets/x86_64-linux/include/thrust/detail/config/config.h:27,
                 from /usr/local/cuda/bin/../targets/x86_64-linux/include/thrust/detail/config.h:23,
                 from /usr/local/cuda/bin/../targets/x86_64-linux/include/thrust/count.h:24,
                 from md_firerelaxation.cu:10:
/usr/local/cuda/bin/../targets/x86_64-linux/include/thrust/detail/config/cpp_dialect.h:131:13: warning: Thrust requires at least C++14. C++11 is deprecated but still supported. C++11 support will be removed in a future release. Define THRUST_IGNORE_DEPRECATED_CPP_DIALECT to suppress this message.
  131 |      THRUST_COMPILER_DEPRECATION_SOFT(C++14, C++11);
      |             ^~~~~~~~~~~~~~~~~~~~~~~~~~~~~~~~~~~~~~~~                                                                                                                                                           
In file included from /usr/local/cuda/bin/../targets/x86_64-linux/include/cub/util_arch.cuh:36,
                 from /usr/local/cuda/bin/../targets/x86_64-linux/include/cub/util_debug.cuh:40,
                 from /usr/local/cuda/bin/../targets/x86_64-linux/include/thrust/system/cuda/config.h:43,
                 from /usr/local/cuda/bin/../targets/x86_64-linux/include/thrust/system/cuda/detail/execution_policy.h:35,
                 from /usr/local/cuda/bin/../targets/x86_64-linux/include/thrust/iterator/detail/device_system_tag.h:23,
                 from /usr/local/cuda/bin/../targets/x86_64-linux/include/thrust/iterator/iterator_traits.h:62,
                 from /usr/local/cuda/bin/../targets/x86_64-linux/include/thrust/count.h:26,
                 from md_firerelaxation.cu:10:
/usr/local/cuda/bin/../targets/x86_64-linux/include/cub/util_cpp_dialect.cuh:142:13: warning: CUB requires at least C++14. C++11 is deprecated but still supported. C++11 support will be removed in a future release. Define CUB_IGNORE_DEPRECATED_CPP_DIALECT to suppress this message.
  142 |      CUB_COMPILER_DEPRECATION_SOFT(C++14, C++11);
      |             ^~~~~~~~~~~~~~~~~~~~~~~~~~~~~~~~~~~~~                                                                                                                                                        
In file included from md_firerelaxation.cu:5:
/usr/local/cuda/bin/../targets/x86_64-linux/include/math_functions.h:54:2: warning: #warning "math_functions.h is an internal header file and must not be used directly.  This file will be removed in a future CUDA release.  Please use cuda_runtime_api.h or cuda_runtime.h instead." [-Wcpp]
   54 | #warning "math_functions.h is an internal header file and must not be used directly.  This file will be removed in a future CUDA release.  Please use cuda_runtime_api.h or cuda_runtime.h instead."
      |  ^~~~~~~
In file included from /usr/local/cuda/bin/../targets/x86_64-linux/include/thrust/detail/config/config.h:27,
                 from /usr/local/cuda/bin/../targets/x86_64-linux/include/thrust/detail/config.h:23,
                 from /usr/local/cuda/bin/../targets/x86_64-linux/include/thrust/count.h:24,
                 from md_firerelaxation.cu:10:
/usr/local/cuda/bin/../targets/x86_64-linux/include/thrust/detail/config/cpp_dialect.h:131:13: warning: Thrust requires at least C++14. C++11 is deprecated but still supported. C++11 support will be removed in a future release. Define THRUST_IGNORE_DEPRECATED_CPP_DIALECT to suppress this message.
  131 |      THRUST_COMPILER_DEPRECATION_SOFT(C++14, C++11);
      |             ^~~~~~~~~~~~~~~~~~~~~~~~~~~~~~~~~~~~~~~~                                                                                                                                                           
In file included from /usr/local/cuda/bin/../targets/x86_64-linux/include/cub/util_arch.cuh:36,
                 from /usr/local/cuda/bin/../targets/x86_64-linux/include/cub/util_debug.cuh:40,
                 from /usr/local/cuda/bin/../targets/x86_64-linux/include/thrust/system/cuda/config.h:43,
                 from /usr/local/cuda/bin/../targets/x86_64-linux/include/thrust/system/cuda/detail/execution_policy.h:35,
                 from /usr/local/cuda/bin/../targets/x86_64-linux/include/thrust/iterator/detail/device_system_tag.h:23,
                 from /usr/local/cuda/bin/../targets/x86_64-linux/include/thrust/iterator/iterator_traits.h:62,
                 from /usr/local/cuda/bin/../targets/x86_64-linux/include/thrust/count.h:26,
                 from md_firerelaxation.cu:10:
/usr/local/cuda/bin/../targets/x86_64-linux/include/cub/util_cpp_dialect.cuh:142:13: warning: CUB requires at least C++14. C++11 is deprecated but still supported. C++11 support will be removed in a future release. Define CUB_IGNORE_DEPRECATED_CPP_DIALECT to suppress this message.
  142 |      CUB_COMPILER_DEPRECATION_SOFT(C++14, C++11);
      |             ^~~~~~~~~~~~~~~~~~~~~~~~~~~~~~~~~~~~~                                                                                                                                                        
In file included from md_firerelaxation.cu:5:
/usr/local/cuda/bin/../targets/x86_64-linux/include/math_functions.h:54:2: warning: #warning "math_functions.h is an internal header file and must not be used directly.  This file will be removed in a future CUDA release.  Please use cuda_runtime_api.h or cuda_runtime.h instead." [-Wcpp]
   54 | #warning "math_functions.h is an internal header file and must not be used directly.  This file will be removed in a future CUDA release.  Please use cuda_runtime_api.h or cuda_runtime.h instead."
      |  ^~~~~~~
In file included from /usr/local/cuda/bin/../targets/x86_64-linux/include/thrust/detail/config/config.h:27,
                 from /usr/local/cuda/bin/../targets/x86_64-linux/include/thrust/detail/config.h:23,
                 from /usr/local/cuda/bin/../targets/x86_64-linux/include/thrust/count.h:24,
                 from md_firerelaxation.cu:10:
/usr/local/cuda/bin/../targets/x86_64-linux/include/thrust/detail/config/cpp_dialect.h:131:13: warning: Thrust requires at least C++14. C++11 is deprecated but still supported. C++11 support will be removed in a future release. Define THRUST_IGNORE_DEPRECATED_CPP_DIALECT to suppress this message.
  131 |      THRUST_COMPILER_DEPRECATION_SOFT(C++14, C++11);
      |             ^~~~~~~~~~~~~~~~~~~~~~~~~~~~~~~~~~~~~~~~                                                                                                                                                           
In file included from /usr/local/cuda/bin/../targets/x86_64-linux/include/cub/util_arch.cuh:36,
                 from /usr/local/cuda/bin/../targets/x86_64-linux/include/cub/util_debug.cuh:40,
                 from /usr/local/cuda/bin/../targets/x86_64-linux/include/thrust/system/cuda/config.h:43,
                 from /usr/local/cuda/bin/../targets/x86_64-linux/include/thrust/system/cuda/detail/execution_policy.h:35,
                 from /usr/local/cuda/bin/../targets/x86_64-linux/include/thrust/iterator/detail/device_system_tag.h:23,
                 from /usr/local/cuda/bin/../targets/x86_64-linux/include/thrust/iterator/iterator_traits.h:62,
                 from /usr/local/cuda/bin/../targets/x86_64-linux/include/thrust/count.h:26,
                 from md_firerelaxation.cu:10:
/usr/local/cuda/bin/../targets/x86_64-linux/include/cub/util_cpp_dialect.cuh:142:13: warning: CUB requires at least C++14. C++11 is deprecated but still supported. C++11 support will be removed in a future release. Define CUB_IGNORE_DEPRECATED_CPP_DIALECT to suppress this message.
  142 |      CUB_COMPILER_DEPRECATION_SOFT(C++14, C++11);
      |             ^~~~~~~~~~~~~~~~~~~~~~~~~~~~~~~~~~~~~                                                                                                                                                        
In file included from md_firerelaxation.cu:5:
/usr/local/cuda/bin/../targets/x86_64-linux/include/math_functions.h:54:2: warning: #warning "math_functions.h is an internal header file and must not be used directly.  This file will be removed in a future CUDA release.  Please use cuda_runtime_api.h or cuda_runtime.h instead." [-Wcpp]
   54 | #warning "math_functions.h is an internal header file and must not be used directly.  This file will be removed in a future CUDA release.  Please use cuda_runtime_api.h or cuda_runtime.h instead."
      |  ^~~~~~~
In file included from /usr/local/cuda/bin/../targets/x86_64-linux/include/thrust/detail/config/config.h:27,
                 from /usr/local/cuda/bin/../targets/x86_64-linux/include/thrust/detail/config.h:23,
                 from /usr/local/cuda/bin/../targets/x86_64-linux/include/thrust/count.h:24,
                 from md_firerelaxation.cu:10:
/usr/local/cuda/bin/../targets/x86_64-linux/include/thrust/detail/config/cpp_dialect.h:131:13: warning: Thrust requires at least C++14. C++11 is deprecated but still supported. C++11 support will be removed in a future release. Define THRUST_IGNORE_DEPRECATED_CPP_DIALECT to suppress this message.
  131 |      THRUST_COMPILER_DEPRECATION_SOFT(C++14, C++11);
      |             ^~~~~~~~~~~~~~~~~~~~~~~~~~~~~~~~~~~~~~~~                                                                                                                                                           
In file included from /usr/local/cuda/bin/../targets/x86_64-linux/include/cub/util_arch.cuh:36,
                 from /usr/local/cuda/bin/../targets/x86_64-linux/include/cub/util_debug.cuh:40,
                 from /usr/local/cuda/bin/../targets/x86_64-linux/include/thrust/system/cuda/config.h:43,
                 from /usr/local/cuda/bin/../targets/x86_64-linux/include/thrust/system/cuda/detail/execution_policy.h:35,
                 from /usr/local/cuda/bin/../targets/x86_64-linux/include/thrust/iterator/detail/device_system_tag.h:23,
                 from /usr/local/cuda/bin/../targets/x86_64-linux/include/thrust/iterator/iterator_traits.h:62,
                 from /usr/local/cuda/bin/../targets/x86_64-linux/include/thrust/count.h:26,
                 from md_firerelaxation.cu:10:
/usr/local/cuda/bin/../targets/x86_64-linux/include/cub/util_cpp_dialect.cuh:142:13: warning: CUB requires at least C++14. C++11 is deprecated but still supported. C++11 support will be removed in a future release. Define CUB_IGNORE_DEPRECATED_CPP_DIALECT to suppress this message.
  142 |      CUB_COMPILER_DEPRECATION_SOFT(C++14, C++11);
      |             ^~~~~~~~~~~~~~~~~~~~~~~~~~~~~~~~~~~~~                                                                                                                                                        
In file included from md_firerelaxation.cu:5:
/usr/local/cuda/bin/../targets/x86_64-linux/include/math_functions.h:54:2: warning: #warning "math_functions.h is an internal header file and must not be used directly.  This file will be removed in a future CUDA release.  Please use cuda_runtime_api.h or cuda_runtime.h instead." [-Wcpp]
   54 | #warning "math_functions.h is an internal header file and must not be used directly.  This file will be removed in a future CUDA release.  Please use cuda_runtime_api.h or cuda_runtime.h instead."
      |  ^~~~~~~
In file included from /usr/local/cuda/bin/../targets/x86_64-linux/include/thrust/detail/config/config.h:27,
                 from /usr/local/cuda/bin/../targets/x86_64-linux/include/thrust/detail/config.h:23,
                 from /usr/local/cuda/bin/../targets/x86_64-linux/include/thrust/count.h:24,
                 from md_firerelaxation.cu:10:
/usr/local/cuda/bin/../targets/x86_64-linux/include/thrust/detail/config/cpp_dialect.h:131:13: warning: Thrust requires at least C++14. C++11 is deprecated but still supported. C++11 support will be removed in a future release. Define THRUST_IGNORE_DEPRECATED_CPP_DIALECT to suppress this message.
  131 |      THRUST_COMPILER_DEPRECATION_SOFT(C++14, C++11);
      |             ^~~~~~~~~~~~~~~~~~~~~~~~~~~~~~~~~~~~~~~~                                                                                                                                                           
In file included from /usr/local/cuda/bin/../targets/x86_64-linux/include/cub/util_arch.cuh:36,
                 from /usr/local/cuda/bin/../targets/x86_64-linux/include/cub/util_debug.cuh:40,
                 from /usr/local/cuda/bin/../targets/x86_64-linux/include/thrust/system/cuda/config.h:43,
                 from /usr/local/cuda/bin/../targets/x86_64-linux/include/thrust/system/cuda/detail/execution_policy.h:35,
                 from /usr/local/cuda/bin/../targets/x86_64-linux/include/thrust/iterator/detail/device_system_tag.h:23,
                 from /usr/local/cuda/bin/../targets/x86_64-linux/include/thrust/iterator/iterator_traits.h:62,
                 from /usr/local/cuda/bin/../targets/x86_64-linux/include/thrust/count.h:26,
                 from md_firerelaxation.cu:10:
/usr/local/cuda/bin/../targets/x86_64-linux/include/cub/util_cpp_dialect.cuh:142:13: warning: CUB requires at least C++14. C++11 is deprecated but still supported. C++11 support will be removed in a future release. Define CUB_IGNORE_DEPRECATED_CPP_DIALECT to suppress this message.
  142 |      CUB_COMPILER_DEPRECATION_SOFT(C++14, C++11);
      |             ^~~~~~~~~~~~~~~~~~~~~~~~~~~~~~~~~~~~~                                                                                                                                                        
In file included from md_firerelaxation.cu:5:
/usr/local/cuda/bin/../targets/x86_64-linux/include/math_functions.h:54:2: warning: #warning "math_functions.h is an internal header file and must not be used directly.  This file will be removed in a future CUDA release.  Please use cuda_runtime_api.h or cuda_runtime.h instead." [-Wcpp]
   54 | #warning "math_functions.h is an internal header file and must not be used directly.  This file will be removed in a future CUDA release.  Please use cuda_runtime_api.h or cuda_runtime.h instead."
      |  ^~~~~~~
In file included from /usr/local/cuda/bin/../targets/x86_64-linux/include/thrust/detail/config/config.h:27,
                 from /usr/local/cuda/bin/../targets/x86_64-linux/include/thrust/detail/config.h:23,
                 from /usr/local/cuda/bin/../targets/x86_64-linux/include/thrust/count.h:24,
                 from md_firerelaxation.cu:10:
/usr/local/cuda/bin/../targets/x86_64-linux/include/thrust/detail/config/cpp_dialect.h:131:13: warning: Thrust requires at least C++14. C++11 is deprecated but still supported. C++11 support will be removed in a future release. Define THRUST_IGNORE_DEPRECATED_CPP_DIALECT to suppress this message.
  131 |      THRUST_COMPILER_DEPRECATION_SOFT(C++14, C++11);
      |             ^~~~~~~~~~~~~~~~~~~~~~~~~~~~~~~~~~~~~~~~                                                                                                                                                           
In file included from /usr/local/cuda/bin/../targets/x86_64-linux/include/cub/util_arch.cuh:36,
                 from /usr/local/cuda/bin/../targets/x86_64-linux/include/cub/util_debug.cuh:40,
                 from /usr/local/cuda/bin/../targets/x86_64-linux/include/thrust/system/cuda/config.h:43,
                 from /usr/local/cuda/bin/../targets/x86_64-linux/include/thrust/system/cuda/detail/execution_policy.h:35,
                 from /usr/local/cuda/bin/../targets/x86_64-linux/include/thrust/iterator/detail/device_system_tag.h:23,
                 from /usr/local/cuda/bin/../targets/x86_64-linux/include/thrust/iterator/iterator_traits.h:62,
                 from /usr/local/cuda/bin/../targets/x86_64-linux/include/thrust/count.h:26,
                 from md_firerelaxation.cu:10:
/usr/local/cuda/bin/../targets/x86_64-linux/include/cub/util_cpp_dialect.cuh:142:13: warning: CUB requires at least C++14. C++11 is deprecated but still supported. C++11 support will be removed in a future release. Define CUB_IGNORE_DEPRECATED_CPP_DIALECT to suppress this message.
  142 |      CUB_COMPILER_DEPRECATION_SOFT(C++14, C++11);
      |             ^~~~~~~~~~~~~~~~~~~~~~~~~~~~~~~~~~~~~                                                                                                                                                        
/usr/local/cuda/bin/nvcc -ccbin g++ -I../../../Common  -m64    --threads 0 --std=c++11 -gencode arch=compute_50,code=sm_50 -gencode arch=compute_52,code=sm_52 -gencode arch=compute_60,code=sm_60 -gencode arch=compute_61,code=sm_61 -gencode arch=compute_70,code=sm_70 -gencode arch=compute_75,code=sm_75 -gencode arch=compute_80,code=sm_80 -gencode arch=compute_86,code=sm_86 -gencode arch=compute_90,code=sm_90 -gencode arch=compute_90,code=compute_90 -o md_calculate_cell.o -c md_calculate_cell.cu
In file included from md_calculate_cell.cu:6:
/usr/local/cuda/bin/../targets/x86_64-linux/include/math_functions.h:54:2: warning: #warning "math_functions.h is an internal header file and must not be used directly.  This file will be removed in a future CUDA release.  Please use cuda_runtime_api.h or cuda_runtime.h instead." [-Wcpp]
   54 | #warning "math_functions.h is an internal header file and must not be used directly.  This file will be removed in a future CUDA release.  Please use cuda_runtime_api.h or cuda_runtime.h instead."
      |  ^~~~~~~
In file included from md_calculate_cell.cu:6:
/usr/local/cuda/bin/../targets/x86_64-linux/include/math_functions.h:54:2: warning: #warning "math_functions.h is an internal header file and must not be used directly.  This file will be removed in a future CUDA release.  Please use cuda_runtime_api.h or cuda_runtime.h instead." [-Wcpp]
   54 | #warning "math_functions.h is an internal header file and must not be used directly.  This file will be removed in a future CUDA release.  Please use cuda_runtime_api.h or cuda_runtime.h instead."
      |  ^~~~~~~
In file included from md_calculate_cell.cu:6:
/usr/local/cuda/bin/../targets/x86_64-linux/include/math_functions.h:54:2: warning: #warning "math_functions.h is an internal header file and must not be used directly.  This file will be removed in a future CUDA release.  Please use cuda_runtime_api.h or cuda_runtime.h instead." [-Wcpp]
   54 | #warning "math_functions.h is an internal header file and must not be used directly.  This file will be removed in a future CUDA release.  Please use cuda_runtime_api.h or cuda_runtime.h instead."
      |  ^~~~~~~
In file included from md_calculate_cell.cu:6:
/usr/local/cuda/bin/../targets/x86_64-linux/include/math_functions.h:54:2: warning: #warning "math_functions.h is an internal header file and must not be used directly.  This file will be removed in a future CUDA release.  Please use cuda_runtime_api.h or cuda_runtime.h instead." [-Wcpp]
   54 | #warning "math_functions.h is an internal header file and must not be used directly.  This file will be removed in a future CUDA release.  Please use cuda_runtime_api.h or cuda_runtime.h instead."
      |  ^~~~~~~
In file included from md_calculate_cell.cu:6:
/usr/local/cuda/bin/../targets/x86_64-linux/include/math_functions.h:54:2: warning: #warning "math_functions.h is an internal header file and must not be used directly.  This file will be removed in a future CUDA release.  Please use cuda_runtime_api.h or cuda_runtime.h instead." [-Wcpp]
   54 | #warning "math_functions.h is an internal header file and must not be used directly.  This file will be removed in a future CUDA release.  Please use cuda_runtime_api.h or cuda_runtime.h instead."
      |  ^~~~~~~
In file included from md_calculate_cell.cu:6:
/usr/local/cuda/bin/../targets/x86_64-linux/include/math_functions.h:54:2: warning: #warning "math_functions.h is an internal header file and must not be used directly.  This file will be removed in a future CUDA release.  Please use cuda_runtime_api.h or cuda_runtime.h instead." [-Wcpp]
   54 | #warning "math_functions.h is an internal header file and must not be used directly.  This file will be removed in a future CUDA release.  Please use cuda_runtime_api.h or cuda_runtime.h instead."
      |  ^~~~~~~
In file included from md_calculate_cell.cu:6:
/usr/local/cuda/bin/../targets/x86_64-linux/include/math_functions.h:54:2: warning: #warning "math_functions.h is an internal header file and must not be used directly.  This file will be removed in a future CUDA release.  Please use cuda_runtime_api.h or cuda_runtime.h instead." [-Wcpp]
   54 | #warning "math_functions.h is an internal header file and must not be used directly.  This file will be removed in a future CUDA release.  Please use cuda_runtime_api.h or cuda_runtime.h instead."
      |  ^~~~~~~
In file included from md_calculate_cell.cu:6:
/usr/local/cuda/bin/../targets/x86_64-linux/include/math_functions.h:54:2: warning: #warning "math_functions.h is an internal header file and must not be used directly.  This file will be removed in a future CUDA release.  Please use cuda_runtime_api.h or cuda_runtime.h instead." [-Wcpp]
   54 | #warning "math_functions.h is an internal header file and must not be used directly.  This file will be removed in a future CUDA release.  Please use cuda_runtime_api.h or cuda_runtime.h instead."
      |  ^~~~~~~
In file included from md_calculate_cell.cu:6:
/usr/local/cuda/bin/../targets/x86_64-linux/include/math_functions.h:54:2: warning: #warning "math_functions.h is an internal header file and must not be used directly.  This file will be removed in a future CUDA release.  Please use cuda_runtime_api.h or cuda_runtime.h instead." [-Wcpp]
   54 | #warning "math_functions.h is an internal header file and must not be used directly.  This file will be removed in a future CUDA release.  Please use cuda_runtime_api.h or cuda_runtime.h instead."
      |  ^~~~~~~
In file included from md_calculate_cell.cu:6:
/usr/local/cuda/bin/../targets/x86_64-linux/include/math_functions.h:54:2: warning: #warning "math_functions.h is an internal header file and must not be used directly.  This file will be removed in a future CUDA release.  Please use cuda_runtime_api.h or cuda_runtime.h instead." [-Wcpp]
   54 | #warning "math_functions.h is an internal header file and must not be used directly.  This file will be removed in a future CUDA release.  Please use cuda_runtime_api.h or cuda_runtime.h instead."
      |  ^~~~~~~
md_calculate_cell.cu(28): warning #181-D: argument is incompatible with corresponding format string conversion

Remark: The warnings can be suppressed with "-diag-suppress <warning-number>"

md_calculate_cell.cu(29): warning #181-D: argument is incompatible with corresponding format string conversion

md_calculate_cell.cu(30): warning #181-D: argument is incompatible with corresponding format string conversion

md_calculate_cell.cu(28): warning #181-D: argument is incompatible with corresponding format string conversion

Remark: The warnings can be suppressed with "-diag-suppress <warning-number>"

md_calculate_cell.cu(29): warning #181-D: argument is incompatible with corresponding format string conversion

md_calculate_cell.cu(30): warning #181-D: argument is incompatible with corresponding format string conversion

md_calculate_cell.cu(28): warning #181-D: argument is incompatible with corresponding format string conversion

Remark: The warnings can be suppressed with "-diag-suppress <warning-number>"

md_calculate_cell.cu(29): warning #181-D: argument is incompatible with corresponding format string conversion

md_calculate_cell.cu(30): warning #181-D: argument is incompatible with corresponding format string conversion

md_calculate_cell.cu(28): warning #181-D: argument is incompatible with corresponding format string conversion

Remark: The warnings can be suppressed with "-diag-suppress <warning-number>"

md_calculate_cell.cu(29): warning #181-D: argument is incompatible with corresponding format string conversion

md_calculate_cell.cu(30): warning #181-D: argument is incompatible with corresponding format string conversion

md_calculate_cell.cu(28): warning #181-D: argument is incompatible with corresponding format string conversion

Remark: The warnings can be suppressed with "-diag-suppress <warning-number>"

md_calculate_cell.cu(29): warning #181-D: argument is incompatible with corresponding format string conversion

md_calculate_cell.cu(30): warning #181-D: argument is incompatible with corresponding format string conversion

md_calculate_cell.cu(28): warning #181-D: argument is incompatible with corresponding format string conversion

Remark: The warnings can be suppressed with "-diag-suppress <warning-number>"

md_calculate_cell.cu(29): warning #181-D: argument is incompatible with corresponding format string conversion

md_calculate_cell.cu(30): warning #181-D: argument is incompatible with corresponding format string conversion

md_calculate_cell.cu(28): warning #181-D: argument is incompatible with corresponding format string conversion

Remark: The warnings can be suppressed with "-diag-suppress <warning-number>"

md_calculate_cell.cu(29): warning #181-D: argument is incompatible with corresponding format string conversion

md_calculate_cell.cu(30): warning #181-D: argument is incompatible with corresponding format string conversion

md_calculate_cell.cu(28): warning #181-D: argument is incompatible with corresponding format string conversion

Remark: The warnings can be suppressed with "-diag-suppress <warning-number>"

md_calculate_cell.cu(29): warning #181-D: argument is incompatible with corresponding format string conversion

md_calculate_cell.cu(30): warning #181-D: argument is incompatible with corresponding format string conversion

md_calculate_cell.cu(28): warning #181-D: argument is incompatible with corresponding format string conversion

Remark: The warnings can be suppressed with "-diag-suppress <warning-number>"

md_calculate_cell.cu(29): warning #181-D: argument is incompatible with corresponding format string conversion

md_calculate_cell.cu(30): warning #181-D: argument is incompatible with corresponding format string conversion

/usr/local/cuda/bin/nvcc -ccbin g++ -I../../../Common  -m64    --threads 0 --std=c++11 -gencode arch=compute_50,code=sm_50 -gencode arch=compute_52,code=sm_52 -gencode arch=compute_60,code=sm_60 -gencode arch=compute_61,code=sm_61 -gencode arch=compute_70,code=sm_70 -gencode arch=compute_75,code=sm_75 -gencode arch=compute_80,code=sm_80 -gencode arch=compute_86,code=sm_86 -gencode arch=compute_90,code=sm_90 -gencode arch=compute_90,code=compute_90 -o md_calculationuniaxialcompression.o -c md_calculationuniaxialcompression.cu
md_calculationuniaxialcompression.cu(116): warning #177-D: variable "i" was declared but never referenced

Remark: The warnings can be suppressed with "-diag-suppress <warning-number>"

md_calculationuniaxialcompression.cu(152): warning #177-D: variable "nloaddelay" was declared but never referenced

md_calculationuniaxialcompression.cu(116): warning #177-D: variable "i" was declared but never referenced

Remark: The warnings can be suppressed with "-diag-suppress <warning-number>"

md_calculationuniaxialcompression.cu(152): warning #177-D: variable "nloaddelay" was declared but never referenced

md_calculationuniaxialcompression.cu(116): warning #177-D: variable "i" was declared but never referenced

Remark: The warnings can be suppressed with "-diag-suppress <warning-number>"

md_calculationuniaxialcompression.cu(152): warning #177-D: variable "nloaddelay" was declared but never referenced

md_calculationuniaxialcompression.cu(116): warning #177-D: variable "i" was declared but never referenced

Remark: The warnings can be suppressed with "-diag-suppress <warning-number>"

md_calculationuniaxialcompression.cu(152): warning #177-D: variable "nloaddelay" was declared but never referenced

md_calculationuniaxialcompression.cu(116): warning #177-D: variable "i" was declared but never referenced

Remark: The warnings can be suppressed with "-diag-suppress <warning-number>"

md_calculationuniaxialcompression.cu(152): warning #177-D: variable "nloaddelay" was declared but never referenced

md_calculationuniaxialcompression.cu(116): warning #177-D: variable "i" was declared but never referenced

Remark: The warnings can be suppressed with "-diag-suppress <warning-number>"

md_calculationuniaxialcompression.cu(152): warning #177-D: variable "nloaddelay" was declared but never referenced

md_calculationuniaxialcompression.cu(116): warning #177-D: variable "i" was declared but never referenced

Remark: The warnings can be suppressed with "-diag-suppress <warning-number>"

md_calculationuniaxialcompression.cu(152): warning #177-D: variable "nloaddelay" was declared but never referenced

md_calculationuniaxialcompression.cu(116): warning #177-D: variable "i" was declared but never referenced

Remark: The warnings can be suppressed with "-diag-suppress <warning-number>"

md_calculationuniaxialcompression.cu(152): warning #177-D: variable "nloaddelay" was declared but never referenced

md_calculationuniaxialcompression.cu(116): warning #177-D: variable "i" was declared but never referenced

Remark: The warnings can be suppressed with "-diag-suppress <warning-number>"

md_calculationuniaxialcompression.cu(152): warning #177-D: variable "nloaddelay" was declared but never referenced

md_calculationuniaxialcompression.cu: In function ‘void h_CalculationUniaxialCompression(md_task_data&, float*)’:
md_calculationuniaxialcompression.cu:209:19: warning: too many arguments for format [-Wformat-extra-args]
  209 |     sprintf(filename, "./result/Uniaxial.txt", 0);
      |                   ^~~~~~~~~~~~~~~~~~~~~~~
/usr/local/cuda/bin/nvcc -ccbin g++ -I../../../Common  -m64    --threads 0 --std=c++11 -gencode arch=compute_50,code=sm_50 -gencode arch=compute_52,code=sm_52 -gencode arch=compute_60,code=sm_60 -gencode arch=compute_61,code=sm_61 -gencode arch=compute_70,code=sm_70 -gencode arch=compute_75,code=sm_75 -gencode arch=compute_80,code=sm_80 -gencode arch=compute_86,code=sm_86 -gencode arch=compute_90,code=sm_90 -gencode arch=compute_90,code=compute_90 -o md_calculationbraziltest.o -c md_calculationbraziltest.cu
md_calculationbraziltest.cu(116): warning #177-D: variable "i" was declared but never referenced

Remark: The warnings can be suppressed with "-diag-suppress <warning-number>"

md_calculationbraziltest.cu(150): warning #177-D: variable "nloaddelay" was declared but never referenced

md_calculationbraziltest.cu(116): warning #177-D: variable "i" was declared but never referenced

Remark: The warnings can be suppressed with "-diag-suppress <warning-number>"

md_calculationbraziltest.cu(150): warning #177-D: variable "nloaddelay" was declared but never referenced

md_calculationbraziltest.cu(116): warning #177-D: variable "i" was declared but never referenced

Remark: The warnings can be suppressed with "-diag-suppress <warning-number>"

md_calculationbraziltest.cu(150): warning #177-D: variable "nloaddelay" was declared but never referenced

md_calculationbraziltest.cu(116): warning #177-D: variable "i" was declared but never referenced

Remark: The warnings can be suppressed with "-diag-suppress <warning-number>"

md_calculationbraziltest.cu(150): warning #177-D: variable "nloaddelay" was declared but never referenced

md_calculationbraziltest.cu(116): warning #177-D: variable "i" was declared but never referenced

Remark: The warnings can be suppressed with "-diag-suppress <warning-number>"

md_calculationbraziltest.cu(150): warning #177-D: variable "nloaddelay" was declared but never referenced

md_calculationbraziltest.cu(116): warning #177-D: variable "i" was declared but never referenced

Remark: The warnings can be suppressed with "-diag-suppress <warning-number>"

md_calculationbraziltest.cu(150): warning #177-D: variable "nloaddelay" was declared but never referenced

md_calculationbraziltest.cu(116): warning #177-D: variable "i" was declared but never referenced

Remark: The warnings can be suppressed with "-diag-suppress <warning-number>"

md_calculationbraziltest.cu(150): warning #177-D: variable "nloaddelay" was declared but never referenced

md_calculationbraziltest.cu(116): warning #177-D: variable "i" was declared but never referenced

Remark: The warnings can be suppressed with "-diag-suppress <warning-number>"

md_calculationbraziltest.cu(150): warning #177-D: variable "nloaddelay" was declared but never referenced

md_calculationbraziltest.cu(116): warning #177-D: variable "i" was declared but never referenced

Remark: The warnings can be suppressed with "-diag-suppress <warning-number>"

md_calculationbraziltest.cu(150): warning #177-D: variable "nloaddelay" was declared but never referenced

md_calculationbraziltest.cu: In function ‘void h_CalculationBrazilTest(md_task_data&, float*)’:
md_calculationbraziltest.cu:207:19: warning: too many arguments for format [-Wformat-extra-args]
  207 |     sprintf(filename, "./result/Brazil.txt", 0);
      |                   ^~~~~~~~~~~~~~~~~~~~~
/usr/local/cuda/bin/nvcc -ccbin g++ -I../../../Common  -m64    --threads 0 --std=c++11 -gencode arch=compute_50,code=sm_50 -gencode arch=compute_52,code=sm_52 -gencode arch=compute_60,code=sm_60 -gencode arch=compute_61,code=sm_61 -gencode arch=compute_70,code=sm_70 -gencode arch=compute_75,code=sm_75 -gencode arch=compute_80,code=sm_80 -gencode arch=compute_86,code=sm_86 -gencode arch=compute_90,code=sm_90 -gencode arch=compute_90,code=compute_90 -o md_generate_particles.o -c md_generate_particles.cu
In file included from md_generate_particles.cu:6:
/usr/local/cuda/bin/../targets/x86_64-linux/include/math_functions.h:54:2: warning: #warning "math_functions.h is an internal header file and must not be used directly.  This file will be removed in a future CUDA release.  Please use cuda_runtime_api.h or cuda_runtime.h instead." [-Wcpp]
   54 | #warning "math_functions.h is an internal header file and must not be used directly.  This file will be removed in a future CUDA release.  Please use cuda_runtime_api.h or cuda_runtime.h instead."
      |  ^~~~~~~
In file included from md_generate_particles.cu:6:
/usr/local/cuda/bin/../targets/x86_64-linux/include/math_functions.h:54:2: warning: #warning "math_functions.h is an internal header file and must not be used directly.  This file will be removed in a future CUDA release.  Please use cuda_runtime_api.h or cuda_runtime.h instead." [-Wcpp]
   54 | #warning "math_functions.h is an internal header file and must not be used directly.  This file will be removed in a future CUDA release.  Please use cuda_runtime_api.h or cuda_runtime.h instead."
      |  ^~~~~~~
In file included from md_generate_particles.cu:6:
/usr/local/cuda/bin/../targets/x86_64-linux/include/math_functions.h:54:2: warning: #warning "math_functions.h is an internal header file and must not be used directly.  This file will be removed in a future CUDA release.  Please use cuda_runtime_api.h or cuda_runtime.h instead." [-Wcpp]
   54 | #warning "math_functions.h is an internal header file and must not be used directly.  This file will be removed in a future CUDA release.  Please use cuda_runtime_api.h or cuda_runtime.h instead."
      |  ^~~~~~~
In file included from md_generate_particles.cu:6:
/usr/local/cuda/bin/../targets/x86_64-linux/include/math_functions.h:54:2: warning: #warning "math_functions.h is an internal header file and must not be used directly.  This file will be removed in a future CUDA release.  Please use cuda_runtime_api.h or cuda_runtime.h instead." [-Wcpp]
   54 | #warning "math_functions.h is an internal header file and must not be used directly.  This file will be removed in a future CUDA release.  Please use cuda_runtime_api.h or cuda_runtime.h instead."
      |  ^~~~~~~
In file included from md_generate_particles.cu:6:
/usr/local/cuda/bin/../targets/x86_64-linux/include/math_functions.h:54:2: warning: #warning "math_functions.h is an internal header file and must not be used directly.  This file will be removed in a future CUDA release.  Please use cuda_runtime_api.h or cuda_runtime.h instead." [-Wcpp]
   54 | #warning "math_functions.h is an internal header file and must not be used directly.  This file will be removed in a future CUDA release.  Please use cuda_runtime_api.h or cuda_runtime.h instead."
      |  ^~~~~~~
In file included from md_generate_particles.cu:6:
/usr/local/cuda/bin/../targets/x86_64-linux/include/math_functions.h:54:2: warning: #warning "math_functions.h is an internal header file and must not be used directly.  This file will be removed in a future CUDA release.  Please use cuda_runtime_api.h or cuda_runtime.h instead." [-Wcpp]
   54 | #warning "math_functions.h is an internal header file and must not be used directly.  This file will be removed in a future CUDA release.  Please use cuda_runtime_api.h or cuda_runtime.h instead."
      |  ^~~~~~~
In file included from md_generate_particles.cu:6:
/usr/local/cuda/bin/../targets/x86_64-linux/include/math_functions.h:54:2: warning: #warning "math_functions.h is an internal header file and must not be used directly.  This file will be removed in a future CUDA release.  Please use cuda_runtime_api.h or cuda_runtime.h instead." [-Wcpp]
   54 | #warning "math_functions.h is an internal header file and must not be used directly.  This file will be removed in a future CUDA release.  Please use cuda_runtime_api.h or cuda_runtime.h instead."
      |  ^~~~~~~
In file included from md_generate_particles.cu:6:
/usr/local/cuda/bin/../targets/x86_64-linux/include/math_functions.h:54:2: warning: #warning "math_functions.h is an internal header file and must not be used directly.  This file will be removed in a future CUDA release.  Please use cuda_runtime_api.h or cuda_runtime.h instead." [-Wcpp]
   54 | #warning "math_functions.h is an internal header file and must not be used directly.  This file will be removed in a future CUDA release.  Please use cuda_runtime_api.h or cuda_runtime.h instead."
      |  ^~~~~~~
In file included from md_generate_particles.cu:6:
/usr/local/cuda/bin/../targets/x86_64-linux/include/math_functions.h:54:2: warning: #warning "math_functions.h is an internal header file and must not be used directly.  This file will be removed in a future CUDA release.  Please use cuda_runtime_api.h or cuda_runtime.h instead." [-Wcpp]
   54 | #warning "math_functions.h is an internal header file and must not be used directly.  This file will be removed in a future CUDA release.  Please use cuda_runtime_api.h or cuda_runtime.h instead."
      |  ^~~~~~~
In file included from md_generate_particles.cu:6:
/usr/local/cuda/bin/../targets/x86_64-linux/include/math_functions.h:54:2: warning: #warning "math_functions.h is an internal header file and must not be used directly.  This file will be removed in a future CUDA release.  Please use cuda_runtime_api.h or cuda_runtime.h instead." [-Wcpp]
   54 | #warning "math_functions.h is an internal header file and must not be used directly.  This file will be removed in a future CUDA release.  Please use cuda_runtime_api.h or cuda_runtime.h instead."
      |  ^~~~~~~
/usr/local/cuda/bin/nvcc -ccbin g++ -I../../../Common  -m64    --threads 0 --std=c++11 -gencode arch=compute_50,code=sm_50 -gencode arch=compute_52,code=sm_52 -gencode arch=compute_60,code=sm_60 -gencode arch=compute_61,code=sm_61 -gencode arch=compute_70,code=sm_70 -gencode arch=compute_75,code=sm_75 -gencode arch=compute_80,code=sm_80 -gencode arch=compute_86,code=sm_86 -gencode arch=compute_90,code=sm_90 -gencode arch=compute_90,code=compute_90 -o md_cell_distribution.o -c md_cell_distribution.cu
In file included from md_cell_distribution.cu:6:
/usr/local/cuda/bin/../targets/x86_64-linux/include/math_functions.h:54:2: warning: #warning "math_functions.h is an internal header file and must not be used directly.  This file will be removed in a future CUDA release.  Please use cuda_runtime_api.h or cuda_runtime.h instead." [-Wcpp]
   54 | #warning "math_functions.h is an internal header file and must not be used directly.  This file will be removed in a future CUDA release.  Please use cuda_runtime_api.h or cuda_runtime.h instead."
      |  ^~~~~~~
In file included from /usr/local/cuda/bin/../targets/x86_64-linux/include/cub/util_arch.cuh:36,
                 from /usr/local/cuda/bin/../targets/x86_64-linux/include/cub/config.cuh:35,
                 from /usr/local/cuda/bin/../targets/x86_64-linux/include/cub/cub.cuh:37,
                 from md_cell_distribution.cu:13:
/usr/local/cuda/bin/../targets/x86_64-linux/include/cub/util_cpp_dialect.cuh:142:13: warning: CUB requires at least C++14. C++11 is deprecated but still supported. C++11 support will be removed in a future release. Define CUB_IGNORE_DEPRECATED_CPP_DIALECT to suppress this message.
  142 |      CUB_COMPILER_DEPRECATION_SOFT(C++14, C++11);
      |             ^~~~~~~~~~~~~~~~~~~~~~~~~~~~~~~~~~~~~                                                                                                                                                        
In file included from /usr/local/cuda/bin/../targets/x86_64-linux/include/thrust/detail/config/config.h:27,
                 from /usr/local/cuda/bin/../targets/x86_64-linux/include/thrust/detail/config.h:23,
                 from /usr/local/cuda/bin/../targets/x86_64-linux/include/thrust/system/cuda/detail/core/util.h:29,
                 from /usr/local/cuda/bin/../targets/x86_64-linux/include/cub/agent/agent_merge_sort.cuh:37,
                 from /usr/local/cuda/bin/../targets/x86_64-linux/include/cub/device/dispatch/dispatch_merge_sort.cuh:30,
                 from /usr/local/cuda/bin/../targets/x86_64-linux/include/cub/device/device_merge_sort.cuh:31,
                 from /usr/local/cuda/bin/../targets/x86_64-linux/include/cub/cub.cuh:54,
                 from md_cell_distribution.cu:13:
/usr/local/cuda/bin/../targets/x86_64-linux/include/thrust/detail/config/cpp_dialect.h:131:13: warning: Thrust requires at least C++14. C++11 is deprecated but still supported. C++11 support will be removed in a future release. Define THRUST_IGNORE_DEPRECATED_CPP_DIALECT to suppress this message.
  131 |      THRUST_COMPILER_DEPRECATION_SOFT(C++14, C++11);
      |             ^~~~~~~~~~~~~~~~~~~~~~~~~~~~~~~~~~~~~~~~                                                                                                                                                           
In file included from md_cell_distribution.cu:6:
/usr/local/cuda/bin/../targets/x86_64-linux/include/math_functions.h:54:2: warning: #warning "math_functions.h is an internal header file and must not be used directly.  This file will be removed in a future CUDA release.  Please use cuda_runtime_api.h or cuda_runtime.h instead." [-Wcpp]
   54 | #warning "math_functions.h is an internal header file and must not be used directly.  This file will be removed in a future CUDA release.  Please use cuda_runtime_api.h or cuda_runtime.h instead."
      |  ^~~~~~~
In file included from /usr/local/cuda/bin/../targets/x86_64-linux/include/cub/util_arch.cuh:36,
                 from /usr/local/cuda/bin/../targets/x86_64-linux/include/cub/config.cuh:35,
                 from /usr/local/cuda/bin/../targets/x86_64-linux/include/cub/cub.cuh:37,
                 from md_cell_distribution.cu:13:
/usr/local/cuda/bin/../targets/x86_64-linux/include/cub/util_cpp_dialect.cuh:142:13: warning: CUB requires at least C++14. C++11 is deprecated but still supported. C++11 support will be removed in a future release. Define CUB_IGNORE_DEPRECATED_CPP_DIALECT to suppress this message.
  142 |      CUB_COMPILER_DEPRECATION_SOFT(C++14, C++11);
      |             ^~~~~~~~~~~~~~~~~~~~~~~~~~~~~~~~~~~~~                                                                                                                                                        
In file included from /usr/local/cuda/bin/../targets/x86_64-linux/include/thrust/detail/config/config.h:27,
                 from /usr/local/cuda/bin/../targets/x86_64-linux/include/thrust/detail/config.h:23,
                 from /usr/local/cuda/bin/../targets/x86_64-linux/include/thrust/system/cuda/detail/core/util.h:29,
                 from /usr/local/cuda/bin/../targets/x86_64-linux/include/cub/agent/agent_merge_sort.cuh:37,
                 from /usr/local/cuda/bin/../targets/x86_64-linux/include/cub/device/dispatch/dispatch_merge_sort.cuh:30,
                 from /usr/local/cuda/bin/../targets/x86_64-linux/include/cub/device/device_merge_sort.cuh:31,
                 from /usr/local/cuda/bin/../targets/x86_64-linux/include/cub/cub.cuh:54,
                 from md_cell_distribution.cu:13:
/usr/local/cuda/bin/../targets/x86_64-linux/include/thrust/detail/config/cpp_dialect.h:131:13: warning: Thrust requires at least C++14. C++11 is deprecated but still supported. C++11 support will be removed in a future release. Define THRUST_IGNORE_DEPRECATED_CPP_DIALECT to suppress this message.
  131 |      THRUST_COMPILER_DEPRECATION_SOFT(C++14, C++11);
      |             ^~~~~~~~~~~~~~~~~~~~~~~~~~~~~~~~~~~~~~~~                                                                                                                                                           
In file included from md_cell_distribution.cu:6:
/usr/local/cuda/bin/../targets/x86_64-linux/include/math_functions.h:54:2: warning: #warning "math_functions.h is an internal header file and must not be used directly.  This file will be removed in a future CUDA release.  Please use cuda_runtime_api.h or cuda_runtime.h instead." [-Wcpp]
   54 | #warning "math_functions.h is an internal header file and must not be used directly.  This file will be removed in a future CUDA release.  Please use cuda_runtime_api.h or cuda_runtime.h instead."
      |  ^~~~~~~
In file included from /usr/local/cuda/bin/../targets/x86_64-linux/include/cub/util_arch.cuh:36,
                 from /usr/local/cuda/bin/../targets/x86_64-linux/include/cub/config.cuh:35,
                 from /usr/local/cuda/bin/../targets/x86_64-linux/include/cub/cub.cuh:37,
                 from md_cell_distribution.cu:13:
/usr/local/cuda/bin/../targets/x86_64-linux/include/cub/util_cpp_dialect.cuh:142:13: warning: CUB requires at least C++14. C++11 is deprecated but still supported. C++11 support will be removed in a future release. Define CUB_IGNORE_DEPRECATED_CPP_DIALECT to suppress this message.
  142 |      CUB_COMPILER_DEPRECATION_SOFT(C++14, C++11);
      |             ^~~~~~~~~~~~~~~~~~~~~~~~~~~~~~~~~~~~~                                                                                                                                                        
In file included from /usr/local/cuda/bin/../targets/x86_64-linux/include/thrust/detail/config/config.h:27,
                 from /usr/local/cuda/bin/../targets/x86_64-linux/include/thrust/detail/config.h:23,
                 from /usr/local/cuda/bin/../targets/x86_64-linux/include/thrust/system/cuda/detail/core/util.h:29,
                 from /usr/local/cuda/bin/../targets/x86_64-linux/include/cub/agent/agent_merge_sort.cuh:37,
                 from /usr/local/cuda/bin/../targets/x86_64-linux/include/cub/device/dispatch/dispatch_merge_sort.cuh:30,
                 from /usr/local/cuda/bin/../targets/x86_64-linux/include/cub/device/device_merge_sort.cuh:31,
                 from /usr/local/cuda/bin/../targets/x86_64-linux/include/cub/cub.cuh:54,
                 from md_cell_distribution.cu:13:
/usr/local/cuda/bin/../targets/x86_64-linux/include/thrust/detail/config/cpp_dialect.h:131:13: warning: Thrust requires at least C++14. C++11 is deprecated but still supported. C++11 support will be removed in a future release. Define THRUST_IGNORE_DEPRECATED_CPP_DIALECT to suppress this message.
  131 |      THRUST_COMPILER_DEPRECATION_SOFT(C++14, C++11);
      |             ^~~~~~~~~~~~~~~~~~~~~~~~~~~~~~~~~~~~~~~~                                                                                                                                                           
In file included from md_cell_distribution.cu:6:
/usr/local/cuda/bin/../targets/x86_64-linux/include/math_functions.h:54:2: warning: #warning "math_functions.h is an internal header file and must not be used directly.  This file will be removed in a future CUDA release.  Please use cuda_runtime_api.h or cuda_runtime.h instead." [-Wcpp]
   54 | #warning "math_functions.h is an internal header file and must not be used directly.  This file will be removed in a future CUDA release.  Please use cuda_runtime_api.h or cuda_runtime.h instead."
      |  ^~~~~~~
In file included from /usr/local/cuda/bin/../targets/x86_64-linux/include/cub/util_arch.cuh:36,
                 from /usr/local/cuda/bin/../targets/x86_64-linux/include/cub/config.cuh:35,
                 from /usr/local/cuda/bin/../targets/x86_64-linux/include/cub/cub.cuh:37,
                 from md_cell_distribution.cu:13:
/usr/local/cuda/bin/../targets/x86_64-linux/include/cub/util_cpp_dialect.cuh:142:13: warning: CUB requires at least C++14. C++11 is deprecated but still supported. C++11 support will be removed in a future release. Define CUB_IGNORE_DEPRECATED_CPP_DIALECT to suppress this message.
  142 |      CUB_COMPILER_DEPRECATION_SOFT(C++14, C++11);
      |             ^~~~~~~~~~~~~~~~~~~~~~~~~~~~~~~~~~~~~                                                                                                                                                        
In file included from /usr/local/cuda/bin/../targets/x86_64-linux/include/thrust/detail/config/config.h:27,
                 from /usr/local/cuda/bin/../targets/x86_64-linux/include/thrust/detail/config.h:23,
                 from /usr/local/cuda/bin/../targets/x86_64-linux/include/thrust/system/cuda/detail/core/util.h:29,
                 from /usr/local/cuda/bin/../targets/x86_64-linux/include/cub/agent/agent_merge_sort.cuh:37,
                 from /usr/local/cuda/bin/../targets/x86_64-linux/include/cub/device/dispatch/dispatch_merge_sort.cuh:30,
                 from /usr/local/cuda/bin/../targets/x86_64-linux/include/cub/device/device_merge_sort.cuh:31,
                 from /usr/local/cuda/bin/../targets/x86_64-linux/include/cub/cub.cuh:54,
                 from md_cell_distribution.cu:13:
/usr/local/cuda/bin/../targets/x86_64-linux/include/thrust/detail/config/cpp_dialect.h:131:13: warning: Thrust requires at least C++14. C++11 is deprecated but still supported. C++11 support will be removed in a future release. Define THRUST_IGNORE_DEPRECATED_CPP_DIALECT to suppress this message.
  131 |      THRUST_COMPILER_DEPRECATION_SOFT(C++14, C++11);
      |             ^~~~~~~~~~~~~~~~~~~~~~~~~~~~~~~~~~~~~~~~                                                                                                                                                           
In file included from md_cell_distribution.cu:6:
/usr/local/cuda/bin/../targets/x86_64-linux/include/math_functions.h:54:2: warning: #warning "math_functions.h is an internal header file and must not be used directly.  This file will be removed in a future CUDA release.  Please use cuda_runtime_api.h or cuda_runtime.h instead." [-Wcpp]
   54 | #warning "math_functions.h is an internal header file and must not be used directly.  This file will be removed in a future CUDA release.  Please use cuda_runtime_api.h or cuda_runtime.h instead."
      |  ^~~~~~~
In file included from /usr/local/cuda/bin/../targets/x86_64-linux/include/cub/util_arch.cuh:36,
                 from /usr/local/cuda/bin/../targets/x86_64-linux/include/cub/config.cuh:35,
                 from /usr/local/cuda/bin/../targets/x86_64-linux/include/cub/cub.cuh:37,
                 from md_cell_distribution.cu:13:
/usr/local/cuda/bin/../targets/x86_64-linux/include/cub/util_cpp_dialect.cuh:142:13: warning: CUB requires at least C++14. C++11 is deprecated but still supported. C++11 support will be removed in a future release. Define CUB_IGNORE_DEPRECATED_CPP_DIALECT to suppress this message.
  142 |      CUB_COMPILER_DEPRECATION_SOFT(C++14, C++11);
      |             ^~~~~~~~~~~~~~~~~~~~~~~~~~~~~~~~~~~~~                                                                                                                                                        
In file included from /usr/local/cuda/bin/../targets/x86_64-linux/include/thrust/detail/config/config.h:27,
                 from /usr/local/cuda/bin/../targets/x86_64-linux/include/thrust/detail/config.h:23,
                 from /usr/local/cuda/bin/../targets/x86_64-linux/include/thrust/system/cuda/detail/core/util.h:29,
                 from /usr/local/cuda/bin/../targets/x86_64-linux/include/cub/agent/agent_merge_sort.cuh:37,
                 from /usr/local/cuda/bin/../targets/x86_64-linux/include/cub/device/dispatch/dispatch_merge_sort.cuh:30,
                 from /usr/local/cuda/bin/../targets/x86_64-linux/include/cub/device/device_merge_sort.cuh:31,
                 from /usr/local/cuda/bin/../targets/x86_64-linux/include/cub/cub.cuh:54,
                 from md_cell_distribution.cu:13:
/usr/local/cuda/bin/../targets/x86_64-linux/include/thrust/detail/config/cpp_dialect.h:131:13: warning: Thrust requires at least C++14. C++11 is deprecated but still supported. C++11 support will be removed in a future release. Define THRUST_IGNORE_DEPRECATED_CPP_DIALECT to suppress this message.
  131 |      THRUST_COMPILER_DEPRECATION_SOFT(C++14, C++11);
      |             ^~~~~~~~~~~~~~~~~~~~~~~~~~~~~~~~~~~~~~~~                                                                                                                                                           
In file included from md_cell_distribution.cu:6:
/usr/local/cuda/bin/../targets/x86_64-linux/include/math_functions.h:54:2: warning: #warning "math_functions.h is an internal header file and must not be used directly.  This file will be removed in a future CUDA release.  Please use cuda_runtime_api.h or cuda_runtime.h instead." [-Wcpp]
   54 | #warning "math_functions.h is an internal header file and must not be used directly.  This file will be removed in a future CUDA release.  Please use cuda_runtime_api.h or cuda_runtime.h instead."
      |  ^~~~~~~
In file included from /usr/local/cuda/bin/../targets/x86_64-linux/include/cub/util_arch.cuh:36,
                 from /usr/local/cuda/bin/../targets/x86_64-linux/include/cub/config.cuh:35,
                 from /usr/local/cuda/bin/../targets/x86_64-linux/include/cub/cub.cuh:37,
                 from md_cell_distribution.cu:13:
/usr/local/cuda/bin/../targets/x86_64-linux/include/cub/util_cpp_dialect.cuh:142:13: warning: CUB requires at least C++14. C++11 is deprecated but still supported. C++11 support will be removed in a future release. Define CUB_IGNORE_DEPRECATED_CPP_DIALECT to suppress this message.
  142 |      CUB_COMPILER_DEPRECATION_SOFT(C++14, C++11);
      |             ^~~~~~~~~~~~~~~~~~~~~~~~~~~~~~~~~~~~~                                                                                                                                                        
In file included from /usr/local/cuda/bin/../targets/x86_64-linux/include/thrust/detail/config/config.h:27,
                 from /usr/local/cuda/bin/../targets/x86_64-linux/include/thrust/detail/config.h:23,
                 from /usr/local/cuda/bin/../targets/x86_64-linux/include/thrust/system/cuda/detail/core/util.h:29,
                 from /usr/local/cuda/bin/../targets/x86_64-linux/include/cub/agent/agent_merge_sort.cuh:37,
                 from /usr/local/cuda/bin/../targets/x86_64-linux/include/cub/device/dispatch/dispatch_merge_sort.cuh:30,
                 from /usr/local/cuda/bin/../targets/x86_64-linux/include/cub/device/device_merge_sort.cuh:31,
                 from /usr/local/cuda/bin/../targets/x86_64-linux/include/cub/cub.cuh:54,
                 from md_cell_distribution.cu:13:
/usr/local/cuda/bin/../targets/x86_64-linux/include/thrust/detail/config/cpp_dialect.h:131:13: warning: Thrust requires at least C++14. C++11 is deprecated but still supported. C++11 support will be removed in a future release. Define THRUST_IGNORE_DEPRECATED_CPP_DIALECT to suppress this message.
  131 |      THRUST_COMPILER_DEPRECATION_SOFT(C++14, C++11);
      |             ^~~~~~~~~~~~~~~~~~~~~~~~~~~~~~~~~~~~~~~~                                                                                                                                                           
In file included from md_cell_distribution.cu:6:
/usr/local/cuda/bin/../targets/x86_64-linux/include/math_functions.h:54:2: warning: #warning "math_functions.h is an internal header file and must not be used directly.  This file will be removed in a future CUDA release.  Please use cuda_runtime_api.h or cuda_runtime.h instead." [-Wcpp]
   54 | #warning "math_functions.h is an internal header file and must not be used directly.  This file will be removed in a future CUDA release.  Please use cuda_runtime_api.h or cuda_runtime.h instead."
      |  ^~~~~~~
In file included from /usr/local/cuda/bin/../targets/x86_64-linux/include/cub/util_arch.cuh:36,
                 from /usr/local/cuda/bin/../targets/x86_64-linux/include/cub/config.cuh:35,
                 from /usr/local/cuda/bin/../targets/x86_64-linux/include/cub/cub.cuh:37,
                 from md_cell_distribution.cu:13:
/usr/local/cuda/bin/../targets/x86_64-linux/include/cub/util_cpp_dialect.cuh:142:13: warning: CUB requires at least C++14. C++11 is deprecated but still supported. C++11 support will be removed in a future release. Define CUB_IGNORE_DEPRECATED_CPP_DIALECT to suppress this message.
  142 |      CUB_COMPILER_DEPRECATION_SOFT(C++14, C++11);
      |             ^~~~~~~~~~~~~~~~~~~~~~~~~~~~~~~~~~~~~                                                                                                                                                        
In file included from /usr/local/cuda/bin/../targets/x86_64-linux/include/thrust/detail/config/config.h:27,
                 from /usr/local/cuda/bin/../targets/x86_64-linux/include/thrust/detail/config.h:23,
                 from /usr/local/cuda/bin/../targets/x86_64-linux/include/thrust/system/cuda/detail/core/util.h:29,
                 from /usr/local/cuda/bin/../targets/x86_64-linux/include/cub/agent/agent_merge_sort.cuh:37,
                 from /usr/local/cuda/bin/../targets/x86_64-linux/include/cub/device/dispatch/dispatch_merge_sort.cuh:30,
                 from /usr/local/cuda/bin/../targets/x86_64-linux/include/cub/device/device_merge_sort.cuh:31,
                 from /usr/local/cuda/bin/../targets/x86_64-linux/include/cub/cub.cuh:54,
                 from md_cell_distribution.cu:13:
/usr/local/cuda/bin/../targets/x86_64-linux/include/thrust/detail/config/cpp_dialect.h:131:13: warning: Thrust requires at least C++14. C++11 is deprecated but still supported. C++11 support will be removed in a future release. Define THRUST_IGNORE_DEPRECATED_CPP_DIALECT to suppress this message.
  131 |      THRUST_COMPILER_DEPRECATION_SOFT(C++14, C++11);
      |             ^~~~~~~~~~~~~~~~~~~~~~~~~~~~~~~~~~~~~~~~                                                                                                                                                           
In file included from md_cell_distribution.cu:6:
/usr/local/cuda/bin/../targets/x86_64-linux/include/math_functions.h:54:2: warning: #warning "math_functions.h is an internal header file and must not be used directly.  This file will be removed in a future CUDA release.  Please use cuda_runtime_api.h or cuda_runtime.h instead." [-Wcpp]
   54 | #warning "math_functions.h is an internal header file and must not be used directly.  This file will be removed in a future CUDA release.  Please use cuda_runtime_api.h or cuda_runtime.h instead."
      |  ^~~~~~~
In file included from /usr/local/cuda/bin/../targets/x86_64-linux/include/cub/util_arch.cuh:36,
                 from /usr/local/cuda/bin/../targets/x86_64-linux/include/cub/config.cuh:35,
                 from /usr/local/cuda/bin/../targets/x86_64-linux/include/cub/cub.cuh:37,
                 from md_cell_distribution.cu:13:
/usr/local/cuda/bin/../targets/x86_64-linux/include/cub/util_cpp_dialect.cuh:142:13: warning: CUB requires at least C++14. C++11 is deprecated but still supported. C++11 support will be removed in a future release. Define CUB_IGNORE_DEPRECATED_CPP_DIALECT to suppress this message.
  142 |      CUB_COMPILER_DEPRECATION_SOFT(C++14, C++11);
      |             ^~~~~~~~~~~~~~~~~~~~~~~~~~~~~~~~~~~~~                                                                                                                                                        
In file included from /usr/local/cuda/bin/../targets/x86_64-linux/include/thrust/detail/config/config.h:27,
                 from /usr/local/cuda/bin/../targets/x86_64-linux/include/thrust/detail/config.h:23,
                 from /usr/local/cuda/bin/../targets/x86_64-linux/include/thrust/system/cuda/detail/core/util.h:29,
                 from /usr/local/cuda/bin/../targets/x86_64-linux/include/cub/agent/agent_merge_sort.cuh:37,
                 from /usr/local/cuda/bin/../targets/x86_64-linux/include/cub/device/dispatch/dispatch_merge_sort.cuh:30,
                 from /usr/local/cuda/bin/../targets/x86_64-linux/include/cub/device/device_merge_sort.cuh:31,
                 from /usr/local/cuda/bin/../targets/x86_64-linux/include/cub/cub.cuh:54,
                 from md_cell_distribution.cu:13:
/usr/local/cuda/bin/../targets/x86_64-linux/include/thrust/detail/config/cpp_dialect.h:131:13: warning: Thrust requires at least C++14. C++11 is deprecated but still supported. C++11 support will be removed in a future release. Define THRUST_IGNORE_DEPRECATED_CPP_DIALECT to suppress this message.
  131 |      THRUST_COMPILER_DEPRECATION_SOFT(C++14, C++11);
      |             ^~~~~~~~~~~~~~~~~~~~~~~~~~~~~~~~~~~~~~~~                                                                                                                                                           
In file included from md_cell_distribution.cu:6:
/usr/local/cuda/bin/../targets/x86_64-linux/include/math_functions.h:54:2: warning: #warning "math_functions.h is an internal header file and must not be used directly.  This file will be removed in a future CUDA release.  Please use cuda_runtime_api.h or cuda_runtime.h instead." [-Wcpp]
   54 | #warning "math_functions.h is an internal header file and must not be used directly.  This file will be removed in a future CUDA release.  Please use cuda_runtime_api.h or cuda_runtime.h instead."
      |  ^~~~~~~
In file included from /usr/local/cuda/bin/../targets/x86_64-linux/include/cub/util_arch.cuh:36,
                 from /usr/local/cuda/bin/../targets/x86_64-linux/include/cub/config.cuh:35,
                 from /usr/local/cuda/bin/../targets/x86_64-linux/include/cub/cub.cuh:37,
                 from md_cell_distribution.cu:13:
/usr/local/cuda/bin/../targets/x86_64-linux/include/cub/util_cpp_dialect.cuh:142:13: warning: CUB requires at least C++14. C++11 is deprecated but still supported. C++11 support will be removed in a future release. Define CUB_IGNORE_DEPRECATED_CPP_DIALECT to suppress this message.
  142 |      CUB_COMPILER_DEPRECATION_SOFT(C++14, C++11);
      |             ^~~~~~~~~~~~~~~~~~~~~~~~~~~~~~~~~~~~~                                                                                                                                                        
In file included from /usr/local/cuda/bin/../targets/x86_64-linux/include/thrust/detail/config/config.h:27,
                 from /usr/local/cuda/bin/../targets/x86_64-linux/include/thrust/detail/config.h:23,
                 from /usr/local/cuda/bin/../targets/x86_64-linux/include/thrust/system/cuda/detail/core/util.h:29,
                 from /usr/local/cuda/bin/../targets/x86_64-linux/include/cub/agent/agent_merge_sort.cuh:37,
                 from /usr/local/cuda/bin/../targets/x86_64-linux/include/cub/device/dispatch/dispatch_merge_sort.cuh:30,
                 from /usr/local/cuda/bin/../targets/x86_64-linux/include/cub/device/device_merge_sort.cuh:31,
                 from /usr/local/cuda/bin/../targets/x86_64-linux/include/cub/cub.cuh:54,
                 from md_cell_distribution.cu:13:
/usr/local/cuda/bin/../targets/x86_64-linux/include/thrust/detail/config/cpp_dialect.h:131:13: warning: Thrust requires at least C++14. C++11 is deprecated but still supported. C++11 support will be removed in a future release. Define THRUST_IGNORE_DEPRECATED_CPP_DIALECT to suppress this message.
  131 |      THRUST_COMPILER_DEPRECATION_SOFT(C++14, C++11);
      |             ^~~~~~~~~~~~~~~~~~~~~~~~~~~~~~~~~~~~~~~~                                                                                                                                                           
In file included from md_cell_distribution.cu:6:
/usr/local/cuda/bin/../targets/x86_64-linux/include/math_functions.h:54:2: warning: #warning "math_functions.h is an internal header file and must not be used directly.  This file will be removed in a future CUDA release.  Please use cuda_runtime_api.h or cuda_runtime.h instead." [-Wcpp]
   54 | #warning "math_functions.h is an internal header file and must not be used directly.  This file will be removed in a future CUDA release.  Please use cuda_runtime_api.h or cuda_runtime.h instead."
      |  ^~~~~~~
In file included from /usr/local/cuda/bin/../targets/x86_64-linux/include/cub/util_arch.cuh:36,
                 from /usr/local/cuda/bin/../targets/x86_64-linux/include/cub/config.cuh:35,
                 from /usr/local/cuda/bin/../targets/x86_64-linux/include/cub/cub.cuh:37,
                 from md_cell_distribution.cu:13:
/usr/local/cuda/bin/../targets/x86_64-linux/include/cub/util_cpp_dialect.cuh:142:13: warning: CUB requires at least C++14. C++11 is deprecated but still supported. C++11 support will be removed in a future release. Define CUB_IGNORE_DEPRECATED_CPP_DIALECT to suppress this message.
  142 |      CUB_COMPILER_DEPRECATION_SOFT(C++14, C++11);
      |             ^~~~~~~~~~~~~~~~~~~~~~~~~~~~~~~~~~~~~                                                                                                                                                        
In file included from /usr/local/cuda/bin/../targets/x86_64-linux/include/thrust/detail/config/config.h:27,
                 from /usr/local/cuda/bin/../targets/x86_64-linux/include/thrust/detail/config.h:23,
                 from /usr/local/cuda/bin/../targets/x86_64-linux/include/thrust/system/cuda/detail/core/util.h:29,
                 from /usr/local/cuda/bin/../targets/x86_64-linux/include/cub/agent/agent_merge_sort.cuh:37,
                 from /usr/local/cuda/bin/../targets/x86_64-linux/include/cub/device/dispatch/dispatch_merge_sort.cuh:30,
                 from /usr/local/cuda/bin/../targets/x86_64-linux/include/cub/device/device_merge_sort.cuh:31,
                 from /usr/local/cuda/bin/../targets/x86_64-linux/include/cub/cub.cuh:54,
                 from md_cell_distribution.cu:13:
/usr/local/cuda/bin/../targets/x86_64-linux/include/thrust/detail/config/cpp_dialect.h:131:13: warning: Thrust requires at least C++14. C++11 is deprecated but still supported. C++11 support will be removed in a future release. Define THRUST_IGNORE_DEPRECATED_CPP_DIALECT to suppress this message.
  131 |      THRUST_COMPILER_DEPRECATION_SOFT(C++14, C++11);
      |             ^~~~~~~~~~~~~~~~~~~~~~~~~~~~~~~~~~~~~~~~                                                                                                                                                           
/usr/local/cuda/bin/nvcc -ccbin g++ -I../../../Common  -m64    --threads 0 --std=c++11 -gencode arch=compute_50,code=sm_50 -gencode arch=compute_52,code=sm_52 -gencode arch=compute_60,code=sm_60 -gencode arch=compute_61,code=sm_61 -gencode arch=compute_70,code=sm_70 -gencode arch=compute_75,code=sm_75 -gencode arch=compute_80,code=sm_80 -gencode arch=compute_86,code=sm_86 -gencode arch=compute_90,code=sm_90 -gencode arch=compute_90,code=compute_90 -o md_interaction_list_construct.o -c md_interaction_list_construct.cu
In file included from md_interaction_list_construct.cu:6:
/usr/local/cuda/bin/../targets/x86_64-linux/include/math_functions.h:54:2: warning: #warning "math_functions.h is an internal header file and must not be used directly.  This file will be removed in a future CUDA release.  Please use cuda_runtime_api.h or cuda_runtime.h instead." [-Wcpp]
   54 | #warning "math_functions.h is an internal header file and must not be used directly.  This file will be removed in a future CUDA release.  Please use cuda_runtime_api.h or cuda_runtime.h instead."
      |  ^~~~~~~
In file included from md_interaction_list_construct.cu:6:
/usr/local/cuda/bin/../targets/x86_64-linux/include/math_functions.h:54:2: warning: #warning "math_functions.h is an internal header file and must not be used directly.  This file will be removed in a future CUDA release.  Please use cuda_runtime_api.h or cuda_runtime.h instead." [-Wcpp]
   54 | #warning "math_functions.h is an internal header file and must not be used directly.  This file will be removed in a future CUDA release.  Please use cuda_runtime_api.h or cuda_runtime.h instead."
      |  ^~~~~~~
In file included from md_interaction_list_construct.cu:6:
/usr/local/cuda/bin/../targets/x86_64-linux/include/math_functions.h:54:2: warning: #warning "math_functions.h is an internal header file and must not be used directly.  This file will be removed in a future CUDA release.  Please use cuda_runtime_api.h or cuda_runtime.h instead." [-Wcpp]
   54 | #warning "math_functions.h is an internal header file and must not be used directly.  This file will be removed in a future CUDA release.  Please use cuda_runtime_api.h or cuda_runtime.h instead."
      |  ^~~~~~~
In file included from md_interaction_list_construct.cu:6:
/usr/local/cuda/bin/../targets/x86_64-linux/include/math_functions.h:54:2: warning: #warning "math_functions.h is an internal header file and must not be used directly.  This file will be removed in a future CUDA release.  Please use cuda_runtime_api.h or cuda_runtime.h instead." [-Wcpp]
   54 | #warning "math_functions.h is an internal header file and must not be used directly.  This file will be removed in a future CUDA release.  Please use cuda_runtime_api.h or cuda_runtime.h instead."
      |  ^~~~~~~
In file included from md_interaction_list_construct.cu:6:
/usr/local/cuda/bin/../targets/x86_64-linux/include/math_functions.h:54:2: warning: #warning "math_functions.h is an internal header file and must not be used directly.  This file will be removed in a future CUDA release.  Please use cuda_runtime_api.h or cuda_runtime.h instead." [-Wcpp]
   54 | #warning "math_functions.h is an internal header file and must not be used directly.  This file will be removed in a future CUDA release.  Please use cuda_runtime_api.h or cuda_runtime.h instead."
      |  ^~~~~~~
In file included from md_interaction_list_construct.cu:6:
/usr/local/cuda/bin/../targets/x86_64-linux/include/math_functions.h:54:2: warning: #warning "math_functions.h is an internal header file and must not be used directly.  This file will be removed in a future CUDA release.  Please use cuda_runtime_api.h or cuda_runtime.h instead." [-Wcpp]
   54 | #warning "math_functions.h is an internal header file and must not be used directly.  This file will be removed in a future CUDA release.  Please use cuda_runtime_api.h or cuda_runtime.h instead."
      |  ^~~~~~~
In file included from md_interaction_list_construct.cu:6:
/usr/local/cuda/bin/../targets/x86_64-linux/include/math_functions.h:54:2: warning: #warning "math_functions.h is an internal header file and must not be used directly.  This file will be removed in a future CUDA release.  Please use cuda_runtime_api.h or cuda_runtime.h instead." [-Wcpp]
   54 | #warning "math_functions.h is an internal header file and must not be used directly.  This file will be removed in a future CUDA release.  Please use cuda_runtime_api.h or cuda_runtime.h instead."
      |  ^~~~~~~
In file included from md_interaction_list_construct.cu:6:
/usr/local/cuda/bin/../targets/x86_64-linux/include/math_functions.h:54:2: warning: #warning "math_functions.h is an internal header file and must not be used directly.  This file will be removed in a future CUDA release.  Please use cuda_runtime_api.h or cuda_runtime.h instead." [-Wcpp]
   54 | #warning "math_functions.h is an internal header file and must not be used directly.  This file will be removed in a future CUDA release.  Please use cuda_runtime_api.h or cuda_runtime.h instead."
      |  ^~~~~~~
In file included from md_interaction_list_construct.cu:6:
/usr/local/cuda/bin/../targets/x86_64-linux/include/math_functions.h:54:2: warning: #warning "math_functions.h is an internal header file and must not be used directly.  This file will be removed in a future CUDA release.  Please use cuda_runtime_api.h or cuda_runtime.h instead." [-Wcpp]
   54 | #warning "math_functions.h is an internal header file and must not be used directly.  This file will be removed in a future CUDA release.  Please use cuda_runtime_api.h or cuda_runtime.h instead."
      |  ^~~~~~~
In file included from md_interaction_list_construct.cu:6:
/usr/local/cuda/bin/../targets/x86_64-linux/include/math_functions.h:54:2: warning: #warning "math_functions.h is an internal header file and must not be used directly.  This file will be removed in a future CUDA release.  Please use cuda_runtime_api.h or cuda_runtime.h instead." [-Wcpp]
   54 | #warning "math_functions.h is an internal header file and must not be used directly.  This file will be removed in a future CUDA release.  Please use cuda_runtime_api.h or cuda_runtime.h instead."
      |  ^~~~~~~
md_interaction_list_construct.cu(91): warning #181-D: argument is incompatible with corresponding format string conversion

Remark: The warnings can be suppressed with "-diag-suppress <warning-number>"

md_interaction_list_construct.cu(91): warning #181-D: argument is incompatible with corresponding format string conversion

md_interaction_list_construct.cu(91): warning #181-D: argument is incompatible with corresponding format string conversion

md_interaction_list_construct.cu(91): warning #181-D: argument is incompatible with corresponding format string conversion

Remark: The warnings can be suppressed with "-diag-suppress <warning-number>"

md_interaction_list_construct.cu(91): warning #181-D: argument is incompatible with corresponding format string conversion

md_interaction_list_construct.cu(91): warning #181-D: argument is incompatible with corresponding format string conversion

md_interaction_list_construct.cu(91): warning #181-D: argument is incompatible with corresponding format string conversion

Remark: The warnings can be suppressed with "-diag-suppress <warning-number>"

md_interaction_list_construct.cu(91): warning #181-D: argument is incompatible with corresponding format string conversion

md_interaction_list_construct.cu(91): warning #181-D: argument is incompatible with corresponding format string conversion

md_interaction_list_construct.cu(91): warning #181-D: argument is incompatible with corresponding format string conversion

Remark: The warnings can be suppressed with "-diag-suppress <warning-number>"

md_interaction_list_construct.cu(91): warning #181-D: argument is incompatible with corresponding format string conversion

md_interaction_list_construct.cu(91): warning #181-D: argument is incompatible with corresponding format string conversion

md_interaction_list_construct.cu(91): warning #181-D: argument is incompatible with corresponding format string conversion

Remark: The warnings can be suppressed with "-diag-suppress <warning-number>"

md_interaction_list_construct.cu(91): warning #181-D: argument is incompatible with corresponding format string conversion

md_interaction_list_construct.cu(91): warning #181-D: argument is incompatible with corresponding format string conversion

md_interaction_list_construct.cu(91): warning #181-D: argument is incompatible with corresponding format string conversion

Remark: The warnings can be suppressed with "-diag-suppress <warning-number>"

md_interaction_list_construct.cu(91): warning #181-D: argument is incompatible with corresponding format string conversion

md_interaction_list_construct.cu(91): warning #181-D: argument is incompatible with corresponding format string conversion

md_interaction_list_construct.cu(91): warning #181-D: argument is incompatible with corresponding format string conversion

Remark: The warnings can be suppressed with "-diag-suppress <warning-number>"

md_interaction_list_construct.cu(91): warning #181-D: argument is incompatible with corresponding format string conversion

md_interaction_list_construct.cu(91): warning #181-D: argument is incompatible with corresponding format string conversion

md_interaction_list_construct.cu(91): warning #181-D: argument is incompatible with corresponding format string conversion

Remark: The warnings can be suppressed with "-diag-suppress <warning-number>"

md_interaction_list_construct.cu(91): warning #181-D: argument is incompatible with corresponding format string conversion

md_interaction_list_construct.cu(91): warning #181-D: argument is incompatible with corresponding format string conversion

md_interaction_list_construct.cu(91): warning #181-D: argument is incompatible with corresponding format string conversion

Remark: The warnings can be suppressed with "-diag-suppress <warning-number>"

md_interaction_list_construct.cu(91): warning #181-D: argument is incompatible with corresponding format string conversion

md_interaction_list_construct.cu(91): warning #181-D: argument is incompatible with corresponding format string conversion

/usr/local/cuda/bin/nvcc -ccbin g++ -I../../../Common  -m64    --threads 0 --std=c++11 -gencode arch=compute_50,code=sm_50 -gencode arch=compute_52,code=sm_52 -gencode arch=compute_60,code=sm_60 -gencode arch=compute_61,code=sm_61 -gencode arch=compute_70,code=sm_70 -gencode arch=compute_75,code=sm_75 -gencode arch=compute_80,code=sm_80 -gencode arch=compute_86,code=sm_86 -gencode arch=compute_90,code=sm_90 -gencode arch=compute_90,code=compute_90 -o md_interaction_list_construction.o -c md_interaction_list_construction.cu
In file included from md_interaction_list_construction.cu:6:
/usr/local/cuda/bin/../targets/x86_64-linux/include/math_functions.h:54:2: warning: #warning "math_functions.h is an internal header file and must not be used directly.  This file will be removed in a future CUDA release.  Please use cuda_runtime_api.h or cuda_runtime.h instead." [-Wcpp]
   54 | #warning "math_functions.h is an internal header file and must not be used directly.  This file will be removed in a future CUDA release.  Please use cuda_runtime_api.h or cuda_runtime.h instead."
      |  ^~~~~~~
In file included from /usr/local/cuda/bin/../targets/x86_64-linux/include/cub/util_arch.cuh:36,
                 from /usr/local/cuda/bin/../targets/x86_64-linux/include/cub/config.cuh:35,
                 from /usr/local/cuda/bin/../targets/x86_64-linux/include/cub/cub.cuh:37,
                 from md_interaction_list_construction.cu:13:
/usr/local/cuda/bin/../targets/x86_64-linux/include/cub/util_cpp_dialect.cuh:142:13: warning: CUB requires at least C++14. C++11 is deprecated but still supported. C++11 support will be removed in a future release. Define CUB_IGNORE_DEPRECATED_CPP_DIALECT to suppress this message.
  142 |      CUB_COMPILER_DEPRECATION_SOFT(C++14, C++11);
      |             ^~~~~~~~~~~~~~~~~~~~~~~~~~~~~~~~~~~~~                                                                                                                                                        
In file included from /usr/local/cuda/bin/../targets/x86_64-linux/include/thrust/detail/config/config.h:27,
                 from /usr/local/cuda/bin/../targets/x86_64-linux/include/thrust/detail/config.h:23,
                 from /usr/local/cuda/bin/../targets/x86_64-linux/include/thrust/system/cuda/detail/core/util.h:29,
                 from /usr/local/cuda/bin/../targets/x86_64-linux/include/cub/agent/agent_merge_sort.cuh:37,
                 from /usr/local/cuda/bin/../targets/x86_64-linux/include/cub/device/dispatch/dispatch_merge_sort.cuh:30,
                 from /usr/local/cuda/bin/../targets/x86_64-linux/include/cub/device/device_merge_sort.cuh:31,
                 from /usr/local/cuda/bin/../targets/x86_64-linux/include/cub/cub.cuh:54,
                 from md_interaction_list_construction.cu:13:
/usr/local/cuda/bin/../targets/x86_64-linux/include/thrust/detail/config/cpp_dialect.h:131:13: warning: Thrust requires at least C++14. C++11 is deprecated but still supported. C++11 support will be removed in a future release. Define THRUST_IGNORE_DEPRECATED_CPP_DIALECT to suppress this message.
  131 |      THRUST_COMPILER_DEPRECATION_SOFT(C++14, C++11);
      |             ^~~~~~~~~~~~~~~~~~~~~~~~~~~~~~~~~~~~~~~~                                                                                                                                                           
In file included from md_interaction_list_construction.cu:6:
/usr/local/cuda/bin/../targets/x86_64-linux/include/math_functions.h:54:2: warning: #warning "math_functions.h is an internal header file and must not be used directly.  This file will be removed in a future CUDA release.  Please use cuda_runtime_api.h or cuda_runtime.h instead." [-Wcpp]
   54 | #warning "math_functions.h is an internal header file and must not be used directly.  This file will be removed in a future CUDA release.  Please use cuda_runtime_api.h or cuda_runtime.h instead."
      |  ^~~~~~~
In file included from /usr/local/cuda/bin/../targets/x86_64-linux/include/cub/util_arch.cuh:36,
                 from /usr/local/cuda/bin/../targets/x86_64-linux/include/cub/config.cuh:35,
                 from /usr/local/cuda/bin/../targets/x86_64-linux/include/cub/cub.cuh:37,
                 from md_interaction_list_construction.cu:13:
/usr/local/cuda/bin/../targets/x86_64-linux/include/cub/util_cpp_dialect.cuh:142:13: warning: CUB requires at least C++14. C++11 is deprecated but still supported. C++11 support will be removed in a future release. Define CUB_IGNORE_DEPRECATED_CPP_DIALECT to suppress this message.
  142 |      CUB_COMPILER_DEPRECATION_SOFT(C++14, C++11);
      |             ^~~~~~~~~~~~~~~~~~~~~~~~~~~~~~~~~~~~~                                                                                                                                                        
In file included from /usr/local/cuda/bin/../targets/x86_64-linux/include/thrust/detail/config/config.h:27,
                 from /usr/local/cuda/bin/../targets/x86_64-linux/include/thrust/detail/config.h:23,
                 from /usr/local/cuda/bin/../targets/x86_64-linux/include/thrust/system/cuda/detail/core/util.h:29,
                 from /usr/local/cuda/bin/../targets/x86_64-linux/include/cub/agent/agent_merge_sort.cuh:37,
                 from /usr/local/cuda/bin/../targets/x86_64-linux/include/cub/device/dispatch/dispatch_merge_sort.cuh:30,
                 from /usr/local/cuda/bin/../targets/x86_64-linux/include/cub/device/device_merge_sort.cuh:31,
                 from /usr/local/cuda/bin/../targets/x86_64-linux/include/cub/cub.cuh:54,
                 from md_interaction_list_construction.cu:13:
/usr/local/cuda/bin/../targets/x86_64-linux/include/thrust/detail/config/cpp_dialect.h:131:13: warning: Thrust requires at least C++14. C++11 is deprecated but still supported. C++11 support will be removed in a future release. Define THRUST_IGNORE_DEPRECATED_CPP_DIALECT to suppress this message.
  131 |      THRUST_COMPILER_DEPRECATION_SOFT(C++14, C++11);
      |             ^~~~~~~~~~~~~~~~~~~~~~~~~~~~~~~~~~~~~~~~                                                                                                                                                           
In file included from md_interaction_list_construction.cu:6:
/usr/local/cuda/bin/../targets/x86_64-linux/include/math_functions.h:54:2: warning: #warning "math_functions.h is an internal header file and must not be used directly.  This file will be removed in a future CUDA release.  Please use cuda_runtime_api.h or cuda_runtime.h instead." [-Wcpp]
   54 | #warning "math_functions.h is an internal header file and must not be used directly.  This file will be removed in a future CUDA release.  Please use cuda_runtime_api.h or cuda_runtime.h instead."
      |  ^~~~~~~
In file included from /usr/local/cuda/bin/../targets/x86_64-linux/include/cub/util_arch.cuh:36,
                 from /usr/local/cuda/bin/../targets/x86_64-linux/include/cub/config.cuh:35,
                 from /usr/local/cuda/bin/../targets/x86_64-linux/include/cub/cub.cuh:37,
                 from md_interaction_list_construction.cu:13:
/usr/local/cuda/bin/../targets/x86_64-linux/include/cub/util_cpp_dialect.cuh:142:13: warning: CUB requires at least C++14. C++11 is deprecated but still supported. C++11 support will be removed in a future release. Define CUB_IGNORE_DEPRECATED_CPP_DIALECT to suppress this message.
  142 |      CUB_COMPILER_DEPRECATION_SOFT(C++14, C++11);
      |             ^~~~~~~~~~~~~~~~~~~~~~~~~~~~~~~~~~~~~                                                                                                                                                        
In file included from /usr/local/cuda/bin/../targets/x86_64-linux/include/thrust/detail/config/config.h:27,
                 from /usr/local/cuda/bin/../targets/x86_64-linux/include/thrust/detail/config.h:23,
                 from /usr/local/cuda/bin/../targets/x86_64-linux/include/thrust/system/cuda/detail/core/util.h:29,
                 from /usr/local/cuda/bin/../targets/x86_64-linux/include/cub/agent/agent_merge_sort.cuh:37,
                 from /usr/local/cuda/bin/../targets/x86_64-linux/include/cub/device/dispatch/dispatch_merge_sort.cuh:30,
                 from /usr/local/cuda/bin/../targets/x86_64-linux/include/cub/device/device_merge_sort.cuh:31,
                 from /usr/local/cuda/bin/../targets/x86_64-linux/include/cub/cub.cuh:54,
                 from md_interaction_list_construction.cu:13:
/usr/local/cuda/bin/../targets/x86_64-linux/include/thrust/detail/config/cpp_dialect.h:131:13: warning: Thrust requires at least C++14. C++11 is deprecated but still supported. C++11 support will be removed in a future release. Define THRUST_IGNORE_DEPRECATED_CPP_DIALECT to suppress this message.
  131 |      THRUST_COMPILER_DEPRECATION_SOFT(C++14, C++11);
      |             ^~~~~~~~~~~~~~~~~~~~~~~~~~~~~~~~~~~~~~~~                                                                                                                                                           
In file included from md_interaction_list_construction.cu:6:
/usr/local/cuda/bin/../targets/x86_64-linux/include/math_functions.h:54:2: warning: #warning "math_functions.h is an internal header file and must not be used directly.  This file will be removed in a future CUDA release.  Please use cuda_runtime_api.h or cuda_runtime.h instead." [-Wcpp]
   54 | #warning "math_functions.h is an internal header file and must not be used directly.  This file will be removed in a future CUDA release.  Please use cuda_runtime_api.h or cuda_runtime.h instead."
      |  ^~~~~~~
In file included from /usr/local/cuda/bin/../targets/x86_64-linux/include/cub/util_arch.cuh:36,
                 from /usr/local/cuda/bin/../targets/x86_64-linux/include/cub/config.cuh:35,
                 from /usr/local/cuda/bin/../targets/x86_64-linux/include/cub/cub.cuh:37,
                 from md_interaction_list_construction.cu:13:
/usr/local/cuda/bin/../targets/x86_64-linux/include/cub/util_cpp_dialect.cuh:142:13: warning: CUB requires at least C++14. C++11 is deprecated but still supported. C++11 support will be removed in a future release. Define CUB_IGNORE_DEPRECATED_CPP_DIALECT to suppress this message.
  142 |      CUB_COMPILER_DEPRECATION_SOFT(C++14, C++11);
      |             ^~~~~~~~~~~~~~~~~~~~~~~~~~~~~~~~~~~~~                                                                                                                                                        
In file included from /usr/local/cuda/bin/../targets/x86_64-linux/include/thrust/detail/config/config.h:27,
                 from /usr/local/cuda/bin/../targets/x86_64-linux/include/thrust/detail/config.h:23,
                 from /usr/local/cuda/bin/../targets/x86_64-linux/include/thrust/system/cuda/detail/core/util.h:29,
                 from /usr/local/cuda/bin/../targets/x86_64-linux/include/cub/agent/agent_merge_sort.cuh:37,
                 from /usr/local/cuda/bin/../targets/x86_64-linux/include/cub/device/dispatch/dispatch_merge_sort.cuh:30,
                 from /usr/local/cuda/bin/../targets/x86_64-linux/include/cub/device/device_merge_sort.cuh:31,
                 from /usr/local/cuda/bin/../targets/x86_64-linux/include/cub/cub.cuh:54,
                 from md_interaction_list_construction.cu:13:
/usr/local/cuda/bin/../targets/x86_64-linux/include/thrust/detail/config/cpp_dialect.h:131:13: warning: Thrust requires at least C++14. C++11 is deprecated but still supported. C++11 support will be removed in a future release. Define THRUST_IGNORE_DEPRECATED_CPP_DIALECT to suppress this message.
  131 |      THRUST_COMPILER_DEPRECATION_SOFT(C++14, C++11);
      |             ^~~~~~~~~~~~~~~~~~~~~~~~~~~~~~~~~~~~~~~~                                                                                                                                                           
In file included from md_interaction_list_construction.cu:6:
/usr/local/cuda/bin/../targets/x86_64-linux/include/math_functions.h:54:2: warning: #warning "math_functions.h is an internal header file and must not be used directly.  This file will be removed in a future CUDA release.  Please use cuda_runtime_api.h or cuda_runtime.h instead." [-Wcpp]
   54 | #warning "math_functions.h is an internal header file and must not be used directly.  This file will be removed in a future CUDA release.  Please use cuda_runtime_api.h or cuda_runtime.h instead."
      |  ^~~~~~~
In file included from /usr/local/cuda/bin/../targets/x86_64-linux/include/cub/util_arch.cuh:36,
                 from /usr/local/cuda/bin/../targets/x86_64-linux/include/cub/config.cuh:35,
                 from /usr/local/cuda/bin/../targets/x86_64-linux/include/cub/cub.cuh:37,
                 from md_interaction_list_construction.cu:13:
/usr/local/cuda/bin/../targets/x86_64-linux/include/cub/util_cpp_dialect.cuh:142:13: warning: CUB requires at least C++14. C++11 is deprecated but still supported. C++11 support will be removed in a future release. Define CUB_IGNORE_DEPRECATED_CPP_DIALECT to suppress this message.
  142 |      CUB_COMPILER_DEPRECATION_SOFT(C++14, C++11);
      |             ^~~~~~~~~~~~~~~~~~~~~~~~~~~~~~~~~~~~~                                                                                                                                                        
In file included from /usr/local/cuda/bin/../targets/x86_64-linux/include/thrust/detail/config/config.h:27,
                 from /usr/local/cuda/bin/../targets/x86_64-linux/include/thrust/detail/config.h:23,
                 from /usr/local/cuda/bin/../targets/x86_64-linux/include/thrust/system/cuda/detail/core/util.h:29,
                 from /usr/local/cuda/bin/../targets/x86_64-linux/include/cub/agent/agent_merge_sort.cuh:37,
                 from /usr/local/cuda/bin/../targets/x86_64-linux/include/cub/device/dispatch/dispatch_merge_sort.cuh:30,
                 from /usr/local/cuda/bin/../targets/x86_64-linux/include/cub/device/device_merge_sort.cuh:31,
                 from /usr/local/cuda/bin/../targets/x86_64-linux/include/cub/cub.cuh:54,
                 from md_interaction_list_construction.cu:13:
/usr/local/cuda/bin/../targets/x86_64-linux/include/thrust/detail/config/cpp_dialect.h:131:13: warning: Thrust requires at least C++14. C++11 is deprecated but still supported. C++11 support will be removed in a future release. Define THRUST_IGNORE_DEPRECATED_CPP_DIALECT to suppress this message.
  131 |      THRUST_COMPILER_DEPRECATION_SOFT(C++14, C++11);
      |             ^~~~~~~~~~~~~~~~~~~~~~~~~~~~~~~~~~~~~~~~                                                                                                                                                           
In file included from md_interaction_list_construction.cu:6:
/usr/local/cuda/bin/../targets/x86_64-linux/include/math_functions.h:54:2: warning: #warning "math_functions.h is an internal header file and must not be used directly.  This file will be removed in a future CUDA release.  Please use cuda_runtime_api.h or cuda_runtime.h instead." [-Wcpp]
   54 | #warning "math_functions.h is an internal header file and must not be used directly.  This file will be removed in a future CUDA release.  Please use cuda_runtime_api.h or cuda_runtime.h instead."
      |  ^~~~~~~
In file included from /usr/local/cuda/bin/../targets/x86_64-linux/include/cub/util_arch.cuh:36,
                 from /usr/local/cuda/bin/../targets/x86_64-linux/include/cub/config.cuh:35,
                 from /usr/local/cuda/bin/../targets/x86_64-linux/include/cub/cub.cuh:37,
                 from md_interaction_list_construction.cu:13:
/usr/local/cuda/bin/../targets/x86_64-linux/include/cub/util_cpp_dialect.cuh:142:13: warning: CUB requires at least C++14. C++11 is deprecated but still supported. C++11 support will be removed in a future release. Define CUB_IGNORE_DEPRECATED_CPP_DIALECT to suppress this message.
  142 |      CUB_COMPILER_DEPRECATION_SOFT(C++14, C++11);
      |             ^~~~~~~~~~~~~~~~~~~~~~~~~~~~~~~~~~~~~                                                                                                                                                        
In file included from /usr/local/cuda/bin/../targets/x86_64-linux/include/thrust/detail/config/config.h:27,
                 from /usr/local/cuda/bin/../targets/x86_64-linux/include/thrust/detail/config.h:23,
                 from /usr/local/cuda/bin/../targets/x86_64-linux/include/thrust/system/cuda/detail/core/util.h:29,
                 from /usr/local/cuda/bin/../targets/x86_64-linux/include/cub/agent/agent_merge_sort.cuh:37,
                 from /usr/local/cuda/bin/../targets/x86_64-linux/include/cub/device/dispatch/dispatch_merge_sort.cuh:30,
                 from /usr/local/cuda/bin/../targets/x86_64-linux/include/cub/device/device_merge_sort.cuh:31,
                 from /usr/local/cuda/bin/../targets/x86_64-linux/include/cub/cub.cuh:54,
                 from md_interaction_list_construction.cu:13:
/usr/local/cuda/bin/../targets/x86_64-linux/include/thrust/detail/config/cpp_dialect.h:131:13: warning: Thrust requires at least C++14. C++11 is deprecated but still supported. C++11 support will be removed in a future release. Define THRUST_IGNORE_DEPRECATED_CPP_DIALECT to suppress this message.
  131 |      THRUST_COMPILER_DEPRECATION_SOFT(C++14, C++11);
      |             ^~~~~~~~~~~~~~~~~~~~~~~~~~~~~~~~~~~~~~~~                                                                                                                                                           
In file included from md_interaction_list_construction.cu:6:
/usr/local/cuda/bin/../targets/x86_64-linux/include/math_functions.h:54:2: warning: #warning "math_functions.h is an internal header file and must not be used directly.  This file will be removed in a future CUDA release.  Please use cuda_runtime_api.h or cuda_runtime.h instead." [-Wcpp]
   54 | #warning "math_functions.h is an internal header file and must not be used directly.  This file will be removed in a future CUDA release.  Please use cuda_runtime_api.h or cuda_runtime.h instead."
      |  ^~~~~~~
In file included from /usr/local/cuda/bin/../targets/x86_64-linux/include/cub/util_arch.cuh:36,
                 from /usr/local/cuda/bin/../targets/x86_64-linux/include/cub/config.cuh:35,
                 from /usr/local/cuda/bin/../targets/x86_64-linux/include/cub/cub.cuh:37,
                 from md_interaction_list_construction.cu:13:
/usr/local/cuda/bin/../targets/x86_64-linux/include/cub/util_cpp_dialect.cuh:142:13: warning: CUB requires at least C++14. C++11 is deprecated but still supported. C++11 support will be removed in a future release. Define CUB_IGNORE_DEPRECATED_CPP_DIALECT to suppress this message.
  142 |      CUB_COMPILER_DEPRECATION_SOFT(C++14, C++11);
      |             ^~~~~~~~~~~~~~~~~~~~~~~~~~~~~~~~~~~~~                                                                                                                                                        
In file included from /usr/local/cuda/bin/../targets/x86_64-linux/include/thrust/detail/config/config.h:27,
                 from /usr/local/cuda/bin/../targets/x86_64-linux/include/thrust/detail/config.h:23,
                 from /usr/local/cuda/bin/../targets/x86_64-linux/include/thrust/system/cuda/detail/core/util.h:29,
                 from /usr/local/cuda/bin/../targets/x86_64-linux/include/cub/agent/agent_merge_sort.cuh:37,
                 from /usr/local/cuda/bin/../targets/x86_64-linux/include/cub/device/dispatch/dispatch_merge_sort.cuh:30,
                 from /usr/local/cuda/bin/../targets/x86_64-linux/include/cub/device/device_merge_sort.cuh:31,
                 from /usr/local/cuda/bin/../targets/x86_64-linux/include/cub/cub.cuh:54,
                 from md_interaction_list_construction.cu:13:
/usr/local/cuda/bin/../targets/x86_64-linux/include/thrust/detail/config/cpp_dialect.h:131:13: warning: Thrust requires at least C++14. C++11 is deprecated but still supported. C++11 support will be removed in a future release. Define THRUST_IGNORE_DEPRECATED_CPP_DIALECT to suppress this message.
  131 |      THRUST_COMPILER_DEPRECATION_SOFT(C++14, C++11);
      |             ^~~~~~~~~~~~~~~~~~~~~~~~~~~~~~~~~~~~~~~~                                                                                                                                                           
In file included from md_interaction_list_construction.cu:6:
/usr/local/cuda/bin/../targets/x86_64-linux/include/math_functions.h:54:2: warning: #warning "math_functions.h is an internal header file and must not be used directly.  This file will be removed in a future CUDA release.  Please use cuda_runtime_api.h or cuda_runtime.h instead." [-Wcpp]
   54 | #warning "math_functions.h is an internal header file and must not be used directly.  This file will be removed in a future CUDA release.  Please use cuda_runtime_api.h or cuda_runtime.h instead."
      |  ^~~~~~~
In file included from /usr/local/cuda/bin/../targets/x86_64-linux/include/cub/util_arch.cuh:36,
                 from /usr/local/cuda/bin/../targets/x86_64-linux/include/cub/config.cuh:35,
                 from /usr/local/cuda/bin/../targets/x86_64-linux/include/cub/cub.cuh:37,
                 from md_interaction_list_construction.cu:13:
/usr/local/cuda/bin/../targets/x86_64-linux/include/cub/util_cpp_dialect.cuh:142:13: warning: CUB requires at least C++14. C++11 is deprecated but still supported. C++11 support will be removed in a future release. Define CUB_IGNORE_DEPRECATED_CPP_DIALECT to suppress this message.
  142 |      CUB_COMPILER_DEPRECATION_SOFT(C++14, C++11);
      |             ^~~~~~~~~~~~~~~~~~~~~~~~~~~~~~~~~~~~~                                                                                                                                                        
In file included from /usr/local/cuda/bin/../targets/x86_64-linux/include/thrust/detail/config/config.h:27,
                 from /usr/local/cuda/bin/../targets/x86_64-linux/include/thrust/detail/config.h:23,
                 from /usr/local/cuda/bin/../targets/x86_64-linux/include/thrust/system/cuda/detail/core/util.h:29,
                 from /usr/local/cuda/bin/../targets/x86_64-linux/include/cub/agent/agent_merge_sort.cuh:37,
                 from /usr/local/cuda/bin/../targets/x86_64-linux/include/cub/device/dispatch/dispatch_merge_sort.cuh:30,
                 from /usr/local/cuda/bin/../targets/x86_64-linux/include/cub/device/device_merge_sort.cuh:31,
                 from /usr/local/cuda/bin/../targets/x86_64-linux/include/cub/cub.cuh:54,
                 from md_interaction_list_construction.cu:13:
/usr/local/cuda/bin/../targets/x86_64-linux/include/thrust/detail/config/cpp_dialect.h:131:13: warning: Thrust requires at least C++14. C++11 is deprecated but still supported. C++11 support will be removed in a future release. Define THRUST_IGNORE_DEPRECATED_CPP_DIALECT to suppress this message.
  131 |      THRUST_COMPILER_DEPRECATION_SOFT(C++14, C++11);
      |             ^~~~~~~~~~~~~~~~~~~~~~~~~~~~~~~~~~~~~~~~                                                                                                                                                           
In file included from md_interaction_list_construction.cu:6:
/usr/local/cuda/bin/../targets/x86_64-linux/include/math_functions.h:54:2: warning: #warning "math_functions.h is an internal header file and must not be used directly.  This file will be removed in a future CUDA release.  Please use cuda_runtime_api.h or cuda_runtime.h instead." [-Wcpp]
   54 | #warning "math_functions.h is an internal header file and must not be used directly.  This file will be removed in a future CUDA release.  Please use cuda_runtime_api.h or cuda_runtime.h instead."
      |  ^~~~~~~
In file included from /usr/local/cuda/bin/../targets/x86_64-linux/include/cub/util_arch.cuh:36,
                 from /usr/local/cuda/bin/../targets/x86_64-linux/include/cub/config.cuh:35,
                 from /usr/local/cuda/bin/../targets/x86_64-linux/include/cub/cub.cuh:37,
                 from md_interaction_list_construction.cu:13:
/usr/local/cuda/bin/../targets/x86_64-linux/include/cub/util_cpp_dialect.cuh:142:13: warning: CUB requires at least C++14. C++11 is deprecated but still supported. C++11 support will be removed in a future release. Define CUB_IGNORE_DEPRECATED_CPP_DIALECT to suppress this message.
  142 |      CUB_COMPILER_DEPRECATION_SOFT(C++14, C++11);
      |             ^~~~~~~~~~~~~~~~~~~~~~~~~~~~~~~~~~~~~                                                                                                                                                        
In file included from /usr/local/cuda/bin/../targets/x86_64-linux/include/thrust/detail/config/config.h:27,
                 from /usr/local/cuda/bin/../targets/x86_64-linux/include/thrust/detail/config.h:23,
                 from /usr/local/cuda/bin/../targets/x86_64-linux/include/thrust/system/cuda/detail/core/util.h:29,
                 from /usr/local/cuda/bin/../targets/x86_64-linux/include/cub/agent/agent_merge_sort.cuh:37,
                 from /usr/local/cuda/bin/../targets/x86_64-linux/include/cub/device/dispatch/dispatch_merge_sort.cuh:30,
                 from /usr/local/cuda/bin/../targets/x86_64-linux/include/cub/device/device_merge_sort.cuh:31,
                 from /usr/local/cuda/bin/../targets/x86_64-linux/include/cub/cub.cuh:54,
                 from md_interaction_list_construction.cu:13:
/usr/local/cuda/bin/../targets/x86_64-linux/include/thrust/detail/config/cpp_dialect.h:131:13: warning: Thrust requires at least C++14. C++11 is deprecated but still supported. C++11 support will be removed in a future release. Define THRUST_IGNORE_DEPRECATED_CPP_DIALECT to suppress this message.
  131 |      THRUST_COMPILER_DEPRECATION_SOFT(C++14, C++11);
      |             ^~~~~~~~~~~~~~~~~~~~~~~~~~~~~~~~~~~~~~~~                                                                                                                                                           
In file included from md_interaction_list_construction.cu:6:
/usr/local/cuda/bin/../targets/x86_64-linux/include/math_functions.h:54:2: warning: #warning "math_functions.h is an internal header file and must not be used directly.  This file will be removed in a future CUDA release.  Please use cuda_runtime_api.h or cuda_runtime.h instead." [-Wcpp]
   54 | #warning "math_functions.h is an internal header file and must not be used directly.  This file will be removed in a future CUDA release.  Please use cuda_runtime_api.h or cuda_runtime.h instead."
      |  ^~~~~~~
In file included from /usr/local/cuda/bin/../targets/x86_64-linux/include/cub/util_arch.cuh:36,
                 from /usr/local/cuda/bin/../targets/x86_64-linux/include/cub/config.cuh:35,
                 from /usr/local/cuda/bin/../targets/x86_64-linux/include/cub/cub.cuh:37,
                 from md_interaction_list_construction.cu:13:
/usr/local/cuda/bin/../targets/x86_64-linux/include/cub/util_cpp_dialect.cuh:142:13: warning: CUB requires at least C++14. C++11 is deprecated but still supported. C++11 support will be removed in a future release. Define CUB_IGNORE_DEPRECATED_CPP_DIALECT to suppress this message.
  142 |      CUB_COMPILER_DEPRECATION_SOFT(C++14, C++11);
      |             ^~~~~~~~~~~~~~~~~~~~~~~~~~~~~~~~~~~~~                                                                                                                                                        
In file included from /usr/local/cuda/bin/../targets/x86_64-linux/include/thrust/detail/config/config.h:27,
                 from /usr/local/cuda/bin/../targets/x86_64-linux/include/thrust/detail/config.h:23,
                 from /usr/local/cuda/bin/../targets/x86_64-linux/include/thrust/system/cuda/detail/core/util.h:29,
                 from /usr/local/cuda/bin/../targets/x86_64-linux/include/cub/agent/agent_merge_sort.cuh:37,
                 from /usr/local/cuda/bin/../targets/x86_64-linux/include/cub/device/dispatch/dispatch_merge_sort.cuh:30,
                 from /usr/local/cuda/bin/../targets/x86_64-linux/include/cub/device/device_merge_sort.cuh:31,
                 from /usr/local/cuda/bin/../targets/x86_64-linux/include/cub/cub.cuh:54,
                 from md_interaction_list_construction.cu:13:
/usr/local/cuda/bin/../targets/x86_64-linux/include/thrust/detail/config/cpp_dialect.h:131:13: warning: Thrust requires at least C++14. C++11 is deprecated but still supported. C++11 support will be removed in a future release. Define THRUST_IGNORE_DEPRECATED_CPP_DIALECT to suppress this message.
  131 |      THRUST_COMPILER_DEPRECATION_SOFT(C++14, C++11);
      |             ^~~~~~~~~~~~~~~~~~~~~~~~~~~~~~~~~~~~~~~~                                                                                                                                                           
/usr/local/cuda/bin/nvcc -ccbin g++ -I../../../Common  -m64    --threads 0 --std=c++11 -gencode arch=compute_50,code=sm_50 -gencode arch=compute_52,code=sm_52 -gencode arch=compute_60,code=sm_60 -gencode arch=compute_61,code=sm_61 -gencode arch=compute_70,code=sm_70 -gencode arch=compute_75,code=sm_75 -gencode arch=compute_80,code=sm_80 -gencode arch=compute_86,code=sm_86 -gencode arch=compute_90,code=sm_90 -gencode arch=compute_90,code=compute_90 -o md_interaction_list_reconstruct.o -c md_interaction_list_reconstruct.cu
In file included from md_interaction_list_reconstruct.cu:6:
/usr/local/cuda/bin/../targets/x86_64-linux/include/math_functions.h:54:2: warning: #warning "math_functions.h is an internal header file and must not be used directly.  This file will be removed in a future CUDA release.  Please use cuda_runtime_api.h or cuda_runtime.h instead." [-Wcpp]
   54 | #warning "math_functions.h is an internal header file and must not be used directly.  This file will be removed in a future CUDA release.  Please use cuda_runtime_api.h or cuda_runtime.h instead."
      |  ^~~~~~~
In file included from md_interaction_list_reconstruct.cu:6:
/usr/local/cuda/bin/../targets/x86_64-linux/include/math_functions.h:54:2: warning: #warning "math_functions.h is an internal header file and must not be used directly.  This file will be removed in a future CUDA release.  Please use cuda_runtime_api.h or cuda_runtime.h instead." [-Wcpp]
   54 | #warning "math_functions.h is an internal header file and must not be used directly.  This file will be removed in a future CUDA release.  Please use cuda_runtime_api.h or cuda_runtime.h instead."
      |  ^~~~~~~
In file included from md_interaction_list_reconstruct.cu:6:
/usr/local/cuda/bin/../targets/x86_64-linux/include/math_functions.h:54:2: warning: #warning "math_functions.h is an internal header file and must not be used directly.  This file will be removed in a future CUDA release.  Please use cuda_runtime_api.h or cuda_runtime.h instead." [-Wcpp]
   54 | #warning "math_functions.h is an internal header file and must not be used directly.  This file will be removed in a future CUDA release.  Please use cuda_runtime_api.h or cuda_runtime.h instead."
      |  ^~~~~~~
In file included from md_interaction_list_reconstruct.cu:6:
/usr/local/cuda/bin/../targets/x86_64-linux/include/math_functions.h:54:2: warning: #warning "math_functions.h is an internal header file and must not be used directly.  This file will be removed in a future CUDA release.  Please use cuda_runtime_api.h or cuda_runtime.h instead." [-Wcpp]
   54 | #warning "math_functions.h is an internal header file and must not be used directly.  This file will be removed in a future CUDA release.  Please use cuda_runtime_api.h or cuda_runtime.h instead."
      |  ^~~~~~~
In file included from md_interaction_list_reconstruct.cu:6:
/usr/local/cuda/bin/../targets/x86_64-linux/include/math_functions.h:54:2: warning: #warning "math_functions.h is an internal header file and must not be used directly.  This file will be removed in a future CUDA release.  Please use cuda_runtime_api.h or cuda_runtime.h instead." [-Wcpp]
   54 | #warning "math_functions.h is an internal header file and must not be used directly.  This file will be removed in a future CUDA release.  Please use cuda_runtime_api.h or cuda_runtime.h instead."
      |  ^~~~~~~
In file included from md_interaction_list_reconstruct.cu:6:
/usr/local/cuda/bin/../targets/x86_64-linux/include/math_functions.h:54:2: warning: #warning "math_functions.h is an internal header file and must not be used directly.  This file will be removed in a future CUDA release.  Please use cuda_runtime_api.h or cuda_runtime.h instead." [-Wcpp]
   54 | #warning "math_functions.h is an internal header file and must not be used directly.  This file will be removed in a future CUDA release.  Please use cuda_runtime_api.h or cuda_runtime.h instead."
      |  ^~~~~~~
In file included from md_interaction_list_reconstruct.cu:6:
/usr/local/cuda/bin/../targets/x86_64-linux/include/math_functions.h:54:2: warning: #warning "math_functions.h is an internal header file and must not be used directly.  This file will be removed in a future CUDA release.  Please use cuda_runtime_api.h or cuda_runtime.h instead." [-Wcpp]
   54 | #warning "math_functions.h is an internal header file and must not be used directly.  This file will be removed in a future CUDA release.  Please use cuda_runtime_api.h or cuda_runtime.h instead."
      |  ^~~~~~~
In file included from md_interaction_list_reconstruct.cu:6:
/usr/local/cuda/bin/../targets/x86_64-linux/include/math_functions.h:54:2: warning: #warning "math_functions.h is an internal header file and must not be used directly.  This file will be removed in a future CUDA release.  Please use cuda_runtime_api.h or cuda_runtime.h instead." [-Wcpp]
   54 | #warning "math_functions.h is an internal header file and must not be used directly.  This file will be removed in a future CUDA release.  Please use cuda_runtime_api.h or cuda_runtime.h instead."
      |  ^~~~~~~
In file included from md_interaction_list_reconstruct.cu:6:
/usr/local/cuda/bin/../targets/x86_64-linux/include/math_functions.h:54:2: warning: #warning "math_functions.h is an internal header file and must not be used directly.  This file will be removed in a future CUDA release.  Please use cuda_runtime_api.h or cuda_runtime.h instead." [-Wcpp]
   54 | #warning "math_functions.h is an internal header file and must not be used directly.  This file will be removed in a future CUDA release.  Please use cuda_runtime_api.h or cuda_runtime.h instead."
      |  ^~~~~~~
In file included from md_interaction_list_reconstruct.cu:6:
/usr/local/cuda/bin/../targets/x86_64-linux/include/math_functions.h:54:2: warning: #warning "math_functions.h is an internal header file and must not be used directly.  This file will be removed in a future CUDA release.  Please use cuda_runtime_api.h or cuda_runtime.h instead." [-Wcpp]
   54 | #warning "math_functions.h is an internal header file and must not be used directly.  This file will be removed in a future CUDA release.  Please use cuda_runtime_api.h or cuda_runtime.h instead."
      |  ^~~~~~~
/usr/local/cuda/bin/nvcc -ccbin g++ -I../../../Common  -m64    --threads 0 --std=c++11 -gencode arch=compute_50,code=sm_50 -gencode arch=compute_52,code=sm_52 -gencode arch=compute_60,code=sm_60 -gencode arch=compute_61,code=sm_61 -gencode arch=compute_70,code=sm_70 -gencode arch=compute_75,code=sm_75 -gencode arch=compute_80,code=sm_80 -gencode arch=compute_86,code=sm_86 -gencode arch=compute_90,code=sm_90 -gencode arch=compute_90,code=compute_90 -o md_interaction_list_reconstructbpm.o -c md_interaction_list_reconstructbpm.cu
In file included from md_interaction_list_reconstructbpm.cu:6:
/usr/local/cuda/bin/../targets/x86_64-linux/include/math_functions.h:54:2: warning: #warning "math_functions.h is an internal header file and must not be used directly.  This file will be removed in a future CUDA release.  Please use cuda_runtime_api.h or cuda_runtime.h instead." [-Wcpp]
   54 | #warning "math_functions.h is an internal header file and must not be used directly.  This file will be removed in a future CUDA release.  Please use cuda_runtime_api.h or cuda_runtime.h instead."
      |  ^~~~~~~
In file included from md_interaction_list_reconstructbpm.cu:6:
/usr/local/cuda/bin/../targets/x86_64-linux/include/math_functions.h:54:2: warning: #warning "math_functions.h is an internal header file and must not be used directly.  This file will be removed in a future CUDA release.  Please use cuda_runtime_api.h or cuda_runtime.h instead." [-Wcpp]
   54 | #warning "math_functions.h is an internal header file and must not be used directly.  This file will be removed in a future CUDA release.  Please use cuda_runtime_api.h or cuda_runtime.h instead."
      |  ^~~~~~~
In file included from md_interaction_list_reconstructbpm.cu:6:
/usr/local/cuda/bin/../targets/x86_64-linux/include/math_functions.h:54:2: warning: #warning "math_functions.h is an internal header file and must not be used directly.  This file will be removed in a future CUDA release.  Please use cuda_runtime_api.h or cuda_runtime.h instead." [-Wcpp]
   54 | #warning "math_functions.h is an internal header file and must not be used directly.  This file will be removed in a future CUDA release.  Please use cuda_runtime_api.h or cuda_runtime.h instead."
      |  ^~~~~~~
In file included from md_interaction_list_reconstructbpm.cu:6:
/usr/local/cuda/bin/../targets/x86_64-linux/include/math_functions.h:54:2: warning: #warning "math_functions.h is an internal header file and must not be used directly.  This file will be removed in a future CUDA release.  Please use cuda_runtime_api.h or cuda_runtime.h instead." [-Wcpp]
   54 | #warning "math_functions.h is an internal header file and must not be used directly.  This file will be removed in a future CUDA release.  Please use cuda_runtime_api.h or cuda_runtime.h instead."
      |  ^~~~~~~
In file included from md_interaction_list_reconstructbpm.cu:6:
/usr/local/cuda/bin/../targets/x86_64-linux/include/math_functions.h:54:2: warning: #warning "math_functions.h is an internal header file and must not be used directly.  This file will be removed in a future CUDA release.  Please use cuda_runtime_api.h or cuda_runtime.h instead." [-Wcpp]
   54 | #warning "math_functions.h is an internal header file and must not be used directly.  This file will be removed in a future CUDA release.  Please use cuda_runtime_api.h or cuda_runtime.h instead."
      |  ^~~~~~~
In file included from md_interaction_list_reconstructbpm.cu:6:
/usr/local/cuda/bin/../targets/x86_64-linux/include/math_functions.h:54:2: warning: #warning "math_functions.h is an internal header file and must not be used directly.  This file will be removed in a future CUDA release.  Please use cuda_runtime_api.h or cuda_runtime.h instead." [-Wcpp]
   54 | #warning "math_functions.h is an internal header file and must not be used directly.  This file will be removed in a future CUDA release.  Please use cuda_runtime_api.h or cuda_runtime.h instead."
      |  ^~~~~~~
In file included from md_interaction_list_reconstructbpm.cu:6:
/usr/local/cuda/bin/../targets/x86_64-linux/include/math_functions.h:54:2: warning: #warning "math_functions.h is an internal header file and must not be used directly.  This file will be removed in a future CUDA release.  Please use cuda_runtime_api.h or cuda_runtime.h instead." [-Wcpp]
   54 | #warning "math_functions.h is an internal header file and must not be used directly.  This file will be removed in a future CUDA release.  Please use cuda_runtime_api.h or cuda_runtime.h instead."
      |  ^~~~~~~
In file included from md_interaction_list_reconstructbpm.cu:6:
/usr/local/cuda/bin/../targets/x86_64-linux/include/math_functions.h:54:2: warning: #warning "math_functions.h is an internal header file and must not be used directly.  This file will be removed in a future CUDA release.  Please use cuda_runtime_api.h or cuda_runtime.h instead." [-Wcpp]
   54 | #warning "math_functions.h is an internal header file and must not be used directly.  This file will be removed in a future CUDA release.  Please use cuda_runtime_api.h or cuda_runtime.h instead."
      |  ^~~~~~~
In file included from md_interaction_list_reconstructbpm.cu:6:
/usr/local/cuda/bin/../targets/x86_64-linux/include/math_functions.h:54:2: warning: #warning "math_functions.h is an internal header file and must not be used directly.  This file will be removed in a future CUDA release.  Please use cuda_runtime_api.h or cuda_runtime.h instead." [-Wcpp]
   54 | #warning "math_functions.h is an internal header file and must not be used directly.  This file will be removed in a future CUDA release.  Please use cuda_runtime_api.h or cuda_runtime.h instead."
      |  ^~~~~~~
In file included from md_interaction_list_reconstructbpm.cu:6:
/usr/local/cuda/bin/../targets/x86_64-linux/include/math_functions.h:54:2: warning: #warning "math_functions.h is an internal header file and must not be used directly.  This file will be removed in a future CUDA release.  Please use cuda_runtime_api.h or cuda_runtime.h instead." [-Wcpp]
   54 | #warning "math_functions.h is an internal header file and must not be used directly.  This file will be removed in a future CUDA release.  Please use cuda_runtime_api.h or cuda_runtime.h instead."
      |  ^~~~~~~
md_interaction_list_reconstructbpm.cu(141): warning #550-D: parameter "_1d_iL" was set but never used

Remark: The warnings can be suppressed with "-diag-suppress <warning-number>"

md_interaction_list_reconstructbpm.cu(141): warning #550-D: parameter "_1d_iL" was set but never used

Remark: The warnings can be suppressed with "-diag-suppress <warning-number>"

md_interaction_list_reconstructbpm.cu(141): warning #550-D: parameter "_1d_iL" was set but never used

Remark: The warnings can be suppressed with "-diag-suppress <warning-number>"

md_interaction_list_reconstructbpm.cu(141): warning #550-D: parameter "_1d_iL" was set but never used

Remark: The warnings can be suppressed with "-diag-suppress <warning-number>"

md_interaction_list_reconstructbpm.cu(141): warning #550-D: parameter "_1d_iL" was set but never used

Remark: The warnings can be suppressed with "-diag-suppress <warning-number>"

md_interaction_list_reconstructbpm.cu(141): warning #550-D: parameter "_1d_iL" was set but never used

Remark: The warnings can be suppressed with "-diag-suppress <warning-number>"

md_interaction_list_reconstructbpm.cu(141): warning #550-D: parameter "_1d_iL" was set but never used

Remark: The warnings can be suppressed with "-diag-suppress <warning-number>"

md_interaction_list_reconstructbpm.cu(141): warning #550-D: parameter "_1d_iL" was set but never used

Remark: The warnings can be suppressed with "-diag-suppress <warning-number>"

md_interaction_list_reconstructbpm.cu(141): warning #550-D: parameter "_1d_iL" was set but never used

Remark: The warnings can be suppressed with "-diag-suppress <warning-number>"

/usr/local/cuda/bin/nvcc -ccbin g++ -I../../../Common  -m64    --threads 0 --std=c++11 -gencode arch=compute_50,code=sm_50 -gencode arch=compute_52,code=sm_52 -gencode arch=compute_60,code=sm_60 -gencode arch=compute_61,code=sm_61 -gencode arch=compute_70,code=sm_70 -gencode arch=compute_75,code=sm_75 -gencode arch=compute_80,code=sm_80 -gencode arch=compute_86,code=sm_86 -gencode arch=compute_90,code=sm_90 -gencode arch=compute_90,code=compute_90 -o md_calculateforces.o -c md_calculateforces.cu
In file included from md_calculateforces.cu:5:
/usr/local/cuda/bin/../targets/x86_64-linux/include/math_functions.h:54:2: warning: #warning "math_functions.h is an internal header file and must not be used directly.  This file will be removed in a future CUDA release.  Please use cuda_runtime_api.h or cuda_runtime.h instead." [-Wcpp]
   54 | #warning "math_functions.h is an internal header file and must not be used directly.  This file will be removed in a future CUDA release.  Please use cuda_runtime_api.h or cuda_runtime.h instead."
      |  ^~~~~~~
In file included from /usr/local/cuda/bin/../targets/x86_64-linux/include/thrust/detail/config/config.h:27,
                 from /usr/local/cuda/bin/../targets/x86_64-linux/include/thrust/detail/config.h:23,
                 from /usr/local/cuda/bin/../targets/x86_64-linux/include/thrust/count.h:24,
                 from md_calculateforces.cu:10:
/usr/local/cuda/bin/../targets/x86_64-linux/include/thrust/detail/config/cpp_dialect.h:131:13: warning: Thrust requires at least C++14. C++11 is deprecated but still supported. C++11 support will be removed in a future release. Define THRUST_IGNORE_DEPRECATED_CPP_DIALECT to suppress this message.
  131 |      THRUST_COMPILER_DEPRECATION_SOFT(C++14, C++11);
      |             ^~~~~~~~~~~~~~~~~~~~~~~~~~~~~~~~~~~~~~~~                                                                                                                                                           
In file included from /usr/local/cuda/bin/../targets/x86_64-linux/include/cub/util_arch.cuh:36,
                 from /usr/local/cuda/bin/../targets/x86_64-linux/include/cub/util_debug.cuh:40,
                 from /usr/local/cuda/bin/../targets/x86_64-linux/include/thrust/system/cuda/config.h:43,
                 from /usr/local/cuda/bin/../targets/x86_64-linux/include/thrust/system/cuda/detail/execution_policy.h:35,
                 from /usr/local/cuda/bin/../targets/x86_64-linux/include/thrust/iterator/detail/device_system_tag.h:23,
                 from /usr/local/cuda/bin/../targets/x86_64-linux/include/thrust/iterator/iterator_traits.h:62,
                 from /usr/local/cuda/bin/../targets/x86_64-linux/include/thrust/count.h:26,
                 from md_calculateforces.cu:10:
/usr/local/cuda/bin/../targets/x86_64-linux/include/cub/util_cpp_dialect.cuh:142:13: warning: CUB requires at least C++14. C++11 is deprecated but still supported. C++11 support will be removed in a future release. Define CUB_IGNORE_DEPRECATED_CPP_DIALECT to suppress this message.
  142 |      CUB_COMPILER_DEPRECATION_SOFT(C++14, C++11);
      |             ^~~~~~~~~~~~~~~~~~~~~~~~~~~~~~~~~~~~~                                                                                                                                                        
In file included from md_calculateforces.cu:5:
/usr/local/cuda/bin/../targets/x86_64-linux/include/math_functions.h:54:2: warning: #warning "math_functions.h is an internal header file and must not be used directly.  This file will be removed in a future CUDA release.  Please use cuda_runtime_api.h or cuda_runtime.h instead." [-Wcpp]
   54 | #warning "math_functions.h is an internal header file and must not be used directly.  This file will be removed in a future CUDA release.  Please use cuda_runtime_api.h or cuda_runtime.h instead."
      |  ^~~~~~~
In file included from /usr/local/cuda/bin/../targets/x86_64-linux/include/thrust/detail/config/config.h:27,
                 from /usr/local/cuda/bin/../targets/x86_64-linux/include/thrust/detail/config.h:23,
                 from /usr/local/cuda/bin/../targets/x86_64-linux/include/thrust/count.h:24,
                 from md_calculateforces.cu:10:
/usr/local/cuda/bin/../targets/x86_64-linux/include/thrust/detail/config/cpp_dialect.h:131:13: warning: Thrust requires at least C++14. C++11 is deprecated but still supported. C++11 support will be removed in a future release. Define THRUST_IGNORE_DEPRECATED_CPP_DIALECT to suppress this message.
  131 |      THRUST_COMPILER_DEPRECATION_SOFT(C++14, C++11);
      |             ^~~~~~~~~~~~~~~~~~~~~~~~~~~~~~~~~~~~~~~~                                                                                                                                                           
In file included from /usr/local/cuda/bin/../targets/x86_64-linux/include/cub/util_arch.cuh:36,
                 from /usr/local/cuda/bin/../targets/x86_64-linux/include/cub/util_debug.cuh:40,
                 from /usr/local/cuda/bin/../targets/x86_64-linux/include/thrust/system/cuda/config.h:43,
                 from /usr/local/cuda/bin/../targets/x86_64-linux/include/thrust/system/cuda/detail/execution_policy.h:35,
                 from /usr/local/cuda/bin/../targets/x86_64-linux/include/thrust/iterator/detail/device_system_tag.h:23,
                 from /usr/local/cuda/bin/../targets/x86_64-linux/include/thrust/iterator/iterator_traits.h:62,
                 from /usr/local/cuda/bin/../targets/x86_64-linux/include/thrust/count.h:26,
                 from md_calculateforces.cu:10:
/usr/local/cuda/bin/../targets/x86_64-linux/include/cub/util_cpp_dialect.cuh:142:13: warning: CUB requires at least C++14. C++11 is deprecated but still supported. C++11 support will be removed in a future release. Define CUB_IGNORE_DEPRECATED_CPP_DIALECT to suppress this message.
  142 |      CUB_COMPILER_DEPRECATION_SOFT(C++14, C++11);
      |             ^~~~~~~~~~~~~~~~~~~~~~~~~~~~~~~~~~~~~                                                                                                                                                        
In file included from md_calculateforces.cu:5:
/usr/local/cuda/bin/../targets/x86_64-linux/include/math_functions.h:54:2: warning: #warning "math_functions.h is an internal header file and must not be used directly.  This file will be removed in a future CUDA release.  Please use cuda_runtime_api.h or cuda_runtime.h instead." [-Wcpp]
   54 | #warning "math_functions.h is an internal header file and must not be used directly.  This file will be removed in a future CUDA release.  Please use cuda_runtime_api.h or cuda_runtime.h instead."
      |  ^~~~~~~
In file included from /usr/local/cuda/bin/../targets/x86_64-linux/include/thrust/detail/config/config.h:27,
                 from /usr/local/cuda/bin/../targets/x86_64-linux/include/thrust/detail/config.h:23,
                 from /usr/local/cuda/bin/../targets/x86_64-linux/include/thrust/count.h:24,
                 from md_calculateforces.cu:10:
/usr/local/cuda/bin/../targets/x86_64-linux/include/thrust/detail/config/cpp_dialect.h:131:13: warning: Thrust requires at least C++14. C++11 is deprecated but still supported. C++11 support will be removed in a future release. Define THRUST_IGNORE_DEPRECATED_CPP_DIALECT to suppress this message.
  131 |      THRUST_COMPILER_DEPRECATION_SOFT(C++14, C++11);
      |             ^~~~~~~~~~~~~~~~~~~~~~~~~~~~~~~~~~~~~~~~                                                                                                                                                           
In file included from /usr/local/cuda/bin/../targets/x86_64-linux/include/cub/util_arch.cuh:36,
                 from /usr/local/cuda/bin/../targets/x86_64-linux/include/cub/util_debug.cuh:40,
                 from /usr/local/cuda/bin/../targets/x86_64-linux/include/thrust/system/cuda/config.h:43,
                 from /usr/local/cuda/bin/../targets/x86_64-linux/include/thrust/system/cuda/detail/execution_policy.h:35,
                 from /usr/local/cuda/bin/../targets/x86_64-linux/include/thrust/iterator/detail/device_system_tag.h:23,
                 from /usr/local/cuda/bin/../targets/x86_64-linux/include/thrust/iterator/iterator_traits.h:62,
                 from /usr/local/cuda/bin/../targets/x86_64-linux/include/thrust/count.h:26,
                 from md_calculateforces.cu:10:
/usr/local/cuda/bin/../targets/x86_64-linux/include/cub/util_cpp_dialect.cuh:142:13: warning: CUB requires at least C++14. C++11 is deprecated but still supported. C++11 support will be removed in a future release. Define CUB_IGNORE_DEPRECATED_CPP_DIALECT to suppress this message.
  142 |      CUB_COMPILER_DEPRECATION_SOFT(C++14, C++11);
      |             ^~~~~~~~~~~~~~~~~~~~~~~~~~~~~~~~~~~~~                                                                                                                                                        
In file included from md_calculateforces.cu:5:
/usr/local/cuda/bin/../targets/x86_64-linux/include/math_functions.h:54:2: warning: #warning "math_functions.h is an internal header file and must not be used directly.  This file will be removed in a future CUDA release.  Please use cuda_runtime_api.h or cuda_runtime.h instead." [-Wcpp]
   54 | #warning "math_functions.h is an internal header file and must not be used directly.  This file will be removed in a future CUDA release.  Please use cuda_runtime_api.h or cuda_runtime.h instead."
      |  ^~~~~~~
In file included from /usr/local/cuda/bin/../targets/x86_64-linux/include/thrust/detail/config/config.h:27,
                 from /usr/local/cuda/bin/../targets/x86_64-linux/include/thrust/detail/config.h:23,
                 from /usr/local/cuda/bin/../targets/x86_64-linux/include/thrust/count.h:24,
                 from md_calculateforces.cu:10:
/usr/local/cuda/bin/../targets/x86_64-linux/include/thrust/detail/config/cpp_dialect.h:131:13: warning: Thrust requires at least C++14. C++11 is deprecated but still supported. C++11 support will be removed in a future release. Define THRUST_IGNORE_DEPRECATED_CPP_DIALECT to suppress this message.
  131 |      THRUST_COMPILER_DEPRECATION_SOFT(C++14, C++11);
      |             ^~~~~~~~~~~~~~~~~~~~~~~~~~~~~~~~~~~~~~~~                                                                                                                                                           
In file included from /usr/local/cuda/bin/../targets/x86_64-linux/include/cub/util_arch.cuh:36,
                 from /usr/local/cuda/bin/../targets/x86_64-linux/include/cub/util_debug.cuh:40,
                 from /usr/local/cuda/bin/../targets/x86_64-linux/include/thrust/system/cuda/config.h:43,
                 from /usr/local/cuda/bin/../targets/x86_64-linux/include/thrust/system/cuda/detail/execution_policy.h:35,
                 from /usr/local/cuda/bin/../targets/x86_64-linux/include/thrust/iterator/detail/device_system_tag.h:23,
                 from /usr/local/cuda/bin/../targets/x86_64-linux/include/thrust/iterator/iterator_traits.h:62,
                 from /usr/local/cuda/bin/../targets/x86_64-linux/include/thrust/count.h:26,
                 from md_calculateforces.cu:10:
/usr/local/cuda/bin/../targets/x86_64-linux/include/cub/util_cpp_dialect.cuh:142:13: warning: CUB requires at least C++14. C++11 is deprecated but still supported. C++11 support will be removed in a future release. Define CUB_IGNORE_DEPRECATED_CPP_DIALECT to suppress this message.
  142 |      CUB_COMPILER_DEPRECATION_SOFT(C++14, C++11);
      |             ^~~~~~~~~~~~~~~~~~~~~~~~~~~~~~~~~~~~~                                                                                                                                                        
In file included from md_calculateforces.cu:5:
/usr/local/cuda/bin/../targets/x86_64-linux/include/math_functions.h:54:2: warning: #warning "math_functions.h is an internal header file and must not be used directly.  This file will be removed in a future CUDA release.  Please use cuda_runtime_api.h or cuda_runtime.h instead." [-Wcpp]
   54 | #warning "math_functions.h is an internal header file and must not be used directly.  This file will be removed in a future CUDA release.  Please use cuda_runtime_api.h or cuda_runtime.h instead."
      |  ^~~~~~~
In file included from /usr/local/cuda/bin/../targets/x86_64-linux/include/thrust/detail/config/config.h:27,
                 from /usr/local/cuda/bin/../targets/x86_64-linux/include/thrust/detail/config.h:23,
                 from /usr/local/cuda/bin/../targets/x86_64-linux/include/thrust/count.h:24,
                 from md_calculateforces.cu:10:
/usr/local/cuda/bin/../targets/x86_64-linux/include/thrust/detail/config/cpp_dialect.h:131:13: warning: Thrust requires at least C++14. C++11 is deprecated but still supported. C++11 support will be removed in a future release. Define THRUST_IGNORE_DEPRECATED_CPP_DIALECT to suppress this message.
  131 |      THRUST_COMPILER_DEPRECATION_SOFT(C++14, C++11);
      |             ^~~~~~~~~~~~~~~~~~~~~~~~~~~~~~~~~~~~~~~~                                                                                                                                                           
In file included from /usr/local/cuda/bin/../targets/x86_64-linux/include/cub/util_arch.cuh:36,
                 from /usr/local/cuda/bin/../targets/x86_64-linux/include/cub/util_debug.cuh:40,
                 from /usr/local/cuda/bin/../targets/x86_64-linux/include/thrust/system/cuda/config.h:43,
                 from /usr/local/cuda/bin/../targets/x86_64-linux/include/thrust/system/cuda/detail/execution_policy.h:35,
                 from /usr/local/cuda/bin/../targets/x86_64-linux/include/thrust/iterator/detail/device_system_tag.h:23,
                 from /usr/local/cuda/bin/../targets/x86_64-linux/include/thrust/iterator/iterator_traits.h:62,
                 from /usr/local/cuda/bin/../targets/x86_64-linux/include/thrust/count.h:26,
                 from md_calculateforces.cu:10:
/usr/local/cuda/bin/../targets/x86_64-linux/include/cub/util_cpp_dialect.cuh:142:13: warning: CUB requires at least C++14. C++11 is deprecated but still supported. C++11 support will be removed in a future release. Define CUB_IGNORE_DEPRECATED_CPP_DIALECT to suppress this message.
  142 |      CUB_COMPILER_DEPRECATION_SOFT(C++14, C++11);
      |             ^~~~~~~~~~~~~~~~~~~~~~~~~~~~~~~~~~~~~                                                                                                                                                        
In file included from md_calculateforces.cu:5:
/usr/local/cuda/bin/../targets/x86_64-linux/include/math_functions.h:54:2: warning: #warning "math_functions.h is an internal header file and must not be used directly.  This file will be removed in a future CUDA release.  Please use cuda_runtime_api.h or cuda_runtime.h instead." [-Wcpp]
   54 | #warning "math_functions.h is an internal header file and must not be used directly.  This file will be removed in a future CUDA release.  Please use cuda_runtime_api.h or cuda_runtime.h instead."
      |  ^~~~~~~
In file included from /usr/local/cuda/bin/../targets/x86_64-linux/include/thrust/detail/config/config.h:27,
                 from /usr/local/cuda/bin/../targets/x86_64-linux/include/thrust/detail/config.h:23,
                 from /usr/local/cuda/bin/../targets/x86_64-linux/include/thrust/count.h:24,
                 from md_calculateforces.cu:10:
/usr/local/cuda/bin/../targets/x86_64-linux/include/thrust/detail/config/cpp_dialect.h:131:13: warning: Thrust requires at least C++14. C++11 is deprecated but still supported. C++11 support will be removed in a future release. Define THRUST_IGNORE_DEPRECATED_CPP_DIALECT to suppress this message.
  131 |      THRUST_COMPILER_DEPRECATION_SOFT(C++14, C++11);
      |             ^~~~~~~~~~~~~~~~~~~~~~~~~~~~~~~~~~~~~~~~                                                                                                                                                           
In file included from /usr/local/cuda/bin/../targets/x86_64-linux/include/cub/util_arch.cuh:36,
                 from /usr/local/cuda/bin/../targets/x86_64-linux/include/cub/util_debug.cuh:40,
                 from /usr/local/cuda/bin/../targets/x86_64-linux/include/thrust/system/cuda/config.h:43,
                 from /usr/local/cuda/bin/../targets/x86_64-linux/include/thrust/system/cuda/detail/execution_policy.h:35,
                 from /usr/local/cuda/bin/../targets/x86_64-linux/include/thrust/iterator/detail/device_system_tag.h:23,
                 from /usr/local/cuda/bin/../targets/x86_64-linux/include/thrust/iterator/iterator_traits.h:62,
                 from /usr/local/cuda/bin/../targets/x86_64-linux/include/thrust/count.h:26,
                 from md_calculateforces.cu:10:
/usr/local/cuda/bin/../targets/x86_64-linux/include/cub/util_cpp_dialect.cuh:142:13: warning: CUB requires at least C++14. C++11 is deprecated but still supported. C++11 support will be removed in a future release. Define CUB_IGNORE_DEPRECATED_CPP_DIALECT to suppress this message.
  142 |      CUB_COMPILER_DEPRECATION_SOFT(C++14, C++11);
      |             ^~~~~~~~~~~~~~~~~~~~~~~~~~~~~~~~~~~~~                                                                                                                                                        
In file included from md_calculateforces.cu:5:
/usr/local/cuda/bin/../targets/x86_64-linux/include/math_functions.h:54:2: warning: #warning "math_functions.h is an internal header file and must not be used directly.  This file will be removed in a future CUDA release.  Please use cuda_runtime_api.h or cuda_runtime.h instead." [-Wcpp]
   54 | #warning "math_functions.h is an internal header file and must not be used directly.  This file will be removed in a future CUDA release.  Please use cuda_runtime_api.h or cuda_runtime.h instead."
      |  ^~~~~~~
In file included from /usr/local/cuda/bin/../targets/x86_64-linux/include/thrust/detail/config/config.h:27,
                 from /usr/local/cuda/bin/../targets/x86_64-linux/include/thrust/detail/config.h:23,
                 from /usr/local/cuda/bin/../targets/x86_64-linux/include/thrust/count.h:24,
                 from md_calculateforces.cu:10:
/usr/local/cuda/bin/../targets/x86_64-linux/include/thrust/detail/config/cpp_dialect.h:131:13: warning: Thrust requires at least C++14. C++11 is deprecated but still supported. C++11 support will be removed in a future release. Define THRUST_IGNORE_DEPRECATED_CPP_DIALECT to suppress this message.
  131 |      THRUST_COMPILER_DEPRECATION_SOFT(C++14, C++11);
      |             ^~~~~~~~~~~~~~~~~~~~~~~~~~~~~~~~~~~~~~~~                                                                                                                                                           
In file included from /usr/local/cuda/bin/../targets/x86_64-linux/include/cub/util_arch.cuh:36,
                 from /usr/local/cuda/bin/../targets/x86_64-linux/include/cub/util_debug.cuh:40,
                 from /usr/local/cuda/bin/../targets/x86_64-linux/include/thrust/system/cuda/config.h:43,
                 from /usr/local/cuda/bin/../targets/x86_64-linux/include/thrust/system/cuda/detail/execution_policy.h:35,
                 from /usr/local/cuda/bin/../targets/x86_64-linux/include/thrust/iterator/detail/device_system_tag.h:23,
                 from /usr/local/cuda/bin/../targets/x86_64-linux/include/thrust/iterator/iterator_traits.h:62,
                 from /usr/local/cuda/bin/../targets/x86_64-linux/include/thrust/count.h:26,
                 from md_calculateforces.cu:10:
/usr/local/cuda/bin/../targets/x86_64-linux/include/cub/util_cpp_dialect.cuh:142:13: warning: CUB requires at least C++14. C++11 is deprecated but still supported. C++11 support will be removed in a future release. Define CUB_IGNORE_DEPRECATED_CPP_DIALECT to suppress this message.
  142 |      CUB_COMPILER_DEPRECATION_SOFT(C++14, C++11);
      |             ^~~~~~~~~~~~~~~~~~~~~~~~~~~~~~~~~~~~~                                                                                                                                                        
In file included from md_calculateforces.cu:5:
/usr/local/cuda/bin/../targets/x86_64-linux/include/math_functions.h:54:2: warning: #warning "math_functions.h is an internal header file and must not be used directly.  This file will be removed in a future CUDA release.  Please use cuda_runtime_api.h or cuda_runtime.h instead." [-Wcpp]
   54 | #warning "math_functions.h is an internal header file and must not be used directly.  This file will be removed in a future CUDA release.  Please use cuda_runtime_api.h or cuda_runtime.h instead."
      |  ^~~~~~~
In file included from /usr/local/cuda/bin/../targets/x86_64-linux/include/thrust/detail/config/config.h:27,
                 from /usr/local/cuda/bin/../targets/x86_64-linux/include/thrust/detail/config.h:23,
                 from /usr/local/cuda/bin/../targets/x86_64-linux/include/thrust/count.h:24,
                 from md_calculateforces.cu:10:
/usr/local/cuda/bin/../targets/x86_64-linux/include/thrust/detail/config/cpp_dialect.h:131:13: warning: Thrust requires at least C++14. C++11 is deprecated but still supported. C++11 support will be removed in a future release. Define THRUST_IGNORE_DEPRECATED_CPP_DIALECT to suppress this message.
  131 |      THRUST_COMPILER_DEPRECATION_SOFT(C++14, C++11);
      |             ^~~~~~~~~~~~~~~~~~~~~~~~~~~~~~~~~~~~~~~~                                                                                                                                                           
In file included from /usr/local/cuda/bin/../targets/x86_64-linux/include/cub/util_arch.cuh:36,
                 from /usr/local/cuda/bin/../targets/x86_64-linux/include/cub/util_debug.cuh:40,
                 from /usr/local/cuda/bin/../targets/x86_64-linux/include/thrust/system/cuda/config.h:43,
                 from /usr/local/cuda/bin/../targets/x86_64-linux/include/thrust/system/cuda/detail/execution_policy.h:35,
                 from /usr/local/cuda/bin/../targets/x86_64-linux/include/thrust/iterator/detail/device_system_tag.h:23,
                 from /usr/local/cuda/bin/../targets/x86_64-linux/include/thrust/iterator/iterator_traits.h:62,
                 from /usr/local/cuda/bin/../targets/x86_64-linux/include/thrust/count.h:26,
                 from md_calculateforces.cu:10:
/usr/local/cuda/bin/../targets/x86_64-linux/include/cub/util_cpp_dialect.cuh:142:13: warning: CUB requires at least C++14. C++11 is deprecated but still supported. C++11 support will be removed in a future release. Define CUB_IGNORE_DEPRECATED_CPP_DIALECT to suppress this message.
  142 |      CUB_COMPILER_DEPRECATION_SOFT(C++14, C++11);
      |             ^~~~~~~~~~~~~~~~~~~~~~~~~~~~~~~~~~~~~                                                                                                                                                        
In file included from md_calculateforces.cu:5:
/usr/local/cuda/bin/../targets/x86_64-linux/include/math_functions.h:54:2: warning: #warning "math_functions.h is an internal header file and must not be used directly.  This file will be removed in a future CUDA release.  Please use cuda_runtime_api.h or cuda_runtime.h instead." [-Wcpp]
   54 | #warning "math_functions.h is an internal header file and must not be used directly.  This file will be removed in a future CUDA release.  Please use cuda_runtime_api.h or cuda_runtime.h instead."
      |  ^~~~~~~
In file included from /usr/local/cuda/bin/../targets/x86_64-linux/include/thrust/detail/config/config.h:27,
                 from /usr/local/cuda/bin/../targets/x86_64-linux/include/thrust/detail/config.h:23,
                 from /usr/local/cuda/bin/../targets/x86_64-linux/include/thrust/count.h:24,
                 from md_calculateforces.cu:10:
/usr/local/cuda/bin/../targets/x86_64-linux/include/thrust/detail/config/cpp_dialect.h:131:13: warning: Thrust requires at least C++14. C++11 is deprecated but still supported. C++11 support will be removed in a future release. Define THRUST_IGNORE_DEPRECATED_CPP_DIALECT to suppress this message.
  131 |      THRUST_COMPILER_DEPRECATION_SOFT(C++14, C++11);
      |             ^~~~~~~~~~~~~~~~~~~~~~~~~~~~~~~~~~~~~~~~                                                                                                                                                           
In file included from /usr/local/cuda/bin/../targets/x86_64-linux/include/cub/util_arch.cuh:36,
                 from /usr/local/cuda/bin/../targets/x86_64-linux/include/cub/util_debug.cuh:40,
                 from /usr/local/cuda/bin/../targets/x86_64-linux/include/thrust/system/cuda/config.h:43,
                 from /usr/local/cuda/bin/../targets/x86_64-linux/include/thrust/system/cuda/detail/execution_policy.h:35,
                 from /usr/local/cuda/bin/../targets/x86_64-linux/include/thrust/iterator/detail/device_system_tag.h:23,
                 from /usr/local/cuda/bin/../targets/x86_64-linux/include/thrust/iterator/iterator_traits.h:62,
                 from /usr/local/cuda/bin/../targets/x86_64-linux/include/thrust/count.h:26,
                 from md_calculateforces.cu:10:
/usr/local/cuda/bin/../targets/x86_64-linux/include/cub/util_cpp_dialect.cuh:142:13: warning: CUB requires at least C++14. C++11 is deprecated but still supported. C++11 support will be removed in a future release. Define CUB_IGNORE_DEPRECATED_CPP_DIALECT to suppress this message.
  142 |      CUB_COMPILER_DEPRECATION_SOFT(C++14, C++11);
      |             ^~~~~~~~~~~~~~~~~~~~~~~~~~~~~~~~~~~~~                                                                                                                                                        
In file included from md_calculateforces.cu:5:
/usr/local/cuda/bin/../targets/x86_64-linux/include/math_functions.h:54:2: warning: #warning "math_functions.h is an internal header file and must not be used directly.  This file will be removed in a future CUDA release.  Please use cuda_runtime_api.h or cuda_runtime.h instead." [-Wcpp]
   54 | #warning "math_functions.h is an internal header file and must not be used directly.  This file will be removed in a future CUDA release.  Please use cuda_runtime_api.h or cuda_runtime.h instead."
      |  ^~~~~~~
In file included from /usr/local/cuda/bin/../targets/x86_64-linux/include/thrust/detail/config/config.h:27,
                 from /usr/local/cuda/bin/../targets/x86_64-linux/include/thrust/detail/config.h:23,
                 from /usr/local/cuda/bin/../targets/x86_64-linux/include/thrust/count.h:24,
                 from md_calculateforces.cu:10:
/usr/local/cuda/bin/../targets/x86_64-linux/include/thrust/detail/config/cpp_dialect.h:131:13: warning: Thrust requires at least C++14. C++11 is deprecated but still supported. C++11 support will be removed in a future release. Define THRUST_IGNORE_DEPRECATED_CPP_DIALECT to suppress this message.
  131 |      THRUST_COMPILER_DEPRECATION_SOFT(C++14, C++11);
      |             ^~~~~~~~~~~~~~~~~~~~~~~~~~~~~~~~~~~~~~~~                                                                                                                                                           
In file included from /usr/local/cuda/bin/../targets/x86_64-linux/include/cub/util_arch.cuh:36,
                 from /usr/local/cuda/bin/../targets/x86_64-linux/include/cub/util_debug.cuh:40,
                 from /usr/local/cuda/bin/../targets/x86_64-linux/include/thrust/system/cuda/config.h:43,
                 from /usr/local/cuda/bin/../targets/x86_64-linux/include/thrust/system/cuda/detail/execution_policy.h:35,
                 from /usr/local/cuda/bin/../targets/x86_64-linux/include/thrust/iterator/detail/device_system_tag.h:23,
                 from /usr/local/cuda/bin/../targets/x86_64-linux/include/thrust/iterator/iterator_traits.h:62,
                 from /usr/local/cuda/bin/../targets/x86_64-linux/include/thrust/count.h:26,
                 from md_calculateforces.cu:10:
/usr/local/cuda/bin/../targets/x86_64-linux/include/cub/util_cpp_dialect.cuh:142:13: warning: CUB requires at least C++14. C++11 is deprecated but still supported. C++11 support will be removed in a future release. Define CUB_IGNORE_DEPRECATED_CPP_DIALECT to suppress this message.
  142 |      CUB_COMPILER_DEPRECATION_SOFT(C++14, C++11);
      |             ^~~~~~~~~~~~~~~~~~~~~~~~~~~~~~~~~~~~~                                                                                                                                                        
/usr/local/cuda/bin/nvcc -ccbin g++ -I../../../Common  -m64    --threads 0 --std=c++11 -gencode arch=compute_50,code=sm_50 -gencode arch=compute_52,code=sm_52 -gencode arch=compute_60,code=sm_60 -gencode arch=compute_61,code=sm_61 -gencode arch=compute_70,code=sm_70 -gencode arch=compute_75,code=sm_75 -gencode arch=compute_80,code=sm_80 -gencode arch=compute_86,code=sm_86 -gencode arch=compute_90,code=sm_90 -gencode arch=compute_90,code=compute_90 -o md_calculateforcesbpm_cpu.o -c md_calculateforcesbpm_cpu.cu
In file included from md_calculateforcesbpm_cpu.cu:5:
/usr/local/cuda/bin/../targets/x86_64-linux/include/math_functions.h:54:2: warning: #warning "math_functions.h is an internal header file and must not be used directly.  This file will be removed in a future CUDA release.  Please use cuda_runtime_api.h or cuda_runtime.h instead." [-Wcpp]
   54 | #warning "math_functions.h is an internal header file and must not be used directly.  This file will be removed in a future CUDA release.  Please use cuda_runtime_api.h or cuda_runtime.h instead."
      |  ^~~~~~~
In file included from /usr/local/cuda/bin/../targets/x86_64-linux/include/thrust/detail/config/config.h:27,
                 from /usr/local/cuda/bin/../targets/x86_64-linux/include/thrust/detail/config.h:23,
                 from /usr/local/cuda/bin/../targets/x86_64-linux/include/thrust/count.h:24,
                 from md_calculateforcesbpm_cpu.cu:10:
/usr/local/cuda/bin/../targets/x86_64-linux/include/thrust/detail/config/cpp_dialect.h:131:13: warning: Thrust requires at least C++14. C++11 is deprecated but still supported. C++11 support will be removed in a future release. Define THRUST_IGNORE_DEPRECATED_CPP_DIALECT to suppress this message.
  131 |      THRUST_COMPILER_DEPRECATION_SOFT(C++14, C++11);
      |             ^~~~~~~~~~~~~~~~~~~~~~~~~~~~~~~~~~~~~~~~                                                                                                                                                           
In file included from /usr/local/cuda/bin/../targets/x86_64-linux/include/cub/util_arch.cuh:36,
                 from /usr/local/cuda/bin/../targets/x86_64-linux/include/cub/util_debug.cuh:40,
                 from /usr/local/cuda/bin/../targets/x86_64-linux/include/thrust/system/cuda/config.h:43,
                 from /usr/local/cuda/bin/../targets/x86_64-linux/include/thrust/system/cuda/detail/execution_policy.h:35,
                 from /usr/local/cuda/bin/../targets/x86_64-linux/include/thrust/iterator/detail/device_system_tag.h:23,
                 from /usr/local/cuda/bin/../targets/x86_64-linux/include/thrust/iterator/iterator_traits.h:62,
                 from /usr/local/cuda/bin/../targets/x86_64-linux/include/thrust/count.h:26,
                 from md_calculateforcesbpm_cpu.cu:10:
/usr/local/cuda/bin/../targets/x86_64-linux/include/cub/util_cpp_dialect.cuh:142:13: warning: CUB requires at least C++14. C++11 is deprecated but still supported. C++11 support will be removed in a future release. Define CUB_IGNORE_DEPRECATED_CPP_DIALECT to suppress this message.
  142 |      CUB_COMPILER_DEPRECATION_SOFT(C++14, C++11);
      |             ^~~~~~~~~~~~~~~~~~~~~~~~~~~~~~~~~~~~~                                                                                                                                                        
In file included from md_calculateforcesbpm_cpu.cu:5:
/usr/local/cuda/bin/../targets/x86_64-linux/include/math_functions.h:54:2: warning: #warning "math_functions.h is an internal header file and must not be used directly.  This file will be removed in a future CUDA release.  Please use cuda_runtime_api.h or cuda_runtime.h instead." [-Wcpp]
   54 | #warning "math_functions.h is an internal header file and must not be used directly.  This file will be removed in a future CUDA release.  Please use cuda_runtime_api.h or cuda_runtime.h instead."
      |  ^~~~~~~
In file included from /usr/local/cuda/bin/../targets/x86_64-linux/include/thrust/detail/config/config.h:27,
                 from /usr/local/cuda/bin/../targets/x86_64-linux/include/thrust/detail/config.h:23,
                 from /usr/local/cuda/bin/../targets/x86_64-linux/include/thrust/count.h:24,
                 from md_calculateforcesbpm_cpu.cu:10:
/usr/local/cuda/bin/../targets/x86_64-linux/include/thrust/detail/config/cpp_dialect.h:131:13: warning: Thrust requires at least C++14. C++11 is deprecated but still supported. C++11 support will be removed in a future release. Define THRUST_IGNORE_DEPRECATED_CPP_DIALECT to suppress this message.
  131 |      THRUST_COMPILER_DEPRECATION_SOFT(C++14, C++11);
      |             ^~~~~~~~~~~~~~~~~~~~~~~~~~~~~~~~~~~~~~~~                                                                                                                                                           
In file included from /usr/local/cuda/bin/../targets/x86_64-linux/include/cub/util_arch.cuh:36,
                 from /usr/local/cuda/bin/../targets/x86_64-linux/include/cub/util_debug.cuh:40,
                 from /usr/local/cuda/bin/../targets/x86_64-linux/include/thrust/system/cuda/config.h:43,
                 from /usr/local/cuda/bin/../targets/x86_64-linux/include/thrust/system/cuda/detail/execution_policy.h:35,
                 from /usr/local/cuda/bin/../targets/x86_64-linux/include/thrust/iterator/detail/device_system_tag.h:23,
                 from /usr/local/cuda/bin/../targets/x86_64-linux/include/thrust/iterator/iterator_traits.h:62,
                 from /usr/local/cuda/bin/../targets/x86_64-linux/include/thrust/count.h:26,
                 from md_calculateforcesbpm_cpu.cu:10:
/usr/local/cuda/bin/../targets/x86_64-linux/include/cub/util_cpp_dialect.cuh:142:13: warning: CUB requires at least C++14. C++11 is deprecated but still supported. C++11 support will be removed in a future release. Define CUB_IGNORE_DEPRECATED_CPP_DIALECT to suppress this message.
  142 |      CUB_COMPILER_DEPRECATION_SOFT(C++14, C++11);
      |             ^~~~~~~~~~~~~~~~~~~~~~~~~~~~~~~~~~~~~                                                                                                                                                        
In file included from md_calculateforcesbpm_cpu.cu:5:
/usr/local/cuda/bin/../targets/x86_64-linux/include/math_functions.h:54:2: warning: #warning "math_functions.h is an internal header file and must not be used directly.  This file will be removed in a future CUDA release.  Please use cuda_runtime_api.h or cuda_runtime.h instead." [-Wcpp]
   54 | #warning "math_functions.h is an internal header file and must not be used directly.  This file will be removed in a future CUDA release.  Please use cuda_runtime_api.h or cuda_runtime.h instead."
      |  ^~~~~~~
In file included from /usr/local/cuda/bin/../targets/x86_64-linux/include/thrust/detail/config/config.h:27,
                 from /usr/local/cuda/bin/../targets/x86_64-linux/include/thrust/detail/config.h:23,
                 from /usr/local/cuda/bin/../targets/x86_64-linux/include/thrust/count.h:24,
                 from md_calculateforcesbpm_cpu.cu:10:
/usr/local/cuda/bin/../targets/x86_64-linux/include/thrust/detail/config/cpp_dialect.h:131:13: warning: Thrust requires at least C++14. C++11 is deprecated but still supported. C++11 support will be removed in a future release. Define THRUST_IGNORE_DEPRECATED_CPP_DIALECT to suppress this message.
  131 |      THRUST_COMPILER_DEPRECATION_SOFT(C++14, C++11);
      |             ^~~~~~~~~~~~~~~~~~~~~~~~~~~~~~~~~~~~~~~~                                                                                                                                                           
In file included from /usr/local/cuda/bin/../targets/x86_64-linux/include/cub/util_arch.cuh:36,
                 from /usr/local/cuda/bin/../targets/x86_64-linux/include/cub/util_debug.cuh:40,
                 from /usr/local/cuda/bin/../targets/x86_64-linux/include/thrust/system/cuda/config.h:43,
                 from /usr/local/cuda/bin/../targets/x86_64-linux/include/thrust/system/cuda/detail/execution_policy.h:35,
                 from /usr/local/cuda/bin/../targets/x86_64-linux/include/thrust/iterator/detail/device_system_tag.h:23,
                 from /usr/local/cuda/bin/../targets/x86_64-linux/include/thrust/iterator/iterator_traits.h:62,
                 from /usr/local/cuda/bin/../targets/x86_64-linux/include/thrust/count.h:26,
                 from md_calculateforcesbpm_cpu.cu:10:
/usr/local/cuda/bin/../targets/x86_64-linux/include/cub/util_cpp_dialect.cuh:142:13: warning: CUB requires at least C++14. C++11 is deprecated but still supported. C++11 support will be removed in a future release. Define CUB_IGNORE_DEPRECATED_CPP_DIALECT to suppress this message.
  142 |      CUB_COMPILER_DEPRECATION_SOFT(C++14, C++11);
      |             ^~~~~~~~~~~~~~~~~~~~~~~~~~~~~~~~~~~~~                                                                                                                                                        
In file included from md_calculateforcesbpm_cpu.cu:5:
/usr/local/cuda/bin/../targets/x86_64-linux/include/math_functions.h:54:2: warning: #warning "math_functions.h is an internal header file and must not be used directly.  This file will be removed in a future CUDA release.  Please use cuda_runtime_api.h or cuda_runtime.h instead." [-Wcpp]
   54 | #warning "math_functions.h is an internal header file and must not be used directly.  This file will be removed in a future CUDA release.  Please use cuda_runtime_api.h or cuda_runtime.h instead."
      |  ^~~~~~~
In file included from /usr/local/cuda/bin/../targets/x86_64-linux/include/thrust/detail/config/config.h:27,
                 from /usr/local/cuda/bin/../targets/x86_64-linux/include/thrust/detail/config.h:23,
                 from /usr/local/cuda/bin/../targets/x86_64-linux/include/thrust/count.h:24,
                 from md_calculateforcesbpm_cpu.cu:10:
/usr/local/cuda/bin/../targets/x86_64-linux/include/thrust/detail/config/cpp_dialect.h:131:13: warning: Thrust requires at least C++14. C++11 is deprecated but still supported. C++11 support will be removed in a future release. Define THRUST_IGNORE_DEPRECATED_CPP_DIALECT to suppress this message.
  131 |      THRUST_COMPILER_DEPRECATION_SOFT(C++14, C++11);
      |             ^~~~~~~~~~~~~~~~~~~~~~~~~~~~~~~~~~~~~~~~                                                                                                                                                           
In file included from /usr/local/cuda/bin/../targets/x86_64-linux/include/cub/util_arch.cuh:36,
                 from /usr/local/cuda/bin/../targets/x86_64-linux/include/cub/util_debug.cuh:40,
                 from /usr/local/cuda/bin/../targets/x86_64-linux/include/thrust/system/cuda/config.h:43,
                 from /usr/local/cuda/bin/../targets/x86_64-linux/include/thrust/system/cuda/detail/execution_policy.h:35,
                 from /usr/local/cuda/bin/../targets/x86_64-linux/include/thrust/iterator/detail/device_system_tag.h:23,
                 from /usr/local/cuda/bin/../targets/x86_64-linux/include/thrust/iterator/iterator_traits.h:62,
                 from /usr/local/cuda/bin/../targets/x86_64-linux/include/thrust/count.h:26,
                 from md_calculateforcesbpm_cpu.cu:10:
/usr/local/cuda/bin/../targets/x86_64-linux/include/cub/util_cpp_dialect.cuh:142:13: warning: CUB requires at least C++14. C++11 is deprecated but still supported. C++11 support will be removed in a future release. Define CUB_IGNORE_DEPRECATED_CPP_DIALECT to suppress this message.
  142 |      CUB_COMPILER_DEPRECATION_SOFT(C++14, C++11);
      |             ^~~~~~~~~~~~~~~~~~~~~~~~~~~~~~~~~~~~~                                                                                                                                                        
In file included from md_calculateforcesbpm_cpu.cu:5:
/usr/local/cuda/bin/../targets/x86_64-linux/include/math_functions.h:54:2: warning: #warning "math_functions.h is an internal header file and must not be used directly.  This file will be removed in a future CUDA release.  Please use cuda_runtime_api.h or cuda_runtime.h instead." [-Wcpp]
   54 | #warning "math_functions.h is an internal header file and must not be used directly.  This file will be removed in a future CUDA release.  Please use cuda_runtime_api.h or cuda_runtime.h instead."
      |  ^~~~~~~
In file included from /usr/local/cuda/bin/../targets/x86_64-linux/include/thrust/detail/config/config.h:27,
                 from /usr/local/cuda/bin/../targets/x86_64-linux/include/thrust/detail/config.h:23,
                 from /usr/local/cuda/bin/../targets/x86_64-linux/include/thrust/count.h:24,
                 from md_calculateforcesbpm_cpu.cu:10:
/usr/local/cuda/bin/../targets/x86_64-linux/include/thrust/detail/config/cpp_dialect.h:131:13: warning: Thrust requires at least C++14. C++11 is deprecated but still supported. C++11 support will be removed in a future release. Define THRUST_IGNORE_DEPRECATED_CPP_DIALECT to suppress this message.
  131 |      THRUST_COMPILER_DEPRECATION_SOFT(C++14, C++11);
      |             ^~~~~~~~~~~~~~~~~~~~~~~~~~~~~~~~~~~~~~~~                                                                                                                                                           
In file included from /usr/local/cuda/bin/../targets/x86_64-linux/include/cub/util_arch.cuh:36,
                 from /usr/local/cuda/bin/../targets/x86_64-linux/include/cub/util_debug.cuh:40,
                 from /usr/local/cuda/bin/../targets/x86_64-linux/include/thrust/system/cuda/config.h:43,
                 from /usr/local/cuda/bin/../targets/x86_64-linux/include/thrust/system/cuda/detail/execution_policy.h:35,
                 from /usr/local/cuda/bin/../targets/x86_64-linux/include/thrust/iterator/detail/device_system_tag.h:23,
                 from /usr/local/cuda/bin/../targets/x86_64-linux/include/thrust/iterator/iterator_traits.h:62,
                 from /usr/local/cuda/bin/../targets/x86_64-linux/include/thrust/count.h:26,
                 from md_calculateforcesbpm_cpu.cu:10:
/usr/local/cuda/bin/../targets/x86_64-linux/include/cub/util_cpp_dialect.cuh:142:13: warning: CUB requires at least C++14. C++11 is deprecated but still supported. C++11 support will be removed in a future release. Define CUB_IGNORE_DEPRECATED_CPP_DIALECT to suppress this message.
  142 |      CUB_COMPILER_DEPRECATION_SOFT(C++14, C++11);
      |             ^~~~~~~~~~~~~~~~~~~~~~~~~~~~~~~~~~~~~                                                                                                                                                        
In file included from md_calculateforcesbpm_cpu.cu:5:
/usr/local/cuda/bin/../targets/x86_64-linux/include/math_functions.h:54:2: warning: #warning "math_functions.h is an internal header file and must not be used directly.  This file will be removed in a future CUDA release.  Please use cuda_runtime_api.h or cuda_runtime.h instead." [-Wcpp]
   54 | #warning "math_functions.h is an internal header file and must not be used directly.  This file will be removed in a future CUDA release.  Please use cuda_runtime_api.h or cuda_runtime.h instead."
      |  ^~~~~~~
In file included from /usr/local/cuda/bin/../targets/x86_64-linux/include/thrust/detail/config/config.h:27,
                 from /usr/local/cuda/bin/../targets/x86_64-linux/include/thrust/detail/config.h:23,
                 from /usr/local/cuda/bin/../targets/x86_64-linux/include/thrust/count.h:24,
                 from md_calculateforcesbpm_cpu.cu:10:
/usr/local/cuda/bin/../targets/x86_64-linux/include/thrust/detail/config/cpp_dialect.h:131:13: warning: Thrust requires at least C++14. C++11 is deprecated but still supported. C++11 support will be removed in a future release. Define THRUST_IGNORE_DEPRECATED_CPP_DIALECT to suppress this message.
  131 |      THRUST_COMPILER_DEPRECATION_SOFT(C++14, C++11);
      |             ^~~~~~~~~~~~~~~~~~~~~~~~~~~~~~~~~~~~~~~~                                                                                                                                                           
In file included from /usr/local/cuda/bin/../targets/x86_64-linux/include/cub/util_arch.cuh:36,
                 from /usr/local/cuda/bin/../targets/x86_64-linux/include/cub/util_debug.cuh:40,
                 from /usr/local/cuda/bin/../targets/x86_64-linux/include/thrust/system/cuda/config.h:43,
                 from /usr/local/cuda/bin/../targets/x86_64-linux/include/thrust/system/cuda/detail/execution_policy.h:35,
                 from /usr/local/cuda/bin/../targets/x86_64-linux/include/thrust/iterator/detail/device_system_tag.h:23,
                 from /usr/local/cuda/bin/../targets/x86_64-linux/include/thrust/iterator/iterator_traits.h:62,
                 from /usr/local/cuda/bin/../targets/x86_64-linux/include/thrust/count.h:26,
                 from md_calculateforcesbpm_cpu.cu:10:
/usr/local/cuda/bin/../targets/x86_64-linux/include/cub/util_cpp_dialect.cuh:142:13: warning: CUB requires at least C++14. C++11 is deprecated but still supported. C++11 support will be removed in a future release. Define CUB_IGNORE_DEPRECATED_CPP_DIALECT to suppress this message.
  142 |      CUB_COMPILER_DEPRECATION_SOFT(C++14, C++11);
      |             ^~~~~~~~~~~~~~~~~~~~~~~~~~~~~~~~~~~~~                                                                                                                                                        
In file included from md_calculateforcesbpm_cpu.cu:5:
/usr/local/cuda/bin/../targets/x86_64-linux/include/math_functions.h:54:2: warning: #warning "math_functions.h is an internal header file and must not be used directly.  This file will be removed in a future CUDA release.  Please use cuda_runtime_api.h or cuda_runtime.h instead." [-Wcpp]
   54 | #warning "math_functions.h is an internal header file and must not be used directly.  This file will be removed in a future CUDA release.  Please use cuda_runtime_api.h or cuda_runtime.h instead."
      |  ^~~~~~~
In file included from /usr/local/cuda/bin/../targets/x86_64-linux/include/thrust/detail/config/config.h:27,
                 from /usr/local/cuda/bin/../targets/x86_64-linux/include/thrust/detail/config.h:23,
                 from /usr/local/cuda/bin/../targets/x86_64-linux/include/thrust/count.h:24,
                 from md_calculateforcesbpm_cpu.cu:10:
/usr/local/cuda/bin/../targets/x86_64-linux/include/thrust/detail/config/cpp_dialect.h:131:13: warning: Thrust requires at least C++14. C++11 is deprecated but still supported. C++11 support will be removed in a future release. Define THRUST_IGNORE_DEPRECATED_CPP_DIALECT to suppress this message.
  131 |      THRUST_COMPILER_DEPRECATION_SOFT(C++14, C++11);
      |             ^~~~~~~~~~~~~~~~~~~~~~~~~~~~~~~~~~~~~~~~                                                                                                                                                           
In file included from /usr/local/cuda/bin/../targets/x86_64-linux/include/cub/util_arch.cuh:36,
                 from /usr/local/cuda/bin/../targets/x86_64-linux/include/cub/util_debug.cuh:40,
                 from /usr/local/cuda/bin/../targets/x86_64-linux/include/thrust/system/cuda/config.h:43,
                 from /usr/local/cuda/bin/../targets/x86_64-linux/include/thrust/system/cuda/detail/execution_policy.h:35,
                 from /usr/local/cuda/bin/../targets/x86_64-linux/include/thrust/iterator/detail/device_system_tag.h:23,
                 from /usr/local/cuda/bin/../targets/x86_64-linux/include/thrust/iterator/iterator_traits.h:62,
                 from /usr/local/cuda/bin/../targets/x86_64-linux/include/thrust/count.h:26,
                 from md_calculateforcesbpm_cpu.cu:10:
/usr/local/cuda/bin/../targets/x86_64-linux/include/cub/util_cpp_dialect.cuh:142:13: warning: CUB requires at least C++14. C++11 is deprecated but still supported. C++11 support will be removed in a future release. Define CUB_IGNORE_DEPRECATED_CPP_DIALECT to suppress this message.
  142 |      CUB_COMPILER_DEPRECATION_SOFT(C++14, C++11);
      |             ^~~~~~~~~~~~~~~~~~~~~~~~~~~~~~~~~~~~~                                                                                                                                                        
In file included from md_calculateforcesbpm_cpu.cu:5:
/usr/local/cuda/bin/../targets/x86_64-linux/include/math_functions.h:54:2: warning: #warning "math_functions.h is an internal header file and must not be used directly.  This file will be removed in a future CUDA release.  Please use cuda_runtime_api.h or cuda_runtime.h instead." [-Wcpp]
   54 | #warning "math_functions.h is an internal header file and must not be used directly.  This file will be removed in a future CUDA release.  Please use cuda_runtime_api.h or cuda_runtime.h instead."
      |  ^~~~~~~
In file included from /usr/local/cuda/bin/../targets/x86_64-linux/include/thrust/detail/config/config.h:27,
                 from /usr/local/cuda/bin/../targets/x86_64-linux/include/thrust/detail/config.h:23,
                 from /usr/local/cuda/bin/../targets/x86_64-linux/include/thrust/count.h:24,
                 from md_calculateforcesbpm_cpu.cu:10:
/usr/local/cuda/bin/../targets/x86_64-linux/include/thrust/detail/config/cpp_dialect.h:131:13: warning: Thrust requires at least C++14. C++11 is deprecated but still supported. C++11 support will be removed in a future release. Define THRUST_IGNORE_DEPRECATED_CPP_DIALECT to suppress this message.
  131 |      THRUST_COMPILER_DEPRECATION_SOFT(C++14, C++11);
      |             ^~~~~~~~~~~~~~~~~~~~~~~~~~~~~~~~~~~~~~~~                                                                                                                                                           
In file included from /usr/local/cuda/bin/../targets/x86_64-linux/include/cub/util_arch.cuh:36,
                 from /usr/local/cuda/bin/../targets/x86_64-linux/include/cub/util_debug.cuh:40,
                 from /usr/local/cuda/bin/../targets/x86_64-linux/include/thrust/system/cuda/config.h:43,
                 from /usr/local/cuda/bin/../targets/x86_64-linux/include/thrust/system/cuda/detail/execution_policy.h:35,
                 from /usr/local/cuda/bin/../targets/x86_64-linux/include/thrust/iterator/detail/device_system_tag.h:23,
                 from /usr/local/cuda/bin/../targets/x86_64-linux/include/thrust/iterator/iterator_traits.h:62,
                 from /usr/local/cuda/bin/../targets/x86_64-linux/include/thrust/count.h:26,
                 from md_calculateforcesbpm_cpu.cu:10:
/usr/local/cuda/bin/../targets/x86_64-linux/include/cub/util_cpp_dialect.cuh:142:13: warning: CUB requires at least C++14. C++11 is deprecated but still supported. C++11 support will be removed in a future release. Define CUB_IGNORE_DEPRECATED_CPP_DIALECT to suppress this message.
  142 |      CUB_COMPILER_DEPRECATION_SOFT(C++14, C++11);
      |             ^~~~~~~~~~~~~~~~~~~~~~~~~~~~~~~~~~~~~                                                                                                                                                        
In file included from md_calculateforcesbpm_cpu.cu:5:
/usr/local/cuda/bin/../targets/x86_64-linux/include/math_functions.h:54:2: warning: #warning "math_functions.h is an internal header file and must not be used directly.  This file will be removed in a future CUDA release.  Please use cuda_runtime_api.h or cuda_runtime.h instead." [-Wcpp]
   54 | #warning "math_functions.h is an internal header file and must not be used directly.  This file will be removed in a future CUDA release.  Please use cuda_runtime_api.h or cuda_runtime.h instead."
      |  ^~~~~~~
In file included from /usr/local/cuda/bin/../targets/x86_64-linux/include/thrust/detail/config/config.h:27,
                 from /usr/local/cuda/bin/../targets/x86_64-linux/include/thrust/detail/config.h:23,
                 from /usr/local/cuda/bin/../targets/x86_64-linux/include/thrust/count.h:24,
                 from md_calculateforcesbpm_cpu.cu:10:
/usr/local/cuda/bin/../targets/x86_64-linux/include/thrust/detail/config/cpp_dialect.h:131:13: warning: Thrust requires at least C++14. C++11 is deprecated but still supported. C++11 support will be removed in a future release. Define THRUST_IGNORE_DEPRECATED_CPP_DIALECT to suppress this message.
  131 |      THRUST_COMPILER_DEPRECATION_SOFT(C++14, C++11);
      |             ^~~~~~~~~~~~~~~~~~~~~~~~~~~~~~~~~~~~~~~~                                                                                                                                                           
In file included from /usr/local/cuda/bin/../targets/x86_64-linux/include/cub/util_arch.cuh:36,
                 from /usr/local/cuda/bin/../targets/x86_64-linux/include/cub/util_debug.cuh:40,
                 from /usr/local/cuda/bin/../targets/x86_64-linux/include/thrust/system/cuda/config.h:43,
                 from /usr/local/cuda/bin/../targets/x86_64-linux/include/thrust/system/cuda/detail/execution_policy.h:35,
                 from /usr/local/cuda/bin/../targets/x86_64-linux/include/thrust/iterator/detail/device_system_tag.h:23,
                 from /usr/local/cuda/bin/../targets/x86_64-linux/include/thrust/iterator/iterator_traits.h:62,
                 from /usr/local/cuda/bin/../targets/x86_64-linux/include/thrust/count.h:26,
                 from md_calculateforcesbpm_cpu.cu:10:
/usr/local/cuda/bin/../targets/x86_64-linux/include/cub/util_cpp_dialect.cuh:142:13: warning: CUB requires at least C++14. C++11 is deprecated but still supported. C++11 support will be removed in a future release. Define CUB_IGNORE_DEPRECATED_CPP_DIALECT to suppress this message.
  142 |      CUB_COMPILER_DEPRECATION_SOFT(C++14, C++11);
      |             ^~~~~~~~~~~~~~~~~~~~~~~~~~~~~~~~~~~~~                                                                                                                                                        
In file included from md_calculateforcesbpm_cpu.cu:5:
/usr/local/cuda/bin/../targets/x86_64-linux/include/math_functions.h:54:2: warning: #warning "math_functions.h is an internal header file and must not be used directly.  This file will be removed in a future CUDA release.  Please use cuda_runtime_api.h or cuda_runtime.h instead." [-Wcpp]
   54 | #warning "math_functions.h is an internal header file and must not be used directly.  This file will be removed in a future CUDA release.  Please use cuda_runtime_api.h or cuda_runtime.h instead."
      |  ^~~~~~~
In file included from /usr/local/cuda/bin/../targets/x86_64-linux/include/thrust/detail/config/config.h:27,
                 from /usr/local/cuda/bin/../targets/x86_64-linux/include/thrust/detail/config.h:23,
                 from /usr/local/cuda/bin/../targets/x86_64-linux/include/thrust/count.h:24,
                 from md_calculateforcesbpm_cpu.cu:10:
/usr/local/cuda/bin/../targets/x86_64-linux/include/thrust/detail/config/cpp_dialect.h:131:13: warning: Thrust requires at least C++14. C++11 is deprecated but still supported. C++11 support will be removed in a future release. Define THRUST_IGNORE_DEPRECATED_CPP_DIALECT to suppress this message.
  131 |      THRUST_COMPILER_DEPRECATION_SOFT(C++14, C++11);
      |             ^~~~~~~~~~~~~~~~~~~~~~~~~~~~~~~~~~~~~~~~                                                                                                                                                           
In file included from /usr/local/cuda/bin/../targets/x86_64-linux/include/cub/util_arch.cuh:36,
                 from /usr/local/cuda/bin/../targets/x86_64-linux/include/cub/util_debug.cuh:40,
                 from /usr/local/cuda/bin/../targets/x86_64-linux/include/thrust/system/cuda/config.h:43,
                 from /usr/local/cuda/bin/../targets/x86_64-linux/include/thrust/system/cuda/detail/execution_policy.h:35,
                 from /usr/local/cuda/bin/../targets/x86_64-linux/include/thrust/iterator/detail/device_system_tag.h:23,
                 from /usr/local/cuda/bin/../targets/x86_64-linux/include/thrust/iterator/iterator_traits.h:62,
                 from /usr/local/cuda/bin/../targets/x86_64-linux/include/thrust/count.h:26,
                 from md_calculateforcesbpm_cpu.cu:10:
/usr/local/cuda/bin/../targets/x86_64-linux/include/cub/util_cpp_dialect.cuh:142:13: warning: CUB requires at least C++14. C++11 is deprecated but still supported. C++11 support will be removed in a future release. Define CUB_IGNORE_DEPRECATED_CPP_DIALECT to suppress this message.
  142 |      CUB_COMPILER_DEPRECATION_SOFT(C++14, C++11);
      |             ^~~~~~~~~~~~~~~~~~~~~~~~~~~~~~~~~~~~~                                                                                                                                                        
md_calculateforcesbpm_cpu.cu: In function ‘void h_CalculateForceElastic(const float*, const float*, const float*, float*, float*, const float*, const float*, const float*, float3*, float3*, float3*, float3*, float3*, uint, uint, uint, uint, float, float, float, float, float, uint)’:
md_calculateforcesbpm_cpu.cu:171:8: warning: format ‘%u’ expects argument of type ‘unsigned int’, but argument 2 has type ‘uint’ {aka ‘long unsigned int’} [-Wformat=]
  171 |  printf("C7 %u %u %u %i | %e %e %e | %e %e %e | %e %e %e | %e %e %e | %e %e %e\n", kdx, idx, jdx, int(type), fijn.x, fijn.y, fijn.z, fijt.x, fijt.y, fijt.z, mijn.x, mijn.y, mijn.z, mijt.x, mijt.y, mijt.z, Munsym.x, Munsym.y, Munsym.z);
      |        ^~~~~~~~~~~~~~~~~~~~~~~~~~~~~~~~~~~~~~~~~~~~~~~~~~~~~~~~~~~~~~~~~~~~~~~~~  ~~~
      |                                                                                   |
      |                                                                                   uint {aka long unsigned int}
md_calculateforcesbpm_cpu.cu:171:8: warning: format ‘%u’ expects argument of type ‘unsigned int’, but argument 3 has type ‘uint’ {aka ‘long unsigned int’} [-Wformat=]
md_calculateforcesbpm_cpu.cu:171:8: warning: format ‘%u’ expects argument of type ‘unsigned int’, but argument 4 has type ‘uint’ {aka ‘long unsigned int’} [-Wformat=]
/usr/local/cuda/bin/nvcc -ccbin g++ -I../../../Common  -m64    --threads 0 --std=c++11 -gencode arch=compute_50,code=sm_50 -gencode arch=compute_52,code=sm_52 -gencode arch=compute_60,code=sm_60 -gencode arch=compute_61,code=sm_61 -gencode arch=compute_70,code=sm_70 -gencode arch=compute_75,code=sm_75 -gencode arch=compute_80,code=sm_80 -gencode arch=compute_86,code=sm_86 -gencode arch=compute_90,code=sm_90 -gencode arch=compute_90,code=compute_90 -o md_calculateforcesbpm.o -c md_calculateforcesbpm.cu
In file included from md_calculateforcesbpm.cu:5:
/usr/local/cuda/bin/../targets/x86_64-linux/include/math_functions.h:54:2: warning: #warning "math_functions.h is an internal header file and must not be used directly.  This file will be removed in a future CUDA release.  Please use cuda_runtime_api.h or cuda_runtime.h instead." [-Wcpp]
   54 | #warning "math_functions.h is an internal header file and must not be used directly.  This file will be removed in a future CUDA release.  Please use cuda_runtime_api.h or cuda_runtime.h instead."
      |  ^~~~~~~
In file included from /usr/local/cuda/bin/../targets/x86_64-linux/include/thrust/detail/config/config.h:27,
                 from /usr/local/cuda/bin/../targets/x86_64-linux/include/thrust/detail/config.h:23,
                 from /usr/local/cuda/bin/../targets/x86_64-linux/include/thrust/count.h:24,
                 from md_calculateforcesbpm.cu:10:
/usr/local/cuda/bin/../targets/x86_64-linux/include/thrust/detail/config/cpp_dialect.h:131:13: warning: Thrust requires at least C++14. C++11 is deprecated but still supported. C++11 support will be removed in a future release. Define THRUST_IGNORE_DEPRECATED_CPP_DIALECT to suppress this message.
  131 |      THRUST_COMPILER_DEPRECATION_SOFT(C++14, C++11);
      |             ^~~~~~~~~~~~~~~~~~~~~~~~~~~~~~~~~~~~~~~~                                                                                                                                                           
In file included from /usr/local/cuda/bin/../targets/x86_64-linux/include/cub/util_arch.cuh:36,
                 from /usr/local/cuda/bin/../targets/x86_64-linux/include/cub/util_debug.cuh:40,
                 from /usr/local/cuda/bin/../targets/x86_64-linux/include/thrust/system/cuda/config.h:43,
                 from /usr/local/cuda/bin/../targets/x86_64-linux/include/thrust/system/cuda/detail/execution_policy.h:35,
                 from /usr/local/cuda/bin/../targets/x86_64-linux/include/thrust/iterator/detail/device_system_tag.h:23,
                 from /usr/local/cuda/bin/../targets/x86_64-linux/include/thrust/iterator/iterator_traits.h:62,
                 from /usr/local/cuda/bin/../targets/x86_64-linux/include/thrust/count.h:26,
                 from md_calculateforcesbpm.cu:10:
/usr/local/cuda/bin/../targets/x86_64-linux/include/cub/util_cpp_dialect.cuh:142:13: warning: CUB requires at least C++14. C++11 is deprecated but still supported. C++11 support will be removed in a future release. Define CUB_IGNORE_DEPRECATED_CPP_DIALECT to suppress this message.
  142 |      CUB_COMPILER_DEPRECATION_SOFT(C++14, C++11);
      |             ^~~~~~~~~~~~~~~~~~~~~~~~~~~~~~~~~~~~~                                                                                                                                                        
In file included from md_calculateforcesbpm.cu:5:
/usr/local/cuda/bin/../targets/x86_64-linux/include/math_functions.h:54:2: warning: #warning "math_functions.h is an internal header file and must not be used directly.  This file will be removed in a future CUDA release.  Please use cuda_runtime_api.h or cuda_runtime.h instead." [-Wcpp]
   54 | #warning "math_functions.h is an internal header file and must not be used directly.  This file will be removed in a future CUDA release.  Please use cuda_runtime_api.h or cuda_runtime.h instead."
      |  ^~~~~~~
In file included from /usr/local/cuda/bin/../targets/x86_64-linux/include/thrust/detail/config/config.h:27,
                 from /usr/local/cuda/bin/../targets/x86_64-linux/include/thrust/detail/config.h:23,
                 from /usr/local/cuda/bin/../targets/x86_64-linux/include/thrust/count.h:24,
                 from md_calculateforcesbpm.cu:10:
/usr/local/cuda/bin/../targets/x86_64-linux/include/thrust/detail/config/cpp_dialect.h:131:13: warning: Thrust requires at least C++14. C++11 is deprecated but still supported. C++11 support will be removed in a future release. Define THRUST_IGNORE_DEPRECATED_CPP_DIALECT to suppress this message.
  131 |      THRUST_COMPILER_DEPRECATION_SOFT(C++14, C++11);
      |             ^~~~~~~~~~~~~~~~~~~~~~~~~~~~~~~~~~~~~~~~                                                                                                                                                           
In file included from /usr/local/cuda/bin/../targets/x86_64-linux/include/cub/util_arch.cuh:36,
                 from /usr/local/cuda/bin/../targets/x86_64-linux/include/cub/util_debug.cuh:40,
                 from /usr/local/cuda/bin/../targets/x86_64-linux/include/thrust/system/cuda/config.h:43,
                 from /usr/local/cuda/bin/../targets/x86_64-linux/include/thrust/system/cuda/detail/execution_policy.h:35,
                 from /usr/local/cuda/bin/../targets/x86_64-linux/include/thrust/iterator/detail/device_system_tag.h:23,
                 from /usr/local/cuda/bin/../targets/x86_64-linux/include/thrust/iterator/iterator_traits.h:62,
                 from /usr/local/cuda/bin/../targets/x86_64-linux/include/thrust/count.h:26,
                 from md_calculateforcesbpm.cu:10:
/usr/local/cuda/bin/../targets/x86_64-linux/include/cub/util_cpp_dialect.cuh:142:13: warning: CUB requires at least C++14. C++11 is deprecated but still supported. C++11 support will be removed in a future release. Define CUB_IGNORE_DEPRECATED_CPP_DIALECT to suppress this message.
  142 |      CUB_COMPILER_DEPRECATION_SOFT(C++14, C++11);
      |             ^~~~~~~~~~~~~~~~~~~~~~~~~~~~~~~~~~~~~                                                                                                                                                        
In file included from md_calculateforcesbpm.cu:5:
/usr/local/cuda/bin/../targets/x86_64-linux/include/math_functions.h:54:2: warning: #warning "math_functions.h is an internal header file and must not be used directly.  This file will be removed in a future CUDA release.  Please use cuda_runtime_api.h or cuda_runtime.h instead." [-Wcpp]
   54 | #warning "math_functions.h is an internal header file and must not be used directly.  This file will be removed in a future CUDA release.  Please use cuda_runtime_api.h or cuda_runtime.h instead."
      |  ^~~~~~~
In file included from /usr/local/cuda/bin/../targets/x86_64-linux/include/thrust/detail/config/config.h:27,
                 from /usr/local/cuda/bin/../targets/x86_64-linux/include/thrust/detail/config.h:23,
                 from /usr/local/cuda/bin/../targets/x86_64-linux/include/thrust/count.h:24,
                 from md_calculateforcesbpm.cu:10:
/usr/local/cuda/bin/../targets/x86_64-linux/include/thrust/detail/config/cpp_dialect.h:131:13: warning: Thrust requires at least C++14. C++11 is deprecated but still supported. C++11 support will be removed in a future release. Define THRUST_IGNORE_DEPRECATED_CPP_DIALECT to suppress this message.
  131 |      THRUST_COMPILER_DEPRECATION_SOFT(C++14, C++11);
      |             ^~~~~~~~~~~~~~~~~~~~~~~~~~~~~~~~~~~~~~~~                                                                                                                                                           
In file included from /usr/local/cuda/bin/../targets/x86_64-linux/include/cub/util_arch.cuh:36,
                 from /usr/local/cuda/bin/../targets/x86_64-linux/include/cub/util_debug.cuh:40,
                 from /usr/local/cuda/bin/../targets/x86_64-linux/include/thrust/system/cuda/config.h:43,
                 from /usr/local/cuda/bin/../targets/x86_64-linux/include/thrust/system/cuda/detail/execution_policy.h:35,
                 from /usr/local/cuda/bin/../targets/x86_64-linux/include/thrust/iterator/detail/device_system_tag.h:23,
                 from /usr/local/cuda/bin/../targets/x86_64-linux/include/thrust/iterator/iterator_traits.h:62,
                 from /usr/local/cuda/bin/../targets/x86_64-linux/include/thrust/count.h:26,
                 from md_calculateforcesbpm.cu:10:
/usr/local/cuda/bin/../targets/x86_64-linux/include/cub/util_cpp_dialect.cuh:142:13: warning: CUB requires at least C++14. C++11 is deprecated but still supported. C++11 support will be removed in a future release. Define CUB_IGNORE_DEPRECATED_CPP_DIALECT to suppress this message.
  142 |      CUB_COMPILER_DEPRECATION_SOFT(C++14, C++11);
      |             ^~~~~~~~~~~~~~~~~~~~~~~~~~~~~~~~~~~~~                                                                                                                                                        
In file included from md_calculateforcesbpm.cu:5:
/usr/local/cuda/bin/../targets/x86_64-linux/include/math_functions.h:54:2: warning: #warning "math_functions.h is an internal header file and must not be used directly.  This file will be removed in a future CUDA release.  Please use cuda_runtime_api.h or cuda_runtime.h instead." [-Wcpp]
   54 | #warning "math_functions.h is an internal header file and must not be used directly.  This file will be removed in a future CUDA release.  Please use cuda_runtime_api.h or cuda_runtime.h instead."
      |  ^~~~~~~
In file included from /usr/local/cuda/bin/../targets/x86_64-linux/include/thrust/detail/config/config.h:27,
                 from /usr/local/cuda/bin/../targets/x86_64-linux/include/thrust/detail/config.h:23,
                 from /usr/local/cuda/bin/../targets/x86_64-linux/include/thrust/count.h:24,
                 from md_calculateforcesbpm.cu:10:
/usr/local/cuda/bin/../targets/x86_64-linux/include/thrust/detail/config/cpp_dialect.h:131:13: warning: Thrust requires at least C++14. C++11 is deprecated but still supported. C++11 support will be removed in a future release. Define THRUST_IGNORE_DEPRECATED_CPP_DIALECT to suppress this message.
  131 |      THRUST_COMPILER_DEPRECATION_SOFT(C++14, C++11);
      |             ^~~~~~~~~~~~~~~~~~~~~~~~~~~~~~~~~~~~~~~~                                                                                                                                                           
In file included from /usr/local/cuda/bin/../targets/x86_64-linux/include/cub/util_arch.cuh:36,
                 from /usr/local/cuda/bin/../targets/x86_64-linux/include/cub/util_debug.cuh:40,
                 from /usr/local/cuda/bin/../targets/x86_64-linux/include/thrust/system/cuda/config.h:43,
                 from /usr/local/cuda/bin/../targets/x86_64-linux/include/thrust/system/cuda/detail/execution_policy.h:35,
                 from /usr/local/cuda/bin/../targets/x86_64-linux/include/thrust/iterator/detail/device_system_tag.h:23,
                 from /usr/local/cuda/bin/../targets/x86_64-linux/include/thrust/iterator/iterator_traits.h:62,
                 from /usr/local/cuda/bin/../targets/x86_64-linux/include/thrust/count.h:26,
                 from md_calculateforcesbpm.cu:10:
/usr/local/cuda/bin/../targets/x86_64-linux/include/cub/util_cpp_dialect.cuh:142:13: warning: CUB requires at least C++14. C++11 is deprecated but still supported. C++11 support will be removed in a future release. Define CUB_IGNORE_DEPRECATED_CPP_DIALECT to suppress this message.
  142 |      CUB_COMPILER_DEPRECATION_SOFT(C++14, C++11);
      |             ^~~~~~~~~~~~~~~~~~~~~~~~~~~~~~~~~~~~~                                                                                                                                                        
In file included from md_calculateforcesbpm.cu:5:
/usr/local/cuda/bin/../targets/x86_64-linux/include/math_functions.h:54:2: warning: #warning "math_functions.h is an internal header file and must not be used directly.  This file will be removed in a future CUDA release.  Please use cuda_runtime_api.h or cuda_runtime.h instead." [-Wcpp]
   54 | #warning "math_functions.h is an internal header file and must not be used directly.  This file will be removed in a future CUDA release.  Please use cuda_runtime_api.h or cuda_runtime.h instead."
      |  ^~~~~~~
In file included from /usr/local/cuda/bin/../targets/x86_64-linux/include/thrust/detail/config/config.h:27,
                 from /usr/local/cuda/bin/../targets/x86_64-linux/include/thrust/detail/config.h:23,
                 from /usr/local/cuda/bin/../targets/x86_64-linux/include/thrust/count.h:24,
                 from md_calculateforcesbpm.cu:10:
/usr/local/cuda/bin/../targets/x86_64-linux/include/thrust/detail/config/cpp_dialect.h:131:13: warning: Thrust requires at least C++14. C++11 is deprecated but still supported. C++11 support will be removed in a future release. Define THRUST_IGNORE_DEPRECATED_CPP_DIALECT to suppress this message.
  131 |      THRUST_COMPILER_DEPRECATION_SOFT(C++14, C++11);
      |             ^~~~~~~~~~~~~~~~~~~~~~~~~~~~~~~~~~~~~~~~                                                                                                                                                           
In file included from /usr/local/cuda/bin/../targets/x86_64-linux/include/cub/util_arch.cuh:36,
                 from /usr/local/cuda/bin/../targets/x86_64-linux/include/cub/util_debug.cuh:40,
                 from /usr/local/cuda/bin/../targets/x86_64-linux/include/thrust/system/cuda/config.h:43,
                 from /usr/local/cuda/bin/../targets/x86_64-linux/include/thrust/system/cuda/detail/execution_policy.h:35,
                 from /usr/local/cuda/bin/../targets/x86_64-linux/include/thrust/iterator/detail/device_system_tag.h:23,
                 from /usr/local/cuda/bin/../targets/x86_64-linux/include/thrust/iterator/iterator_traits.h:62,
                 from /usr/local/cuda/bin/../targets/x86_64-linux/include/thrust/count.h:26,
                 from md_calculateforcesbpm.cu:10:
/usr/local/cuda/bin/../targets/x86_64-linux/include/cub/util_cpp_dialect.cuh:142:13: warning: CUB requires at least C++14. C++11 is deprecated but still supported. C++11 support will be removed in a future release. Define CUB_IGNORE_DEPRECATED_CPP_DIALECT to suppress this message.
  142 |      CUB_COMPILER_DEPRECATION_SOFT(C++14, C++11);
      |             ^~~~~~~~~~~~~~~~~~~~~~~~~~~~~~~~~~~~~                                                                                                                                                        
In file included from md_calculateforcesbpm.cu:5:
/usr/local/cuda/bin/../targets/x86_64-linux/include/math_functions.h:54:2: warning: #warning "math_functions.h is an internal header file and must not be used directly.  This file will be removed in a future CUDA release.  Please use cuda_runtime_api.h or cuda_runtime.h instead." [-Wcpp]
   54 | #warning "math_functions.h is an internal header file and must not be used directly.  This file will be removed in a future CUDA release.  Please use cuda_runtime_api.h or cuda_runtime.h instead."
      |  ^~~~~~~
In file included from /usr/local/cuda/bin/../targets/x86_64-linux/include/thrust/detail/config/config.h:27,
                 from /usr/local/cuda/bin/../targets/x86_64-linux/include/thrust/detail/config.h:23,
                 from /usr/local/cuda/bin/../targets/x86_64-linux/include/thrust/count.h:24,
                 from md_calculateforcesbpm.cu:10:
/usr/local/cuda/bin/../targets/x86_64-linux/include/thrust/detail/config/cpp_dialect.h:131:13: warning: Thrust requires at least C++14. C++11 is deprecated but still supported. C++11 support will be removed in a future release. Define THRUST_IGNORE_DEPRECATED_CPP_DIALECT to suppress this message.
  131 |      THRUST_COMPILER_DEPRECATION_SOFT(C++14, C++11);
      |             ^~~~~~~~~~~~~~~~~~~~~~~~~~~~~~~~~~~~~~~~                                                                                                                                                           
In file included from /usr/local/cuda/bin/../targets/x86_64-linux/include/cub/util_arch.cuh:36,
                 from /usr/local/cuda/bin/../targets/x86_64-linux/include/cub/util_debug.cuh:40,
                 from /usr/local/cuda/bin/../targets/x86_64-linux/include/thrust/system/cuda/config.h:43,
                 from /usr/local/cuda/bin/../targets/x86_64-linux/include/thrust/system/cuda/detail/execution_policy.h:35,
                 from /usr/local/cuda/bin/../targets/x86_64-linux/include/thrust/iterator/detail/device_system_tag.h:23,
                 from /usr/local/cuda/bin/../targets/x86_64-linux/include/thrust/iterator/iterator_traits.h:62,
                 from /usr/local/cuda/bin/../targets/x86_64-linux/include/thrust/count.h:26,
                 from md_calculateforcesbpm.cu:10:
/usr/local/cuda/bin/../targets/x86_64-linux/include/cub/util_cpp_dialect.cuh:142:13: warning: CUB requires at least C++14. C++11 is deprecated but still supported. C++11 support will be removed in a future release. Define CUB_IGNORE_DEPRECATED_CPP_DIALECT to suppress this message.
  142 |      CUB_COMPILER_DEPRECATION_SOFT(C++14, C++11);
      |             ^~~~~~~~~~~~~~~~~~~~~~~~~~~~~~~~~~~~~                                                                                                                                                        
In file included from md_calculateforcesbpm.cu:5:
/usr/local/cuda/bin/../targets/x86_64-linux/include/math_functions.h:54:2: warning: #warning "math_functions.h is an internal header file and must not be used directly.  This file will be removed in a future CUDA release.  Please use cuda_runtime_api.h or cuda_runtime.h instead." [-Wcpp]
   54 | #warning "math_functions.h is an internal header file and must not be used directly.  This file will be removed in a future CUDA release.  Please use cuda_runtime_api.h or cuda_runtime.h instead."
      |  ^~~~~~~
In file included from /usr/local/cuda/bin/../targets/x86_64-linux/include/thrust/detail/config/config.h:27,
                 from /usr/local/cuda/bin/../targets/x86_64-linux/include/thrust/detail/config.h:23,
                 from /usr/local/cuda/bin/../targets/x86_64-linux/include/thrust/count.h:24,
                 from md_calculateforcesbpm.cu:10:
/usr/local/cuda/bin/../targets/x86_64-linux/include/thrust/detail/config/cpp_dialect.h:131:13: warning: Thrust requires at least C++14. C++11 is deprecated but still supported. C++11 support will be removed in a future release. Define THRUST_IGNORE_DEPRECATED_CPP_DIALECT to suppress this message.
  131 |      THRUST_COMPILER_DEPRECATION_SOFT(C++14, C++11);
      |             ^~~~~~~~~~~~~~~~~~~~~~~~~~~~~~~~~~~~~~~~                                                                                                                                                           
In file included from /usr/local/cuda/bin/../targets/x86_64-linux/include/cub/util_arch.cuh:36,
                 from /usr/local/cuda/bin/../targets/x86_64-linux/include/cub/util_debug.cuh:40,
                 from /usr/local/cuda/bin/../targets/x86_64-linux/include/thrust/system/cuda/config.h:43,
                 from /usr/local/cuda/bin/../targets/x86_64-linux/include/thrust/system/cuda/detail/execution_policy.h:35,
                 from /usr/local/cuda/bin/../targets/x86_64-linux/include/thrust/iterator/detail/device_system_tag.h:23,
                 from /usr/local/cuda/bin/../targets/x86_64-linux/include/thrust/iterator/iterator_traits.h:62,
                 from /usr/local/cuda/bin/../targets/x86_64-linux/include/thrust/count.h:26,
                 from md_calculateforcesbpm.cu:10:
/usr/local/cuda/bin/../targets/x86_64-linux/include/cub/util_cpp_dialect.cuh:142:13: warning: CUB requires at least C++14. C++11 is deprecated but still supported. C++11 support will be removed in a future release. Define CUB_IGNORE_DEPRECATED_CPP_DIALECT to suppress this message.
  142 |      CUB_COMPILER_DEPRECATION_SOFT(C++14, C++11);
      |             ^~~~~~~~~~~~~~~~~~~~~~~~~~~~~~~~~~~~~                                                                                                                                                        
In file included from md_calculateforcesbpm.cu:5:
/usr/local/cuda/bin/../targets/x86_64-linux/include/math_functions.h:54:2: warning: #warning "math_functions.h is an internal header file and must not be used directly.  This file will be removed in a future CUDA release.  Please use cuda_runtime_api.h or cuda_runtime.h instead." [-Wcpp]
   54 | #warning "math_functions.h is an internal header file and must not be used directly.  This file will be removed in a future CUDA release.  Please use cuda_runtime_api.h or cuda_runtime.h instead."
      |  ^~~~~~~
In file included from /usr/local/cuda/bin/../targets/x86_64-linux/include/thrust/detail/config/config.h:27,
                 from /usr/local/cuda/bin/../targets/x86_64-linux/include/thrust/detail/config.h:23,
                 from /usr/local/cuda/bin/../targets/x86_64-linux/include/thrust/count.h:24,
                 from md_calculateforcesbpm.cu:10:
/usr/local/cuda/bin/../targets/x86_64-linux/include/thrust/detail/config/cpp_dialect.h:131:13: warning: Thrust requires at least C++14. C++11 is deprecated but still supported. C++11 support will be removed in a future release. Define THRUST_IGNORE_DEPRECATED_CPP_DIALECT to suppress this message.
  131 |      THRUST_COMPILER_DEPRECATION_SOFT(C++14, C++11);
      |             ^~~~~~~~~~~~~~~~~~~~~~~~~~~~~~~~~~~~~~~~                                                                                                                                                           
In file included from /usr/local/cuda/bin/../targets/x86_64-linux/include/cub/util_arch.cuh:36,
                 from /usr/local/cuda/bin/../targets/x86_64-linux/include/cub/util_debug.cuh:40,
                 from /usr/local/cuda/bin/../targets/x86_64-linux/include/thrust/system/cuda/config.h:43,
                 from /usr/local/cuda/bin/../targets/x86_64-linux/include/thrust/system/cuda/detail/execution_policy.h:35,
                 from /usr/local/cuda/bin/../targets/x86_64-linux/include/thrust/iterator/detail/device_system_tag.h:23,
                 from /usr/local/cuda/bin/../targets/x86_64-linux/include/thrust/iterator/iterator_traits.h:62,
                 from /usr/local/cuda/bin/../targets/x86_64-linux/include/thrust/count.h:26,
                 from md_calculateforcesbpm.cu:10:
/usr/local/cuda/bin/../targets/x86_64-linux/include/cub/util_cpp_dialect.cuh:142:13: warning: CUB requires at least C++14. C++11 is deprecated but still supported. C++11 support will be removed in a future release. Define CUB_IGNORE_DEPRECATED_CPP_DIALECT to suppress this message.
  142 |      CUB_COMPILER_DEPRECATION_SOFT(C++14, C++11);
      |             ^~~~~~~~~~~~~~~~~~~~~~~~~~~~~~~~~~~~~                                                                                                                                                        
In file included from md_calculateforcesbpm.cu:5:
/usr/local/cuda/bin/../targets/x86_64-linux/include/math_functions.h:54:2: warning: #warning "math_functions.h is an internal header file and must not be used directly.  This file will be removed in a future CUDA release.  Please use cuda_runtime_api.h or cuda_runtime.h instead." [-Wcpp]
   54 | #warning "math_functions.h is an internal header file and must not be used directly.  This file will be removed in a future CUDA release.  Please use cuda_runtime_api.h or cuda_runtime.h instead."
      |  ^~~~~~~
In file included from /usr/local/cuda/bin/../targets/x86_64-linux/include/thrust/detail/config/config.h:27,
                 from /usr/local/cuda/bin/../targets/x86_64-linux/include/thrust/detail/config.h:23,
                 from /usr/local/cuda/bin/../targets/x86_64-linux/include/thrust/count.h:24,
                 from md_calculateforcesbpm.cu:10:
/usr/local/cuda/bin/../targets/x86_64-linux/include/thrust/detail/config/cpp_dialect.h:131:13: warning: Thrust requires at least C++14. C++11 is deprecated but still supported. C++11 support will be removed in a future release. Define THRUST_IGNORE_DEPRECATED_CPP_DIALECT to suppress this message.
  131 |      THRUST_COMPILER_DEPRECATION_SOFT(C++14, C++11);
      |             ^~~~~~~~~~~~~~~~~~~~~~~~~~~~~~~~~~~~~~~~                                                                                                                                                           
In file included from /usr/local/cuda/bin/../targets/x86_64-linux/include/cub/util_arch.cuh:36,
                 from /usr/local/cuda/bin/../targets/x86_64-linux/include/cub/util_debug.cuh:40,
                 from /usr/local/cuda/bin/../targets/x86_64-linux/include/thrust/system/cuda/config.h:43,
                 from /usr/local/cuda/bin/../targets/x86_64-linux/include/thrust/system/cuda/detail/execution_policy.h:35,
                 from /usr/local/cuda/bin/../targets/x86_64-linux/include/thrust/iterator/detail/device_system_tag.h:23,
                 from /usr/local/cuda/bin/../targets/x86_64-linux/include/thrust/iterator/iterator_traits.h:62,
                 from /usr/local/cuda/bin/../targets/x86_64-linux/include/thrust/count.h:26,
                 from md_calculateforcesbpm.cu:10:
/usr/local/cuda/bin/../targets/x86_64-linux/include/cub/util_cpp_dialect.cuh:142:13: warning: CUB requires at least C++14. C++11 is deprecated but still supported. C++11 support will be removed in a future release. Define CUB_IGNORE_DEPRECATED_CPP_DIALECT to suppress this message.
  142 |      CUB_COMPILER_DEPRECATION_SOFT(C++14, C++11);
      |             ^~~~~~~~~~~~~~~~~~~~~~~~~~~~~~~~~~~~~                                                                                                                                                        
In file included from md_calculateforcesbpm.cu:5:
/usr/local/cuda/bin/../targets/x86_64-linux/include/math_functions.h:54:2: warning: #warning "math_functions.h is an internal header file and must not be used directly.  This file will be removed in a future CUDA release.  Please use cuda_runtime_api.h or cuda_runtime.h instead." [-Wcpp]
   54 | #warning "math_functions.h is an internal header file and must not be used directly.  This file will be removed in a future CUDA release.  Please use cuda_runtime_api.h or cuda_runtime.h instead."
      |  ^~~~~~~
In file included from /usr/local/cuda/bin/../targets/x86_64-linux/include/thrust/detail/config/config.h:27,
                 from /usr/local/cuda/bin/../targets/x86_64-linux/include/thrust/detail/config.h:23,
                 from /usr/local/cuda/bin/../targets/x86_64-linux/include/thrust/count.h:24,
                 from md_calculateforcesbpm.cu:10:
/usr/local/cuda/bin/../targets/x86_64-linux/include/thrust/detail/config/cpp_dialect.h:131:13: warning: Thrust requires at least C++14. C++11 is deprecated but still supported. C++11 support will be removed in a future release. Define THRUST_IGNORE_DEPRECATED_CPP_DIALECT to suppress this message.
  131 |      THRUST_COMPILER_DEPRECATION_SOFT(C++14, C++11);
      |             ^~~~~~~~~~~~~~~~~~~~~~~~~~~~~~~~~~~~~~~~                                                                                                                                                           
In file included from /usr/local/cuda/bin/../targets/x86_64-linux/include/cub/util_arch.cuh:36,
                 from /usr/local/cuda/bin/../targets/x86_64-linux/include/cub/util_debug.cuh:40,
                 from /usr/local/cuda/bin/../targets/x86_64-linux/include/thrust/system/cuda/config.h:43,
                 from /usr/local/cuda/bin/../targets/x86_64-linux/include/thrust/system/cuda/detail/execution_policy.h:35,
                 from /usr/local/cuda/bin/../targets/x86_64-linux/include/thrust/iterator/detail/device_system_tag.h:23,
                 from /usr/local/cuda/bin/../targets/x86_64-linux/include/thrust/iterator/iterator_traits.h:62,
                 from /usr/local/cuda/bin/../targets/x86_64-linux/include/thrust/count.h:26,
                 from md_calculateforcesbpm.cu:10:
/usr/local/cuda/bin/../targets/x86_64-linux/include/cub/util_cpp_dialect.cuh:142:13: warning: CUB requires at least C++14. C++11 is deprecated but still supported. C++11 support will be removed in a future release. Define CUB_IGNORE_DEPRECATED_CPP_DIALECT to suppress this message.
  142 |      CUB_COMPILER_DEPRECATION_SOFT(C++14, C++11);
      |             ^~~~~~~~~~~~~~~~~~~~~~~~~~~~~~~~~~~~~                                                                                                                                                        
md_calculateforcesbpm.cu(60): warning #549-D: variable "rm" is used before its value is set

Remark: The warnings can be suppressed with "-diag-suppress <warning-number>"

md_calculateforcesbpm.cu(89): warning #549-D: variable "nij" is used before its value is set

md_calculateforcesbpm.cu(117): warning #549-D: variable "_1d_rm0" is used before its value is set

md_calculateforcesbpm.cu(60): warning #549-D: variable "rm" is used before its value is set

Remark: The warnings can be suppressed with "-diag-suppress <warning-number>"

md_calculateforcesbpm.cu(89): warning #549-D: variable "nij" is used before its value is set

md_calculateforcesbpm.cu(117): warning #549-D: variable "_1d_rm0" is used before its value is set

md_calculateforcesbpm.cu(30): warning #177-D: variable "fijn" was declared but never referenced

md_calculateforcesbpm.cu(30): warning #550-D: variable "mijn" was set but never used

md_calculateforcesbpm.cu(30): warning #550-D: variable "mijt" was set but never used

md_calculateforcesbpm.cu(31): warning #177-D: variable "_1d_rm" was declared but never referenced

md_calculateforcesbpm.cu(31): warning #177-D: variable "rm0" was declared but never referenced

md_calculateforcesbpm.cu(31): warning #177-D: variable "epsijn" was declared but never referenced

md_calculateforcesbpm.cu(60): warning #549-D: variable "rm" is used before its value is set

Remark: The warnings can be suppressed with "-diag-suppress <warning-number>"

md_calculateforcesbpm.cu(89): warning #549-D: variable "nij" is used before its value is set

md_calculateforcesbpm.cu(117): warning #549-D: variable "_1d_rm0" is used before its value is set

md_calculateforcesbpm.cu(30): warning #177-D: variable "fijn" was declared but never referenced

md_calculateforcesbpm.cu(30): warning #550-D: variable "mijn" was set but never used

md_calculateforcesbpm.cu(30): warning #550-D: variable "mijt" was set but never used

md_calculateforcesbpm.cu(31): warning #177-D: variable "_1d_rm" was declared but never referenced

md_calculateforcesbpm.cu(31): warning #177-D: variable "rm0" was declared but never referenced

md_calculateforcesbpm.cu(31): warning #177-D: variable "epsijn" was declared but never referenced

md_calculateforcesbpm.cu(60): warning #549-D: variable "rm" is used before its value is set

Remark: The warnings can be suppressed with "-diag-suppress <warning-number>"

md_calculateforcesbpm.cu(89): warning #549-D: variable "nij" is used before its value is set

md_calculateforcesbpm.cu(117): warning #549-D: variable "_1d_rm0" is used before its value is set

md_calculateforcesbpm.cu(30): warning #177-D: variable "fijn" was declared but never referenced

md_calculateforcesbpm.cu(30): warning #550-D: variable "mijn" was set but never used

md_calculateforcesbpm.cu(30): warning #550-D: variable "mijt" was set but never used

md_calculateforcesbpm.cu(31): warning #177-D: variable "_1d_rm" was declared but never referenced

md_calculateforcesbpm.cu(31): warning #177-D: variable "rm0" was declared but never referenced

md_calculateforcesbpm.cu(31): warning #177-D: variable "epsijn" was declared but never referenced

md_calculateforcesbpm.cu(60): warning #549-D: variable "rm" is used before its value is set

Remark: The warnings can be suppressed with "-diag-suppress <warning-number>"

md_calculateforcesbpm.cu(89): warning #549-D: variable "nij" is used before its value is set

md_calculateforcesbpm.cu(117): warning #549-D: variable "_1d_rm0" is used before its value is set

md_calculateforcesbpm.cu(30): warning #177-D: variable "fijn" was declared but never referenced

md_calculateforcesbpm.cu(30): warning #550-D: variable "mijn" was set but never used

md_calculateforcesbpm.cu(30): warning #550-D: variable "mijt" was set but never used

md_calculateforcesbpm.cu(31): warning #177-D: variable "_1d_rm" was declared but never referenced

md_calculateforcesbpm.cu(31): warning #177-D: variable "rm0" was declared but never referenced

md_calculateforcesbpm.cu(31): warning #177-D: variable "epsijn" was declared but never referenced

md_calculateforcesbpm.cu(60): warning #549-D: variable "rm" is used before its value is set

Remark: The warnings can be suppressed with "-diag-suppress <warning-number>"

md_calculateforcesbpm.cu(89): warning #549-D: variable "nij" is used before its value is set

md_calculateforcesbpm.cu(117): warning #549-D: variable "_1d_rm0" is used before its value is set

md_calculateforcesbpm.cu(30): warning #177-D: variable "fijn" was declared but never referenced

md_calculateforcesbpm.cu(30): warning #550-D: variable "mijn" was set but never used

md_calculateforcesbpm.cu(30): warning #550-D: variable "mijt" was set but never used

md_calculateforcesbpm.cu(31): warning #177-D: variable "_1d_rm" was declared but never referenced

md_calculateforcesbpm.cu(31): warning #177-D: variable "rm0" was declared but never referenced

md_calculateforcesbpm.cu(31): warning #177-D: variable "epsijn" was declared but never referenced

md_calculateforcesbpm.cu(60): warning #549-D: variable "rm" is used before its value is set

Remark: The warnings can be suppressed with "-diag-suppress <warning-number>"

md_calculateforcesbpm.cu(89): warning #549-D: variable "nij" is used before its value is set

md_calculateforcesbpm.cu(117): warning #549-D: variable "_1d_rm0" is used before its value is set

md_calculateforcesbpm.cu(30): warning #177-D: variable "fijn" was declared but never referenced

md_calculateforcesbpm.cu(30): warning #550-D: variable "mijn" was set but never used

md_calculateforcesbpm.cu(30): warning #550-D: variable "mijt" was set but never used

md_calculateforcesbpm.cu(31): warning #177-D: variable "_1d_rm" was declared but never referenced

md_calculateforcesbpm.cu(31): warning #177-D: variable "rm0" was declared but never referenced

md_calculateforcesbpm.cu(31): warning #177-D: variable "epsijn" was declared but never referenced

md_calculateforcesbpm.cu(60): warning #549-D: variable "rm" is used before its value is set

Remark: The warnings can be suppressed with "-diag-suppress <warning-number>"

md_calculateforcesbpm.cu(89): warning #549-D: variable "nij" is used before its value is set

md_calculateforcesbpm.cu(117): warning #549-D: variable "_1d_rm0" is used before its value is set

md_calculateforcesbpm.cu(30): warning #177-D: variable "fijn" was declared but never referenced

md_calculateforcesbpm.cu(30): warning #550-D: variable "mijn" was set but never used

md_calculateforcesbpm.cu(30): warning #550-D: variable "mijt" was set but never used

md_calculateforcesbpm.cu(31): warning #177-D: variable "_1d_rm" was declared but never referenced

md_calculateforcesbpm.cu(31): warning #177-D: variable "rm0" was declared but never referenced

md_calculateforcesbpm.cu(31): warning #177-D: variable "epsijn" was declared but never referenced

md_calculateforcesbpm.cu(60): warning #549-D: variable "rm" is used before its value is set

Remark: The warnings can be suppressed with "-diag-suppress <warning-number>"

md_calculateforcesbpm.cu(89): warning #549-D: variable "nij" is used before its value is set

md_calculateforcesbpm.cu(117): warning #549-D: variable "_1d_rm0" is used before its value is set

md_calculateforcesbpm.cu(30): warning #177-D: variable "fijn" was declared but never referenced

md_calculateforcesbpm.cu(30): warning #550-D: variable "mijn" was set but never used

md_calculateforcesbpm.cu(30): warning #550-D: variable "mijt" was set but never used

md_calculateforcesbpm.cu(31): warning #177-D: variable "_1d_rm" was declared but never referenced

md_calculateforcesbpm.cu(31): warning #177-D: variable "rm0" was declared but never referenced

md_calculateforcesbpm.cu(31): warning #177-D: variable "epsijn" was declared but never referenced

md_calculateforcesbpm.cu(60): warning #549-D: variable "rm" is used before its value is set

Remark: The warnings can be suppressed with "-diag-suppress <warning-number>"

md_calculateforcesbpm.cu(89): warning #549-D: variable "nij" is used before its value is set

md_calculateforcesbpm.cu(117): warning #549-D: variable "_1d_rm0" is used before its value is set

md_calculateforcesbpm.cu(30): warning #177-D: variable "fijn" was declared but never referenced

md_calculateforcesbpm.cu(30): warning #550-D: variable "mijn" was set but never used

md_calculateforcesbpm.cu(30): warning #550-D: variable "mijt" was set but never used

md_calculateforcesbpm.cu(31): warning #177-D: variable "_1d_rm" was declared but never referenced

md_calculateforcesbpm.cu(31): warning #177-D: variable "rm0" was declared but never referenced

md_calculateforcesbpm.cu(31): warning #177-D: variable "epsijn" was declared but never referenced

/usr/local/cuda/bin/nvcc -ccbin g++ -I../../../Common  -m64    --threads 0 --std=c++11 -gencode arch=compute_50,code=sm_50 -gencode arch=compute_52,code=sm_52 -gencode arch=compute_60,code=sm_60 -gencode arch=compute_61,code=sm_61 -gencode arch=compute_70,code=sm_70 -gencode arch=compute_75,code=sm_75 -gencode arch=compute_80,code=sm_80 -gencode arch=compute_86,code=sm_86 -gencode arch=compute_90,code=sm_90 -gencode arch=compute_90,code=compute_90 -o md_calculateforcesdem.o -c md_calculateforcesdem.cu
In file included from md_calculateforcesdem.cu:5:
/usr/local/cuda/bin/../targets/x86_64-linux/include/math_functions.h:54:2: warning: #warning "math_functions.h is an internal header file and must not be used directly.  This file will be removed in a future CUDA release.  Please use cuda_runtime_api.h or cuda_runtime.h instead." [-Wcpp]
   54 | #warning "math_functions.h is an internal header file and must not be used directly.  This file will be removed in a future CUDA release.  Please use cuda_runtime_api.h or cuda_runtime.h instead."
      |  ^~~~~~~
In file included from /usr/local/cuda/bin/../targets/x86_64-linux/include/thrust/detail/config/config.h:27,
                 from /usr/local/cuda/bin/../targets/x86_64-linux/include/thrust/detail/config.h:23,
                 from /usr/local/cuda/bin/../targets/x86_64-linux/include/thrust/count.h:24,
                 from md_calculateforcesdem.cu:10:
/usr/local/cuda/bin/../targets/x86_64-linux/include/thrust/detail/config/cpp_dialect.h:131:13: warning: Thrust requires at least C++14. C++11 is deprecated but still supported. C++11 support will be removed in a future release. Define THRUST_IGNORE_DEPRECATED_CPP_DIALECT to suppress this message.
  131 |      THRUST_COMPILER_DEPRECATION_SOFT(C++14, C++11);
      |             ^~~~~~~~~~~~~~~~~~~~~~~~~~~~~~~~~~~~~~~~                                                                                                                                                           
In file included from /usr/local/cuda/bin/../targets/x86_64-linux/include/cub/util_arch.cuh:36,
                 from /usr/local/cuda/bin/../targets/x86_64-linux/include/cub/util_debug.cuh:40,
                 from /usr/local/cuda/bin/../targets/x86_64-linux/include/thrust/system/cuda/config.h:43,
                 from /usr/local/cuda/bin/../targets/x86_64-linux/include/thrust/system/cuda/detail/execution_policy.h:35,
                 from /usr/local/cuda/bin/../targets/x86_64-linux/include/thrust/iterator/detail/device_system_tag.h:23,
                 from /usr/local/cuda/bin/../targets/x86_64-linux/include/thrust/iterator/iterator_traits.h:62,
                 from /usr/local/cuda/bin/../targets/x86_64-linux/include/thrust/count.h:26,
                 from md_calculateforcesdem.cu:10:
/usr/local/cuda/bin/../targets/x86_64-linux/include/cub/util_cpp_dialect.cuh:142:13: warning: CUB requires at least C++14. C++11 is deprecated but still supported. C++11 support will be removed in a future release. Define CUB_IGNORE_DEPRECATED_CPP_DIALECT to suppress this message.
  142 |      CUB_COMPILER_DEPRECATION_SOFT(C++14, C++11);
      |             ^~~~~~~~~~~~~~~~~~~~~~~~~~~~~~~~~~~~~                                                                                                                                                        
In file included from md_calculateforcesdem.cu:5:
/usr/local/cuda/bin/../targets/x86_64-linux/include/math_functions.h:54:2: warning: #warning "math_functions.h is an internal header file and must not be used directly.  This file will be removed in a future CUDA release.  Please use cuda_runtime_api.h or cuda_runtime.h instead." [-Wcpp]
   54 | #warning "math_functions.h is an internal header file and must not be used directly.  This file will be removed in a future CUDA release.  Please use cuda_runtime_api.h or cuda_runtime.h instead."
      |  ^~~~~~~
In file included from /usr/local/cuda/bin/../targets/x86_64-linux/include/thrust/detail/config/config.h:27,
                 from /usr/local/cuda/bin/../targets/x86_64-linux/include/thrust/detail/config.h:23,
                 from /usr/local/cuda/bin/../targets/x86_64-linux/include/thrust/count.h:24,
                 from md_calculateforcesdem.cu:10:
/usr/local/cuda/bin/../targets/x86_64-linux/include/thrust/detail/config/cpp_dialect.h:131:13: warning: Thrust requires at least C++14. C++11 is deprecated but still supported. C++11 support will be removed in a future release. Define THRUST_IGNORE_DEPRECATED_CPP_DIALECT to suppress this message.
  131 |      THRUST_COMPILER_DEPRECATION_SOFT(C++14, C++11);
      |             ^~~~~~~~~~~~~~~~~~~~~~~~~~~~~~~~~~~~~~~~                                                                                                                                                           
In file included from /usr/local/cuda/bin/../targets/x86_64-linux/include/cub/util_arch.cuh:36,
                 from /usr/local/cuda/bin/../targets/x86_64-linux/include/cub/util_debug.cuh:40,
                 from /usr/local/cuda/bin/../targets/x86_64-linux/include/thrust/system/cuda/config.h:43,
                 from /usr/local/cuda/bin/../targets/x86_64-linux/include/thrust/system/cuda/detail/execution_policy.h:35,
                 from /usr/local/cuda/bin/../targets/x86_64-linux/include/thrust/iterator/detail/device_system_tag.h:23,
                 from /usr/local/cuda/bin/../targets/x86_64-linux/include/thrust/iterator/iterator_traits.h:62,
                 from /usr/local/cuda/bin/../targets/x86_64-linux/include/thrust/count.h:26,
                 from md_calculateforcesdem.cu:10:
/usr/local/cuda/bin/../targets/x86_64-linux/include/cub/util_cpp_dialect.cuh:142:13: warning: CUB requires at least C++14. C++11 is deprecated but still supported. C++11 support will be removed in a future release. Define CUB_IGNORE_DEPRECATED_CPP_DIALECT to suppress this message.
  142 |      CUB_COMPILER_DEPRECATION_SOFT(C++14, C++11);
      |             ^~~~~~~~~~~~~~~~~~~~~~~~~~~~~~~~~~~~~                                                                                                                                                        
In file included from md_calculateforcesdem.cu:5:
/usr/local/cuda/bin/../targets/x86_64-linux/include/math_functions.h:54:2: warning: #warning "math_functions.h is an internal header file and must not be used directly.  This file will be removed in a future CUDA release.  Please use cuda_runtime_api.h or cuda_runtime.h instead." [-Wcpp]
   54 | #warning "math_functions.h is an internal header file and must not be used directly.  This file will be removed in a future CUDA release.  Please use cuda_runtime_api.h or cuda_runtime.h instead."
      |  ^~~~~~~
In file included from /usr/local/cuda/bin/../targets/x86_64-linux/include/thrust/detail/config/config.h:27,
                 from /usr/local/cuda/bin/../targets/x86_64-linux/include/thrust/detail/config.h:23,
                 from /usr/local/cuda/bin/../targets/x86_64-linux/include/thrust/count.h:24,
                 from md_calculateforcesdem.cu:10:
/usr/local/cuda/bin/../targets/x86_64-linux/include/thrust/detail/config/cpp_dialect.h:131:13: warning: Thrust requires at least C++14. C++11 is deprecated but still supported. C++11 support will be removed in a future release. Define THRUST_IGNORE_DEPRECATED_CPP_DIALECT to suppress this message.
  131 |      THRUST_COMPILER_DEPRECATION_SOFT(C++14, C++11);
      |             ^~~~~~~~~~~~~~~~~~~~~~~~~~~~~~~~~~~~~~~~                                                                                                                                                           
In file included from /usr/local/cuda/bin/../targets/x86_64-linux/include/cub/util_arch.cuh:36,
                 from /usr/local/cuda/bin/../targets/x86_64-linux/include/cub/util_debug.cuh:40,
                 from /usr/local/cuda/bin/../targets/x86_64-linux/include/thrust/system/cuda/config.h:43,
                 from /usr/local/cuda/bin/../targets/x86_64-linux/include/thrust/system/cuda/detail/execution_policy.h:35,
                 from /usr/local/cuda/bin/../targets/x86_64-linux/include/thrust/iterator/detail/device_system_tag.h:23,
                 from /usr/local/cuda/bin/../targets/x86_64-linux/include/thrust/iterator/iterator_traits.h:62,
                 from /usr/local/cuda/bin/../targets/x86_64-linux/include/thrust/count.h:26,
                 from md_calculateforcesdem.cu:10:
/usr/local/cuda/bin/../targets/x86_64-linux/include/cub/util_cpp_dialect.cuh:142:13: warning: CUB requires at least C++14. C++11 is deprecated but still supported. C++11 support will be removed in a future release. Define CUB_IGNORE_DEPRECATED_CPP_DIALECT to suppress this message.
  142 |      CUB_COMPILER_DEPRECATION_SOFT(C++14, C++11);
      |             ^~~~~~~~~~~~~~~~~~~~~~~~~~~~~~~~~~~~~                                                                                                                                                        
In file included from md_calculateforcesdem.cu:5:
/usr/local/cuda/bin/../targets/x86_64-linux/include/math_functions.h:54:2: warning: #warning "math_functions.h is an internal header file and must not be used directly.  This file will be removed in a future CUDA release.  Please use cuda_runtime_api.h or cuda_runtime.h instead." [-Wcpp]
   54 | #warning "math_functions.h is an internal header file and must not be used directly.  This file will be removed in a future CUDA release.  Please use cuda_runtime_api.h or cuda_runtime.h instead."
      |  ^~~~~~~
In file included from /usr/local/cuda/bin/../targets/x86_64-linux/include/thrust/detail/config/config.h:27,
                 from /usr/local/cuda/bin/../targets/x86_64-linux/include/thrust/detail/config.h:23,
                 from /usr/local/cuda/bin/../targets/x86_64-linux/include/thrust/count.h:24,
                 from md_calculateforcesdem.cu:10:
/usr/local/cuda/bin/../targets/x86_64-linux/include/thrust/detail/config/cpp_dialect.h:131:13: warning: Thrust requires at least C++14. C++11 is deprecated but still supported. C++11 support will be removed in a future release. Define THRUST_IGNORE_DEPRECATED_CPP_DIALECT to suppress this message.
  131 |      THRUST_COMPILER_DEPRECATION_SOFT(C++14, C++11);
      |             ^~~~~~~~~~~~~~~~~~~~~~~~~~~~~~~~~~~~~~~~                                                                                                                                                           
In file included from /usr/local/cuda/bin/../targets/x86_64-linux/include/cub/util_arch.cuh:36,
                 from /usr/local/cuda/bin/../targets/x86_64-linux/include/cub/util_debug.cuh:40,
                 from /usr/local/cuda/bin/../targets/x86_64-linux/include/thrust/system/cuda/config.h:43,
                 from /usr/local/cuda/bin/../targets/x86_64-linux/include/thrust/system/cuda/detail/execution_policy.h:35,
                 from /usr/local/cuda/bin/../targets/x86_64-linux/include/thrust/iterator/detail/device_system_tag.h:23,
                 from /usr/local/cuda/bin/../targets/x86_64-linux/include/thrust/iterator/iterator_traits.h:62,
                 from /usr/local/cuda/bin/../targets/x86_64-linux/include/thrust/count.h:26,
                 from md_calculateforcesdem.cu:10:
/usr/local/cuda/bin/../targets/x86_64-linux/include/cub/util_cpp_dialect.cuh:142:13: warning: CUB requires at least C++14. C++11 is deprecated but still supported. C++11 support will be removed in a future release. Define CUB_IGNORE_DEPRECATED_CPP_DIALECT to suppress this message.
  142 |      CUB_COMPILER_DEPRECATION_SOFT(C++14, C++11);
      |             ^~~~~~~~~~~~~~~~~~~~~~~~~~~~~~~~~~~~~                                                                                                                                                        
In file included from md_calculateforcesdem.cu:5:
/usr/local/cuda/bin/../targets/x86_64-linux/include/math_functions.h:54:2: warning: #warning "math_functions.h is an internal header file and must not be used directly.  This file will be removed in a future CUDA release.  Please use cuda_runtime_api.h or cuda_runtime.h instead." [-Wcpp]
   54 | #warning "math_functions.h is an internal header file and must not be used directly.  This file will be removed in a future CUDA release.  Please use cuda_runtime_api.h or cuda_runtime.h instead."
      |  ^~~~~~~
In file included from /usr/local/cuda/bin/../targets/x86_64-linux/include/thrust/detail/config/config.h:27,
                 from /usr/local/cuda/bin/../targets/x86_64-linux/include/thrust/detail/config.h:23,
                 from /usr/local/cuda/bin/../targets/x86_64-linux/include/thrust/count.h:24,
                 from md_calculateforcesdem.cu:10:
/usr/local/cuda/bin/../targets/x86_64-linux/include/thrust/detail/config/cpp_dialect.h:131:13: warning: Thrust requires at least C++14. C++11 is deprecated but still supported. C++11 support will be removed in a future release. Define THRUST_IGNORE_DEPRECATED_CPP_DIALECT to suppress this message.
  131 |      THRUST_COMPILER_DEPRECATION_SOFT(C++14, C++11);
      |             ^~~~~~~~~~~~~~~~~~~~~~~~~~~~~~~~~~~~~~~~                                                                                                                                                           
In file included from /usr/local/cuda/bin/../targets/x86_64-linux/include/cub/util_arch.cuh:36,
                 from /usr/local/cuda/bin/../targets/x86_64-linux/include/cub/util_debug.cuh:40,
                 from /usr/local/cuda/bin/../targets/x86_64-linux/include/thrust/system/cuda/config.h:43,
                 from /usr/local/cuda/bin/../targets/x86_64-linux/include/thrust/system/cuda/detail/execution_policy.h:35,
                 from /usr/local/cuda/bin/../targets/x86_64-linux/include/thrust/iterator/detail/device_system_tag.h:23,
                 from /usr/local/cuda/bin/../targets/x86_64-linux/include/thrust/iterator/iterator_traits.h:62,
                 from /usr/local/cuda/bin/../targets/x86_64-linux/include/thrust/count.h:26,
                 from md_calculateforcesdem.cu:10:
/usr/local/cuda/bin/../targets/x86_64-linux/include/cub/util_cpp_dialect.cuh:142:13: warning: CUB requires at least C++14. C++11 is deprecated but still supported. C++11 support will be removed in a future release. Define CUB_IGNORE_DEPRECATED_CPP_DIALECT to suppress this message.
  142 |      CUB_COMPILER_DEPRECATION_SOFT(C++14, C++11);
      |             ^~~~~~~~~~~~~~~~~~~~~~~~~~~~~~~~~~~~~                                                                                                                                                        
In file included from md_calculateforcesdem.cu:5:
/usr/local/cuda/bin/../targets/x86_64-linux/include/math_functions.h:54:2: warning: #warning "math_functions.h is an internal header file and must not be used directly.  This file will be removed in a future CUDA release.  Please use cuda_runtime_api.h or cuda_runtime.h instead." [-Wcpp]
   54 | #warning "math_functions.h is an internal header file and must not be used directly.  This file will be removed in a future CUDA release.  Please use cuda_runtime_api.h or cuda_runtime.h instead."
      |  ^~~~~~~
In file included from /usr/local/cuda/bin/../targets/x86_64-linux/include/thrust/detail/config/config.h:27,
                 from /usr/local/cuda/bin/../targets/x86_64-linux/include/thrust/detail/config.h:23,
                 from /usr/local/cuda/bin/../targets/x86_64-linux/include/thrust/count.h:24,
                 from md_calculateforcesdem.cu:10:
/usr/local/cuda/bin/../targets/x86_64-linux/include/thrust/detail/config/cpp_dialect.h:131:13: warning: Thrust requires at least C++14. C++11 is deprecated but still supported. C++11 support will be removed in a future release. Define THRUST_IGNORE_DEPRECATED_CPP_DIALECT to suppress this message.
  131 |      THRUST_COMPILER_DEPRECATION_SOFT(C++14, C++11);
      |             ^~~~~~~~~~~~~~~~~~~~~~~~~~~~~~~~~~~~~~~~                                                                                                                                                           
In file included from /usr/local/cuda/bin/../targets/x86_64-linux/include/cub/util_arch.cuh:36,
                 from /usr/local/cuda/bin/../targets/x86_64-linux/include/cub/util_debug.cuh:40,
                 from /usr/local/cuda/bin/../targets/x86_64-linux/include/thrust/system/cuda/config.h:43,
                 from /usr/local/cuda/bin/../targets/x86_64-linux/include/thrust/system/cuda/detail/execution_policy.h:35,
                 from /usr/local/cuda/bin/../targets/x86_64-linux/include/thrust/iterator/detail/device_system_tag.h:23,
                 from /usr/local/cuda/bin/../targets/x86_64-linux/include/thrust/iterator/iterator_traits.h:62,
                 from /usr/local/cuda/bin/../targets/x86_64-linux/include/thrust/count.h:26,
                 from md_calculateforcesdem.cu:10:
/usr/local/cuda/bin/../targets/x86_64-linux/include/cub/util_cpp_dialect.cuh:142:13: warning: CUB requires at least C++14. C++11 is deprecated but still supported. C++11 support will be removed in a future release. Define CUB_IGNORE_DEPRECATED_CPP_DIALECT to suppress this message.
  142 |      CUB_COMPILER_DEPRECATION_SOFT(C++14, C++11);
      |             ^~~~~~~~~~~~~~~~~~~~~~~~~~~~~~~~~~~~~                                                                                                                                                        
In file included from md_calculateforcesdem.cu:5:
/usr/local/cuda/bin/../targets/x86_64-linux/include/math_functions.h:54:2: warning: #warning "math_functions.h is an internal header file and must not be used directly.  This file will be removed in a future CUDA release.  Please use cuda_runtime_api.h or cuda_runtime.h instead." [-Wcpp]
   54 | #warning "math_functions.h is an internal header file and must not be used directly.  This file will be removed in a future CUDA release.  Please use cuda_runtime_api.h or cuda_runtime.h instead."
      |  ^~~~~~~
In file included from /usr/local/cuda/bin/../targets/x86_64-linux/include/thrust/detail/config/config.h:27,
                 from /usr/local/cuda/bin/../targets/x86_64-linux/include/thrust/detail/config.h:23,
                 from /usr/local/cuda/bin/../targets/x86_64-linux/include/thrust/count.h:24,
                 from md_calculateforcesdem.cu:10:
/usr/local/cuda/bin/../targets/x86_64-linux/include/thrust/detail/config/cpp_dialect.h:131:13: warning: Thrust requires at least C++14. C++11 is deprecated but still supported. C++11 support will be removed in a future release. Define THRUST_IGNORE_DEPRECATED_CPP_DIALECT to suppress this message.
  131 |      THRUST_COMPILER_DEPRECATION_SOFT(C++14, C++11);
      |             ^~~~~~~~~~~~~~~~~~~~~~~~~~~~~~~~~~~~~~~~                                                                                                                                                           
In file included from /usr/local/cuda/bin/../targets/x86_64-linux/include/cub/util_arch.cuh:36,
                 from /usr/local/cuda/bin/../targets/x86_64-linux/include/cub/util_debug.cuh:40,
                 from /usr/local/cuda/bin/../targets/x86_64-linux/include/thrust/system/cuda/config.h:43,
                 from /usr/local/cuda/bin/../targets/x86_64-linux/include/thrust/system/cuda/detail/execution_policy.h:35,
                 from /usr/local/cuda/bin/../targets/x86_64-linux/include/thrust/iterator/detail/device_system_tag.h:23,
                 from /usr/local/cuda/bin/../targets/x86_64-linux/include/thrust/iterator/iterator_traits.h:62,
                 from /usr/local/cuda/bin/../targets/x86_64-linux/include/thrust/count.h:26,
                 from md_calculateforcesdem.cu:10:
/usr/local/cuda/bin/../targets/x86_64-linux/include/cub/util_cpp_dialect.cuh:142:13: warning: CUB requires at least C++14. C++11 is deprecated but still supported. C++11 support will be removed in a future release. Define CUB_IGNORE_DEPRECATED_CPP_DIALECT to suppress this message.
  142 |      CUB_COMPILER_DEPRECATION_SOFT(C++14, C++11);
      |             ^~~~~~~~~~~~~~~~~~~~~~~~~~~~~~~~~~~~~                                                                                                                                                        
In file included from md_calculateforcesdem.cu:5:
/usr/local/cuda/bin/../targets/x86_64-linux/include/math_functions.h:54:2: warning: #warning "math_functions.h is an internal header file and must not be used directly.  This file will be removed in a future CUDA release.  Please use cuda_runtime_api.h or cuda_runtime.h instead." [-Wcpp]
   54 | #warning "math_functions.h is an internal header file and must not be used directly.  This file will be removed in a future CUDA release.  Please use cuda_runtime_api.h or cuda_runtime.h instead."
      |  ^~~~~~~
In file included from /usr/local/cuda/bin/../targets/x86_64-linux/include/thrust/detail/config/config.h:27,
                 from /usr/local/cuda/bin/../targets/x86_64-linux/include/thrust/detail/config.h:23,
                 from /usr/local/cuda/bin/../targets/x86_64-linux/include/thrust/count.h:24,
                 from md_calculateforcesdem.cu:10:
/usr/local/cuda/bin/../targets/x86_64-linux/include/thrust/detail/config/cpp_dialect.h:131:13: warning: Thrust requires at least C++14. C++11 is deprecated but still supported. C++11 support will be removed in a future release. Define THRUST_IGNORE_DEPRECATED_CPP_DIALECT to suppress this message.
  131 |      THRUST_COMPILER_DEPRECATION_SOFT(C++14, C++11);
      |             ^~~~~~~~~~~~~~~~~~~~~~~~~~~~~~~~~~~~~~~~                                                                                                                                                           
In file included from /usr/local/cuda/bin/../targets/x86_64-linux/include/cub/util_arch.cuh:36,
                 from /usr/local/cuda/bin/../targets/x86_64-linux/include/cub/util_debug.cuh:40,
                 from /usr/local/cuda/bin/../targets/x86_64-linux/include/thrust/system/cuda/config.h:43,
                 from /usr/local/cuda/bin/../targets/x86_64-linux/include/thrust/system/cuda/detail/execution_policy.h:35,
                 from /usr/local/cuda/bin/../targets/x86_64-linux/include/thrust/iterator/detail/device_system_tag.h:23,
                 from /usr/local/cuda/bin/../targets/x86_64-linux/include/thrust/iterator/iterator_traits.h:62,
                 from /usr/local/cuda/bin/../targets/x86_64-linux/include/thrust/count.h:26,
                 from md_calculateforcesdem.cu:10:
/usr/local/cuda/bin/../targets/x86_64-linux/include/cub/util_cpp_dialect.cuh:142:13: warning: CUB requires at least C++14. C++11 is deprecated but still supported. C++11 support will be removed in a future release. Define CUB_IGNORE_DEPRECATED_CPP_DIALECT to suppress this message.
  142 |      CUB_COMPILER_DEPRECATION_SOFT(C++14, C++11);
      |             ^~~~~~~~~~~~~~~~~~~~~~~~~~~~~~~~~~~~~                                                                                                                                                        
In file included from md_calculateforcesdem.cu:5:
/usr/local/cuda/bin/../targets/x86_64-linux/include/math_functions.h:54:2: warning: #warning "math_functions.h is an internal header file and must not be used directly.  This file will be removed in a future CUDA release.  Please use cuda_runtime_api.h or cuda_runtime.h instead." [-Wcpp]
   54 | #warning "math_functions.h is an internal header file and must not be used directly.  This file will be removed in a future CUDA release.  Please use cuda_runtime_api.h or cuda_runtime.h instead."
      |  ^~~~~~~
In file included from /usr/local/cuda/bin/../targets/x86_64-linux/include/thrust/detail/config/config.h:27,
                 from /usr/local/cuda/bin/../targets/x86_64-linux/include/thrust/detail/config.h:23,
                 from /usr/local/cuda/bin/../targets/x86_64-linux/include/thrust/count.h:24,
                 from md_calculateforcesdem.cu:10:
/usr/local/cuda/bin/../targets/x86_64-linux/include/thrust/detail/config/cpp_dialect.h:131:13: warning: Thrust requires at least C++14. C++11 is deprecated but still supported. C++11 support will be removed in a future release. Define THRUST_IGNORE_DEPRECATED_CPP_DIALECT to suppress this message.
  131 |      THRUST_COMPILER_DEPRECATION_SOFT(C++14, C++11);
      |             ^~~~~~~~~~~~~~~~~~~~~~~~~~~~~~~~~~~~~~~~                                                                                                                                                           
In file included from /usr/local/cuda/bin/../targets/x86_64-linux/include/cub/util_arch.cuh:36,
                 from /usr/local/cuda/bin/../targets/x86_64-linux/include/cub/util_debug.cuh:40,
                 from /usr/local/cuda/bin/../targets/x86_64-linux/include/thrust/system/cuda/config.h:43,
                 from /usr/local/cuda/bin/../targets/x86_64-linux/include/thrust/system/cuda/detail/execution_policy.h:35,
                 from /usr/local/cuda/bin/../targets/x86_64-linux/include/thrust/iterator/detail/device_system_tag.h:23,
                 from /usr/local/cuda/bin/../targets/x86_64-linux/include/thrust/iterator/iterator_traits.h:62,
                 from /usr/local/cuda/bin/../targets/x86_64-linux/include/thrust/count.h:26,
                 from md_calculateforcesdem.cu:10:
/usr/local/cuda/bin/../targets/x86_64-linux/include/cub/util_cpp_dialect.cuh:142:13: warning: CUB requires at least C++14. C++11 is deprecated but still supported. C++11 support will be removed in a future release. Define CUB_IGNORE_DEPRECATED_CPP_DIALECT to suppress this message.
  142 |      CUB_COMPILER_DEPRECATION_SOFT(C++14, C++11);
      |             ^~~~~~~~~~~~~~~~~~~~~~~~~~~~~~~~~~~~~                                                                                                                                                        
In file included from md_calculateforcesdem.cu:5:
/usr/local/cuda/bin/../targets/x86_64-linux/include/math_functions.h:54:2: warning: #warning "math_functions.h is an internal header file and must not be used directly.  This file will be removed in a future CUDA release.  Please use cuda_runtime_api.h or cuda_runtime.h instead." [-Wcpp]
   54 | #warning "math_functions.h is an internal header file and must not be used directly.  This file will be removed in a future CUDA release.  Please use cuda_runtime_api.h or cuda_runtime.h instead."
      |  ^~~~~~~
In file included from /usr/local/cuda/bin/../targets/x86_64-linux/include/thrust/detail/config/config.h:27,
                 from /usr/local/cuda/bin/../targets/x86_64-linux/include/thrust/detail/config.h:23,
                 from /usr/local/cuda/bin/../targets/x86_64-linux/include/thrust/count.h:24,
                 from md_calculateforcesdem.cu:10:
/usr/local/cuda/bin/../targets/x86_64-linux/include/thrust/detail/config/cpp_dialect.h:131:13: warning: Thrust requires at least C++14. C++11 is deprecated but still supported. C++11 support will be removed in a future release. Define THRUST_IGNORE_DEPRECATED_CPP_DIALECT to suppress this message.
  131 |      THRUST_COMPILER_DEPRECATION_SOFT(C++14, C++11);
      |             ^~~~~~~~~~~~~~~~~~~~~~~~~~~~~~~~~~~~~~~~                                                                                                                                                           
In file included from /usr/local/cuda/bin/../targets/x86_64-linux/include/cub/util_arch.cuh:36,
                 from /usr/local/cuda/bin/../targets/x86_64-linux/include/cub/util_debug.cuh:40,
                 from /usr/local/cuda/bin/../targets/x86_64-linux/include/thrust/system/cuda/config.h:43,
                 from /usr/local/cuda/bin/../targets/x86_64-linux/include/thrust/system/cuda/detail/execution_policy.h:35,
                 from /usr/local/cuda/bin/../targets/x86_64-linux/include/thrust/iterator/detail/device_system_tag.h:23,
                 from /usr/local/cuda/bin/../targets/x86_64-linux/include/thrust/iterator/iterator_traits.h:62,
                 from /usr/local/cuda/bin/../targets/x86_64-linux/include/thrust/count.h:26,
                 from md_calculateforcesdem.cu:10:
/usr/local/cuda/bin/../targets/x86_64-linux/include/cub/util_cpp_dialect.cuh:142:13: warning: CUB requires at least C++14. C++11 is deprecated but still supported. C++11 support will be removed in a future release. Define CUB_IGNORE_DEPRECATED_CPP_DIALECT to suppress this message.
  142 |      CUB_COMPILER_DEPRECATION_SOFT(C++14, C++11);
      |             ^~~~~~~~~~~~~~~~~~~~~~~~~~~~~~~~~~~~~                                                                                                                                                        
md_calculateforcesdem.cu(43): warning #550-D: variable "rij" was set but never used

Remark: The warnings can be suppressed with "-diag-suppress <warning-number>"

md_calculateforcesdem.cu(43): warning #550-D: variable "rij" was set but never used

Remark: The warnings can be suppressed with "-diag-suppress <warning-number>"

md_calculateforcesdem.cu(43): warning #550-D: variable "rij" was set but never used

Remark: The warnings can be suppressed with "-diag-suppress <warning-number>"

md_calculateforcesdem.cu(43): warning #550-D: variable "rij" was set but never used

Remark: The warnings can be suppressed with "-diag-suppress <warning-number>"

md_calculateforcesdem.cu(43): warning #550-D: variable "rij" was set but never used

Remark: The warnings can be suppressed with "-diag-suppress <warning-number>"

md_calculateforcesdem.cu(43): warning #550-D: variable "rij" was set but never used

Remark: The warnings can be suppressed with "-diag-suppress <warning-number>"

md_calculateforcesdem.cu(43): warning #550-D: variable "rij" was set but never used

Remark: The warnings can be suppressed with "-diag-suppress <warning-number>"

md_calculateforcesdem.cu(43): warning #550-D: variable "rij" was set but never used

Remark: The warnings can be suppressed with "-diag-suppress <warning-number>"

md_calculateforcesdem.cu(43): warning #550-D: variable "rij" was set but never used

Remark: The warnings can be suppressed with "-diag-suppress <warning-number>"

/usr/local/cuda/bin/nvcc -ccbin g++ -I../../../Common  -m64    --threads 0 --std=c++11 -gencode arch=compute_50,code=sm_50 -gencode arch=compute_52,code=sm_52 -gencode arch=compute_60,code=sm_60 -gencode arch=compute_61,code=sm_61 -gencode arch=compute_70,code=sm_70 -gencode arch=compute_75,code=sm_75 -gencode arch=compute_80,code=sm_80 -gencode arch=compute_86,code=sm_86 -gencode arch=compute_90,code=sm_90 -gencode arch=compute_90,code=compute_90 -o md_calculateforcesdem2.o -c md_calculateforcesdem2.cu
In file included from md_calculateforcesdem2.cu:5:
/usr/local/cuda/bin/../targets/x86_64-linux/include/math_functions.h:54:2: warning: #warning "math_functions.h is an internal header file and must not be used directly.  This file will be removed in a future CUDA release.  Please use cuda_runtime_api.h or cuda_runtime.h instead." [-Wcpp]
   54 | #warning "math_functions.h is an internal header file and must not be used directly.  This file will be removed in a future CUDA release.  Please use cuda_runtime_api.h or cuda_runtime.h instead."
      |  ^~~~~~~
In file included from /usr/local/cuda/bin/../targets/x86_64-linux/include/thrust/detail/config/config.h:27,
                 from /usr/local/cuda/bin/../targets/x86_64-linux/include/thrust/detail/config.h:23,
                 from /usr/local/cuda/bin/../targets/x86_64-linux/include/thrust/count.h:24,
                 from md_calculateforcesdem2.cu:10:
/usr/local/cuda/bin/../targets/x86_64-linux/include/thrust/detail/config/cpp_dialect.h:131:13: warning: Thrust requires at least C++14. C++11 is deprecated but still supported. C++11 support will be removed in a future release. Define THRUST_IGNORE_DEPRECATED_CPP_DIALECT to suppress this message.
  131 |      THRUST_COMPILER_DEPRECATION_SOFT(C++14, C++11);
      |             ^~~~~~~~~~~~~~~~~~~~~~~~~~~~~~~~~~~~~~~~                                                                                                                                                           
In file included from /usr/local/cuda/bin/../targets/x86_64-linux/include/cub/util_arch.cuh:36,
                 from /usr/local/cuda/bin/../targets/x86_64-linux/include/cub/util_debug.cuh:40,
                 from /usr/local/cuda/bin/../targets/x86_64-linux/include/thrust/system/cuda/config.h:43,
                 from /usr/local/cuda/bin/../targets/x86_64-linux/include/thrust/system/cuda/detail/execution_policy.h:35,
                 from /usr/local/cuda/bin/../targets/x86_64-linux/include/thrust/iterator/detail/device_system_tag.h:23,
                 from /usr/local/cuda/bin/../targets/x86_64-linux/include/thrust/iterator/iterator_traits.h:62,
                 from /usr/local/cuda/bin/../targets/x86_64-linux/include/thrust/count.h:26,
                 from md_calculateforcesdem2.cu:10:
/usr/local/cuda/bin/../targets/x86_64-linux/include/cub/util_cpp_dialect.cuh:142:13: warning: CUB requires at least C++14. C++11 is deprecated but still supported. C++11 support will be removed in a future release. Define CUB_IGNORE_DEPRECATED_CPP_DIALECT to suppress this message.
  142 |      CUB_COMPILER_DEPRECATION_SOFT(C++14, C++11);
      |             ^~~~~~~~~~~~~~~~~~~~~~~~~~~~~~~~~~~~~                                                                                                                                                        
In file included from md_calculateforcesdem2.cu:5:
/usr/local/cuda/bin/../targets/x86_64-linux/include/math_functions.h:54:2: warning: #warning "math_functions.h is an internal header file and must not be used directly.  This file will be removed in a future CUDA release.  Please use cuda_runtime_api.h or cuda_runtime.h instead." [-Wcpp]
   54 | #warning "math_functions.h is an internal header file and must not be used directly.  This file will be removed in a future CUDA release.  Please use cuda_runtime_api.h or cuda_runtime.h instead."
      |  ^~~~~~~
In file included from /usr/local/cuda/bin/../targets/x86_64-linux/include/thrust/detail/config/config.h:27,
                 from /usr/local/cuda/bin/../targets/x86_64-linux/include/thrust/detail/config.h:23,
                 from /usr/local/cuda/bin/../targets/x86_64-linux/include/thrust/count.h:24,
                 from md_calculateforcesdem2.cu:10:
/usr/local/cuda/bin/../targets/x86_64-linux/include/thrust/detail/config/cpp_dialect.h:131:13: warning: Thrust requires at least C++14. C++11 is deprecated but still supported. C++11 support will be removed in a future release. Define THRUST_IGNORE_DEPRECATED_CPP_DIALECT to suppress this message.
  131 |      THRUST_COMPILER_DEPRECATION_SOFT(C++14, C++11);
      |             ^~~~~~~~~~~~~~~~~~~~~~~~~~~~~~~~~~~~~~~~                                                                                                                                                           
In file included from /usr/local/cuda/bin/../targets/x86_64-linux/include/cub/util_arch.cuh:36,
                 from /usr/local/cuda/bin/../targets/x86_64-linux/include/cub/util_debug.cuh:40,
                 from /usr/local/cuda/bin/../targets/x86_64-linux/include/thrust/system/cuda/config.h:43,
                 from /usr/local/cuda/bin/../targets/x86_64-linux/include/thrust/system/cuda/detail/execution_policy.h:35,
                 from /usr/local/cuda/bin/../targets/x86_64-linux/include/thrust/iterator/detail/device_system_tag.h:23,
                 from /usr/local/cuda/bin/../targets/x86_64-linux/include/thrust/iterator/iterator_traits.h:62,
                 from /usr/local/cuda/bin/../targets/x86_64-linux/include/thrust/count.h:26,
                 from md_calculateforcesdem2.cu:10:
/usr/local/cuda/bin/../targets/x86_64-linux/include/cub/util_cpp_dialect.cuh:142:13: warning: CUB requires at least C++14. C++11 is deprecated but still supported. C++11 support will be removed in a future release. Define CUB_IGNORE_DEPRECATED_CPP_DIALECT to suppress this message.
  142 |      CUB_COMPILER_DEPRECATION_SOFT(C++14, C++11);
      |             ^~~~~~~~~~~~~~~~~~~~~~~~~~~~~~~~~~~~~                                                                                                                                                        
In file included from md_calculateforcesdem2.cu:5:
/usr/local/cuda/bin/../targets/x86_64-linux/include/math_functions.h:54:2: warning: #warning "math_functions.h is an internal header file and must not be used directly.  This file will be removed in a future CUDA release.  Please use cuda_runtime_api.h or cuda_runtime.h instead." [-Wcpp]
   54 | #warning "math_functions.h is an internal header file and must not be used directly.  This file will be removed in a future CUDA release.  Please use cuda_runtime_api.h or cuda_runtime.h instead."
      |  ^~~~~~~
In file included from /usr/local/cuda/bin/../targets/x86_64-linux/include/thrust/detail/config/config.h:27,
                 from /usr/local/cuda/bin/../targets/x86_64-linux/include/thrust/detail/config.h:23,
                 from /usr/local/cuda/bin/../targets/x86_64-linux/include/thrust/count.h:24,
                 from md_calculateforcesdem2.cu:10:
/usr/local/cuda/bin/../targets/x86_64-linux/include/thrust/detail/config/cpp_dialect.h:131:13: warning: Thrust requires at least C++14. C++11 is deprecated but still supported. C++11 support will be removed in a future release. Define THRUST_IGNORE_DEPRECATED_CPP_DIALECT to suppress this message.
  131 |      THRUST_COMPILER_DEPRECATION_SOFT(C++14, C++11);
      |             ^~~~~~~~~~~~~~~~~~~~~~~~~~~~~~~~~~~~~~~~                                                                                                                                                           
In file included from /usr/local/cuda/bin/../targets/x86_64-linux/include/cub/util_arch.cuh:36,
                 from /usr/local/cuda/bin/../targets/x86_64-linux/include/cub/util_debug.cuh:40,
                 from /usr/local/cuda/bin/../targets/x86_64-linux/include/thrust/system/cuda/config.h:43,
                 from /usr/local/cuda/bin/../targets/x86_64-linux/include/thrust/system/cuda/detail/execution_policy.h:35,
                 from /usr/local/cuda/bin/../targets/x86_64-linux/include/thrust/iterator/detail/device_system_tag.h:23,
                 from /usr/local/cuda/bin/../targets/x86_64-linux/include/thrust/iterator/iterator_traits.h:62,
                 from /usr/local/cuda/bin/../targets/x86_64-linux/include/thrust/count.h:26,
                 from md_calculateforcesdem2.cu:10:
/usr/local/cuda/bin/../targets/x86_64-linux/include/cub/util_cpp_dialect.cuh:142:13: warning: CUB requires at least C++14. C++11 is deprecated but still supported. C++11 support will be removed in a future release. Define CUB_IGNORE_DEPRECATED_CPP_DIALECT to suppress this message.
  142 |      CUB_COMPILER_DEPRECATION_SOFT(C++14, C++11);
      |             ^~~~~~~~~~~~~~~~~~~~~~~~~~~~~~~~~~~~~                                                                                                                                                        
In file included from md_calculateforcesdem2.cu:5:
/usr/local/cuda/bin/../targets/x86_64-linux/include/math_functions.h:54:2: warning: #warning "math_functions.h is an internal header file and must not be used directly.  This file will be removed in a future CUDA release.  Please use cuda_runtime_api.h or cuda_runtime.h instead." [-Wcpp]
   54 | #warning "math_functions.h is an internal header file and must not be used directly.  This file will be removed in a future CUDA release.  Please use cuda_runtime_api.h or cuda_runtime.h instead."
      |  ^~~~~~~
In file included from /usr/local/cuda/bin/../targets/x86_64-linux/include/thrust/detail/config/config.h:27,
                 from /usr/local/cuda/bin/../targets/x86_64-linux/include/thrust/detail/config.h:23,
                 from /usr/local/cuda/bin/../targets/x86_64-linux/include/thrust/count.h:24,
                 from md_calculateforcesdem2.cu:10:
/usr/local/cuda/bin/../targets/x86_64-linux/include/thrust/detail/config/cpp_dialect.h:131:13: warning: Thrust requires at least C++14. C++11 is deprecated but still supported. C++11 support will be removed in a future release. Define THRUST_IGNORE_DEPRECATED_CPP_DIALECT to suppress this message.
  131 |      THRUST_COMPILER_DEPRECATION_SOFT(C++14, C++11);
      |             ^~~~~~~~~~~~~~~~~~~~~~~~~~~~~~~~~~~~~~~~                                                                                                                                                           
In file included from /usr/local/cuda/bin/../targets/x86_64-linux/include/cub/util_arch.cuh:36,
                 from /usr/local/cuda/bin/../targets/x86_64-linux/include/cub/util_debug.cuh:40,
                 from /usr/local/cuda/bin/../targets/x86_64-linux/include/thrust/system/cuda/config.h:43,
                 from /usr/local/cuda/bin/../targets/x86_64-linux/include/thrust/system/cuda/detail/execution_policy.h:35,
                 from /usr/local/cuda/bin/../targets/x86_64-linux/include/thrust/iterator/detail/device_system_tag.h:23,
                 from /usr/local/cuda/bin/../targets/x86_64-linux/include/thrust/iterator/iterator_traits.h:62,
                 from /usr/local/cuda/bin/../targets/x86_64-linux/include/thrust/count.h:26,
                 from md_calculateforcesdem2.cu:10:
/usr/local/cuda/bin/../targets/x86_64-linux/include/cub/util_cpp_dialect.cuh:142:13: warning: CUB requires at least C++14. C++11 is deprecated but still supported. C++11 support will be removed in a future release. Define CUB_IGNORE_DEPRECATED_CPP_DIALECT to suppress this message.
  142 |      CUB_COMPILER_DEPRECATION_SOFT(C++14, C++11);
      |             ^~~~~~~~~~~~~~~~~~~~~~~~~~~~~~~~~~~~~                                                                                                                                                        
In file included from md_calculateforcesdem2.cu:5:
/usr/local/cuda/bin/../targets/x86_64-linux/include/math_functions.h:54:2: warning: #warning "math_functions.h is an internal header file and must not be used directly.  This file will be removed in a future CUDA release.  Please use cuda_runtime_api.h or cuda_runtime.h instead." [-Wcpp]
   54 | #warning "math_functions.h is an internal header file and must not be used directly.  This file will be removed in a future CUDA release.  Please use cuda_runtime_api.h or cuda_runtime.h instead."
      |  ^~~~~~~
In file included from /usr/local/cuda/bin/../targets/x86_64-linux/include/thrust/detail/config/config.h:27,
                 from /usr/local/cuda/bin/../targets/x86_64-linux/include/thrust/detail/config.h:23,
                 from /usr/local/cuda/bin/../targets/x86_64-linux/include/thrust/count.h:24,
                 from md_calculateforcesdem2.cu:10:
/usr/local/cuda/bin/../targets/x86_64-linux/include/thrust/detail/config/cpp_dialect.h:131:13: warning: Thrust requires at least C++14. C++11 is deprecated but still supported. C++11 support will be removed in a future release. Define THRUST_IGNORE_DEPRECATED_CPP_DIALECT to suppress this message.
  131 |      THRUST_COMPILER_DEPRECATION_SOFT(C++14, C++11);
      |             ^~~~~~~~~~~~~~~~~~~~~~~~~~~~~~~~~~~~~~~~                                                                                                                                                           
In file included from /usr/local/cuda/bin/../targets/x86_64-linux/include/cub/util_arch.cuh:36,
                 from /usr/local/cuda/bin/../targets/x86_64-linux/include/cub/util_debug.cuh:40,
                 from /usr/local/cuda/bin/../targets/x86_64-linux/include/thrust/system/cuda/config.h:43,
                 from /usr/local/cuda/bin/../targets/x86_64-linux/include/thrust/system/cuda/detail/execution_policy.h:35,
                 from /usr/local/cuda/bin/../targets/x86_64-linux/include/thrust/iterator/detail/device_system_tag.h:23,
                 from /usr/local/cuda/bin/../targets/x86_64-linux/include/thrust/iterator/iterator_traits.h:62,
                 from /usr/local/cuda/bin/../targets/x86_64-linux/include/thrust/count.h:26,
                 from md_calculateforcesdem2.cu:10:
/usr/local/cuda/bin/../targets/x86_64-linux/include/cub/util_cpp_dialect.cuh:142:13: warning: CUB requires at least C++14. C++11 is deprecated but still supported. C++11 support will be removed in a future release. Define CUB_IGNORE_DEPRECATED_CPP_DIALECT to suppress this message.
  142 |      CUB_COMPILER_DEPRECATION_SOFT(C++14, C++11);
      |             ^~~~~~~~~~~~~~~~~~~~~~~~~~~~~~~~~~~~~                                                                                                                                                        
In file included from md_calculateforcesdem2.cu:5:
/usr/local/cuda/bin/../targets/x86_64-linux/include/math_functions.h:54:2: warning: #warning "math_functions.h is an internal header file and must not be used directly.  This file will be removed in a future CUDA release.  Please use cuda_runtime_api.h or cuda_runtime.h instead." [-Wcpp]
   54 | #warning "math_functions.h is an internal header file and must not be used directly.  This file will be removed in a future CUDA release.  Please use cuda_runtime_api.h or cuda_runtime.h instead."
      |  ^~~~~~~
In file included from /usr/local/cuda/bin/../targets/x86_64-linux/include/thrust/detail/config/config.h:27,
                 from /usr/local/cuda/bin/../targets/x86_64-linux/include/thrust/detail/config.h:23,
                 from /usr/local/cuda/bin/../targets/x86_64-linux/include/thrust/count.h:24,
                 from md_calculateforcesdem2.cu:10:
/usr/local/cuda/bin/../targets/x86_64-linux/include/thrust/detail/config/cpp_dialect.h:131:13: warning: Thrust requires at least C++14. C++11 is deprecated but still supported. C++11 support will be removed in a future release. Define THRUST_IGNORE_DEPRECATED_CPP_DIALECT to suppress this message.
  131 |      THRUST_COMPILER_DEPRECATION_SOFT(C++14, C++11);
      |             ^~~~~~~~~~~~~~~~~~~~~~~~~~~~~~~~~~~~~~~~                                                                                                                                                           
In file included from /usr/local/cuda/bin/../targets/x86_64-linux/include/cub/util_arch.cuh:36,
                 from /usr/local/cuda/bin/../targets/x86_64-linux/include/cub/util_debug.cuh:40,
                 from /usr/local/cuda/bin/../targets/x86_64-linux/include/thrust/system/cuda/config.h:43,
                 from /usr/local/cuda/bin/../targets/x86_64-linux/include/thrust/system/cuda/detail/execution_policy.h:35,
                 from /usr/local/cuda/bin/../targets/x86_64-linux/include/thrust/iterator/detail/device_system_tag.h:23,
                 from /usr/local/cuda/bin/../targets/x86_64-linux/include/thrust/iterator/iterator_traits.h:62,
                 from /usr/local/cuda/bin/../targets/x86_64-linux/include/thrust/count.h:26,
                 from md_calculateforcesdem2.cu:10:
/usr/local/cuda/bin/../targets/x86_64-linux/include/cub/util_cpp_dialect.cuh:142:13: warning: CUB requires at least C++14. C++11 is deprecated but still supported. C++11 support will be removed in a future release. Define CUB_IGNORE_DEPRECATED_CPP_DIALECT to suppress this message.
  142 |      CUB_COMPILER_DEPRECATION_SOFT(C++14, C++11);
      |             ^~~~~~~~~~~~~~~~~~~~~~~~~~~~~~~~~~~~~                                                                                                                                                        
In file included from md_calculateforcesdem2.cu:5:
/usr/local/cuda/bin/../targets/x86_64-linux/include/math_functions.h:54:2: warning: #warning "math_functions.h is an internal header file and must not be used directly.  This file will be removed in a future CUDA release.  Please use cuda_runtime_api.h or cuda_runtime.h instead." [-Wcpp]
   54 | #warning "math_functions.h is an internal header file and must not be used directly.  This file will be removed in a future CUDA release.  Please use cuda_runtime_api.h or cuda_runtime.h instead."
      |  ^~~~~~~
In file included from /usr/local/cuda/bin/../targets/x86_64-linux/include/thrust/detail/config/config.h:27,
                 from /usr/local/cuda/bin/../targets/x86_64-linux/include/thrust/detail/config.h:23,
                 from /usr/local/cuda/bin/../targets/x86_64-linux/include/thrust/count.h:24,
                 from md_calculateforcesdem2.cu:10:
/usr/local/cuda/bin/../targets/x86_64-linux/include/thrust/detail/config/cpp_dialect.h:131:13: warning: Thrust requires at least C++14. C++11 is deprecated but still supported. C++11 support will be removed in a future release. Define THRUST_IGNORE_DEPRECATED_CPP_DIALECT to suppress this message.
  131 |      THRUST_COMPILER_DEPRECATION_SOFT(C++14, C++11);
      |             ^~~~~~~~~~~~~~~~~~~~~~~~~~~~~~~~~~~~~~~~                                                                                                                                                           
In file included from /usr/local/cuda/bin/../targets/x86_64-linux/include/cub/util_arch.cuh:36,
                 from /usr/local/cuda/bin/../targets/x86_64-linux/include/cub/util_debug.cuh:40,
                 from /usr/local/cuda/bin/../targets/x86_64-linux/include/thrust/system/cuda/config.h:43,
                 from /usr/local/cuda/bin/../targets/x86_64-linux/include/thrust/system/cuda/detail/execution_policy.h:35,
                 from /usr/local/cuda/bin/../targets/x86_64-linux/include/thrust/iterator/detail/device_system_tag.h:23,
                 from /usr/local/cuda/bin/../targets/x86_64-linux/include/thrust/iterator/iterator_traits.h:62,
                 from /usr/local/cuda/bin/../targets/x86_64-linux/include/thrust/count.h:26,
                 from md_calculateforcesdem2.cu:10:
/usr/local/cuda/bin/../targets/x86_64-linux/include/cub/util_cpp_dialect.cuh:142:13: warning: CUB requires at least C++14. C++11 is deprecated but still supported. C++11 support will be removed in a future release. Define CUB_IGNORE_DEPRECATED_CPP_DIALECT to suppress this message.
  142 |      CUB_COMPILER_DEPRECATION_SOFT(C++14, C++11);
      |             ^~~~~~~~~~~~~~~~~~~~~~~~~~~~~~~~~~~~~                                                                                                                                                        
In file included from md_calculateforcesdem2.cu:5:
/usr/local/cuda/bin/../targets/x86_64-linux/include/math_functions.h:54:2: warning: #warning "math_functions.h is an internal header file and must not be used directly.  This file will be removed in a future CUDA release.  Please use cuda_runtime_api.h or cuda_runtime.h instead." [-Wcpp]
   54 | #warning "math_functions.h is an internal header file and must not be used directly.  This file will be removed in a future CUDA release.  Please use cuda_runtime_api.h or cuda_runtime.h instead."
      |  ^~~~~~~
In file included from /usr/local/cuda/bin/../targets/x86_64-linux/include/thrust/detail/config/config.h:27,
                 from /usr/local/cuda/bin/../targets/x86_64-linux/include/thrust/detail/config.h:23,
                 from /usr/local/cuda/bin/../targets/x86_64-linux/include/thrust/count.h:24,
                 from md_calculateforcesdem2.cu:10:
/usr/local/cuda/bin/../targets/x86_64-linux/include/thrust/detail/config/cpp_dialect.h:131:13: warning: Thrust requires at least C++14. C++11 is deprecated but still supported. C++11 support will be removed in a future release. Define THRUST_IGNORE_DEPRECATED_CPP_DIALECT to suppress this message.
  131 |      THRUST_COMPILER_DEPRECATION_SOFT(C++14, C++11);
      |             ^~~~~~~~~~~~~~~~~~~~~~~~~~~~~~~~~~~~~~~~                                                                                                                                                           
In file included from /usr/local/cuda/bin/../targets/x86_64-linux/include/cub/util_arch.cuh:36,
                 from /usr/local/cuda/bin/../targets/x86_64-linux/include/cub/util_debug.cuh:40,
                 from /usr/local/cuda/bin/../targets/x86_64-linux/include/thrust/system/cuda/config.h:43,
                 from /usr/local/cuda/bin/../targets/x86_64-linux/include/thrust/system/cuda/detail/execution_policy.h:35,
                 from /usr/local/cuda/bin/../targets/x86_64-linux/include/thrust/iterator/detail/device_system_tag.h:23,
                 from /usr/local/cuda/bin/../targets/x86_64-linux/include/thrust/iterator/iterator_traits.h:62,
                 from /usr/local/cuda/bin/../targets/x86_64-linux/include/thrust/count.h:26,
                 from md_calculateforcesdem2.cu:10:
/usr/local/cuda/bin/../targets/x86_64-linux/include/cub/util_cpp_dialect.cuh:142:13: warning: CUB requires at least C++14. C++11 is deprecated but still supported. C++11 support will be removed in a future release. Define CUB_IGNORE_DEPRECATED_CPP_DIALECT to suppress this message.
  142 |      CUB_COMPILER_DEPRECATION_SOFT(C++14, C++11);
      |             ^~~~~~~~~~~~~~~~~~~~~~~~~~~~~~~~~~~~~                                                                                                                                                        
In file included from md_calculateforcesdem2.cu:5:
/usr/local/cuda/bin/../targets/x86_64-linux/include/math_functions.h:54:2: warning: #warning "math_functions.h is an internal header file and must not be used directly.  This file will be removed in a future CUDA release.  Please use cuda_runtime_api.h or cuda_runtime.h instead." [-Wcpp]
   54 | #warning "math_functions.h is an internal header file and must not be used directly.  This file will be removed in a future CUDA release.  Please use cuda_runtime_api.h or cuda_runtime.h instead."
      |  ^~~~~~~
In file included from /usr/local/cuda/bin/../targets/x86_64-linux/include/thrust/detail/config/config.h:27,
                 from /usr/local/cuda/bin/../targets/x86_64-linux/include/thrust/detail/config.h:23,
                 from /usr/local/cuda/bin/../targets/x86_64-linux/include/thrust/count.h:24,
                 from md_calculateforcesdem2.cu:10:
/usr/local/cuda/bin/../targets/x86_64-linux/include/thrust/detail/config/cpp_dialect.h:131:13: warning: Thrust requires at least C++14. C++11 is deprecated but still supported. C++11 support will be removed in a future release. Define THRUST_IGNORE_DEPRECATED_CPP_DIALECT to suppress this message.
  131 |      THRUST_COMPILER_DEPRECATION_SOFT(C++14, C++11);
      |             ^~~~~~~~~~~~~~~~~~~~~~~~~~~~~~~~~~~~~~~~                                                                                                                                                           
In file included from /usr/local/cuda/bin/../targets/x86_64-linux/include/cub/util_arch.cuh:36,
                 from /usr/local/cuda/bin/../targets/x86_64-linux/include/cub/util_debug.cuh:40,
                 from /usr/local/cuda/bin/../targets/x86_64-linux/include/thrust/system/cuda/config.h:43,
                 from /usr/local/cuda/bin/../targets/x86_64-linux/include/thrust/system/cuda/detail/execution_policy.h:35,
                 from /usr/local/cuda/bin/../targets/x86_64-linux/include/thrust/iterator/detail/device_system_tag.h:23,
                 from /usr/local/cuda/bin/../targets/x86_64-linux/include/thrust/iterator/iterator_traits.h:62,
                 from /usr/local/cuda/bin/../targets/x86_64-linux/include/thrust/count.h:26,
                 from md_calculateforcesdem2.cu:10:
/usr/local/cuda/bin/../targets/x86_64-linux/include/cub/util_cpp_dialect.cuh:142:13: warning: CUB requires at least C++14. C++11 is deprecated but still supported. C++11 support will be removed in a future release. Define CUB_IGNORE_DEPRECATED_CPP_DIALECT to suppress this message.
  142 |      CUB_COMPILER_DEPRECATION_SOFT(C++14, C++11);
      |             ^~~~~~~~~~~~~~~~~~~~~~~~~~~~~~~~~~~~~                                                                                                                                                        
In file included from md_calculateforcesdem2.cu:5:
/usr/local/cuda/bin/../targets/x86_64-linux/include/math_functions.h:54:2: warning: #warning "math_functions.h is an internal header file and must not be used directly.  This file will be removed in a future CUDA release.  Please use cuda_runtime_api.h or cuda_runtime.h instead." [-Wcpp]
   54 | #warning "math_functions.h is an internal header file and must not be used directly.  This file will be removed in a future CUDA release.  Please use cuda_runtime_api.h or cuda_runtime.h instead."
      |  ^~~~~~~
In file included from /usr/local/cuda/bin/../targets/x86_64-linux/include/thrust/detail/config/config.h:27,
                 from /usr/local/cuda/bin/../targets/x86_64-linux/include/thrust/detail/config.h:23,
                 from /usr/local/cuda/bin/../targets/x86_64-linux/include/thrust/count.h:24,
                 from md_calculateforcesdem2.cu:10:
/usr/local/cuda/bin/../targets/x86_64-linux/include/thrust/detail/config/cpp_dialect.h:131:13: warning: Thrust requires at least C++14. C++11 is deprecated but still supported. C++11 support will be removed in a future release. Define THRUST_IGNORE_DEPRECATED_CPP_DIALECT to suppress this message.
  131 |      THRUST_COMPILER_DEPRECATION_SOFT(C++14, C++11);
      |             ^~~~~~~~~~~~~~~~~~~~~~~~~~~~~~~~~~~~~~~~                                                                                                                                                           
In file included from /usr/local/cuda/bin/../targets/x86_64-linux/include/cub/util_arch.cuh:36,
                 from /usr/local/cuda/bin/../targets/x86_64-linux/include/cub/util_debug.cuh:40,
                 from /usr/local/cuda/bin/../targets/x86_64-linux/include/thrust/system/cuda/config.h:43,
                 from /usr/local/cuda/bin/../targets/x86_64-linux/include/thrust/system/cuda/detail/execution_policy.h:35,
                 from /usr/local/cuda/bin/../targets/x86_64-linux/include/thrust/iterator/detail/device_system_tag.h:23,
                 from /usr/local/cuda/bin/../targets/x86_64-linux/include/thrust/iterator/iterator_traits.h:62,
                 from /usr/local/cuda/bin/../targets/x86_64-linux/include/thrust/count.h:26,
                 from md_calculateforcesdem2.cu:10:
/usr/local/cuda/bin/../targets/x86_64-linux/include/cub/util_cpp_dialect.cuh:142:13: warning: CUB requires at least C++14. C++11 is deprecated but still supported. C++11 support will be removed in a future release. Define CUB_IGNORE_DEPRECATED_CPP_DIALECT to suppress this message.
  142 |      CUB_COMPILER_DEPRECATION_SOFT(C++14, C++11);
      |             ^~~~~~~~~~~~~~~~~~~~~~~~~~~~~~~~~~~~~                                                                                                                                                        
md_calculateforcesdem2.cu(43): warning #550-D: variable "rij" was set but never used

Remark: The warnings can be suppressed with "-diag-suppress <warning-number>"

md_calculateforcesdem2.cu(43): warning #550-D: variable "rij" was set but never used

Remark: The warnings can be suppressed with "-diag-suppress <warning-number>"

md_calculateforcesdem2.cu(43): warning #550-D: variable "rij" was set but never used

Remark: The warnings can be suppressed with "-diag-suppress <warning-number>"

md_calculateforcesdem2.cu(43): warning #550-D: variable "rij" was set but never used

Remark: The warnings can be suppressed with "-diag-suppress <warning-number>"

md_calculateforcesdem2.cu(43): warning #550-D: variable "rij" was set but never used

Remark: The warnings can be suppressed with "-diag-suppress <warning-number>"

md_calculateforcesdem2.cu(43): warning #550-D: variable "rij" was set but never used

Remark: The warnings can be suppressed with "-diag-suppress <warning-number>"

md_calculateforcesdem2.cu(43): warning #550-D: variable "rij" was set but never used

Remark: The warnings can be suppressed with "-diag-suppress <warning-number>"

md_calculateforcesdem2.cu(43): warning #550-D: variable "rij" was set but never used

Remark: The warnings can be suppressed with "-diag-suppress <warning-number>"

md_calculateforcesdem2.cu(43): warning #550-D: variable "rij" was set but never used

Remark: The warnings can be suppressed with "-diag-suppress <warning-number>"

/usr/local/cuda/bin/nvcc -ccbin g++ -I../../../Common  -m64    --threads 0 --std=c++11 -gencode arch=compute_50,code=sm_50 -gencode arch=compute_52,code=sm_52 -gencode arch=compute_60,code=sm_60 -gencode arch=compute_61,code=sm_61 -gencode arch=compute_70,code=sm_70 -gencode arch=compute_75,code=sm_75 -gencode arch=compute_80,code=sm_80 -gencode arch=compute_86,code=sm_86 -gencode arch=compute_90,code=sm_90 -gencode arch=compute_90,code=compute_90 -o md_calculateforcesdem3.o -c md_calculateforcesdem3.cu
In file included from md_calculateforcesdem3.cu:5:
/usr/local/cuda/bin/../targets/x86_64-linux/include/math_functions.h:54:2: warning: #warning "math_functions.h is an internal header file and must not be used directly.  This file will be removed in a future CUDA release.  Please use cuda_runtime_api.h or cuda_runtime.h instead." [-Wcpp]
   54 | #warning "math_functions.h is an internal header file and must not be used directly.  This file will be removed in a future CUDA release.  Please use cuda_runtime_api.h or cuda_runtime.h instead."
      |  ^~~~~~~
In file included from /usr/local/cuda/bin/../targets/x86_64-linux/include/thrust/detail/config/config.h:27,
                 from /usr/local/cuda/bin/../targets/x86_64-linux/include/thrust/detail/config.h:23,
                 from /usr/local/cuda/bin/../targets/x86_64-linux/include/thrust/count.h:24,
                 from md_calculateforcesdem3.cu:10:
/usr/local/cuda/bin/../targets/x86_64-linux/include/thrust/detail/config/cpp_dialect.h:131:13: warning: Thrust requires at least C++14. C++11 is deprecated but still supported. C++11 support will be removed in a future release. Define THRUST_IGNORE_DEPRECATED_CPP_DIALECT to suppress this message.
  131 |      THRUST_COMPILER_DEPRECATION_SOFT(C++14, C++11);
      |             ^~~~~~~~~~~~~~~~~~~~~~~~~~~~~~~~~~~~~~~~                                                                                                                                                           
In file included from /usr/local/cuda/bin/../targets/x86_64-linux/include/cub/util_arch.cuh:36,
                 from /usr/local/cuda/bin/../targets/x86_64-linux/include/cub/util_debug.cuh:40,
                 from /usr/local/cuda/bin/../targets/x86_64-linux/include/thrust/system/cuda/config.h:43,
                 from /usr/local/cuda/bin/../targets/x86_64-linux/include/thrust/system/cuda/detail/execution_policy.h:35,
                 from /usr/local/cuda/bin/../targets/x86_64-linux/include/thrust/iterator/detail/device_system_tag.h:23,
                 from /usr/local/cuda/bin/../targets/x86_64-linux/include/thrust/iterator/iterator_traits.h:62,
                 from /usr/local/cuda/bin/../targets/x86_64-linux/include/thrust/count.h:26,
                 from md_calculateforcesdem3.cu:10:
/usr/local/cuda/bin/../targets/x86_64-linux/include/cub/util_cpp_dialect.cuh:142:13: warning: CUB requires at least C++14. C++11 is deprecated but still supported. C++11 support will be removed in a future release. Define CUB_IGNORE_DEPRECATED_CPP_DIALECT to suppress this message.
  142 |      CUB_COMPILER_DEPRECATION_SOFT(C++14, C++11);
      |             ^~~~~~~~~~~~~~~~~~~~~~~~~~~~~~~~~~~~~                                                                                                                                                        
In file included from md_calculateforcesdem3.cu:5:
/usr/local/cuda/bin/../targets/x86_64-linux/include/math_functions.h:54:2: warning: #warning "math_functions.h is an internal header file and must not be used directly.  This file will be removed in a future CUDA release.  Please use cuda_runtime_api.h or cuda_runtime.h instead." [-Wcpp]
   54 | #warning "math_functions.h is an internal header file and must not be used directly.  This file will be removed in a future CUDA release.  Please use cuda_runtime_api.h or cuda_runtime.h instead."
      |  ^~~~~~~
In file included from /usr/local/cuda/bin/../targets/x86_64-linux/include/thrust/detail/config/config.h:27,
                 from /usr/local/cuda/bin/../targets/x86_64-linux/include/thrust/detail/config.h:23,
                 from /usr/local/cuda/bin/../targets/x86_64-linux/include/thrust/count.h:24,
                 from md_calculateforcesdem3.cu:10:
/usr/local/cuda/bin/../targets/x86_64-linux/include/thrust/detail/config/cpp_dialect.h:131:13: warning: Thrust requires at least C++14. C++11 is deprecated but still supported. C++11 support will be removed in a future release. Define THRUST_IGNORE_DEPRECATED_CPP_DIALECT to suppress this message.
  131 |      THRUST_COMPILER_DEPRECATION_SOFT(C++14, C++11);
      |             ^~~~~~~~~~~~~~~~~~~~~~~~~~~~~~~~~~~~~~~~                                                                                                                                                           
In file included from /usr/local/cuda/bin/../targets/x86_64-linux/include/cub/util_arch.cuh:36,
                 from /usr/local/cuda/bin/../targets/x86_64-linux/include/cub/util_debug.cuh:40,
                 from /usr/local/cuda/bin/../targets/x86_64-linux/include/thrust/system/cuda/config.h:43,
                 from /usr/local/cuda/bin/../targets/x86_64-linux/include/thrust/system/cuda/detail/execution_policy.h:35,
                 from /usr/local/cuda/bin/../targets/x86_64-linux/include/thrust/iterator/detail/device_system_tag.h:23,
                 from /usr/local/cuda/bin/../targets/x86_64-linux/include/thrust/iterator/iterator_traits.h:62,
                 from /usr/local/cuda/bin/../targets/x86_64-linux/include/thrust/count.h:26,
                 from md_calculateforcesdem3.cu:10:
/usr/local/cuda/bin/../targets/x86_64-linux/include/cub/util_cpp_dialect.cuh:142:13: warning: CUB requires at least C++14. C++11 is deprecated but still supported. C++11 support will be removed in a future release. Define CUB_IGNORE_DEPRECATED_CPP_DIALECT to suppress this message.
  142 |      CUB_COMPILER_DEPRECATION_SOFT(C++14, C++11);
      |             ^~~~~~~~~~~~~~~~~~~~~~~~~~~~~~~~~~~~~                                                                                                                                                        
In file included from md_calculateforcesdem3.cu:5:
/usr/local/cuda/bin/../targets/x86_64-linux/include/math_functions.h:54:2: warning: #warning "math_functions.h is an internal header file and must not be used directly.  This file will be removed in a future CUDA release.  Please use cuda_runtime_api.h or cuda_runtime.h instead." [-Wcpp]
   54 | #warning "math_functions.h is an internal header file and must not be used directly.  This file will be removed in a future CUDA release.  Please use cuda_runtime_api.h or cuda_runtime.h instead."
      |  ^~~~~~~
In file included from /usr/local/cuda/bin/../targets/x86_64-linux/include/thrust/detail/config/config.h:27,
                 from /usr/local/cuda/bin/../targets/x86_64-linux/include/thrust/detail/config.h:23,
                 from /usr/local/cuda/bin/../targets/x86_64-linux/include/thrust/count.h:24,
                 from md_calculateforcesdem3.cu:10:
/usr/local/cuda/bin/../targets/x86_64-linux/include/thrust/detail/config/cpp_dialect.h:131:13: warning: Thrust requires at least C++14. C++11 is deprecated but still supported. C++11 support will be removed in a future release. Define THRUST_IGNORE_DEPRECATED_CPP_DIALECT to suppress this message.
  131 |      THRUST_COMPILER_DEPRECATION_SOFT(C++14, C++11);
      |             ^~~~~~~~~~~~~~~~~~~~~~~~~~~~~~~~~~~~~~~~                                                                                                                                                           
In file included from /usr/local/cuda/bin/../targets/x86_64-linux/include/cub/util_arch.cuh:36,
                 from /usr/local/cuda/bin/../targets/x86_64-linux/include/cub/util_debug.cuh:40,
                 from /usr/local/cuda/bin/../targets/x86_64-linux/include/thrust/system/cuda/config.h:43,
                 from /usr/local/cuda/bin/../targets/x86_64-linux/include/thrust/system/cuda/detail/execution_policy.h:35,
                 from /usr/local/cuda/bin/../targets/x86_64-linux/include/thrust/iterator/detail/device_system_tag.h:23,
                 from /usr/local/cuda/bin/../targets/x86_64-linux/include/thrust/iterator/iterator_traits.h:62,
                 from /usr/local/cuda/bin/../targets/x86_64-linux/include/thrust/count.h:26,
                 from md_calculateforcesdem3.cu:10:
/usr/local/cuda/bin/../targets/x86_64-linux/include/cub/util_cpp_dialect.cuh:142:13: warning: CUB requires at least C++14. C++11 is deprecated but still supported. C++11 support will be removed in a future release. Define CUB_IGNORE_DEPRECATED_CPP_DIALECT to suppress this message.
  142 |      CUB_COMPILER_DEPRECATION_SOFT(C++14, C++11);
      |             ^~~~~~~~~~~~~~~~~~~~~~~~~~~~~~~~~~~~~                                                                                                                                                        
In file included from md_calculateforcesdem3.cu:5:
/usr/local/cuda/bin/../targets/x86_64-linux/include/math_functions.h:54:2: warning: #warning "math_functions.h is an internal header file and must not be used directly.  This file will be removed in a future CUDA release.  Please use cuda_runtime_api.h or cuda_runtime.h instead." [-Wcpp]
   54 | #warning "math_functions.h is an internal header file and must not be used directly.  This file will be removed in a future CUDA release.  Please use cuda_runtime_api.h or cuda_runtime.h instead."
      |  ^~~~~~~
In file included from /usr/local/cuda/bin/../targets/x86_64-linux/include/thrust/detail/config/config.h:27,
                 from /usr/local/cuda/bin/../targets/x86_64-linux/include/thrust/detail/config.h:23,
                 from /usr/local/cuda/bin/../targets/x86_64-linux/include/thrust/count.h:24,
                 from md_calculateforcesdem3.cu:10:
/usr/local/cuda/bin/../targets/x86_64-linux/include/thrust/detail/config/cpp_dialect.h:131:13: warning: Thrust requires at least C++14. C++11 is deprecated but still supported. C++11 support will be removed in a future release. Define THRUST_IGNORE_DEPRECATED_CPP_DIALECT to suppress this message.
  131 |      THRUST_COMPILER_DEPRECATION_SOFT(C++14, C++11);
      |             ^~~~~~~~~~~~~~~~~~~~~~~~~~~~~~~~~~~~~~~~                                                                                                                                                           
In file included from /usr/local/cuda/bin/../targets/x86_64-linux/include/cub/util_arch.cuh:36,
                 from /usr/local/cuda/bin/../targets/x86_64-linux/include/cub/util_debug.cuh:40,
                 from /usr/local/cuda/bin/../targets/x86_64-linux/include/thrust/system/cuda/config.h:43,
                 from /usr/local/cuda/bin/../targets/x86_64-linux/include/thrust/system/cuda/detail/execution_policy.h:35,
                 from /usr/local/cuda/bin/../targets/x86_64-linux/include/thrust/iterator/detail/device_system_tag.h:23,
                 from /usr/local/cuda/bin/../targets/x86_64-linux/include/thrust/iterator/iterator_traits.h:62,
                 from /usr/local/cuda/bin/../targets/x86_64-linux/include/thrust/count.h:26,
                 from md_calculateforcesdem3.cu:10:
/usr/local/cuda/bin/../targets/x86_64-linux/include/cub/util_cpp_dialect.cuh:142:13: warning: CUB requires at least C++14. C++11 is deprecated but still supported. C++11 support will be removed in a future release. Define CUB_IGNORE_DEPRECATED_CPP_DIALECT to suppress this message.
  142 |      CUB_COMPILER_DEPRECATION_SOFT(C++14, C++11);
      |             ^~~~~~~~~~~~~~~~~~~~~~~~~~~~~~~~~~~~~                                                                                                                                                        
In file included from md_calculateforcesdem3.cu:5:
/usr/local/cuda/bin/../targets/x86_64-linux/include/math_functions.h:54:2: warning: #warning "math_functions.h is an internal header file and must not be used directly.  This file will be removed in a future CUDA release.  Please use cuda_runtime_api.h or cuda_runtime.h instead." [-Wcpp]
   54 | #warning "math_functions.h is an internal header file and must not be used directly.  This file will be removed in a future CUDA release.  Please use cuda_runtime_api.h or cuda_runtime.h instead."
      |  ^~~~~~~
In file included from /usr/local/cuda/bin/../targets/x86_64-linux/include/thrust/detail/config/config.h:27,
                 from /usr/local/cuda/bin/../targets/x86_64-linux/include/thrust/detail/config.h:23,
                 from /usr/local/cuda/bin/../targets/x86_64-linux/include/thrust/count.h:24,
                 from md_calculateforcesdem3.cu:10:
/usr/local/cuda/bin/../targets/x86_64-linux/include/thrust/detail/config/cpp_dialect.h:131:13: warning: Thrust requires at least C++14. C++11 is deprecated but still supported. C++11 support will be removed in a future release. Define THRUST_IGNORE_DEPRECATED_CPP_DIALECT to suppress this message.
  131 |      THRUST_COMPILER_DEPRECATION_SOFT(C++14, C++11);
      |             ^~~~~~~~~~~~~~~~~~~~~~~~~~~~~~~~~~~~~~~~                                                                                                                                                           
In file included from /usr/local/cuda/bin/../targets/x86_64-linux/include/cub/util_arch.cuh:36,
                 from /usr/local/cuda/bin/../targets/x86_64-linux/include/cub/util_debug.cuh:40,
                 from /usr/local/cuda/bin/../targets/x86_64-linux/include/thrust/system/cuda/config.h:43,
                 from /usr/local/cuda/bin/../targets/x86_64-linux/include/thrust/system/cuda/detail/execution_policy.h:35,
                 from /usr/local/cuda/bin/../targets/x86_64-linux/include/thrust/iterator/detail/device_system_tag.h:23,
                 from /usr/local/cuda/bin/../targets/x86_64-linux/include/thrust/iterator/iterator_traits.h:62,
                 from /usr/local/cuda/bin/../targets/x86_64-linux/include/thrust/count.h:26,
                 from md_calculateforcesdem3.cu:10:
/usr/local/cuda/bin/../targets/x86_64-linux/include/cub/util_cpp_dialect.cuh:142:13: warning: CUB requires at least C++14. C++11 is deprecated but still supported. C++11 support will be removed in a future release. Define CUB_IGNORE_DEPRECATED_CPP_DIALECT to suppress this message.
  142 |      CUB_COMPILER_DEPRECATION_SOFT(C++14, C++11);
      |             ^~~~~~~~~~~~~~~~~~~~~~~~~~~~~~~~~~~~~                                                                                                                                                        
In file included from md_calculateforcesdem3.cu:5:
/usr/local/cuda/bin/../targets/x86_64-linux/include/math_functions.h:54:2: warning: #warning "math_functions.h is an internal header file and must not be used directly.  This file will be removed in a future CUDA release.  Please use cuda_runtime_api.h or cuda_runtime.h instead." [-Wcpp]
   54 | #warning "math_functions.h is an internal header file and must not be used directly.  This file will be removed in a future CUDA release.  Please use cuda_runtime_api.h or cuda_runtime.h instead."
      |  ^~~~~~~
In file included from /usr/local/cuda/bin/../targets/x86_64-linux/include/thrust/detail/config/config.h:27,
                 from /usr/local/cuda/bin/../targets/x86_64-linux/include/thrust/detail/config.h:23,
                 from /usr/local/cuda/bin/../targets/x86_64-linux/include/thrust/count.h:24,
                 from md_calculateforcesdem3.cu:10:
/usr/local/cuda/bin/../targets/x86_64-linux/include/thrust/detail/config/cpp_dialect.h:131:13: warning: Thrust requires at least C++14. C++11 is deprecated but still supported. C++11 support will be removed in a future release. Define THRUST_IGNORE_DEPRECATED_CPP_DIALECT to suppress this message.
  131 |      THRUST_COMPILER_DEPRECATION_SOFT(C++14, C++11);
      |             ^~~~~~~~~~~~~~~~~~~~~~~~~~~~~~~~~~~~~~~~                                                                                                                                                           
In file included from /usr/local/cuda/bin/../targets/x86_64-linux/include/cub/util_arch.cuh:36,
                 from /usr/local/cuda/bin/../targets/x86_64-linux/include/cub/util_debug.cuh:40,
                 from /usr/local/cuda/bin/../targets/x86_64-linux/include/thrust/system/cuda/config.h:43,
                 from /usr/local/cuda/bin/../targets/x86_64-linux/include/thrust/system/cuda/detail/execution_policy.h:35,
                 from /usr/local/cuda/bin/../targets/x86_64-linux/include/thrust/iterator/detail/device_system_tag.h:23,
                 from /usr/local/cuda/bin/../targets/x86_64-linux/include/thrust/iterator/iterator_traits.h:62,
                 from /usr/local/cuda/bin/../targets/x86_64-linux/include/thrust/count.h:26,
                 from md_calculateforcesdem3.cu:10:
/usr/local/cuda/bin/../targets/x86_64-linux/include/cub/util_cpp_dialect.cuh:142:13: warning: CUB requires at least C++14. C++11 is deprecated but still supported. C++11 support will be removed in a future release. Define CUB_IGNORE_DEPRECATED_CPP_DIALECT to suppress this message.
  142 |      CUB_COMPILER_DEPRECATION_SOFT(C++14, C++11);
      |             ^~~~~~~~~~~~~~~~~~~~~~~~~~~~~~~~~~~~~                                                                                                                                                        
In file included from md_calculateforcesdem3.cu:5:
/usr/local/cuda/bin/../targets/x86_64-linux/include/math_functions.h:54:2: warning: #warning "math_functions.h is an internal header file and must not be used directly.  This file will be removed in a future CUDA release.  Please use cuda_runtime_api.h or cuda_runtime.h instead." [-Wcpp]
   54 | #warning "math_functions.h is an internal header file and must not be used directly.  This file will be removed in a future CUDA release.  Please use cuda_runtime_api.h or cuda_runtime.h instead."
      |  ^~~~~~~
In file included from /usr/local/cuda/bin/../targets/x86_64-linux/include/thrust/detail/config/config.h:27,
                 from /usr/local/cuda/bin/../targets/x86_64-linux/include/thrust/detail/config.h:23,
                 from /usr/local/cuda/bin/../targets/x86_64-linux/include/thrust/count.h:24,
                 from md_calculateforcesdem3.cu:10:
/usr/local/cuda/bin/../targets/x86_64-linux/include/thrust/detail/config/cpp_dialect.h:131:13: warning: Thrust requires at least C++14. C++11 is deprecated but still supported. C++11 support will be removed in a future release. Define THRUST_IGNORE_DEPRECATED_CPP_DIALECT to suppress this message.
  131 |      THRUST_COMPILER_DEPRECATION_SOFT(C++14, C++11);
      |             ^~~~~~~~~~~~~~~~~~~~~~~~~~~~~~~~~~~~~~~~                                                                                                                                                           
In file included from /usr/local/cuda/bin/../targets/x86_64-linux/include/cub/util_arch.cuh:36,
                 from /usr/local/cuda/bin/../targets/x86_64-linux/include/cub/util_debug.cuh:40,
                 from /usr/local/cuda/bin/../targets/x86_64-linux/include/thrust/system/cuda/config.h:43,
                 from /usr/local/cuda/bin/../targets/x86_64-linux/include/thrust/system/cuda/detail/execution_policy.h:35,
                 from /usr/local/cuda/bin/../targets/x86_64-linux/include/thrust/iterator/detail/device_system_tag.h:23,
                 from /usr/local/cuda/bin/../targets/x86_64-linux/include/thrust/iterator/iterator_traits.h:62,
                 from /usr/local/cuda/bin/../targets/x86_64-linux/include/thrust/count.h:26,
                 from md_calculateforcesdem3.cu:10:
/usr/local/cuda/bin/../targets/x86_64-linux/include/cub/util_cpp_dialect.cuh:142:13: warning: CUB requires at least C++14. C++11 is deprecated but still supported. C++11 support will be removed in a future release. Define CUB_IGNORE_DEPRECATED_CPP_DIALECT to suppress this message.
  142 |      CUB_COMPILER_DEPRECATION_SOFT(C++14, C++11);
      |             ^~~~~~~~~~~~~~~~~~~~~~~~~~~~~~~~~~~~~                                                                                                                                                        
In file included from md_calculateforcesdem3.cu:5:
/usr/local/cuda/bin/../targets/x86_64-linux/include/math_functions.h:54:2: warning: #warning "math_functions.h is an internal header file and must not be used directly.  This file will be removed in a future CUDA release.  Please use cuda_runtime_api.h or cuda_runtime.h instead." [-Wcpp]
   54 | #warning "math_functions.h is an internal header file and must not be used directly.  This file will be removed in a future CUDA release.  Please use cuda_runtime_api.h or cuda_runtime.h instead."
      |  ^~~~~~~
In file included from /usr/local/cuda/bin/../targets/x86_64-linux/include/thrust/detail/config/config.h:27,
                 from /usr/local/cuda/bin/../targets/x86_64-linux/include/thrust/detail/config.h:23,
                 from /usr/local/cuda/bin/../targets/x86_64-linux/include/thrust/count.h:24,
                 from md_calculateforcesdem3.cu:10:
/usr/local/cuda/bin/../targets/x86_64-linux/include/thrust/detail/config/cpp_dialect.h:131:13: warning: Thrust requires at least C++14. C++11 is deprecated but still supported. C++11 support will be removed in a future release. Define THRUST_IGNORE_DEPRECATED_CPP_DIALECT to suppress this message.
  131 |      THRUST_COMPILER_DEPRECATION_SOFT(C++14, C++11);
      |             ^~~~~~~~~~~~~~~~~~~~~~~~~~~~~~~~~~~~~~~~                                                                                                                                                           
In file included from /usr/local/cuda/bin/../targets/x86_64-linux/include/cub/util_arch.cuh:36,
                 from /usr/local/cuda/bin/../targets/x86_64-linux/include/cub/util_debug.cuh:40,
                 from /usr/local/cuda/bin/../targets/x86_64-linux/include/thrust/system/cuda/config.h:43,
                 from /usr/local/cuda/bin/../targets/x86_64-linux/include/thrust/system/cuda/detail/execution_policy.h:35,
                 from /usr/local/cuda/bin/../targets/x86_64-linux/include/thrust/iterator/detail/device_system_tag.h:23,
                 from /usr/local/cuda/bin/../targets/x86_64-linux/include/thrust/iterator/iterator_traits.h:62,
                 from /usr/local/cuda/bin/../targets/x86_64-linux/include/thrust/count.h:26,
                 from md_calculateforcesdem3.cu:10:
/usr/local/cuda/bin/../targets/x86_64-linux/include/cub/util_cpp_dialect.cuh:142:13: warning: CUB requires at least C++14. C++11 is deprecated but still supported. C++11 support will be removed in a future release. Define CUB_IGNORE_DEPRECATED_CPP_DIALECT to suppress this message.
  142 |      CUB_COMPILER_DEPRECATION_SOFT(C++14, C++11);
      |             ^~~~~~~~~~~~~~~~~~~~~~~~~~~~~~~~~~~~~                                                                                                                                                        
In file included from md_calculateforcesdem3.cu:5:
/usr/local/cuda/bin/../targets/x86_64-linux/include/math_functions.h:54:2: warning: #warning "math_functions.h is an internal header file and must not be used directly.  This file will be removed in a future CUDA release.  Please use cuda_runtime_api.h or cuda_runtime.h instead." [-Wcpp]
   54 | #warning "math_functions.h is an internal header file and must not be used directly.  This file will be removed in a future CUDA release.  Please use cuda_runtime_api.h or cuda_runtime.h instead."
      |  ^~~~~~~
In file included from /usr/local/cuda/bin/../targets/x86_64-linux/include/thrust/detail/config/config.h:27,
                 from /usr/local/cuda/bin/../targets/x86_64-linux/include/thrust/detail/config.h:23,
                 from /usr/local/cuda/bin/../targets/x86_64-linux/include/thrust/count.h:24,
                 from md_calculateforcesdem3.cu:10:
/usr/local/cuda/bin/../targets/x86_64-linux/include/thrust/detail/config/cpp_dialect.h:131:13: warning: Thrust requires at least C++14. C++11 is deprecated but still supported. C++11 support will be removed in a future release. Define THRUST_IGNORE_DEPRECATED_CPP_DIALECT to suppress this message.
  131 |      THRUST_COMPILER_DEPRECATION_SOFT(C++14, C++11);
      |             ^~~~~~~~~~~~~~~~~~~~~~~~~~~~~~~~~~~~~~~~                                                                                                                                                           
In file included from /usr/local/cuda/bin/../targets/x86_64-linux/include/cub/util_arch.cuh:36,
                 from /usr/local/cuda/bin/../targets/x86_64-linux/include/cub/util_debug.cuh:40,
                 from /usr/local/cuda/bin/../targets/x86_64-linux/include/thrust/system/cuda/config.h:43,
                 from /usr/local/cuda/bin/../targets/x86_64-linux/include/thrust/system/cuda/detail/execution_policy.h:35,
                 from /usr/local/cuda/bin/../targets/x86_64-linux/include/thrust/iterator/detail/device_system_tag.h:23,
                 from /usr/local/cuda/bin/../targets/x86_64-linux/include/thrust/iterator/iterator_traits.h:62,
                 from /usr/local/cuda/bin/../targets/x86_64-linux/include/thrust/count.h:26,
                 from md_calculateforcesdem3.cu:10:
/usr/local/cuda/bin/../targets/x86_64-linux/include/cub/util_cpp_dialect.cuh:142:13: warning: CUB requires at least C++14. C++11 is deprecated but still supported. C++11 support will be removed in a future release. Define CUB_IGNORE_DEPRECATED_CPP_DIALECT to suppress this message.
  142 |      CUB_COMPILER_DEPRECATION_SOFT(C++14, C++11);
      |             ^~~~~~~~~~~~~~~~~~~~~~~~~~~~~~~~~~~~~                                                                                                                                                        
In file included from md_calculateforcesdem3.cu:5:
/usr/local/cuda/bin/../targets/x86_64-linux/include/math_functions.h:54:2: warning: #warning "math_functions.h is an internal header file and must not be used directly.  This file will be removed in a future CUDA release.  Please use cuda_runtime_api.h or cuda_runtime.h instead." [-Wcpp]
   54 | #warning "math_functions.h is an internal header file and must not be used directly.  This file will be removed in a future CUDA release.  Please use cuda_runtime_api.h or cuda_runtime.h instead."
      |  ^~~~~~~
In file included from /usr/local/cuda/bin/../targets/x86_64-linux/include/thrust/detail/config/config.h:27,
                 from /usr/local/cuda/bin/../targets/x86_64-linux/include/thrust/detail/config.h:23,
                 from /usr/local/cuda/bin/../targets/x86_64-linux/include/thrust/count.h:24,
                 from md_calculateforcesdem3.cu:10:
/usr/local/cuda/bin/../targets/x86_64-linux/include/thrust/detail/config/cpp_dialect.h:131:13: warning: Thrust requires at least C++14. C++11 is deprecated but still supported. C++11 support will be removed in a future release. Define THRUST_IGNORE_DEPRECATED_CPP_DIALECT to suppress this message.
  131 |      THRUST_COMPILER_DEPRECATION_SOFT(C++14, C++11);
      |             ^~~~~~~~~~~~~~~~~~~~~~~~~~~~~~~~~~~~~~~~                                                                                                                                                           
In file included from /usr/local/cuda/bin/../targets/x86_64-linux/include/cub/util_arch.cuh:36,
                 from /usr/local/cuda/bin/../targets/x86_64-linux/include/cub/util_debug.cuh:40,
                 from /usr/local/cuda/bin/../targets/x86_64-linux/include/thrust/system/cuda/config.h:43,
                 from /usr/local/cuda/bin/../targets/x86_64-linux/include/thrust/system/cuda/detail/execution_policy.h:35,
                 from /usr/local/cuda/bin/../targets/x86_64-linux/include/thrust/iterator/detail/device_system_tag.h:23,
                 from /usr/local/cuda/bin/../targets/x86_64-linux/include/thrust/iterator/iterator_traits.h:62,
                 from /usr/local/cuda/bin/../targets/x86_64-linux/include/thrust/count.h:26,
                 from md_calculateforcesdem3.cu:10:
/usr/local/cuda/bin/../targets/x86_64-linux/include/cub/util_cpp_dialect.cuh:142:13: warning: CUB requires at least C++14. C++11 is deprecated but still supported. C++11 support will be removed in a future release. Define CUB_IGNORE_DEPRECATED_CPP_DIALECT to suppress this message.
  142 |      CUB_COMPILER_DEPRECATION_SOFT(C++14, C++11);
      |             ^~~~~~~~~~~~~~~~~~~~~~~~~~~~~~~~~~~~~                                                                                                                                                        
md_calculateforcesdem3.cu(61): warning #550-D: variable "rij" was set but never used

Remark: The warnings can be suppressed with "-diag-suppress <warning-number>"

md_calculateforcesdem3.cu(61): warning #550-D: variable "rij" was set but never used

Remark: The warnings can be suppressed with "-diag-suppress <warning-number>"

md_calculateforcesdem3.cu(61): warning #550-D: variable "rij" was set but never used

Remark: The warnings can be suppressed with "-diag-suppress <warning-number>"

md_calculateforcesdem3.cu(61): warning #550-D: variable "rij" was set but never used

Remark: The warnings can be suppressed with "-diag-suppress <warning-number>"

md_calculateforcesdem3.cu(61): warning #550-D: variable "rij" was set but never used

Remark: The warnings can be suppressed with "-diag-suppress <warning-number>"

md_calculateforcesdem3.cu(61): warning #550-D: variable "rij" was set but never used

Remark: The warnings can be suppressed with "-diag-suppress <warning-number>"

md_calculateforcesdem3.cu(61): warning #550-D: variable "rij" was set but never used

Remark: The warnings can be suppressed with "-diag-suppress <warning-number>"

md_calculateforcesdem3.cu(61): warning #550-D: variable "rij" was set but never used

Remark: The warnings can be suppressed with "-diag-suppress <warning-number>"

md_calculateforcesdem3.cu(61): warning #550-D: variable "rij" was set but never used

Remark: The warnings can be suppressed with "-diag-suppress <warning-number>"

/usr/local/cuda/bin/nvcc -ccbin g++ -I../../../Common  -m64    --threads 0 --std=c++11 -gencode arch=compute_50,code=sm_50 -gencode arch=compute_52,code=sm_52 -gencode arch=compute_60,code=sm_60 -gencode arch=compute_61,code=sm_61 -gencode arch=compute_70,code=sm_70 -gencode arch=compute_75,code=sm_75 -gencode arch=compute_80,code=sm_80 -gencode arch=compute_86,code=sm_86 -gencode arch=compute_90,code=sm_90 -gencode arch=compute_90,code=compute_90 -o md_calculateforcesdem6.o -c md_calculateforcesdem6.cu
In file included from md_calculateforcesdem6.cu:5:
/usr/local/cuda/bin/../targets/x86_64-linux/include/math_functions.h:54:2: warning: #warning "math_functions.h is an internal header file and must not be used directly.  This file will be removed in a future CUDA release.  Please use cuda_runtime_api.h or cuda_runtime.h instead." [-Wcpp]
   54 | #warning "math_functions.h is an internal header file and must not be used directly.  This file will be removed in a future CUDA release.  Please use cuda_runtime_api.h or cuda_runtime.h instead."
      |  ^~~~~~~
In file included from /usr/local/cuda/bin/../targets/x86_64-linux/include/thrust/detail/config/config.h:27,
                 from /usr/local/cuda/bin/../targets/x86_64-linux/include/thrust/detail/config.h:23,
                 from /usr/local/cuda/bin/../targets/x86_64-linux/include/thrust/count.h:24,
                 from md_calculateforcesdem6.cu:10:
/usr/local/cuda/bin/../targets/x86_64-linux/include/thrust/detail/config/cpp_dialect.h:131:13: warning: Thrust requires at least C++14. C++11 is deprecated but still supported. C++11 support will be removed in a future release. Define THRUST_IGNORE_DEPRECATED_CPP_DIALECT to suppress this message.
  131 |      THRUST_COMPILER_DEPRECATION_SOFT(C++14, C++11);
      |             ^~~~~~~~~~~~~~~~~~~~~~~~~~~~~~~~~~~~~~~~                                                                                                                                                           
In file included from /usr/local/cuda/bin/../targets/x86_64-linux/include/cub/util_arch.cuh:36,
                 from /usr/local/cuda/bin/../targets/x86_64-linux/include/cub/util_debug.cuh:40,
                 from /usr/local/cuda/bin/../targets/x86_64-linux/include/thrust/system/cuda/config.h:43,
                 from /usr/local/cuda/bin/../targets/x86_64-linux/include/thrust/system/cuda/detail/execution_policy.h:35,
                 from /usr/local/cuda/bin/../targets/x86_64-linux/include/thrust/iterator/detail/device_system_tag.h:23,
                 from /usr/local/cuda/bin/../targets/x86_64-linux/include/thrust/iterator/iterator_traits.h:62,
                 from /usr/local/cuda/bin/../targets/x86_64-linux/include/thrust/count.h:26,
                 from md_calculateforcesdem6.cu:10:
/usr/local/cuda/bin/../targets/x86_64-linux/include/cub/util_cpp_dialect.cuh:142:13: warning: CUB requires at least C++14. C++11 is deprecated but still supported. C++11 support will be removed in a future release. Define CUB_IGNORE_DEPRECATED_CPP_DIALECT to suppress this message.
  142 |      CUB_COMPILER_DEPRECATION_SOFT(C++14, C++11);
      |             ^~~~~~~~~~~~~~~~~~~~~~~~~~~~~~~~~~~~~                                                                                                                                                        
In file included from md_calculateforcesdem6.cu:5:
/usr/local/cuda/bin/../targets/x86_64-linux/include/math_functions.h:54:2: warning: #warning "math_functions.h is an internal header file and must not be used directly.  This file will be removed in a future CUDA release.  Please use cuda_runtime_api.h or cuda_runtime.h instead." [-Wcpp]
   54 | #warning "math_functions.h is an internal header file and must not be used directly.  This file will be removed in a future CUDA release.  Please use cuda_runtime_api.h or cuda_runtime.h instead."
      |  ^~~~~~~
In file included from /usr/local/cuda/bin/../targets/x86_64-linux/include/thrust/detail/config/config.h:27,
                 from /usr/local/cuda/bin/../targets/x86_64-linux/include/thrust/detail/config.h:23,
                 from /usr/local/cuda/bin/../targets/x86_64-linux/include/thrust/count.h:24,
                 from md_calculateforcesdem6.cu:10:
/usr/local/cuda/bin/../targets/x86_64-linux/include/thrust/detail/config/cpp_dialect.h:131:13: warning: Thrust requires at least C++14. C++11 is deprecated but still supported. C++11 support will be removed in a future release. Define THRUST_IGNORE_DEPRECATED_CPP_DIALECT to suppress this message.
  131 |      THRUST_COMPILER_DEPRECATION_SOFT(C++14, C++11);
      |             ^~~~~~~~~~~~~~~~~~~~~~~~~~~~~~~~~~~~~~~~                                                                                                                                                           
In file included from /usr/local/cuda/bin/../targets/x86_64-linux/include/cub/util_arch.cuh:36,
                 from /usr/local/cuda/bin/../targets/x86_64-linux/include/cub/util_debug.cuh:40,
                 from /usr/local/cuda/bin/../targets/x86_64-linux/include/thrust/system/cuda/config.h:43,
                 from /usr/local/cuda/bin/../targets/x86_64-linux/include/thrust/system/cuda/detail/execution_policy.h:35,
                 from /usr/local/cuda/bin/../targets/x86_64-linux/include/thrust/iterator/detail/device_system_tag.h:23,
                 from /usr/local/cuda/bin/../targets/x86_64-linux/include/thrust/iterator/iterator_traits.h:62,
                 from /usr/local/cuda/bin/../targets/x86_64-linux/include/thrust/count.h:26,
                 from md_calculateforcesdem6.cu:10:
/usr/local/cuda/bin/../targets/x86_64-linux/include/cub/util_cpp_dialect.cuh:142:13: warning: CUB requires at least C++14. C++11 is deprecated but still supported. C++11 support will be removed in a future release. Define CUB_IGNORE_DEPRECATED_CPP_DIALECT to suppress this message.
  142 |      CUB_COMPILER_DEPRECATION_SOFT(C++14, C++11);
      |             ^~~~~~~~~~~~~~~~~~~~~~~~~~~~~~~~~~~~~                                                                                                                                                        
In file included from md_calculateforcesdem6.cu:5:
/usr/local/cuda/bin/../targets/x86_64-linux/include/math_functions.h:54:2: warning: #warning "math_functions.h is an internal header file and must not be used directly.  This file will be removed in a future CUDA release.  Please use cuda_runtime_api.h or cuda_runtime.h instead." [-Wcpp]
   54 | #warning "math_functions.h is an internal header file and must not be used directly.  This file will be removed in a future CUDA release.  Please use cuda_runtime_api.h or cuda_runtime.h instead."
      |  ^~~~~~~
In file included from /usr/local/cuda/bin/../targets/x86_64-linux/include/thrust/detail/config/config.h:27,
                 from /usr/local/cuda/bin/../targets/x86_64-linux/include/thrust/detail/config.h:23,
                 from /usr/local/cuda/bin/../targets/x86_64-linux/include/thrust/count.h:24,
                 from md_calculateforcesdem6.cu:10:
/usr/local/cuda/bin/../targets/x86_64-linux/include/thrust/detail/config/cpp_dialect.h:131:13: warning: Thrust requires at least C++14. C++11 is deprecated but still supported. C++11 support will be removed in a future release. Define THRUST_IGNORE_DEPRECATED_CPP_DIALECT to suppress this message.
  131 |      THRUST_COMPILER_DEPRECATION_SOFT(C++14, C++11);
      |             ^~~~~~~~~~~~~~~~~~~~~~~~~~~~~~~~~~~~~~~~                                                                                                                                                           
In file included from /usr/local/cuda/bin/../targets/x86_64-linux/include/cub/util_arch.cuh:36,
                 from /usr/local/cuda/bin/../targets/x86_64-linux/include/cub/util_debug.cuh:40,
                 from /usr/local/cuda/bin/../targets/x86_64-linux/include/thrust/system/cuda/config.h:43,
                 from /usr/local/cuda/bin/../targets/x86_64-linux/include/thrust/system/cuda/detail/execution_policy.h:35,
                 from /usr/local/cuda/bin/../targets/x86_64-linux/include/thrust/iterator/detail/device_system_tag.h:23,
                 from /usr/local/cuda/bin/../targets/x86_64-linux/include/thrust/iterator/iterator_traits.h:62,
                 from /usr/local/cuda/bin/../targets/x86_64-linux/include/thrust/count.h:26,
                 from md_calculateforcesdem6.cu:10:
/usr/local/cuda/bin/../targets/x86_64-linux/include/cub/util_cpp_dialect.cuh:142:13: warning: CUB requires at least C++14. C++11 is deprecated but still supported. C++11 support will be removed in a future release. Define CUB_IGNORE_DEPRECATED_CPP_DIALECT to suppress this message.
  142 |      CUB_COMPILER_DEPRECATION_SOFT(C++14, C++11);
      |             ^~~~~~~~~~~~~~~~~~~~~~~~~~~~~~~~~~~~~                                                                                                                                                        
In file included from md_calculateforcesdem6.cu:5:
/usr/local/cuda/bin/../targets/x86_64-linux/include/math_functions.h:54:2: warning: #warning "math_functions.h is an internal header file and must not be used directly.  This file will be removed in a future CUDA release.  Please use cuda_runtime_api.h or cuda_runtime.h instead." [-Wcpp]
   54 | #warning "math_functions.h is an internal header file and must not be used directly.  This file will be removed in a future CUDA release.  Please use cuda_runtime_api.h or cuda_runtime.h instead."
      |  ^~~~~~~
In file included from /usr/local/cuda/bin/../targets/x86_64-linux/include/thrust/detail/config/config.h:27,
                 from /usr/local/cuda/bin/../targets/x86_64-linux/include/thrust/detail/config.h:23,
                 from /usr/local/cuda/bin/../targets/x86_64-linux/include/thrust/count.h:24,
                 from md_calculateforcesdem6.cu:10:
/usr/local/cuda/bin/../targets/x86_64-linux/include/thrust/detail/config/cpp_dialect.h:131:13: warning: Thrust requires at least C++14. C++11 is deprecated but still supported. C++11 support will be removed in a future release. Define THRUST_IGNORE_DEPRECATED_CPP_DIALECT to suppress this message.
  131 |      THRUST_COMPILER_DEPRECATION_SOFT(C++14, C++11);
      |             ^~~~~~~~~~~~~~~~~~~~~~~~~~~~~~~~~~~~~~~~                                                                                                                                                           
In file included from /usr/local/cuda/bin/../targets/x86_64-linux/include/cub/util_arch.cuh:36,
                 from /usr/local/cuda/bin/../targets/x86_64-linux/include/cub/util_debug.cuh:40,
                 from /usr/local/cuda/bin/../targets/x86_64-linux/include/thrust/system/cuda/config.h:43,
                 from /usr/local/cuda/bin/../targets/x86_64-linux/include/thrust/system/cuda/detail/execution_policy.h:35,
                 from /usr/local/cuda/bin/../targets/x86_64-linux/include/thrust/iterator/detail/device_system_tag.h:23,
                 from /usr/local/cuda/bin/../targets/x86_64-linux/include/thrust/iterator/iterator_traits.h:62,
                 from /usr/local/cuda/bin/../targets/x86_64-linux/include/thrust/count.h:26,
                 from md_calculateforcesdem6.cu:10:
/usr/local/cuda/bin/../targets/x86_64-linux/include/cub/util_cpp_dialect.cuh:142:13: warning: CUB requires at least C++14. C++11 is deprecated but still supported. C++11 support will be removed in a future release. Define CUB_IGNORE_DEPRECATED_CPP_DIALECT to suppress this message.
  142 |      CUB_COMPILER_DEPRECATION_SOFT(C++14, C++11);
      |             ^~~~~~~~~~~~~~~~~~~~~~~~~~~~~~~~~~~~~                                                                                                                                                        
In file included from md_calculateforcesdem6.cu:5:
/usr/local/cuda/bin/../targets/x86_64-linux/include/math_functions.h:54:2: warning: #warning "math_functions.h is an internal header file and must not be used directly.  This file will be removed in a future CUDA release.  Please use cuda_runtime_api.h or cuda_runtime.h instead." [-Wcpp]
   54 | #warning "math_functions.h is an internal header file and must not be used directly.  This file will be removed in a future CUDA release.  Please use cuda_runtime_api.h or cuda_runtime.h instead."
      |  ^~~~~~~
In file included from /usr/local/cuda/bin/../targets/x86_64-linux/include/thrust/detail/config/config.h:27,
                 from /usr/local/cuda/bin/../targets/x86_64-linux/include/thrust/detail/config.h:23,
                 from /usr/local/cuda/bin/../targets/x86_64-linux/include/thrust/count.h:24,
                 from md_calculateforcesdem6.cu:10:
/usr/local/cuda/bin/../targets/x86_64-linux/include/thrust/detail/config/cpp_dialect.h:131:13: warning: Thrust requires at least C++14. C++11 is deprecated but still supported. C++11 support will be removed in a future release. Define THRUST_IGNORE_DEPRECATED_CPP_DIALECT to suppress this message.
  131 |      THRUST_COMPILER_DEPRECATION_SOFT(C++14, C++11);
      |             ^~~~~~~~~~~~~~~~~~~~~~~~~~~~~~~~~~~~~~~~                                                                                                                                                           
In file included from /usr/local/cuda/bin/../targets/x86_64-linux/include/cub/util_arch.cuh:36,
                 from /usr/local/cuda/bin/../targets/x86_64-linux/include/cub/util_debug.cuh:40,
                 from /usr/local/cuda/bin/../targets/x86_64-linux/include/thrust/system/cuda/config.h:43,
                 from /usr/local/cuda/bin/../targets/x86_64-linux/include/thrust/system/cuda/detail/execution_policy.h:35,
                 from /usr/local/cuda/bin/../targets/x86_64-linux/include/thrust/iterator/detail/device_system_tag.h:23,
                 from /usr/local/cuda/bin/../targets/x86_64-linux/include/thrust/iterator/iterator_traits.h:62,
                 from /usr/local/cuda/bin/../targets/x86_64-linux/include/thrust/count.h:26,
                 from md_calculateforcesdem6.cu:10:
/usr/local/cuda/bin/../targets/x86_64-linux/include/cub/util_cpp_dialect.cuh:142:13: warning: CUB requires at least C++14. C++11 is deprecated but still supported. C++11 support will be removed in a future release. Define CUB_IGNORE_DEPRECATED_CPP_DIALECT to suppress this message.
  142 |      CUB_COMPILER_DEPRECATION_SOFT(C++14, C++11);
      |             ^~~~~~~~~~~~~~~~~~~~~~~~~~~~~~~~~~~~~                                                                                                                                                        
In file included from md_calculateforcesdem6.cu:5:
/usr/local/cuda/bin/../targets/x86_64-linux/include/math_functions.h:54:2: warning: #warning "math_functions.h is an internal header file and must not be used directly.  This file will be removed in a future CUDA release.  Please use cuda_runtime_api.h or cuda_runtime.h instead." [-Wcpp]
   54 | #warning "math_functions.h is an internal header file and must not be used directly.  This file will be removed in a future CUDA release.  Please use cuda_runtime_api.h or cuda_runtime.h instead."
      |  ^~~~~~~
In file included from /usr/local/cuda/bin/../targets/x86_64-linux/include/thrust/detail/config/config.h:27,
                 from /usr/local/cuda/bin/../targets/x86_64-linux/include/thrust/detail/config.h:23,
                 from /usr/local/cuda/bin/../targets/x86_64-linux/include/thrust/count.h:24,
                 from md_calculateforcesdem6.cu:10:
/usr/local/cuda/bin/../targets/x86_64-linux/include/thrust/detail/config/cpp_dialect.h:131:13: warning: Thrust requires at least C++14. C++11 is deprecated but still supported. C++11 support will be removed in a future release. Define THRUST_IGNORE_DEPRECATED_CPP_DIALECT to suppress this message.
  131 |      THRUST_COMPILER_DEPRECATION_SOFT(C++14, C++11);
      |             ^~~~~~~~~~~~~~~~~~~~~~~~~~~~~~~~~~~~~~~~                                                                                                                                                           
In file included from /usr/local/cuda/bin/../targets/x86_64-linux/include/cub/util_arch.cuh:36,
                 from /usr/local/cuda/bin/../targets/x86_64-linux/include/cub/util_debug.cuh:40,
                 from /usr/local/cuda/bin/../targets/x86_64-linux/include/thrust/system/cuda/config.h:43,
                 from /usr/local/cuda/bin/../targets/x86_64-linux/include/thrust/system/cuda/detail/execution_policy.h:35,
                 from /usr/local/cuda/bin/../targets/x86_64-linux/include/thrust/iterator/detail/device_system_tag.h:23,
                 from /usr/local/cuda/bin/../targets/x86_64-linux/include/thrust/iterator/iterator_traits.h:62,
                 from /usr/local/cuda/bin/../targets/x86_64-linux/include/thrust/count.h:26,
                 from md_calculateforcesdem6.cu:10:
/usr/local/cuda/bin/../targets/x86_64-linux/include/cub/util_cpp_dialect.cuh:142:13: warning: CUB requires at least C++14. C++11 is deprecated but still supported. C++11 support will be removed in a future release. Define CUB_IGNORE_DEPRECATED_CPP_DIALECT to suppress this message.
  142 |      CUB_COMPILER_DEPRECATION_SOFT(C++14, C++11);
      |             ^~~~~~~~~~~~~~~~~~~~~~~~~~~~~~~~~~~~~                                                                                                                                                        
In file included from md_calculateforcesdem6.cu:5:
/usr/local/cuda/bin/../targets/x86_64-linux/include/math_functions.h:54:2: warning: #warning "math_functions.h is an internal header file and must not be used directly.  This file will be removed in a future CUDA release.  Please use cuda_runtime_api.h or cuda_runtime.h instead." [-Wcpp]
   54 | #warning "math_functions.h is an internal header file and must not be used directly.  This file will be removed in a future CUDA release.  Please use cuda_runtime_api.h or cuda_runtime.h instead."
      |  ^~~~~~~
In file included from /usr/local/cuda/bin/../targets/x86_64-linux/include/thrust/detail/config/config.h:27,
                 from /usr/local/cuda/bin/../targets/x86_64-linux/include/thrust/detail/config.h:23,
                 from /usr/local/cuda/bin/../targets/x86_64-linux/include/thrust/count.h:24,
                 from md_calculateforcesdem6.cu:10:
/usr/local/cuda/bin/../targets/x86_64-linux/include/thrust/detail/config/cpp_dialect.h:131:13: warning: Thrust requires at least C++14. C++11 is deprecated but still supported. C++11 support will be removed in a future release. Define THRUST_IGNORE_DEPRECATED_CPP_DIALECT to suppress this message.
  131 |      THRUST_COMPILER_DEPRECATION_SOFT(C++14, C++11);
      |             ^~~~~~~~~~~~~~~~~~~~~~~~~~~~~~~~~~~~~~~~                                                                                                                                                           
In file included from /usr/local/cuda/bin/../targets/x86_64-linux/include/cub/util_arch.cuh:36,
                 from /usr/local/cuda/bin/../targets/x86_64-linux/include/cub/util_debug.cuh:40,
                 from /usr/local/cuda/bin/../targets/x86_64-linux/include/thrust/system/cuda/config.h:43,
                 from /usr/local/cuda/bin/../targets/x86_64-linux/include/thrust/system/cuda/detail/execution_policy.h:35,
                 from /usr/local/cuda/bin/../targets/x86_64-linux/include/thrust/iterator/detail/device_system_tag.h:23,
                 from /usr/local/cuda/bin/../targets/x86_64-linux/include/thrust/iterator/iterator_traits.h:62,
                 from /usr/local/cuda/bin/../targets/x86_64-linux/include/thrust/count.h:26,
                 from md_calculateforcesdem6.cu:10:
/usr/local/cuda/bin/../targets/x86_64-linux/include/cub/util_cpp_dialect.cuh:142:13: warning: CUB requires at least C++14. C++11 is deprecated but still supported. C++11 support will be removed in a future release. Define CUB_IGNORE_DEPRECATED_CPP_DIALECT to suppress this message.
  142 |      CUB_COMPILER_DEPRECATION_SOFT(C++14, C++11);
      |             ^~~~~~~~~~~~~~~~~~~~~~~~~~~~~~~~~~~~~                                                                                                                                                        
In file included from md_calculateforcesdem6.cu:5:
/usr/local/cuda/bin/../targets/x86_64-linux/include/math_functions.h:54:2: warning: #warning "math_functions.h is an internal header file and must not be used directly.  This file will be removed in a future CUDA release.  Please use cuda_runtime_api.h or cuda_runtime.h instead." [-Wcpp]
   54 | #warning "math_functions.h is an internal header file and must not be used directly.  This file will be removed in a future CUDA release.  Please use cuda_runtime_api.h or cuda_runtime.h instead."
      |  ^~~~~~~
In file included from /usr/local/cuda/bin/../targets/x86_64-linux/include/thrust/detail/config/config.h:27,
                 from /usr/local/cuda/bin/../targets/x86_64-linux/include/thrust/detail/config.h:23,
                 from /usr/local/cuda/bin/../targets/x86_64-linux/include/thrust/count.h:24,
                 from md_calculateforcesdem6.cu:10:
/usr/local/cuda/bin/../targets/x86_64-linux/include/thrust/detail/config/cpp_dialect.h:131:13: warning: Thrust requires at least C++14. C++11 is deprecated but still supported. C++11 support will be removed in a future release. Define THRUST_IGNORE_DEPRECATED_CPP_DIALECT to suppress this message.
  131 |      THRUST_COMPILER_DEPRECATION_SOFT(C++14, C++11);
      |             ^~~~~~~~~~~~~~~~~~~~~~~~~~~~~~~~~~~~~~~~                                                                                                                                                           
In file included from /usr/local/cuda/bin/../targets/x86_64-linux/include/cub/util_arch.cuh:36,
                 from /usr/local/cuda/bin/../targets/x86_64-linux/include/cub/util_debug.cuh:40,
                 from /usr/local/cuda/bin/../targets/x86_64-linux/include/thrust/system/cuda/config.h:43,
                 from /usr/local/cuda/bin/../targets/x86_64-linux/include/thrust/system/cuda/detail/execution_policy.h:35,
                 from /usr/local/cuda/bin/../targets/x86_64-linux/include/thrust/iterator/detail/device_system_tag.h:23,
                 from /usr/local/cuda/bin/../targets/x86_64-linux/include/thrust/iterator/iterator_traits.h:62,
                 from /usr/local/cuda/bin/../targets/x86_64-linux/include/thrust/count.h:26,
                 from md_calculateforcesdem6.cu:10:
/usr/local/cuda/bin/../targets/x86_64-linux/include/cub/util_cpp_dialect.cuh:142:13: warning: CUB requires at least C++14. C++11 is deprecated but still supported. C++11 support will be removed in a future release. Define CUB_IGNORE_DEPRECATED_CPP_DIALECT to suppress this message.
  142 |      CUB_COMPILER_DEPRECATION_SOFT(C++14, C++11);
      |             ^~~~~~~~~~~~~~~~~~~~~~~~~~~~~~~~~~~~~                                                                                                                                                        
In file included from md_calculateforcesdem6.cu:5:
/usr/local/cuda/bin/../targets/x86_64-linux/include/math_functions.h:54:2: warning: #warning "math_functions.h is an internal header file and must not be used directly.  This file will be removed in a future CUDA release.  Please use cuda_runtime_api.h or cuda_runtime.h instead." [-Wcpp]
   54 | #warning "math_functions.h is an internal header file and must not be used directly.  This file will be removed in a future CUDA release.  Please use cuda_runtime_api.h or cuda_runtime.h instead."
      |  ^~~~~~~
In file included from /usr/local/cuda/bin/../targets/x86_64-linux/include/thrust/detail/config/config.h:27,
                 from /usr/local/cuda/bin/../targets/x86_64-linux/include/thrust/detail/config.h:23,
                 from /usr/local/cuda/bin/../targets/x86_64-linux/include/thrust/count.h:24,
                 from md_calculateforcesdem6.cu:10:
/usr/local/cuda/bin/../targets/x86_64-linux/include/thrust/detail/config/cpp_dialect.h:131:13: warning: Thrust requires at least C++14. C++11 is deprecated but still supported. C++11 support will be removed in a future release. Define THRUST_IGNORE_DEPRECATED_CPP_DIALECT to suppress this message.
  131 |      THRUST_COMPILER_DEPRECATION_SOFT(C++14, C++11);
      |             ^~~~~~~~~~~~~~~~~~~~~~~~~~~~~~~~~~~~~~~~                                                                                                                                                           
In file included from /usr/local/cuda/bin/../targets/x86_64-linux/include/cub/util_arch.cuh:36,
                 from /usr/local/cuda/bin/../targets/x86_64-linux/include/cub/util_debug.cuh:40,
                 from /usr/local/cuda/bin/../targets/x86_64-linux/include/thrust/system/cuda/config.h:43,
                 from /usr/local/cuda/bin/../targets/x86_64-linux/include/thrust/system/cuda/detail/execution_policy.h:35,
                 from /usr/local/cuda/bin/../targets/x86_64-linux/include/thrust/iterator/detail/device_system_tag.h:23,
                 from /usr/local/cuda/bin/../targets/x86_64-linux/include/thrust/iterator/iterator_traits.h:62,
                 from /usr/local/cuda/bin/../targets/x86_64-linux/include/thrust/count.h:26,
                 from md_calculateforcesdem6.cu:10:
/usr/local/cuda/bin/../targets/x86_64-linux/include/cub/util_cpp_dialect.cuh:142:13: warning: CUB requires at least C++14. C++11 is deprecated but still supported. C++11 support will be removed in a future release. Define CUB_IGNORE_DEPRECATED_CPP_DIALECT to suppress this message.
  142 |      CUB_COMPILER_DEPRECATION_SOFT(C++14, C++11);
      |             ^~~~~~~~~~~~~~~~~~~~~~~~~~~~~~~~~~~~~                                                                                                                                                        
In file included from md_calculateforcesdem6.cu:5:
/usr/local/cuda/bin/../targets/x86_64-linux/include/math_functions.h:54:2: warning: #warning "math_functions.h is an internal header file and must not be used directly.  This file will be removed in a future CUDA release.  Please use cuda_runtime_api.h or cuda_runtime.h instead." [-Wcpp]
   54 | #warning "math_functions.h is an internal header file and must not be used directly.  This file will be removed in a future CUDA release.  Please use cuda_runtime_api.h or cuda_runtime.h instead."
      |  ^~~~~~~
In file included from /usr/local/cuda/bin/../targets/x86_64-linux/include/thrust/detail/config/config.h:27,
                 from /usr/local/cuda/bin/../targets/x86_64-linux/include/thrust/detail/config.h:23,
                 from /usr/local/cuda/bin/../targets/x86_64-linux/include/thrust/count.h:24,
                 from md_calculateforcesdem6.cu:10:
/usr/local/cuda/bin/../targets/x86_64-linux/include/thrust/detail/config/cpp_dialect.h:131:13: warning: Thrust requires at least C++14. C++11 is deprecated but still supported. C++11 support will be removed in a future release. Define THRUST_IGNORE_DEPRECATED_CPP_DIALECT to suppress this message.
  131 |      THRUST_COMPILER_DEPRECATION_SOFT(C++14, C++11);
      |             ^~~~~~~~~~~~~~~~~~~~~~~~~~~~~~~~~~~~~~~~                                                                                                                                                           
In file included from /usr/local/cuda/bin/../targets/x86_64-linux/include/cub/util_arch.cuh:36,
                 from /usr/local/cuda/bin/../targets/x86_64-linux/include/cub/util_debug.cuh:40,
                 from /usr/local/cuda/bin/../targets/x86_64-linux/include/thrust/system/cuda/config.h:43,
                 from /usr/local/cuda/bin/../targets/x86_64-linux/include/thrust/system/cuda/detail/execution_policy.h:35,
                 from /usr/local/cuda/bin/../targets/x86_64-linux/include/thrust/iterator/detail/device_system_tag.h:23,
                 from /usr/local/cuda/bin/../targets/x86_64-linux/include/thrust/iterator/iterator_traits.h:62,
                 from /usr/local/cuda/bin/../targets/x86_64-linux/include/thrust/count.h:26,
                 from md_calculateforcesdem6.cu:10:
/usr/local/cuda/bin/../targets/x86_64-linux/include/cub/util_cpp_dialect.cuh:142:13: warning: CUB requires at least C++14. C++11 is deprecated but still supported. C++11 support will be removed in a future release. Define CUB_IGNORE_DEPRECATED_CPP_DIALECT to suppress this message.
  142 |      CUB_COMPILER_DEPRECATION_SOFT(C++14, C++11);
      |             ^~~~~~~~~~~~~~~~~~~~~~~~~~~~~~~~~~~~~                                                                                                                                                        
md_calculateforcesdem6.cu(61): warning #550-D: variable "rij" was set but never used

Remark: The warnings can be suppressed with "-diag-suppress <warning-number>"

md_calculateforcesdem6.cu(61): warning #550-D: variable "rij" was set but never used

Remark: The warnings can be suppressed with "-diag-suppress <warning-number>"

md_calculateforcesdem6.cu(61): warning #550-D: variable "rij" was set but never used

Remark: The warnings can be suppressed with "-diag-suppress <warning-number>"

md_calculateforcesdem6.cu(61): warning #550-D: variable "rij" was set but never used

Remark: The warnings can be suppressed with "-diag-suppress <warning-number>"

md_calculateforcesdem6.cu(61): warning #550-D: variable "rij" was set but never used

Remark: The warnings can be suppressed with "-diag-suppress <warning-number>"

md_calculateforcesdem6.cu(61): warning #550-D: variable "rij" was set but never used

Remark: The warnings can be suppressed with "-diag-suppress <warning-number>"

md_calculateforcesdem6.cu(61): warning #550-D: variable "rij" was set but never used

Remark: The warnings can be suppressed with "-diag-suppress <warning-number>"

md_calculateforcesdem6.cu(61): warning #550-D: variable "rij" was set but never used

Remark: The warnings can be suppressed with "-diag-suppress <warning-number>"

md_calculateforcesdem6.cu(61): warning #550-D: variable "rij" was set but never used

Remark: The warnings can be suppressed with "-diag-suppress <warning-number>"

/usr/local/cuda/bin/nvcc -ccbin g++ -I../../../Common  -m64    --threads 0 --std=c++11 -gencode arch=compute_50,code=sm_50 -gencode arch=compute_52,code=sm_52 -gencode arch=compute_60,code=sm_60 -gencode arch=compute_61,code=sm_61 -gencode arch=compute_70,code=sm_70 -gencode arch=compute_75,code=sm_75 -gencode arch=compute_80,code=sm_80 -gencode arch=compute_86,code=sm_86 -gencode arch=compute_90,code=sm_90 -gencode arch=compute_90,code=compute_90 -o md_calculateforceslj.o -c md_calculateforceslj.cu
In file included from md_calculateforceslj.cu:5:
/usr/local/cuda/bin/../targets/x86_64-linux/include/math_functions.h:54:2: warning: #warning "math_functions.h is an internal header file and must not be used directly.  This file will be removed in a future CUDA release.  Please use cuda_runtime_api.h or cuda_runtime.h instead." [-Wcpp]
   54 | #warning "math_functions.h is an internal header file and must not be used directly.  This file will be removed in a future CUDA release.  Please use cuda_runtime_api.h or cuda_runtime.h instead."
      |  ^~~~~~~
In file included from /usr/local/cuda/bin/../targets/x86_64-linux/include/thrust/detail/config/config.h:27,
                 from /usr/local/cuda/bin/../targets/x86_64-linux/include/thrust/detail/config.h:23,
                 from /usr/local/cuda/bin/../targets/x86_64-linux/include/thrust/count.h:24,
                 from md_calculateforceslj.cu:10:
/usr/local/cuda/bin/../targets/x86_64-linux/include/thrust/detail/config/cpp_dialect.h:131:13: warning: Thrust requires at least C++14. C++11 is deprecated but still supported. C++11 support will be removed in a future release. Define THRUST_IGNORE_DEPRECATED_CPP_DIALECT to suppress this message.
  131 |      THRUST_COMPILER_DEPRECATION_SOFT(C++14, C++11);
      |             ^~~~~~~~~~~~~~~~~~~~~~~~~~~~~~~~~~~~~~~~                                                                                                                                                           
In file included from /usr/local/cuda/bin/../targets/x86_64-linux/include/cub/util_arch.cuh:36,
                 from /usr/local/cuda/bin/../targets/x86_64-linux/include/cub/util_debug.cuh:40,
                 from /usr/local/cuda/bin/../targets/x86_64-linux/include/thrust/system/cuda/config.h:43,
                 from /usr/local/cuda/bin/../targets/x86_64-linux/include/thrust/system/cuda/detail/execution_policy.h:35,
                 from /usr/local/cuda/bin/../targets/x86_64-linux/include/thrust/iterator/detail/device_system_tag.h:23,
                 from /usr/local/cuda/bin/../targets/x86_64-linux/include/thrust/iterator/iterator_traits.h:62,
                 from /usr/local/cuda/bin/../targets/x86_64-linux/include/thrust/count.h:26,
                 from md_calculateforceslj.cu:10:
/usr/local/cuda/bin/../targets/x86_64-linux/include/cub/util_cpp_dialect.cuh:142:13: warning: CUB requires at least C++14. C++11 is deprecated but still supported. C++11 support will be removed in a future release. Define CUB_IGNORE_DEPRECATED_CPP_DIALECT to suppress this message.
  142 |      CUB_COMPILER_DEPRECATION_SOFT(C++14, C++11);
      |             ^~~~~~~~~~~~~~~~~~~~~~~~~~~~~~~~~~~~~                                                                                                                                                        
In file included from md_calculateforceslj.cu:5:
/usr/local/cuda/bin/../targets/x86_64-linux/include/math_functions.h:54:2: warning: #warning "math_functions.h is an internal header file and must not be used directly.  This file will be removed in a future CUDA release.  Please use cuda_runtime_api.h or cuda_runtime.h instead." [-Wcpp]
   54 | #warning "math_functions.h is an internal header file and must not be used directly.  This file will be removed in a future CUDA release.  Please use cuda_runtime_api.h or cuda_runtime.h instead."
      |  ^~~~~~~
In file included from /usr/local/cuda/bin/../targets/x86_64-linux/include/thrust/detail/config/config.h:27,
                 from /usr/local/cuda/bin/../targets/x86_64-linux/include/thrust/detail/config.h:23,
                 from /usr/local/cuda/bin/../targets/x86_64-linux/include/thrust/count.h:24,
                 from md_calculateforceslj.cu:10:
/usr/local/cuda/bin/../targets/x86_64-linux/include/thrust/detail/config/cpp_dialect.h:131:13: warning: Thrust requires at least C++14. C++11 is deprecated but still supported. C++11 support will be removed in a future release. Define THRUST_IGNORE_DEPRECATED_CPP_DIALECT to suppress this message.
  131 |      THRUST_COMPILER_DEPRECATION_SOFT(C++14, C++11);
      |             ^~~~~~~~~~~~~~~~~~~~~~~~~~~~~~~~~~~~~~~~                                                                                                                                                           
In file included from /usr/local/cuda/bin/../targets/x86_64-linux/include/cub/util_arch.cuh:36,
                 from /usr/local/cuda/bin/../targets/x86_64-linux/include/cub/util_debug.cuh:40,
                 from /usr/local/cuda/bin/../targets/x86_64-linux/include/thrust/system/cuda/config.h:43,
                 from /usr/local/cuda/bin/../targets/x86_64-linux/include/thrust/system/cuda/detail/execution_policy.h:35,
                 from /usr/local/cuda/bin/../targets/x86_64-linux/include/thrust/iterator/detail/device_system_tag.h:23,
                 from /usr/local/cuda/bin/../targets/x86_64-linux/include/thrust/iterator/iterator_traits.h:62,
                 from /usr/local/cuda/bin/../targets/x86_64-linux/include/thrust/count.h:26,
                 from md_calculateforceslj.cu:10:
/usr/local/cuda/bin/../targets/x86_64-linux/include/cub/util_cpp_dialect.cuh:142:13: warning: CUB requires at least C++14. C++11 is deprecated but still supported. C++11 support will be removed in a future release. Define CUB_IGNORE_DEPRECATED_CPP_DIALECT to suppress this message.
  142 |      CUB_COMPILER_DEPRECATION_SOFT(C++14, C++11);
      |             ^~~~~~~~~~~~~~~~~~~~~~~~~~~~~~~~~~~~~                                                                                                                                                        
In file included from md_calculateforceslj.cu:5:
/usr/local/cuda/bin/../targets/x86_64-linux/include/math_functions.h:54:2: warning: #warning "math_functions.h is an internal header file and must not be used directly.  This file will be removed in a future CUDA release.  Please use cuda_runtime_api.h or cuda_runtime.h instead." [-Wcpp]
   54 | #warning "math_functions.h is an internal header file and must not be used directly.  This file will be removed in a future CUDA release.  Please use cuda_runtime_api.h or cuda_runtime.h instead."
      |  ^~~~~~~
In file included from /usr/local/cuda/bin/../targets/x86_64-linux/include/thrust/detail/config/config.h:27,
                 from /usr/local/cuda/bin/../targets/x86_64-linux/include/thrust/detail/config.h:23,
                 from /usr/local/cuda/bin/../targets/x86_64-linux/include/thrust/count.h:24,
                 from md_calculateforceslj.cu:10:
/usr/local/cuda/bin/../targets/x86_64-linux/include/thrust/detail/config/cpp_dialect.h:131:13: warning: Thrust requires at least C++14. C++11 is deprecated but still supported. C++11 support will be removed in a future release. Define THRUST_IGNORE_DEPRECATED_CPP_DIALECT to suppress this message.
  131 |      THRUST_COMPILER_DEPRECATION_SOFT(C++14, C++11);
      |             ^~~~~~~~~~~~~~~~~~~~~~~~~~~~~~~~~~~~~~~~                                                                                                                                                           
In file included from /usr/local/cuda/bin/../targets/x86_64-linux/include/cub/util_arch.cuh:36,
                 from /usr/local/cuda/bin/../targets/x86_64-linux/include/cub/util_debug.cuh:40,
                 from /usr/local/cuda/bin/../targets/x86_64-linux/include/thrust/system/cuda/config.h:43,
                 from /usr/local/cuda/bin/../targets/x86_64-linux/include/thrust/system/cuda/detail/execution_policy.h:35,
                 from /usr/local/cuda/bin/../targets/x86_64-linux/include/thrust/iterator/detail/device_system_tag.h:23,
                 from /usr/local/cuda/bin/../targets/x86_64-linux/include/thrust/iterator/iterator_traits.h:62,
                 from /usr/local/cuda/bin/../targets/x86_64-linux/include/thrust/count.h:26,
                 from md_calculateforceslj.cu:10:
/usr/local/cuda/bin/../targets/x86_64-linux/include/cub/util_cpp_dialect.cuh:142:13: warning: CUB requires at least C++14. C++11 is deprecated but still supported. C++11 support will be removed in a future release. Define CUB_IGNORE_DEPRECATED_CPP_DIALECT to suppress this message.
  142 |      CUB_COMPILER_DEPRECATION_SOFT(C++14, C++11);
      |             ^~~~~~~~~~~~~~~~~~~~~~~~~~~~~~~~~~~~~                                                                                                                                                        
In file included from md_calculateforceslj.cu:5:
/usr/local/cuda/bin/../targets/x86_64-linux/include/math_functions.h:54:2: warning: #warning "math_functions.h is an internal header file and must not be used directly.  This file will be removed in a future CUDA release.  Please use cuda_runtime_api.h or cuda_runtime.h instead." [-Wcpp]
   54 | #warning "math_functions.h is an internal header file and must not be used directly.  This file will be removed in a future CUDA release.  Please use cuda_runtime_api.h or cuda_runtime.h instead."
      |  ^~~~~~~
In file included from /usr/local/cuda/bin/../targets/x86_64-linux/include/thrust/detail/config/config.h:27,
                 from /usr/local/cuda/bin/../targets/x86_64-linux/include/thrust/detail/config.h:23,
                 from /usr/local/cuda/bin/../targets/x86_64-linux/include/thrust/count.h:24,
                 from md_calculateforceslj.cu:10:
/usr/local/cuda/bin/../targets/x86_64-linux/include/thrust/detail/config/cpp_dialect.h:131:13: warning: Thrust requires at least C++14. C++11 is deprecated but still supported. C++11 support will be removed in a future release. Define THRUST_IGNORE_DEPRECATED_CPP_DIALECT to suppress this message.
  131 |      THRUST_COMPILER_DEPRECATION_SOFT(C++14, C++11);
      |             ^~~~~~~~~~~~~~~~~~~~~~~~~~~~~~~~~~~~~~~~                                                                                                                                                           
In file included from /usr/local/cuda/bin/../targets/x86_64-linux/include/cub/util_arch.cuh:36,
                 from /usr/local/cuda/bin/../targets/x86_64-linux/include/cub/util_debug.cuh:40,
                 from /usr/local/cuda/bin/../targets/x86_64-linux/include/thrust/system/cuda/config.h:43,
                 from /usr/local/cuda/bin/../targets/x86_64-linux/include/thrust/system/cuda/detail/execution_policy.h:35,
                 from /usr/local/cuda/bin/../targets/x86_64-linux/include/thrust/iterator/detail/device_system_tag.h:23,
                 from /usr/local/cuda/bin/../targets/x86_64-linux/include/thrust/iterator/iterator_traits.h:62,
                 from /usr/local/cuda/bin/../targets/x86_64-linux/include/thrust/count.h:26,
                 from md_calculateforceslj.cu:10:
/usr/local/cuda/bin/../targets/x86_64-linux/include/cub/util_cpp_dialect.cuh:142:13: warning: CUB requires at least C++14. C++11 is deprecated but still supported. C++11 support will be removed in a future release. Define CUB_IGNORE_DEPRECATED_CPP_DIALECT to suppress this message.
  142 |      CUB_COMPILER_DEPRECATION_SOFT(C++14, C++11);
      |             ^~~~~~~~~~~~~~~~~~~~~~~~~~~~~~~~~~~~~                                                                                                                                                        
In file included from md_calculateforceslj.cu:5:
/usr/local/cuda/bin/../targets/x86_64-linux/include/math_functions.h:54:2: warning: #warning "math_functions.h is an internal header file and must not be used directly.  This file will be removed in a future CUDA release.  Please use cuda_runtime_api.h or cuda_runtime.h instead." [-Wcpp]
   54 | #warning "math_functions.h is an internal header file and must not be used directly.  This file will be removed in a future CUDA release.  Please use cuda_runtime_api.h or cuda_runtime.h instead."
      |  ^~~~~~~
In file included from /usr/local/cuda/bin/../targets/x86_64-linux/include/thrust/detail/config/config.h:27,
                 from /usr/local/cuda/bin/../targets/x86_64-linux/include/thrust/detail/config.h:23,
                 from /usr/local/cuda/bin/../targets/x86_64-linux/include/thrust/count.h:24,
                 from md_calculateforceslj.cu:10:
/usr/local/cuda/bin/../targets/x86_64-linux/include/thrust/detail/config/cpp_dialect.h:131:13: warning: Thrust requires at least C++14. C++11 is deprecated but still supported. C++11 support will be removed in a future release. Define THRUST_IGNORE_DEPRECATED_CPP_DIALECT to suppress this message.
  131 |      THRUST_COMPILER_DEPRECATION_SOFT(C++14, C++11);
      |             ^~~~~~~~~~~~~~~~~~~~~~~~~~~~~~~~~~~~~~~~                                                                                                                                                           
In file included from /usr/local/cuda/bin/../targets/x86_64-linux/include/cub/util_arch.cuh:36,
                 from /usr/local/cuda/bin/../targets/x86_64-linux/include/cub/util_debug.cuh:40,
                 from /usr/local/cuda/bin/../targets/x86_64-linux/include/thrust/system/cuda/config.h:43,
                 from /usr/local/cuda/bin/../targets/x86_64-linux/include/thrust/system/cuda/detail/execution_policy.h:35,
                 from /usr/local/cuda/bin/../targets/x86_64-linux/include/thrust/iterator/detail/device_system_tag.h:23,
                 from /usr/local/cuda/bin/../targets/x86_64-linux/include/thrust/iterator/iterator_traits.h:62,
                 from /usr/local/cuda/bin/../targets/x86_64-linux/include/thrust/count.h:26,
                 from md_calculateforceslj.cu:10:
/usr/local/cuda/bin/../targets/x86_64-linux/include/cub/util_cpp_dialect.cuh:142:13: warning: CUB requires at least C++14. C++11 is deprecated but still supported. C++11 support will be removed in a future release. Define CUB_IGNORE_DEPRECATED_CPP_DIALECT to suppress this message.
  142 |      CUB_COMPILER_DEPRECATION_SOFT(C++14, C++11);
      |             ^~~~~~~~~~~~~~~~~~~~~~~~~~~~~~~~~~~~~                                                                                                                                                        
In file included from md_calculateforceslj.cu:5:
/usr/local/cuda/bin/../targets/x86_64-linux/include/math_functions.h:54:2: warning: #warning "math_functions.h is an internal header file and must not be used directly.  This file will be removed in a future CUDA release.  Please use cuda_runtime_api.h or cuda_runtime.h instead." [-Wcpp]
   54 | #warning "math_functions.h is an internal header file and must not be used directly.  This file will be removed in a future CUDA release.  Please use cuda_runtime_api.h or cuda_runtime.h instead."
      |  ^~~~~~~
In file included from /usr/local/cuda/bin/../targets/x86_64-linux/include/thrust/detail/config/config.h:27,
                 from /usr/local/cuda/bin/../targets/x86_64-linux/include/thrust/detail/config.h:23,
                 from /usr/local/cuda/bin/../targets/x86_64-linux/include/thrust/count.h:24,
                 from md_calculateforceslj.cu:10:
/usr/local/cuda/bin/../targets/x86_64-linux/include/thrust/detail/config/cpp_dialect.h:131:13: warning: Thrust requires at least C++14. C++11 is deprecated but still supported. C++11 support will be removed in a future release. Define THRUST_IGNORE_DEPRECATED_CPP_DIALECT to suppress this message.
  131 |      THRUST_COMPILER_DEPRECATION_SOFT(C++14, C++11);
      |             ^~~~~~~~~~~~~~~~~~~~~~~~~~~~~~~~~~~~~~~~                                                                                                                                                           
In file included from /usr/local/cuda/bin/../targets/x86_64-linux/include/cub/util_arch.cuh:36,
                 from /usr/local/cuda/bin/../targets/x86_64-linux/include/cub/util_debug.cuh:40,
                 from /usr/local/cuda/bin/../targets/x86_64-linux/include/thrust/system/cuda/config.h:43,
                 from /usr/local/cuda/bin/../targets/x86_64-linux/include/thrust/system/cuda/detail/execution_policy.h:35,
                 from /usr/local/cuda/bin/../targets/x86_64-linux/include/thrust/iterator/detail/device_system_tag.h:23,
                 from /usr/local/cuda/bin/../targets/x86_64-linux/include/thrust/iterator/iterator_traits.h:62,
                 from /usr/local/cuda/bin/../targets/x86_64-linux/include/thrust/count.h:26,
                 from md_calculateforceslj.cu:10:
/usr/local/cuda/bin/../targets/x86_64-linux/include/cub/util_cpp_dialect.cuh:142:13: warning: CUB requires at least C++14. C++11 is deprecated but still supported. C++11 support will be removed in a future release. Define CUB_IGNORE_DEPRECATED_CPP_DIALECT to suppress this message.
  142 |      CUB_COMPILER_DEPRECATION_SOFT(C++14, C++11);
      |             ^~~~~~~~~~~~~~~~~~~~~~~~~~~~~~~~~~~~~                                                                                                                                                        
In file included from md_calculateforceslj.cu:5:
/usr/local/cuda/bin/../targets/x86_64-linux/include/math_functions.h:54:2: warning: #warning "math_functions.h is an internal header file and must not be used directly.  This file will be removed in a future CUDA release.  Please use cuda_runtime_api.h or cuda_runtime.h instead." [-Wcpp]
   54 | #warning "math_functions.h is an internal header file and must not be used directly.  This file will be removed in a future CUDA release.  Please use cuda_runtime_api.h or cuda_runtime.h instead."
      |  ^~~~~~~
In file included from /usr/local/cuda/bin/../targets/x86_64-linux/include/thrust/detail/config/config.h:27,
                 from /usr/local/cuda/bin/../targets/x86_64-linux/include/thrust/detail/config.h:23,
                 from /usr/local/cuda/bin/../targets/x86_64-linux/include/thrust/count.h:24,
                 from md_calculateforceslj.cu:10:
/usr/local/cuda/bin/../targets/x86_64-linux/include/thrust/detail/config/cpp_dialect.h:131:13: warning: Thrust requires at least C++14. C++11 is deprecated but still supported. C++11 support will be removed in a future release. Define THRUST_IGNORE_DEPRECATED_CPP_DIALECT to suppress this message.
  131 |      THRUST_COMPILER_DEPRECATION_SOFT(C++14, C++11);
      |             ^~~~~~~~~~~~~~~~~~~~~~~~~~~~~~~~~~~~~~~~                                                                                                                                                           
In file included from /usr/local/cuda/bin/../targets/x86_64-linux/include/cub/util_arch.cuh:36,
                 from /usr/local/cuda/bin/../targets/x86_64-linux/include/cub/util_debug.cuh:40,
                 from /usr/local/cuda/bin/../targets/x86_64-linux/include/thrust/system/cuda/config.h:43,
                 from /usr/local/cuda/bin/../targets/x86_64-linux/include/thrust/system/cuda/detail/execution_policy.h:35,
                 from /usr/local/cuda/bin/../targets/x86_64-linux/include/thrust/iterator/detail/device_system_tag.h:23,
                 from /usr/local/cuda/bin/../targets/x86_64-linux/include/thrust/iterator/iterator_traits.h:62,
                 from /usr/local/cuda/bin/../targets/x86_64-linux/include/thrust/count.h:26,
                 from md_calculateforceslj.cu:10:
/usr/local/cuda/bin/../targets/x86_64-linux/include/cub/util_cpp_dialect.cuh:142:13: warning: CUB requires at least C++14. C++11 is deprecated but still supported. C++11 support will be removed in a future release. Define CUB_IGNORE_DEPRECATED_CPP_DIALECT to suppress this message.
  142 |      CUB_COMPILER_DEPRECATION_SOFT(C++14, C++11);
      |             ^~~~~~~~~~~~~~~~~~~~~~~~~~~~~~~~~~~~~                                                                                                                                                        
In file included from md_calculateforceslj.cu:5:
/usr/local/cuda/bin/../targets/x86_64-linux/include/math_functions.h:54:2: warning: #warning "math_functions.h is an internal header file and must not be used directly.  This file will be removed in a future CUDA release.  Please use cuda_runtime_api.h or cuda_runtime.h instead." [-Wcpp]
   54 | #warning "math_functions.h is an internal header file and must not be used directly.  This file will be removed in a future CUDA release.  Please use cuda_runtime_api.h or cuda_runtime.h instead."
      |  ^~~~~~~
In file included from /usr/local/cuda/bin/../targets/x86_64-linux/include/thrust/detail/config/config.h:27,
                 from /usr/local/cuda/bin/../targets/x86_64-linux/include/thrust/detail/config.h:23,
                 from /usr/local/cuda/bin/../targets/x86_64-linux/include/thrust/count.h:24,
                 from md_calculateforceslj.cu:10:
/usr/local/cuda/bin/../targets/x86_64-linux/include/thrust/detail/config/cpp_dialect.h:131:13: warning: Thrust requires at least C++14. C++11 is deprecated but still supported. C++11 support will be removed in a future release. Define THRUST_IGNORE_DEPRECATED_CPP_DIALECT to suppress this message.
  131 |      THRUST_COMPILER_DEPRECATION_SOFT(C++14, C++11);
      |             ^~~~~~~~~~~~~~~~~~~~~~~~~~~~~~~~~~~~~~~~                                                                                                                                                           
In file included from /usr/local/cuda/bin/../targets/x86_64-linux/include/cub/util_arch.cuh:36,
                 from /usr/local/cuda/bin/../targets/x86_64-linux/include/cub/util_debug.cuh:40,
                 from /usr/local/cuda/bin/../targets/x86_64-linux/include/thrust/system/cuda/config.h:43,
                 from /usr/local/cuda/bin/../targets/x86_64-linux/include/thrust/system/cuda/detail/execution_policy.h:35,
                 from /usr/local/cuda/bin/../targets/x86_64-linux/include/thrust/iterator/detail/device_system_tag.h:23,
                 from /usr/local/cuda/bin/../targets/x86_64-linux/include/thrust/iterator/iterator_traits.h:62,
                 from /usr/local/cuda/bin/../targets/x86_64-linux/include/thrust/count.h:26,
                 from md_calculateforceslj.cu:10:
/usr/local/cuda/bin/../targets/x86_64-linux/include/cub/util_cpp_dialect.cuh:142:13: warning: CUB requires at least C++14. C++11 is deprecated but still supported. C++11 support will be removed in a future release. Define CUB_IGNORE_DEPRECATED_CPP_DIALECT to suppress this message.
  142 |      CUB_COMPILER_DEPRECATION_SOFT(C++14, C++11);
      |             ^~~~~~~~~~~~~~~~~~~~~~~~~~~~~~~~~~~~~                                                                                                                                                        
In file included from md_calculateforceslj.cu:5:
/usr/local/cuda/bin/../targets/x86_64-linux/include/math_functions.h:54:2: warning: #warning "math_functions.h is an internal header file and must not be used directly.  This file will be removed in a future CUDA release.  Please use cuda_runtime_api.h or cuda_runtime.h instead." [-Wcpp]
   54 | #warning "math_functions.h is an internal header file and must not be used directly.  This file will be removed in a future CUDA release.  Please use cuda_runtime_api.h or cuda_runtime.h instead."
      |  ^~~~~~~
In file included from /usr/local/cuda/bin/../targets/x86_64-linux/include/thrust/detail/config/config.h:27,
                 from /usr/local/cuda/bin/../targets/x86_64-linux/include/thrust/detail/config.h:23,
                 from /usr/local/cuda/bin/../targets/x86_64-linux/include/thrust/count.h:24,
                 from md_calculateforceslj.cu:10:
/usr/local/cuda/bin/../targets/x86_64-linux/include/thrust/detail/config/cpp_dialect.h:131:13: warning: Thrust requires at least C++14. C++11 is deprecated but still supported. C++11 support will be removed in a future release. Define THRUST_IGNORE_DEPRECATED_CPP_DIALECT to suppress this message.
  131 |      THRUST_COMPILER_DEPRECATION_SOFT(C++14, C++11);
      |             ^~~~~~~~~~~~~~~~~~~~~~~~~~~~~~~~~~~~~~~~                                                                                                                                                           
In file included from /usr/local/cuda/bin/../targets/x86_64-linux/include/cub/util_arch.cuh:36,
                 from /usr/local/cuda/bin/../targets/x86_64-linux/include/cub/util_debug.cuh:40,
                 from /usr/local/cuda/bin/../targets/x86_64-linux/include/thrust/system/cuda/config.h:43,
                 from /usr/local/cuda/bin/../targets/x86_64-linux/include/thrust/system/cuda/detail/execution_policy.h:35,
                 from /usr/local/cuda/bin/../targets/x86_64-linux/include/thrust/iterator/detail/device_system_tag.h:23,
                 from /usr/local/cuda/bin/../targets/x86_64-linux/include/thrust/iterator/iterator_traits.h:62,
                 from /usr/local/cuda/bin/../targets/x86_64-linux/include/thrust/count.h:26,
                 from md_calculateforceslj.cu:10:
/usr/local/cuda/bin/../targets/x86_64-linux/include/cub/util_cpp_dialect.cuh:142:13: warning: CUB requires at least C++14. C++11 is deprecated but still supported. C++11 support will be removed in a future release. Define CUB_IGNORE_DEPRECATED_CPP_DIALECT to suppress this message.
  142 |      CUB_COMPILER_DEPRECATION_SOFT(C++14, C++11);
      |             ^~~~~~~~~~~~~~~~~~~~~~~~~~~~~~~~~~~~~                                                                                                                                                        
In file included from md_calculateforceslj.cu:5:
/usr/local/cuda/bin/../targets/x86_64-linux/include/math_functions.h:54:2: warning: #warning "math_functions.h is an internal header file and must not be used directly.  This file will be removed in a future CUDA release.  Please use cuda_runtime_api.h or cuda_runtime.h instead." [-Wcpp]
   54 | #warning "math_functions.h is an internal header file and must not be used directly.  This file will be removed in a future CUDA release.  Please use cuda_runtime_api.h or cuda_runtime.h instead."
      |  ^~~~~~~
In file included from /usr/local/cuda/bin/../targets/x86_64-linux/include/thrust/detail/config/config.h:27,
                 from /usr/local/cuda/bin/../targets/x86_64-linux/include/thrust/detail/config.h:23,
                 from /usr/local/cuda/bin/../targets/x86_64-linux/include/thrust/count.h:24,
                 from md_calculateforceslj.cu:10:
/usr/local/cuda/bin/../targets/x86_64-linux/include/thrust/detail/config/cpp_dialect.h:131:13: warning: Thrust requires at least C++14. C++11 is deprecated but still supported. C++11 support will be removed in a future release. Define THRUST_IGNORE_DEPRECATED_CPP_DIALECT to suppress this message.
  131 |      THRUST_COMPILER_DEPRECATION_SOFT(C++14, C++11);
      |             ^~~~~~~~~~~~~~~~~~~~~~~~~~~~~~~~~~~~~~~~                                                                                                                                                           
In file included from /usr/local/cuda/bin/../targets/x86_64-linux/include/cub/util_arch.cuh:36,
                 from /usr/local/cuda/bin/../targets/x86_64-linux/include/cub/util_debug.cuh:40,
                 from /usr/local/cuda/bin/../targets/x86_64-linux/include/thrust/system/cuda/config.h:43,
                 from /usr/local/cuda/bin/../targets/x86_64-linux/include/thrust/system/cuda/detail/execution_policy.h:35,
                 from /usr/local/cuda/bin/../targets/x86_64-linux/include/thrust/iterator/detail/device_system_tag.h:23,
                 from /usr/local/cuda/bin/../targets/x86_64-linux/include/thrust/iterator/iterator_traits.h:62,
                 from /usr/local/cuda/bin/../targets/x86_64-linux/include/thrust/count.h:26,
                 from md_calculateforceslj.cu:10:
/usr/local/cuda/bin/../targets/x86_64-linux/include/cub/util_cpp_dialect.cuh:142:13: warning: CUB requires at least C++14. C++11 is deprecated but still supported. C++11 support will be removed in a future release. Define CUB_IGNORE_DEPRECATED_CPP_DIALECT to suppress this message.
  142 |      CUB_COMPILER_DEPRECATION_SOFT(C++14, C++11);
      |             ^~~~~~~~~~~~~~~~~~~~~~~~~~~~~~~~~~~~~                                                                                                                                                        
/usr/local/cuda/bin/nvcc -ccbin g++ -I../../../Common  -m64    --threads 0 --std=c++11 -gencode arch=compute_50,code=sm_50 -gencode arch=compute_52,code=sm_52 -gencode arch=compute_60,code=sm_60 -gencode arch=compute_61,code=sm_61 -gencode arch=compute_70,code=sm_70 -gencode arch=compute_75,code=sm_75 -gencode arch=compute_80,code=sm_80 -gencode arch=compute_86,code=sm_86 -gencode arch=compute_90,code=sm_90 -gencode arch=compute_90,code=compute_90 -o md_calculateforcespp.o -c md_calculateforcespp.cu
In file included from md_calculateforcespp.cu:5:
/usr/local/cuda/bin/../targets/x86_64-linux/include/math_functions.h:54:2: warning: #warning "math_functions.h is an internal header file and must not be used directly.  This file will be removed in a future CUDA release.  Please use cuda_runtime_api.h or cuda_runtime.h instead." [-Wcpp]
   54 | #warning "math_functions.h is an internal header file and must not be used directly.  This file will be removed in a future CUDA release.  Please use cuda_runtime_api.h or cuda_runtime.h instead."
      |  ^~~~~~~
In file included from /usr/local/cuda/bin/../targets/x86_64-linux/include/thrust/detail/config/config.h:27,
                 from /usr/local/cuda/bin/../targets/x86_64-linux/include/thrust/detail/config.h:23,
                 from /usr/local/cuda/bin/../targets/x86_64-linux/include/thrust/count.h:24,
                 from md_calculateforcespp.cu:10:
/usr/local/cuda/bin/../targets/x86_64-linux/include/thrust/detail/config/cpp_dialect.h:131:13: warning: Thrust requires at least C++14. C++11 is deprecated but still supported. C++11 support will be removed in a future release. Define THRUST_IGNORE_DEPRECATED_CPP_DIALECT to suppress this message.
  131 |      THRUST_COMPILER_DEPRECATION_SOFT(C++14, C++11);
      |             ^~~~~~~~~~~~~~~~~~~~~~~~~~~~~~~~~~~~~~~~                                                                                                                                                           
In file included from /usr/local/cuda/bin/../targets/x86_64-linux/include/cub/util_arch.cuh:36,
                 from /usr/local/cuda/bin/../targets/x86_64-linux/include/cub/util_debug.cuh:40,
                 from /usr/local/cuda/bin/../targets/x86_64-linux/include/thrust/system/cuda/config.h:43,
                 from /usr/local/cuda/bin/../targets/x86_64-linux/include/thrust/system/cuda/detail/execution_policy.h:35,
                 from /usr/local/cuda/bin/../targets/x86_64-linux/include/thrust/iterator/detail/device_system_tag.h:23,
                 from /usr/local/cuda/bin/../targets/x86_64-linux/include/thrust/iterator/iterator_traits.h:62,
                 from /usr/local/cuda/bin/../targets/x86_64-linux/include/thrust/count.h:26,
                 from md_calculateforcespp.cu:10:
/usr/local/cuda/bin/../targets/x86_64-linux/include/cub/util_cpp_dialect.cuh:142:13: warning: CUB requires at least C++14. C++11 is deprecated but still supported. C++11 support will be removed in a future release. Define CUB_IGNORE_DEPRECATED_CPP_DIALECT to suppress this message.
  142 |      CUB_COMPILER_DEPRECATION_SOFT(C++14, C++11);
      |             ^~~~~~~~~~~~~~~~~~~~~~~~~~~~~~~~~~~~~                                                                                                                                                        
In file included from md_calculateforcespp.cu:5:
/usr/local/cuda/bin/../targets/x86_64-linux/include/math_functions.h:54:2: warning: #warning "math_functions.h is an internal header file and must not be used directly.  This file will be removed in a future CUDA release.  Please use cuda_runtime_api.h or cuda_runtime.h instead." [-Wcpp]
   54 | #warning "math_functions.h is an internal header file and must not be used directly.  This file will be removed in a future CUDA release.  Please use cuda_runtime_api.h or cuda_runtime.h instead."
      |  ^~~~~~~
In file included from /usr/local/cuda/bin/../targets/x86_64-linux/include/thrust/detail/config/config.h:27,
                 from /usr/local/cuda/bin/../targets/x86_64-linux/include/thrust/detail/config.h:23,
                 from /usr/local/cuda/bin/../targets/x86_64-linux/include/thrust/count.h:24,
                 from md_calculateforcespp.cu:10:
/usr/local/cuda/bin/../targets/x86_64-linux/include/thrust/detail/config/cpp_dialect.h:131:13: warning: Thrust requires at least C++14. C++11 is deprecated but still supported. C++11 support will be removed in a future release. Define THRUST_IGNORE_DEPRECATED_CPP_DIALECT to suppress this message.
  131 |      THRUST_COMPILER_DEPRECATION_SOFT(C++14, C++11);
      |             ^~~~~~~~~~~~~~~~~~~~~~~~~~~~~~~~~~~~~~~~                                                                                                                                                           
In file included from /usr/local/cuda/bin/../targets/x86_64-linux/include/cub/util_arch.cuh:36,
                 from /usr/local/cuda/bin/../targets/x86_64-linux/include/cub/util_debug.cuh:40,
                 from /usr/local/cuda/bin/../targets/x86_64-linux/include/thrust/system/cuda/config.h:43,
                 from /usr/local/cuda/bin/../targets/x86_64-linux/include/thrust/system/cuda/detail/execution_policy.h:35,
                 from /usr/local/cuda/bin/../targets/x86_64-linux/include/thrust/iterator/detail/device_system_tag.h:23,
                 from /usr/local/cuda/bin/../targets/x86_64-linux/include/thrust/iterator/iterator_traits.h:62,
                 from /usr/local/cuda/bin/../targets/x86_64-linux/include/thrust/count.h:26,
                 from md_calculateforcespp.cu:10:
/usr/local/cuda/bin/../targets/x86_64-linux/include/cub/util_cpp_dialect.cuh:142:13: warning: CUB requires at least C++14. C++11 is deprecated but still supported. C++11 support will be removed in a future release. Define CUB_IGNORE_DEPRECATED_CPP_DIALECT to suppress this message.
  142 |      CUB_COMPILER_DEPRECATION_SOFT(C++14, C++11);
      |             ^~~~~~~~~~~~~~~~~~~~~~~~~~~~~~~~~~~~~                                                                                                                                                        
In file included from md_calculateforcespp.cu:5:
/usr/local/cuda/bin/../targets/x86_64-linux/include/math_functions.h:54:2: warning: #warning "math_functions.h is an internal header file and must not be used directly.  This file will be removed in a future CUDA release.  Please use cuda_runtime_api.h or cuda_runtime.h instead." [-Wcpp]
   54 | #warning "math_functions.h is an internal header file and must not be used directly.  This file will be removed in a future CUDA release.  Please use cuda_runtime_api.h or cuda_runtime.h instead."
      |  ^~~~~~~
In file included from /usr/local/cuda/bin/../targets/x86_64-linux/include/thrust/detail/config/config.h:27,
                 from /usr/local/cuda/bin/../targets/x86_64-linux/include/thrust/detail/config.h:23,
                 from /usr/local/cuda/bin/../targets/x86_64-linux/include/thrust/count.h:24,
                 from md_calculateforcespp.cu:10:
/usr/local/cuda/bin/../targets/x86_64-linux/include/thrust/detail/config/cpp_dialect.h:131:13: warning: Thrust requires at least C++14. C++11 is deprecated but still supported. C++11 support will be removed in a future release. Define THRUST_IGNORE_DEPRECATED_CPP_DIALECT to suppress this message.
  131 |      THRUST_COMPILER_DEPRECATION_SOFT(C++14, C++11);
      |             ^~~~~~~~~~~~~~~~~~~~~~~~~~~~~~~~~~~~~~~~                                                                                                                                                           
In file included from /usr/local/cuda/bin/../targets/x86_64-linux/include/cub/util_arch.cuh:36,
                 from /usr/local/cuda/bin/../targets/x86_64-linux/include/cub/util_debug.cuh:40,
                 from /usr/local/cuda/bin/../targets/x86_64-linux/include/thrust/system/cuda/config.h:43,
                 from /usr/local/cuda/bin/../targets/x86_64-linux/include/thrust/system/cuda/detail/execution_policy.h:35,
                 from /usr/local/cuda/bin/../targets/x86_64-linux/include/thrust/iterator/detail/device_system_tag.h:23,
                 from /usr/local/cuda/bin/../targets/x86_64-linux/include/thrust/iterator/iterator_traits.h:62,
                 from /usr/local/cuda/bin/../targets/x86_64-linux/include/thrust/count.h:26,
                 from md_calculateforcespp.cu:10:
/usr/local/cuda/bin/../targets/x86_64-linux/include/cub/util_cpp_dialect.cuh:142:13: warning: CUB requires at least C++14. C++11 is deprecated but still supported. C++11 support will be removed in a future release. Define CUB_IGNORE_DEPRECATED_CPP_DIALECT to suppress this message.
  142 |      CUB_COMPILER_DEPRECATION_SOFT(C++14, C++11);
      |             ^~~~~~~~~~~~~~~~~~~~~~~~~~~~~~~~~~~~~                                                                                                                                                        
In file included from md_calculateforcespp.cu:5:
/usr/local/cuda/bin/../targets/x86_64-linux/include/math_functions.h:54:2: warning: #warning "math_functions.h is an internal header file and must not be used directly.  This file will be removed in a future CUDA release.  Please use cuda_runtime_api.h or cuda_runtime.h instead." [-Wcpp]
   54 | #warning "math_functions.h is an internal header file and must not be used directly.  This file will be removed in a future CUDA release.  Please use cuda_runtime_api.h or cuda_runtime.h instead."
      |  ^~~~~~~
In file included from /usr/local/cuda/bin/../targets/x86_64-linux/include/thrust/detail/config/config.h:27,
                 from /usr/local/cuda/bin/../targets/x86_64-linux/include/thrust/detail/config.h:23,
                 from /usr/local/cuda/bin/../targets/x86_64-linux/include/thrust/count.h:24,
                 from md_calculateforcespp.cu:10:
/usr/local/cuda/bin/../targets/x86_64-linux/include/thrust/detail/config/cpp_dialect.h:131:13: warning: Thrust requires at least C++14. C++11 is deprecated but still supported. C++11 support will be removed in a future release. Define THRUST_IGNORE_DEPRECATED_CPP_DIALECT to suppress this message.
  131 |      THRUST_COMPILER_DEPRECATION_SOFT(C++14, C++11);
      |             ^~~~~~~~~~~~~~~~~~~~~~~~~~~~~~~~~~~~~~~~                                                                                                                                                           
In file included from /usr/local/cuda/bin/../targets/x86_64-linux/include/cub/util_arch.cuh:36,
                 from /usr/local/cuda/bin/../targets/x86_64-linux/include/cub/util_debug.cuh:40,
                 from /usr/local/cuda/bin/../targets/x86_64-linux/include/thrust/system/cuda/config.h:43,
                 from /usr/local/cuda/bin/../targets/x86_64-linux/include/thrust/system/cuda/detail/execution_policy.h:35,
                 from /usr/local/cuda/bin/../targets/x86_64-linux/include/thrust/iterator/detail/device_system_tag.h:23,
                 from /usr/local/cuda/bin/../targets/x86_64-linux/include/thrust/iterator/iterator_traits.h:62,
                 from /usr/local/cuda/bin/../targets/x86_64-linux/include/thrust/count.h:26,
                 from md_calculateforcespp.cu:10:
/usr/local/cuda/bin/../targets/x86_64-linux/include/cub/util_cpp_dialect.cuh:142:13: warning: CUB requires at least C++14. C++11 is deprecated but still supported. C++11 support will be removed in a future release. Define CUB_IGNORE_DEPRECATED_CPP_DIALECT to suppress this message.
  142 |      CUB_COMPILER_DEPRECATION_SOFT(C++14, C++11);
      |             ^~~~~~~~~~~~~~~~~~~~~~~~~~~~~~~~~~~~~                                                                                                                                                        
In file included from md_calculateforcespp.cu:5:
/usr/local/cuda/bin/../targets/x86_64-linux/include/math_functions.h:54:2: warning: #warning "math_functions.h is an internal header file and must not be used directly.  This file will be removed in a future CUDA release.  Please use cuda_runtime_api.h or cuda_runtime.h instead." [-Wcpp]
   54 | #warning "math_functions.h is an internal header file and must not be used directly.  This file will be removed in a future CUDA release.  Please use cuda_runtime_api.h or cuda_runtime.h instead."
      |  ^~~~~~~
In file included from /usr/local/cuda/bin/../targets/x86_64-linux/include/thrust/detail/config/config.h:27,
                 from /usr/local/cuda/bin/../targets/x86_64-linux/include/thrust/detail/config.h:23,
                 from /usr/local/cuda/bin/../targets/x86_64-linux/include/thrust/count.h:24,
                 from md_calculateforcespp.cu:10:
/usr/local/cuda/bin/../targets/x86_64-linux/include/thrust/detail/config/cpp_dialect.h:131:13: warning: Thrust requires at least C++14. C++11 is deprecated but still supported. C++11 support will be removed in a future release. Define THRUST_IGNORE_DEPRECATED_CPP_DIALECT to suppress this message.
  131 |      THRUST_COMPILER_DEPRECATION_SOFT(C++14, C++11);
      |             ^~~~~~~~~~~~~~~~~~~~~~~~~~~~~~~~~~~~~~~~                                                                                                                                                           
In file included from /usr/local/cuda/bin/../targets/x86_64-linux/include/cub/util_arch.cuh:36,
                 from /usr/local/cuda/bin/../targets/x86_64-linux/include/cub/util_debug.cuh:40,
                 from /usr/local/cuda/bin/../targets/x86_64-linux/include/thrust/system/cuda/config.h:43,
                 from /usr/local/cuda/bin/../targets/x86_64-linux/include/thrust/system/cuda/detail/execution_policy.h:35,
                 from /usr/local/cuda/bin/../targets/x86_64-linux/include/thrust/iterator/detail/device_system_tag.h:23,
                 from /usr/local/cuda/bin/../targets/x86_64-linux/include/thrust/iterator/iterator_traits.h:62,
                 from /usr/local/cuda/bin/../targets/x86_64-linux/include/thrust/count.h:26,
                 from md_calculateforcespp.cu:10:
/usr/local/cuda/bin/../targets/x86_64-linux/include/cub/util_cpp_dialect.cuh:142:13: warning: CUB requires at least C++14. C++11 is deprecated but still supported. C++11 support will be removed in a future release. Define CUB_IGNORE_DEPRECATED_CPP_DIALECT to suppress this message.
  142 |      CUB_COMPILER_DEPRECATION_SOFT(C++14, C++11);
      |             ^~~~~~~~~~~~~~~~~~~~~~~~~~~~~~~~~~~~~                                                                                                                                                        
In file included from md_calculateforcespp.cu:5:
/usr/local/cuda/bin/../targets/x86_64-linux/include/math_functions.h:54:2: warning: #warning "math_functions.h is an internal header file and must not be used directly.  This file will be removed in a future CUDA release.  Please use cuda_runtime_api.h or cuda_runtime.h instead." [-Wcpp]
   54 | #warning "math_functions.h is an internal header file and must not be used directly.  This file will be removed in a future CUDA release.  Please use cuda_runtime_api.h or cuda_runtime.h instead."
      |  ^~~~~~~
In file included from /usr/local/cuda/bin/../targets/x86_64-linux/include/thrust/detail/config/config.h:27,
                 from /usr/local/cuda/bin/../targets/x86_64-linux/include/thrust/detail/config.h:23,
                 from /usr/local/cuda/bin/../targets/x86_64-linux/include/thrust/count.h:24,
                 from md_calculateforcespp.cu:10:
/usr/local/cuda/bin/../targets/x86_64-linux/include/thrust/detail/config/cpp_dialect.h:131:13: warning: Thrust requires at least C++14. C++11 is deprecated but still supported. C++11 support will be removed in a future release. Define THRUST_IGNORE_DEPRECATED_CPP_DIALECT to suppress this message.
  131 |      THRUST_COMPILER_DEPRECATION_SOFT(C++14, C++11);
      |             ^~~~~~~~~~~~~~~~~~~~~~~~~~~~~~~~~~~~~~~~                                                                                                                                                           
In file included from /usr/local/cuda/bin/../targets/x86_64-linux/include/cub/util_arch.cuh:36,
                 from /usr/local/cuda/bin/../targets/x86_64-linux/include/cub/util_debug.cuh:40,
                 from /usr/local/cuda/bin/../targets/x86_64-linux/include/thrust/system/cuda/config.h:43,
                 from /usr/local/cuda/bin/../targets/x86_64-linux/include/thrust/system/cuda/detail/execution_policy.h:35,
                 from /usr/local/cuda/bin/../targets/x86_64-linux/include/thrust/iterator/detail/device_system_tag.h:23,
                 from /usr/local/cuda/bin/../targets/x86_64-linux/include/thrust/iterator/iterator_traits.h:62,
                 from /usr/local/cuda/bin/../targets/x86_64-linux/include/thrust/count.h:26,
                 from md_calculateforcespp.cu:10:
/usr/local/cuda/bin/../targets/x86_64-linux/include/cub/util_cpp_dialect.cuh:142:13: warning: CUB requires at least C++14. C++11 is deprecated but still supported. C++11 support will be removed in a future release. Define CUB_IGNORE_DEPRECATED_CPP_DIALECT to suppress this message.
  142 |      CUB_COMPILER_DEPRECATION_SOFT(C++14, C++11);
      |             ^~~~~~~~~~~~~~~~~~~~~~~~~~~~~~~~~~~~~                                                                                                                                                        
In file included from md_calculateforcespp.cu:5:
/usr/local/cuda/bin/../targets/x86_64-linux/include/math_functions.h:54:2: warning: #warning "math_functions.h is an internal header file and must not be used directly.  This file will be removed in a future CUDA release.  Please use cuda_runtime_api.h or cuda_runtime.h instead." [-Wcpp]
   54 | #warning "math_functions.h is an internal header file and must not be used directly.  This file will be removed in a future CUDA release.  Please use cuda_runtime_api.h or cuda_runtime.h instead."
      |  ^~~~~~~
In file included from /usr/local/cuda/bin/../targets/x86_64-linux/include/thrust/detail/config/config.h:27,
                 from /usr/local/cuda/bin/../targets/x86_64-linux/include/thrust/detail/config.h:23,
                 from /usr/local/cuda/bin/../targets/x86_64-linux/include/thrust/count.h:24,
                 from md_calculateforcespp.cu:10:
/usr/local/cuda/bin/../targets/x86_64-linux/include/thrust/detail/config/cpp_dialect.h:131:13: warning: Thrust requires at least C++14. C++11 is deprecated but still supported. C++11 support will be removed in a future release. Define THRUST_IGNORE_DEPRECATED_CPP_DIALECT to suppress this message.
  131 |      THRUST_COMPILER_DEPRECATION_SOFT(C++14, C++11);
      |             ^~~~~~~~~~~~~~~~~~~~~~~~~~~~~~~~~~~~~~~~                                                                                                                                                           
In file included from /usr/local/cuda/bin/../targets/x86_64-linux/include/cub/util_arch.cuh:36,
                 from /usr/local/cuda/bin/../targets/x86_64-linux/include/cub/util_debug.cuh:40,
                 from /usr/local/cuda/bin/../targets/x86_64-linux/include/thrust/system/cuda/config.h:43,
                 from /usr/local/cuda/bin/../targets/x86_64-linux/include/thrust/system/cuda/detail/execution_policy.h:35,
                 from /usr/local/cuda/bin/../targets/x86_64-linux/include/thrust/iterator/detail/device_system_tag.h:23,
                 from /usr/local/cuda/bin/../targets/x86_64-linux/include/thrust/iterator/iterator_traits.h:62,
                 from /usr/local/cuda/bin/../targets/x86_64-linux/include/thrust/count.h:26,
                 from md_calculateforcespp.cu:10:
/usr/local/cuda/bin/../targets/x86_64-linux/include/cub/util_cpp_dialect.cuh:142:13: warning: CUB requires at least C++14. C++11 is deprecated but still supported. C++11 support will be removed in a future release. Define CUB_IGNORE_DEPRECATED_CPP_DIALECT to suppress this message.
  142 |      CUB_COMPILER_DEPRECATION_SOFT(C++14, C++11);
      |             ^~~~~~~~~~~~~~~~~~~~~~~~~~~~~~~~~~~~~                                                                                                                                                        
In file included from md_calculateforcespp.cu:5:
/usr/local/cuda/bin/../targets/x86_64-linux/include/math_functions.h:54:2: warning: #warning "math_functions.h is an internal header file and must not be used directly.  This file will be removed in a future CUDA release.  Please use cuda_runtime_api.h or cuda_runtime.h instead." [-Wcpp]
   54 | #warning "math_functions.h is an internal header file and must not be used directly.  This file will be removed in a future CUDA release.  Please use cuda_runtime_api.h or cuda_runtime.h instead."
      |  ^~~~~~~
In file included from /usr/local/cuda/bin/../targets/x86_64-linux/include/thrust/detail/config/config.h:27,
                 from /usr/local/cuda/bin/../targets/x86_64-linux/include/thrust/detail/config.h:23,
                 from /usr/local/cuda/bin/../targets/x86_64-linux/include/thrust/count.h:24,
                 from md_calculateforcespp.cu:10:
/usr/local/cuda/bin/../targets/x86_64-linux/include/thrust/detail/config/cpp_dialect.h:131:13: warning: Thrust requires at least C++14. C++11 is deprecated but still supported. C++11 support will be removed in a future release. Define THRUST_IGNORE_DEPRECATED_CPP_DIALECT to suppress this message.
  131 |      THRUST_COMPILER_DEPRECATION_SOFT(C++14, C++11);
      |             ^~~~~~~~~~~~~~~~~~~~~~~~~~~~~~~~~~~~~~~~                                                                                                                                                           
In file included from /usr/local/cuda/bin/../targets/x86_64-linux/include/cub/util_arch.cuh:36,
                 from /usr/local/cuda/bin/../targets/x86_64-linux/include/cub/util_debug.cuh:40,
                 from /usr/local/cuda/bin/../targets/x86_64-linux/include/thrust/system/cuda/config.h:43,
                 from /usr/local/cuda/bin/../targets/x86_64-linux/include/thrust/system/cuda/detail/execution_policy.h:35,
                 from /usr/local/cuda/bin/../targets/x86_64-linux/include/thrust/iterator/detail/device_system_tag.h:23,
                 from /usr/local/cuda/bin/../targets/x86_64-linux/include/thrust/iterator/iterator_traits.h:62,
                 from /usr/local/cuda/bin/../targets/x86_64-linux/include/thrust/count.h:26,
                 from md_calculateforcespp.cu:10:
/usr/local/cuda/bin/../targets/x86_64-linux/include/cub/util_cpp_dialect.cuh:142:13: warning: CUB requires at least C++14. C++11 is deprecated but still supported. C++11 support will be removed in a future release. Define CUB_IGNORE_DEPRECATED_CPP_DIALECT to suppress this message.
  142 |      CUB_COMPILER_DEPRECATION_SOFT(C++14, C++11);
      |             ^~~~~~~~~~~~~~~~~~~~~~~~~~~~~~~~~~~~~                                                                                                                                                        
In file included from md_calculateforcespp.cu:5:
/usr/local/cuda/bin/../targets/x86_64-linux/include/math_functions.h:54:2: warning: #warning "math_functions.h is an internal header file and must not be used directly.  This file will be removed in a future CUDA release.  Please use cuda_runtime_api.h or cuda_runtime.h instead." [-Wcpp]
   54 | #warning "math_functions.h is an internal header file and must not be used directly.  This file will be removed in a future CUDA release.  Please use cuda_runtime_api.h or cuda_runtime.h instead."
      |  ^~~~~~~
In file included from /usr/local/cuda/bin/../targets/x86_64-linux/include/thrust/detail/config/config.h:27,
                 from /usr/local/cuda/bin/../targets/x86_64-linux/include/thrust/detail/config.h:23,
                 from /usr/local/cuda/bin/../targets/x86_64-linux/include/thrust/count.h:24,
                 from md_calculateforcespp.cu:10:
/usr/local/cuda/bin/../targets/x86_64-linux/include/thrust/detail/config/cpp_dialect.h:131:13: warning: Thrust requires at least C++14. C++11 is deprecated but still supported. C++11 support will be removed in a future release. Define THRUST_IGNORE_DEPRECATED_CPP_DIALECT to suppress this message.
  131 |      THRUST_COMPILER_DEPRECATION_SOFT(C++14, C++11);
      |             ^~~~~~~~~~~~~~~~~~~~~~~~~~~~~~~~~~~~~~~~                                                                                                                                                           
In file included from /usr/local/cuda/bin/../targets/x86_64-linux/include/cub/util_arch.cuh:36,
                 from /usr/local/cuda/bin/../targets/x86_64-linux/include/cub/util_debug.cuh:40,
                 from /usr/local/cuda/bin/../targets/x86_64-linux/include/thrust/system/cuda/config.h:43,
                 from /usr/local/cuda/bin/../targets/x86_64-linux/include/thrust/system/cuda/detail/execution_policy.h:35,
                 from /usr/local/cuda/bin/../targets/x86_64-linux/include/thrust/iterator/detail/device_system_tag.h:23,
                 from /usr/local/cuda/bin/../targets/x86_64-linux/include/thrust/iterator/iterator_traits.h:62,
                 from /usr/local/cuda/bin/../targets/x86_64-linux/include/thrust/count.h:26,
                 from md_calculateforcespp.cu:10:
/usr/local/cuda/bin/../targets/x86_64-linux/include/cub/util_cpp_dialect.cuh:142:13: warning: CUB requires at least C++14. C++11 is deprecated but still supported. C++11 support will be removed in a future release. Define CUB_IGNORE_DEPRECATED_CPP_DIALECT to suppress this message.
  142 |      CUB_COMPILER_DEPRECATION_SOFT(C++14, C++11);
      |             ^~~~~~~~~~~~~~~~~~~~~~~~~~~~~~~~~~~~~                                                                                                                                                        
In file included from md_calculateforcespp.cu:5:
/usr/local/cuda/bin/../targets/x86_64-linux/include/math_functions.h:54:2: warning: #warning "math_functions.h is an internal header file and must not be used directly.  This file will be removed in a future CUDA release.  Please use cuda_runtime_api.h or cuda_runtime.h instead." [-Wcpp]
   54 | #warning "math_functions.h is an internal header file and must not be used directly.  This file will be removed in a future CUDA release.  Please use cuda_runtime_api.h or cuda_runtime.h instead."
      |  ^~~~~~~
In file included from /usr/local/cuda/bin/../targets/x86_64-linux/include/thrust/detail/config/config.h:27,
                 from /usr/local/cuda/bin/../targets/x86_64-linux/include/thrust/detail/config.h:23,
                 from /usr/local/cuda/bin/../targets/x86_64-linux/include/thrust/count.h:24,
                 from md_calculateforcespp.cu:10:
/usr/local/cuda/bin/../targets/x86_64-linux/include/thrust/detail/config/cpp_dialect.h:131:13: warning: Thrust requires at least C++14. C++11 is deprecated but still supported. C++11 support will be removed in a future release. Define THRUST_IGNORE_DEPRECATED_CPP_DIALECT to suppress this message.
  131 |      THRUST_COMPILER_DEPRECATION_SOFT(C++14, C++11);
      |             ^~~~~~~~~~~~~~~~~~~~~~~~~~~~~~~~~~~~~~~~                                                                                                                                                           
In file included from /usr/local/cuda/bin/../targets/x86_64-linux/include/cub/util_arch.cuh:36,
                 from /usr/local/cuda/bin/../targets/x86_64-linux/include/cub/util_debug.cuh:40,
                 from /usr/local/cuda/bin/../targets/x86_64-linux/include/thrust/system/cuda/config.h:43,
                 from /usr/local/cuda/bin/../targets/x86_64-linux/include/thrust/system/cuda/detail/execution_policy.h:35,
                 from /usr/local/cuda/bin/../targets/x86_64-linux/include/thrust/iterator/detail/device_system_tag.h:23,
                 from /usr/local/cuda/bin/../targets/x86_64-linux/include/thrust/iterator/iterator_traits.h:62,
                 from /usr/local/cuda/bin/../targets/x86_64-linux/include/thrust/count.h:26,
                 from md_calculateforcespp.cu:10:
/usr/local/cuda/bin/../targets/x86_64-linux/include/cub/util_cpp_dialect.cuh:142:13: warning: CUB requires at least C++14. C++11 is deprecated but still supported. C++11 support will be removed in a future release. Define CUB_IGNORE_DEPRECATED_CPP_DIALECT to suppress this message.
  142 |      CUB_COMPILER_DEPRECATION_SOFT(C++14, C++11);
      |             ^~~~~~~~~~~~~~~~~~~~~~~~~~~~~~~~~~~~~                                                                                                                                                        
md_calculateforcespp.cu(25): warning #177-D: variable "rijd2" was declared but never referenced

Remark: The warnings can be suppressed with "-diag-suppress <warning-number>"

md_calculateforcespp.cu(25): warning #550-D: variable "wij" was set but never used

md_calculateforcespp.cu(25): warning #177-D: variable "phi" was declared but never referenced

md_calculateforcespp.cu(25): warning #177-D: variable "M1" was declared but never referenced

md_calculateforcespp.cu(25): warning #177-D: variable "M2" was declared but never referenced

md_calculateforcespp.cu(25): warning #177-D: variable "M3" was declared but never referenced

md_calculateforcespp.cu(25): warning #177-D: variable "wijn" was declared but never referenced

md_calculateforcespp.cu(25): warning #177-D: variable "wijt" was declared but never referenced

md_calculateforcespp.cu(25): warning #177-D: variable "fijn" was declared but never referenced

md_calculateforcespp.cu(25): warning #177-D: variable "mijn" was declared but never referenced

md_calculateforcespp.cu(25): warning #177-D: variable "mijt" was declared but never referenced

md_calculateforcespp.cu(25): warning #177-D: variable "Munsym" was declared but never referenced

md_calculateforcespp.cu(25): warning #550-D: variable "mroll" was set but never used

md_calculateforcespp.cu(26): warning #177-D: variable "rm0" was declared but never referenced

md_calculateforcespp.cu(26): warning #177-D: variable "_1d_rm0" was declared but never referenced

md_calculateforcespp.cu(26): warning #177-D: variable "sij" was declared but never referenced

md_calculateforcespp.cu(26): warning #177-D: variable "Iij" was declared but never referenced

md_calculateforcespp.cu(26): warning #177-D: variable "eps" was declared but never referenced

md_calculateforcespp.cu(26): warning #177-D: variable "oijtt2" was declared but never referenced

md_calculateforcespp.cu(25): warning #177-D: variable "rijd2" was declared but never referenced

Remark: The warnings can be suppressed with "-diag-suppress <warning-number>"

md_calculateforcespp.cu(25): warning #550-D: variable "wij" was set but never used

md_calculateforcespp.cu(25): warning #177-D: variable "phi" was declared but never referenced

md_calculateforcespp.cu(25): warning #177-D: variable "M1" was declared but never referenced

md_calculateforcespp.cu(25): warning #177-D: variable "M2" was declared but never referenced

md_calculateforcespp.cu(25): warning #177-D: variable "M3" was declared but never referenced

md_calculateforcespp.cu(25): warning #177-D: variable "wijn" was declared but never referenced

md_calculateforcespp.cu(25): warning #177-D: variable "wijt" was declared but never referenced

md_calculateforcespp.cu(25): warning #177-D: variable "fijn" was declared but never referenced

md_calculateforcespp.cu(25): warning #177-D: variable "mijn" was declared but never referenced

md_calculateforcespp.cu(25): warning #177-D: variable "mijt" was declared but never referenced

md_calculateforcespp.cu(25): warning #177-D: variable "Munsym" was declared but never referenced

md_calculateforcespp.cu(25): warning #550-D: variable "mroll" was set but never used

md_calculateforcespp.cu(26): warning #177-D: variable "rm0" was declared but never referenced

md_calculateforcespp.cu(26): warning #177-D: variable "_1d_rm0" was declared but never referenced

md_calculateforcespp.cu(26): warning #177-D: variable "sij" was declared but never referenced

md_calculateforcespp.cu(26): warning #177-D: variable "Iij" was declared but never referenced

md_calculateforcespp.cu(26): warning #177-D: variable "eps" was declared but never referenced

md_calculateforcespp.cu(26): warning #177-D: variable "oijtt2" was declared but never referenced

md_calculateforcespp.cu(25): warning #177-D: variable "rijd2" was declared but never referenced

Remark: The warnings can be suppressed with "-diag-suppress <warning-number>"

md_calculateforcespp.cu(25): warning #550-D: variable "wij" was set but never used

md_calculateforcespp.cu(25): warning #177-D: variable "phi" was declared but never referenced

md_calculateforcespp.cu(25): warning #177-D: variable "M1" was declared but never referenced

md_calculateforcespp.cu(25): warning #177-D: variable "M2" was declared but never referenced

md_calculateforcespp.cu(25): warning #177-D: variable "M3" was declared but never referenced

md_calculateforcespp.cu(25): warning #177-D: variable "wijn" was declared but never referenced

md_calculateforcespp.cu(25): warning #177-D: variable "wijt" was declared but never referenced

md_calculateforcespp.cu(25): warning #177-D: variable "fijn" was declared but never referenced

md_calculateforcespp.cu(25): warning #177-D: variable "mijn" was declared but never referenced

md_calculateforcespp.cu(25): warning #177-D: variable "mijt" was declared but never referenced

md_calculateforcespp.cu(25): warning #177-D: variable "Munsym" was declared but never referenced

md_calculateforcespp.cu(25): warning #550-D: variable "mroll" was set but never used

md_calculateforcespp.cu(26): warning #177-D: variable "rm0" was declared but never referenced

md_calculateforcespp.cu(26): warning #177-D: variable "_1d_rm0" was declared but never referenced

md_calculateforcespp.cu(26): warning #177-D: variable "sij" was declared but never referenced

md_calculateforcespp.cu(26): warning #177-D: variable "Iij" was declared but never referenced

md_calculateforcespp.cu(26): warning #177-D: variable "eps" was declared but never referenced

md_calculateforcespp.cu(26): warning #177-D: variable "oijtt2" was declared but never referenced

md_calculateforcespp.cu(25): warning #177-D: variable "rijd2" was declared but never referenced

Remark: The warnings can be suppressed with "-diag-suppress <warning-number>"

md_calculateforcespp.cu(25): warning #550-D: variable "wij" was set but never used

md_calculateforcespp.cu(25): warning #177-D: variable "phi" was declared but never referenced

md_calculateforcespp.cu(25): warning #177-D: variable "M1" was declared but never referenced

md_calculateforcespp.cu(25): warning #177-D: variable "M2" was declared but never referenced

md_calculateforcespp.cu(25): warning #177-D: variable "M3" was declared but never referenced

md_calculateforcespp.cu(25): warning #177-D: variable "wijn" was declared but never referenced

md_calculateforcespp.cu(25): warning #177-D: variable "wijt" was declared but never referenced

md_calculateforcespp.cu(25): warning #177-D: variable "fijn" was declared but never referenced

md_calculateforcespp.cu(25): warning #177-D: variable "mijn" was declared but never referenced

md_calculateforcespp.cu(25): warning #177-D: variable "mijt" was declared but never referenced

md_calculateforcespp.cu(25): warning #177-D: variable "Munsym" was declared but never referenced

md_calculateforcespp.cu(25): warning #550-D: variable "mroll" was set but never used

md_calculateforcespp.cu(26): warning #177-D: variable "rm0" was declared but never referenced

md_calculateforcespp.cu(26): warning #177-D: variable "_1d_rm0" was declared but never referenced

md_calculateforcespp.cu(26): warning #177-D: variable "sij" was declared but never referenced

md_calculateforcespp.cu(26): warning #177-D: variable "Iij" was declared but never referenced

md_calculateforcespp.cu(26): warning #177-D: variable "eps" was declared but never referenced

md_calculateforcespp.cu(26): warning #177-D: variable "oijtt2" was declared but never referenced

md_calculateforcespp.cu(25): warning #177-D: variable "rijd2" was declared but never referenced

Remark: The warnings can be suppressed with "-diag-suppress <warning-number>"

md_calculateforcespp.cu(25): warning #550-D: variable "wij" was set but never used

md_calculateforcespp.cu(25): warning #177-D: variable "phi" was declared but never referenced

md_calculateforcespp.cu(25): warning #177-D: variable "M1" was declared but never referenced

md_calculateforcespp.cu(25): warning #177-D: variable "M2" was declared but never referenced

md_calculateforcespp.cu(25): warning #177-D: variable "M3" was declared but never referenced

md_calculateforcespp.cu(25): warning #177-D: variable "wijn" was declared but never referenced

md_calculateforcespp.cu(25): warning #177-D: variable "wijt" was declared but never referenced

md_calculateforcespp.cu(25): warning #177-D: variable "fijn" was declared but never referenced

md_calculateforcespp.cu(25): warning #177-D: variable "mijn" was declared but never referenced

md_calculateforcespp.cu(25): warning #177-D: variable "mijt" was declared but never referenced

md_calculateforcespp.cu(25): warning #177-D: variable "Munsym" was declared but never referenced

md_calculateforcespp.cu(25): warning #550-D: variable "mroll" was set but never used

md_calculateforcespp.cu(26): warning #177-D: variable "rm0" was declared but never referenced

md_calculateforcespp.cu(26): warning #177-D: variable "_1d_rm0" was declared but never referenced

md_calculateforcespp.cu(26): warning #177-D: variable "sij" was declared but never referenced

md_calculateforcespp.cu(26): warning #177-D: variable "Iij" was declared but never referenced

md_calculateforcespp.cu(26): warning #177-D: variable "eps" was declared but never referenced

md_calculateforcespp.cu(26): warning #177-D: variable "oijtt2" was declared but never referenced

md_calculateforcespp.cu(25): warning #177-D: variable "rijd2" was declared but never referenced

Remark: The warnings can be suppressed with "-diag-suppress <warning-number>"

md_calculateforcespp.cu(25): warning #550-D: variable "wij" was set but never used

md_calculateforcespp.cu(25): warning #177-D: variable "phi" was declared but never referenced

md_calculateforcespp.cu(25): warning #177-D: variable "M1" was declared but never referenced

md_calculateforcespp.cu(25): warning #177-D: variable "M2" was declared but never referenced

md_calculateforcespp.cu(25): warning #177-D: variable "M3" was declared but never referenced

md_calculateforcespp.cu(25): warning #177-D: variable "wijn" was declared but never referenced

md_calculateforcespp.cu(25): warning #177-D: variable "wijt" was declared but never referenced

md_calculateforcespp.cu(25): warning #177-D: variable "fijn" was declared but never referenced

md_calculateforcespp.cu(25): warning #177-D: variable "mijn" was declared but never referenced

md_calculateforcespp.cu(25): warning #177-D: variable "mijt" was declared but never referenced

md_calculateforcespp.cu(25): warning #177-D: variable "Munsym" was declared but never referenced

md_calculateforcespp.cu(25): warning #550-D: variable "mroll" was set but never used

md_calculateforcespp.cu(26): warning #177-D: variable "rm0" was declared but never referenced

md_calculateforcespp.cu(26): warning #177-D: variable "_1d_rm0" was declared but never referenced

md_calculateforcespp.cu(26): warning #177-D: variable "sij" was declared but never referenced

md_calculateforcespp.cu(26): warning #177-D: variable "Iij" was declared but never referenced

md_calculateforcespp.cu(26): warning #177-D: variable "eps" was declared but never referenced

md_calculateforcespp.cu(26): warning #177-D: variable "oijtt2" was declared but never referenced

md_calculateforcespp.cu(25): warning #177-D: variable "rijd2" was declared but never referenced

Remark: The warnings can be suppressed with "-diag-suppress <warning-number>"

md_calculateforcespp.cu(25): warning #550-D: variable "wij" was set but never used

md_calculateforcespp.cu(25): warning #177-D: variable "phi" was declared but never referenced

md_calculateforcespp.cu(25): warning #177-D: variable "M1" was declared but never referenced

md_calculateforcespp.cu(25): warning #177-D: variable "M2" was declared but never referenced

md_calculateforcespp.cu(25): warning #177-D: variable "M3" was declared but never referenced

md_calculateforcespp.cu(25): warning #177-D: variable "wijn" was declared but never referenced

md_calculateforcespp.cu(25): warning #177-D: variable "wijt" was declared but never referenced

md_calculateforcespp.cu(25): warning #177-D: variable "fijn" was declared but never referenced

md_calculateforcespp.cu(25): warning #177-D: variable "mijn" was declared but never referenced

md_calculateforcespp.cu(25): warning #177-D: variable "mijt" was declared but never referenced

md_calculateforcespp.cu(25): warning #177-D: variable "Munsym" was declared but never referenced

md_calculateforcespp.cu(25): warning #550-D: variable "mroll" was set but never used

md_calculateforcespp.cu(26): warning #177-D: variable "rm0" was declared but never referenced

md_calculateforcespp.cu(26): warning #177-D: variable "_1d_rm0" was declared but never referenced

md_calculateforcespp.cu(26): warning #177-D: variable "sij" was declared but never referenced

md_calculateforcespp.cu(26): warning #177-D: variable "Iij" was declared but never referenced

md_calculateforcespp.cu(26): warning #177-D: variable "eps" was declared but never referenced

md_calculateforcespp.cu(26): warning #177-D: variable "oijtt2" was declared but never referenced

md_calculateforcespp.cu(25): warning #177-D: variable "rijd2" was declared but never referenced

Remark: The warnings can be suppressed with "-diag-suppress <warning-number>"

md_calculateforcespp.cu(25): warning #550-D: variable "wij" was set but never used

md_calculateforcespp.cu(25): warning #177-D: variable "phi" was declared but never referenced

md_calculateforcespp.cu(25): warning #177-D: variable "M1" was declared but never referenced

md_calculateforcespp.cu(25): warning #177-D: variable "M2" was declared but never referenced

md_calculateforcespp.cu(25): warning #177-D: variable "M3" was declared but never referenced

md_calculateforcespp.cu(25): warning #177-D: variable "wijn" was declared but never referenced

md_calculateforcespp.cu(25): warning #177-D: variable "wijt" was declared but never referenced

md_calculateforcespp.cu(25): warning #177-D: variable "fijn" was declared but never referenced

md_calculateforcespp.cu(25): warning #177-D: variable "mijn" was declared but never referenced

md_calculateforcespp.cu(25): warning #177-D: variable "mijt" was declared but never referenced

md_calculateforcespp.cu(25): warning #177-D: variable "Munsym" was declared but never referenced

md_calculateforcespp.cu(25): warning #550-D: variable "mroll" was set but never used

md_calculateforcespp.cu(26): warning #177-D: variable "rm0" was declared but never referenced

md_calculateforcespp.cu(26): warning #177-D: variable "_1d_rm0" was declared but never referenced

md_calculateforcespp.cu(26): warning #177-D: variable "sij" was declared but never referenced

md_calculateforcespp.cu(26): warning #177-D: variable "Iij" was declared but never referenced

md_calculateforcespp.cu(26): warning #177-D: variable "eps" was declared but never referenced

md_calculateforcespp.cu(26): warning #177-D: variable "oijtt2" was declared but never referenced

md_calculateforcespp.cu(25): warning #177-D: variable "rijd2" was declared but never referenced

Remark: The warnings can be suppressed with "-diag-suppress <warning-number>"

md_calculateforcespp.cu(25): warning #550-D: variable "wij" was set but never used

md_calculateforcespp.cu(25): warning #177-D: variable "phi" was declared but never referenced

md_calculateforcespp.cu(25): warning #177-D: variable "M1" was declared but never referenced

md_calculateforcespp.cu(25): warning #177-D: variable "M2" was declared but never referenced

md_calculateforcespp.cu(25): warning #177-D: variable "M3" was declared but never referenced

md_calculateforcespp.cu(25): warning #177-D: variable "wijn" was declared but never referenced

md_calculateforcespp.cu(25): warning #177-D: variable "wijt" was declared but never referenced

md_calculateforcespp.cu(25): warning #177-D: variable "fijn" was declared but never referenced

md_calculateforcespp.cu(25): warning #177-D: variable "mijn" was declared but never referenced

md_calculateforcespp.cu(25): warning #177-D: variable "mijt" was declared but never referenced

md_calculateforcespp.cu(25): warning #177-D: variable "Munsym" was declared but never referenced

md_calculateforcespp.cu(25): warning #550-D: variable "mroll" was set but never used

md_calculateforcespp.cu(26): warning #177-D: variable "rm0" was declared but never referenced

md_calculateforcespp.cu(26): warning #177-D: variable "_1d_rm0" was declared but never referenced

md_calculateforcespp.cu(26): warning #177-D: variable "sij" was declared but never referenced

md_calculateforcespp.cu(26): warning #177-D: variable "Iij" was declared but never referenced

md_calculateforcespp.cu(26): warning #177-D: variable "eps" was declared but never referenced

md_calculateforcespp.cu(26): warning #177-D: variable "oijtt2" was declared but never referenced

/usr/local/cuda/bin/nvcc -ccbin g++ -I../../../Common  -m64    --threads 0 --std=c++11 -gencode arch=compute_50,code=sm_50 -gencode arch=compute_52,code=sm_52 -gencode arch=compute_60,code=sm_60 -gencode arch=compute_61,code=sm_61 -gencode arch=compute_70,code=sm_70 -gencode arch=compute_75,code=sm_75 -gencode arch=compute_80,code=sm_80 -gencode arch=compute_86,code=sm_86 -gencode arch=compute_90,code=sm_90 -gencode arch=compute_90,code=compute_90 -o md_calculateincrements.o -c md_calculateincrements.cu
In file included from md_calculateincrements.cu:5:
/usr/local/cuda/bin/../targets/x86_64-linux/include/math_functions.h:54:2: warning: #warning "math_functions.h is an internal header file and must not be used directly.  This file will be removed in a future CUDA release.  Please use cuda_runtime_api.h or cuda_runtime.h instead." [-Wcpp]
   54 | #warning "math_functions.h is an internal header file and must not be used directly.  This file will be removed in a future CUDA release.  Please use cuda_runtime_api.h or cuda_runtime.h instead."
      |  ^~~~~~~
In file included from /usr/local/cuda/bin/../targets/x86_64-linux/include/thrust/detail/config/config.h:27,
                 from /usr/local/cuda/bin/../targets/x86_64-linux/include/thrust/detail/config.h:23,
                 from /usr/local/cuda/bin/../targets/x86_64-linux/include/thrust/count.h:24,
                 from md_calculateincrements.cu:10:
/usr/local/cuda/bin/../targets/x86_64-linux/include/thrust/detail/config/cpp_dialect.h:131:13: warning: Thrust requires at least C++14. C++11 is deprecated but still supported. C++11 support will be removed in a future release. Define THRUST_IGNORE_DEPRECATED_CPP_DIALECT to suppress this message.
  131 |      THRUST_COMPILER_DEPRECATION_SOFT(C++14, C++11);
      |             ^~~~~~~~~~~~~~~~~~~~~~~~~~~~~~~~~~~~~~~~                                                                                                                                                           
In file included from /usr/local/cuda/bin/../targets/x86_64-linux/include/cub/util_arch.cuh:36,
                 from /usr/local/cuda/bin/../targets/x86_64-linux/include/cub/util_debug.cuh:40,
                 from /usr/local/cuda/bin/../targets/x86_64-linux/include/thrust/system/cuda/config.h:43,
                 from /usr/local/cuda/bin/../targets/x86_64-linux/include/thrust/system/cuda/detail/execution_policy.h:35,
                 from /usr/local/cuda/bin/../targets/x86_64-linux/include/thrust/iterator/detail/device_system_tag.h:23,
                 from /usr/local/cuda/bin/../targets/x86_64-linux/include/thrust/iterator/iterator_traits.h:62,
                 from /usr/local/cuda/bin/../targets/x86_64-linux/include/thrust/count.h:26,
                 from md_calculateincrements.cu:10:
/usr/local/cuda/bin/../targets/x86_64-linux/include/cub/util_cpp_dialect.cuh:142:13: warning: CUB requires at least C++14. C++11 is deprecated but still supported. C++11 support will be removed in a future release. Define CUB_IGNORE_DEPRECATED_CPP_DIALECT to suppress this message.
  142 |      CUB_COMPILER_DEPRECATION_SOFT(C++14, C++11);
      |             ^~~~~~~~~~~~~~~~~~~~~~~~~~~~~~~~~~~~~                                                                                                                                                        
In file included from md_calculateincrements.cu:5:
/usr/local/cuda/bin/../targets/x86_64-linux/include/math_functions.h:54:2: warning: #warning "math_functions.h is an internal header file and must not be used directly.  This file will be removed in a future CUDA release.  Please use cuda_runtime_api.h or cuda_runtime.h instead." [-Wcpp]
   54 | #warning "math_functions.h is an internal header file and must not be used directly.  This file will be removed in a future CUDA release.  Please use cuda_runtime_api.h or cuda_runtime.h instead."
      |  ^~~~~~~
In file included from /usr/local/cuda/bin/../targets/x86_64-linux/include/thrust/detail/config/config.h:27,
                 from /usr/local/cuda/bin/../targets/x86_64-linux/include/thrust/detail/config.h:23,
                 from /usr/local/cuda/bin/../targets/x86_64-linux/include/thrust/count.h:24,
                 from md_calculateincrements.cu:10:
/usr/local/cuda/bin/../targets/x86_64-linux/include/thrust/detail/config/cpp_dialect.h:131:13: warning: Thrust requires at least C++14. C++11 is deprecated but still supported. C++11 support will be removed in a future release. Define THRUST_IGNORE_DEPRECATED_CPP_DIALECT to suppress this message.
  131 |      THRUST_COMPILER_DEPRECATION_SOFT(C++14, C++11);
      |             ^~~~~~~~~~~~~~~~~~~~~~~~~~~~~~~~~~~~~~~~                                                                                                                                                           
In file included from /usr/local/cuda/bin/../targets/x86_64-linux/include/cub/util_arch.cuh:36,
                 from /usr/local/cuda/bin/../targets/x86_64-linux/include/cub/util_debug.cuh:40,
                 from /usr/local/cuda/bin/../targets/x86_64-linux/include/thrust/system/cuda/config.h:43,
                 from /usr/local/cuda/bin/../targets/x86_64-linux/include/thrust/system/cuda/detail/execution_policy.h:35,
                 from /usr/local/cuda/bin/../targets/x86_64-linux/include/thrust/iterator/detail/device_system_tag.h:23,
                 from /usr/local/cuda/bin/../targets/x86_64-linux/include/thrust/iterator/iterator_traits.h:62,
                 from /usr/local/cuda/bin/../targets/x86_64-linux/include/thrust/count.h:26,
                 from md_calculateincrements.cu:10:
/usr/local/cuda/bin/../targets/x86_64-linux/include/cub/util_cpp_dialect.cuh:142:13: warning: CUB requires at least C++14. C++11 is deprecated but still supported. C++11 support will be removed in a future release. Define CUB_IGNORE_DEPRECATED_CPP_DIALECT to suppress this message.
  142 |      CUB_COMPILER_DEPRECATION_SOFT(C++14, C++11);
      |             ^~~~~~~~~~~~~~~~~~~~~~~~~~~~~~~~~~~~~                                                                                                                                                        
In file included from md_calculateincrements.cu:5:
/usr/local/cuda/bin/../targets/x86_64-linux/include/math_functions.h:54:2: warning: #warning "math_functions.h is an internal header file and must not be used directly.  This file will be removed in a future CUDA release.  Please use cuda_runtime_api.h or cuda_runtime.h instead." [-Wcpp]
   54 | #warning "math_functions.h is an internal header file and must not be used directly.  This file will be removed in a future CUDA release.  Please use cuda_runtime_api.h or cuda_runtime.h instead."
      |  ^~~~~~~
In file included from /usr/local/cuda/bin/../targets/x86_64-linux/include/thrust/detail/config/config.h:27,
                 from /usr/local/cuda/bin/../targets/x86_64-linux/include/thrust/detail/config.h:23,
                 from /usr/local/cuda/bin/../targets/x86_64-linux/include/thrust/count.h:24,
                 from md_calculateincrements.cu:10:
/usr/local/cuda/bin/../targets/x86_64-linux/include/thrust/detail/config/cpp_dialect.h:131:13: warning: Thrust requires at least C++14. C++11 is deprecated but still supported. C++11 support will be removed in a future release. Define THRUST_IGNORE_DEPRECATED_CPP_DIALECT to suppress this message.
  131 |      THRUST_COMPILER_DEPRECATION_SOFT(C++14, C++11);
      |             ^~~~~~~~~~~~~~~~~~~~~~~~~~~~~~~~~~~~~~~~                                                                                                                                                           
In file included from /usr/local/cuda/bin/../targets/x86_64-linux/include/cub/util_arch.cuh:36,
                 from /usr/local/cuda/bin/../targets/x86_64-linux/include/cub/util_debug.cuh:40,
                 from /usr/local/cuda/bin/../targets/x86_64-linux/include/thrust/system/cuda/config.h:43,
                 from /usr/local/cuda/bin/../targets/x86_64-linux/include/thrust/system/cuda/detail/execution_policy.h:35,
                 from /usr/local/cuda/bin/../targets/x86_64-linux/include/thrust/iterator/detail/device_system_tag.h:23,
                 from /usr/local/cuda/bin/../targets/x86_64-linux/include/thrust/iterator/iterator_traits.h:62,
                 from /usr/local/cuda/bin/../targets/x86_64-linux/include/thrust/count.h:26,
                 from md_calculateincrements.cu:10:
/usr/local/cuda/bin/../targets/x86_64-linux/include/cub/util_cpp_dialect.cuh:142:13: warning: CUB requires at least C++14. C++11 is deprecated but still supported. C++11 support will be removed in a future release. Define CUB_IGNORE_DEPRECATED_CPP_DIALECT to suppress this message.
  142 |      CUB_COMPILER_DEPRECATION_SOFT(C++14, C++11);
      |             ^~~~~~~~~~~~~~~~~~~~~~~~~~~~~~~~~~~~~                                                                                                                                                        
In file included from md_calculateincrements.cu:5:
/usr/local/cuda/bin/../targets/x86_64-linux/include/math_functions.h:54:2: warning: #warning "math_functions.h is an internal header file and must not be used directly.  This file will be removed in a future CUDA release.  Please use cuda_runtime_api.h or cuda_runtime.h instead." [-Wcpp]
   54 | #warning "math_functions.h is an internal header file and must not be used directly.  This file will be removed in a future CUDA release.  Please use cuda_runtime_api.h or cuda_runtime.h instead."
      |  ^~~~~~~
In file included from /usr/local/cuda/bin/../targets/x86_64-linux/include/thrust/detail/config/config.h:27,
                 from /usr/local/cuda/bin/../targets/x86_64-linux/include/thrust/detail/config.h:23,
                 from /usr/local/cuda/bin/../targets/x86_64-linux/include/thrust/count.h:24,
                 from md_calculateincrements.cu:10:
/usr/local/cuda/bin/../targets/x86_64-linux/include/thrust/detail/config/cpp_dialect.h:131:13: warning: Thrust requires at least C++14. C++11 is deprecated but still supported. C++11 support will be removed in a future release. Define THRUST_IGNORE_DEPRECATED_CPP_DIALECT to suppress this message.
  131 |      THRUST_COMPILER_DEPRECATION_SOFT(C++14, C++11);
      |             ^~~~~~~~~~~~~~~~~~~~~~~~~~~~~~~~~~~~~~~~                                                                                                                                                           
In file included from /usr/local/cuda/bin/../targets/x86_64-linux/include/cub/util_arch.cuh:36,
                 from /usr/local/cuda/bin/../targets/x86_64-linux/include/cub/util_debug.cuh:40,
                 from /usr/local/cuda/bin/../targets/x86_64-linux/include/thrust/system/cuda/config.h:43,
                 from /usr/local/cuda/bin/../targets/x86_64-linux/include/thrust/system/cuda/detail/execution_policy.h:35,
                 from /usr/local/cuda/bin/../targets/x86_64-linux/include/thrust/iterator/detail/device_system_tag.h:23,
                 from /usr/local/cuda/bin/../targets/x86_64-linux/include/thrust/iterator/iterator_traits.h:62,
                 from /usr/local/cuda/bin/../targets/x86_64-linux/include/thrust/count.h:26,
                 from md_calculateincrements.cu:10:
/usr/local/cuda/bin/../targets/x86_64-linux/include/cub/util_cpp_dialect.cuh:142:13: warning: CUB requires at least C++14. C++11 is deprecated but still supported. C++11 support will be removed in a future release. Define CUB_IGNORE_DEPRECATED_CPP_DIALECT to suppress this message.
  142 |      CUB_COMPILER_DEPRECATION_SOFT(C++14, C++11);
      |             ^~~~~~~~~~~~~~~~~~~~~~~~~~~~~~~~~~~~~                                                                                                                                                        
In file included from md_calculateincrements.cu:5:
/usr/local/cuda/bin/../targets/x86_64-linux/include/math_functions.h:54:2: warning: #warning "math_functions.h is an internal header file and must not be used directly.  This file will be removed in a future CUDA release.  Please use cuda_runtime_api.h or cuda_runtime.h instead." [-Wcpp]
   54 | #warning "math_functions.h is an internal header file and must not be used directly.  This file will be removed in a future CUDA release.  Please use cuda_runtime_api.h or cuda_runtime.h instead."
      |  ^~~~~~~
In file included from /usr/local/cuda/bin/../targets/x86_64-linux/include/thrust/detail/config/config.h:27,
                 from /usr/local/cuda/bin/../targets/x86_64-linux/include/thrust/detail/config.h:23,
                 from /usr/local/cuda/bin/../targets/x86_64-linux/include/thrust/count.h:24,
                 from md_calculateincrements.cu:10:
/usr/local/cuda/bin/../targets/x86_64-linux/include/thrust/detail/config/cpp_dialect.h:131:13: warning: Thrust requires at least C++14. C++11 is deprecated but still supported. C++11 support will be removed in a future release. Define THRUST_IGNORE_DEPRECATED_CPP_DIALECT to suppress this message.
  131 |      THRUST_COMPILER_DEPRECATION_SOFT(C++14, C++11);
      |             ^~~~~~~~~~~~~~~~~~~~~~~~~~~~~~~~~~~~~~~~                                                                                                                                                           
In file included from /usr/local/cuda/bin/../targets/x86_64-linux/include/cub/util_arch.cuh:36,
                 from /usr/local/cuda/bin/../targets/x86_64-linux/include/cub/util_debug.cuh:40,
                 from /usr/local/cuda/bin/../targets/x86_64-linux/include/thrust/system/cuda/config.h:43,
                 from /usr/local/cuda/bin/../targets/x86_64-linux/include/thrust/system/cuda/detail/execution_policy.h:35,
                 from /usr/local/cuda/bin/../targets/x86_64-linux/include/thrust/iterator/detail/device_system_tag.h:23,
                 from /usr/local/cuda/bin/../targets/x86_64-linux/include/thrust/iterator/iterator_traits.h:62,
                 from /usr/local/cuda/bin/../targets/x86_64-linux/include/thrust/count.h:26,
                 from md_calculateincrements.cu:10:
/usr/local/cuda/bin/../targets/x86_64-linux/include/cub/util_cpp_dialect.cuh:142:13: warning: CUB requires at least C++14. C++11 is deprecated but still supported. C++11 support will be removed in a future release. Define CUB_IGNORE_DEPRECATED_CPP_DIALECT to suppress this message.
  142 |      CUB_COMPILER_DEPRECATION_SOFT(C++14, C++11);
      |             ^~~~~~~~~~~~~~~~~~~~~~~~~~~~~~~~~~~~~                                                                                                                                                        
In file included from md_calculateincrements.cu:5:
/usr/local/cuda/bin/../targets/x86_64-linux/include/math_functions.h:54:2: warning: #warning "math_functions.h is an internal header file and must not be used directly.  This file will be removed in a future CUDA release.  Please use cuda_runtime_api.h or cuda_runtime.h instead." [-Wcpp]
   54 | #warning "math_functions.h is an internal header file and must not be used directly.  This file will be removed in a future CUDA release.  Please use cuda_runtime_api.h or cuda_runtime.h instead."
      |  ^~~~~~~
In file included from /usr/local/cuda/bin/../targets/x86_64-linux/include/thrust/detail/config/config.h:27,
                 from /usr/local/cuda/bin/../targets/x86_64-linux/include/thrust/detail/config.h:23,
                 from /usr/local/cuda/bin/../targets/x86_64-linux/include/thrust/count.h:24,
                 from md_calculateincrements.cu:10:
/usr/local/cuda/bin/../targets/x86_64-linux/include/thrust/detail/config/cpp_dialect.h:131:13: warning: Thrust requires at least C++14. C++11 is deprecated but still supported. C++11 support will be removed in a future release. Define THRUST_IGNORE_DEPRECATED_CPP_DIALECT to suppress this message.
  131 |      THRUST_COMPILER_DEPRECATION_SOFT(C++14, C++11);
      |             ^~~~~~~~~~~~~~~~~~~~~~~~~~~~~~~~~~~~~~~~                                                                                                                                                           
In file included from /usr/local/cuda/bin/../targets/x86_64-linux/include/cub/util_arch.cuh:36,
                 from /usr/local/cuda/bin/../targets/x86_64-linux/include/cub/util_debug.cuh:40,
                 from /usr/local/cuda/bin/../targets/x86_64-linux/include/thrust/system/cuda/config.h:43,
                 from /usr/local/cuda/bin/../targets/x86_64-linux/include/thrust/system/cuda/detail/execution_policy.h:35,
                 from /usr/local/cuda/bin/../targets/x86_64-linux/include/thrust/iterator/detail/device_system_tag.h:23,
                 from /usr/local/cuda/bin/../targets/x86_64-linux/include/thrust/iterator/iterator_traits.h:62,
                 from /usr/local/cuda/bin/../targets/x86_64-linux/include/thrust/count.h:26,
                 from md_calculateincrements.cu:10:
/usr/local/cuda/bin/../targets/x86_64-linux/include/cub/util_cpp_dialect.cuh:142:13: warning: CUB requires at least C++14. C++11 is deprecated but still supported. C++11 support will be removed in a future release. Define CUB_IGNORE_DEPRECATED_CPP_DIALECT to suppress this message.
  142 |      CUB_COMPILER_DEPRECATION_SOFT(C++14, C++11);
      |             ^~~~~~~~~~~~~~~~~~~~~~~~~~~~~~~~~~~~~                                                                                                                                                        
In file included from md_calculateincrements.cu:5:
/usr/local/cuda/bin/../targets/x86_64-linux/include/math_functions.h:54:2: warning: #warning "math_functions.h is an internal header file and must not be used directly.  This file will be removed in a future CUDA release.  Please use cuda_runtime_api.h or cuda_runtime.h instead." [-Wcpp]
   54 | #warning "math_functions.h is an internal header file and must not be used directly.  This file will be removed in a future CUDA release.  Please use cuda_runtime_api.h or cuda_runtime.h instead."
      |  ^~~~~~~
In file included from /usr/local/cuda/bin/../targets/x86_64-linux/include/thrust/detail/config/config.h:27,
                 from /usr/local/cuda/bin/../targets/x86_64-linux/include/thrust/detail/config.h:23,
                 from /usr/local/cuda/bin/../targets/x86_64-linux/include/thrust/count.h:24,
                 from md_calculateincrements.cu:10:
/usr/local/cuda/bin/../targets/x86_64-linux/include/thrust/detail/config/cpp_dialect.h:131:13: warning: Thrust requires at least C++14. C++11 is deprecated but still supported. C++11 support will be removed in a future release. Define THRUST_IGNORE_DEPRECATED_CPP_DIALECT to suppress this message.
  131 |      THRUST_COMPILER_DEPRECATION_SOFT(C++14, C++11);
      |             ^~~~~~~~~~~~~~~~~~~~~~~~~~~~~~~~~~~~~~~~                                                                                                                                                           
In file included from /usr/local/cuda/bin/../targets/x86_64-linux/include/cub/util_arch.cuh:36,
                 from /usr/local/cuda/bin/../targets/x86_64-linux/include/cub/util_debug.cuh:40,
                 from /usr/local/cuda/bin/../targets/x86_64-linux/include/thrust/system/cuda/config.h:43,
                 from /usr/local/cuda/bin/../targets/x86_64-linux/include/thrust/system/cuda/detail/execution_policy.h:35,
                 from /usr/local/cuda/bin/../targets/x86_64-linux/include/thrust/iterator/detail/device_system_tag.h:23,
                 from /usr/local/cuda/bin/../targets/x86_64-linux/include/thrust/iterator/iterator_traits.h:62,
                 from /usr/local/cuda/bin/../targets/x86_64-linux/include/thrust/count.h:26,
                 from md_calculateincrements.cu:10:
/usr/local/cuda/bin/../targets/x86_64-linux/include/cub/util_cpp_dialect.cuh:142:13: warning: CUB requires at least C++14. C++11 is deprecated but still supported. C++11 support will be removed in a future release. Define CUB_IGNORE_DEPRECATED_CPP_DIALECT to suppress this message.
  142 |      CUB_COMPILER_DEPRECATION_SOFT(C++14, C++11);
      |             ^~~~~~~~~~~~~~~~~~~~~~~~~~~~~~~~~~~~~                                                                                                                                                        
In file included from md_calculateincrements.cu:5:
/usr/local/cuda/bin/../targets/x86_64-linux/include/math_functions.h:54:2: warning: #warning "math_functions.h is an internal header file and must not be used directly.  This file will be removed in a future CUDA release.  Please use cuda_runtime_api.h or cuda_runtime.h instead." [-Wcpp]
   54 | #warning "math_functions.h is an internal header file and must not be used directly.  This file will be removed in a future CUDA release.  Please use cuda_runtime_api.h or cuda_runtime.h instead."
      |  ^~~~~~~
In file included from /usr/local/cuda/bin/../targets/x86_64-linux/include/thrust/detail/config/config.h:27,
                 from /usr/local/cuda/bin/../targets/x86_64-linux/include/thrust/detail/config.h:23,
                 from /usr/local/cuda/bin/../targets/x86_64-linux/include/thrust/count.h:24,
                 from md_calculateincrements.cu:10:
/usr/local/cuda/bin/../targets/x86_64-linux/include/thrust/detail/config/cpp_dialect.h:131:13: warning: Thrust requires at least C++14. C++11 is deprecated but still supported. C++11 support will be removed in a future release. Define THRUST_IGNORE_DEPRECATED_CPP_DIALECT to suppress this message.
  131 |      THRUST_COMPILER_DEPRECATION_SOFT(C++14, C++11);
      |             ^~~~~~~~~~~~~~~~~~~~~~~~~~~~~~~~~~~~~~~~                                                                                                                                                           
In file included from /usr/local/cuda/bin/../targets/x86_64-linux/include/cub/util_arch.cuh:36,
                 from /usr/local/cuda/bin/../targets/x86_64-linux/include/cub/util_debug.cuh:40,
                 from /usr/local/cuda/bin/../targets/x86_64-linux/include/thrust/system/cuda/config.h:43,
                 from /usr/local/cuda/bin/../targets/x86_64-linux/include/thrust/system/cuda/detail/execution_policy.h:35,
                 from /usr/local/cuda/bin/../targets/x86_64-linux/include/thrust/iterator/detail/device_system_tag.h:23,
                 from /usr/local/cuda/bin/../targets/x86_64-linux/include/thrust/iterator/iterator_traits.h:62,
                 from /usr/local/cuda/bin/../targets/x86_64-linux/include/thrust/count.h:26,
                 from md_calculateincrements.cu:10:
/usr/local/cuda/bin/../targets/x86_64-linux/include/cub/util_cpp_dialect.cuh:142:13: warning: CUB requires at least C++14. C++11 is deprecated but still supported. C++11 support will be removed in a future release. Define CUB_IGNORE_DEPRECATED_CPP_DIALECT to suppress this message.
  142 |      CUB_COMPILER_DEPRECATION_SOFT(C++14, C++11);
      |             ^~~~~~~~~~~~~~~~~~~~~~~~~~~~~~~~~~~~~                                                                                                                                                        
In file included from md_calculateincrements.cu:5:
/usr/local/cuda/bin/../targets/x86_64-linux/include/math_functions.h:54:2: warning: #warning "math_functions.h is an internal header file and must not be used directly.  This file will be removed in a future CUDA release.  Please use cuda_runtime_api.h or cuda_runtime.h instead." [-Wcpp]
   54 | #warning "math_functions.h is an internal header file and must not be used directly.  This file will be removed in a future CUDA release.  Please use cuda_runtime_api.h or cuda_runtime.h instead."
      |  ^~~~~~~
In file included from /usr/local/cuda/bin/../targets/x86_64-linux/include/thrust/detail/config/config.h:27,
                 from /usr/local/cuda/bin/../targets/x86_64-linux/include/thrust/detail/config.h:23,
                 from /usr/local/cuda/bin/../targets/x86_64-linux/include/thrust/count.h:24,
                 from md_calculateincrements.cu:10:
/usr/local/cuda/bin/../targets/x86_64-linux/include/thrust/detail/config/cpp_dialect.h:131:13: warning: Thrust requires at least C++14. C++11 is deprecated but still supported. C++11 support will be removed in a future release. Define THRUST_IGNORE_DEPRECATED_CPP_DIALECT to suppress this message.
  131 |      THRUST_COMPILER_DEPRECATION_SOFT(C++14, C++11);
      |             ^~~~~~~~~~~~~~~~~~~~~~~~~~~~~~~~~~~~~~~~                                                                                                                                                           
In file included from /usr/local/cuda/bin/../targets/x86_64-linux/include/cub/util_arch.cuh:36,
                 from /usr/local/cuda/bin/../targets/x86_64-linux/include/cub/util_debug.cuh:40,
                 from /usr/local/cuda/bin/../targets/x86_64-linux/include/thrust/system/cuda/config.h:43,
                 from /usr/local/cuda/bin/../targets/x86_64-linux/include/thrust/system/cuda/detail/execution_policy.h:35,
                 from /usr/local/cuda/bin/../targets/x86_64-linux/include/thrust/iterator/detail/device_system_tag.h:23,
                 from /usr/local/cuda/bin/../targets/x86_64-linux/include/thrust/iterator/iterator_traits.h:62,
                 from /usr/local/cuda/bin/../targets/x86_64-linux/include/thrust/count.h:26,
                 from md_calculateincrements.cu:10:
/usr/local/cuda/bin/../targets/x86_64-linux/include/cub/util_cpp_dialect.cuh:142:13: warning: CUB requires at least C++14. C++11 is deprecated but still supported. C++11 support will be removed in a future release. Define CUB_IGNORE_DEPRECATED_CPP_DIALECT to suppress this message.
  142 |      CUB_COMPILER_DEPRECATION_SOFT(C++14, C++11);
      |             ^~~~~~~~~~~~~~~~~~~~~~~~~~~~~~~~~~~~~                                                                                                                                                        
In file included from md_calculateincrements.cu:5:
/usr/local/cuda/bin/../targets/x86_64-linux/include/math_functions.h:54:2: warning: #warning "math_functions.h is an internal header file and must not be used directly.  This file will be removed in a future CUDA release.  Please use cuda_runtime_api.h or cuda_runtime.h instead." [-Wcpp]
   54 | #warning "math_functions.h is an internal header file and must not be used directly.  This file will be removed in a future CUDA release.  Please use cuda_runtime_api.h or cuda_runtime.h instead."
      |  ^~~~~~~
In file included from /usr/local/cuda/bin/../targets/x86_64-linux/include/thrust/detail/config/config.h:27,
                 from /usr/local/cuda/bin/../targets/x86_64-linux/include/thrust/detail/config.h:23,
                 from /usr/local/cuda/bin/../targets/x86_64-linux/include/thrust/count.h:24,
                 from md_calculateincrements.cu:10:
/usr/local/cuda/bin/../targets/x86_64-linux/include/thrust/detail/config/cpp_dialect.h:131:13: warning: Thrust requires at least C++14. C++11 is deprecated but still supported. C++11 support will be removed in a future release. Define THRUST_IGNORE_DEPRECATED_CPP_DIALECT to suppress this message.
  131 |      THRUST_COMPILER_DEPRECATION_SOFT(C++14, C++11);
      |             ^~~~~~~~~~~~~~~~~~~~~~~~~~~~~~~~~~~~~~~~                                                                                                                                                           
In file included from /usr/local/cuda/bin/../targets/x86_64-linux/include/cub/util_arch.cuh:36,
                 from /usr/local/cuda/bin/../targets/x86_64-linux/include/cub/util_debug.cuh:40,
                 from /usr/local/cuda/bin/../targets/x86_64-linux/include/thrust/system/cuda/config.h:43,
                 from /usr/local/cuda/bin/../targets/x86_64-linux/include/thrust/system/cuda/detail/execution_policy.h:35,
                 from /usr/local/cuda/bin/../targets/x86_64-linux/include/thrust/iterator/detail/device_system_tag.h:23,
                 from /usr/local/cuda/bin/../targets/x86_64-linux/include/thrust/iterator/iterator_traits.h:62,
                 from /usr/local/cuda/bin/../targets/x86_64-linux/include/thrust/count.h:26,
                 from md_calculateincrements.cu:10:
/usr/local/cuda/bin/../targets/x86_64-linux/include/cub/util_cpp_dialect.cuh:142:13: warning: CUB requires at least C++14. C++11 is deprecated but still supported. C++11 support will be removed in a future release. Define CUB_IGNORE_DEPRECATED_CPP_DIALECT to suppress this message.
  142 |      CUB_COMPILER_DEPRECATION_SOFT(C++14, C++11);
      |             ^~~~~~~~~~~~~~~~~~~~~~~~~~~~~~~~~~~~~                                                                                                                                                        
/usr/local/cuda/bin/nvcc -ccbin g++ -I../../../Common  -m64    --threads 0 --std=c++11 -gencode arch=compute_50,code=sm_50 -gencode arch=compute_52,code=sm_52 -gencode arch=compute_60,code=sm_60 -gencode arch=compute_61,code=sm_61 -gencode arch=compute_70,code=sm_70 -gencode arch=compute_75,code=sm_75 -gencode arch=compute_80,code=sm_80 -gencode arch=compute_86,code=sm_86 -gencode arch=compute_90,code=sm_90 -gencode arch=compute_90,code=compute_90 -o md_calculateincrementsdem.o -c md_calculateincrementsdem.cu
In file included from md_calculateincrementsdem.cu:5:
/usr/local/cuda/bin/../targets/x86_64-linux/include/math_functions.h:54:2: warning: #warning "math_functions.h is an internal header file and must not be used directly.  This file will be removed in a future CUDA release.  Please use cuda_runtime_api.h or cuda_runtime.h instead." [-Wcpp]
   54 | #warning "math_functions.h is an internal header file and must not be used directly.  This file will be removed in a future CUDA release.  Please use cuda_runtime_api.h or cuda_runtime.h instead."
      |  ^~~~~~~
In file included from /usr/local/cuda/bin/../targets/x86_64-linux/include/thrust/detail/config/config.h:27,
                 from /usr/local/cuda/bin/../targets/x86_64-linux/include/thrust/detail/config.h:23,
                 from /usr/local/cuda/bin/../targets/x86_64-linux/include/thrust/count.h:24,
                 from md_calculateincrementsdem.cu:10:
/usr/local/cuda/bin/../targets/x86_64-linux/include/thrust/detail/config/cpp_dialect.h:131:13: warning: Thrust requires at least C++14. C++11 is deprecated but still supported. C++11 support will be removed in a future release. Define THRUST_IGNORE_DEPRECATED_CPP_DIALECT to suppress this message.
  131 |      THRUST_COMPILER_DEPRECATION_SOFT(C++14, C++11);
      |             ^~~~~~~~~~~~~~~~~~~~~~~~~~~~~~~~~~~~~~~~                                                                                                                                                           
In file included from /usr/local/cuda/bin/../targets/x86_64-linux/include/cub/util_arch.cuh:36,
                 from /usr/local/cuda/bin/../targets/x86_64-linux/include/cub/util_debug.cuh:40,
                 from /usr/local/cuda/bin/../targets/x86_64-linux/include/thrust/system/cuda/config.h:43,
                 from /usr/local/cuda/bin/../targets/x86_64-linux/include/thrust/system/cuda/detail/execution_policy.h:35,
                 from /usr/local/cuda/bin/../targets/x86_64-linux/include/thrust/iterator/detail/device_system_tag.h:23,
                 from /usr/local/cuda/bin/../targets/x86_64-linux/include/thrust/iterator/iterator_traits.h:62,
                 from /usr/local/cuda/bin/../targets/x86_64-linux/include/thrust/count.h:26,
                 from md_calculateincrementsdem.cu:10:
/usr/local/cuda/bin/../targets/x86_64-linux/include/cub/util_cpp_dialect.cuh:142:13: warning: CUB requires at least C++14. C++11 is deprecated but still supported. C++11 support will be removed in a future release. Define CUB_IGNORE_DEPRECATED_CPP_DIALECT to suppress this message.
  142 |      CUB_COMPILER_DEPRECATION_SOFT(C++14, C++11);
      |             ^~~~~~~~~~~~~~~~~~~~~~~~~~~~~~~~~~~~~                                                                                                                                                        
In file included from md_calculateincrementsdem.cu:5:
/usr/local/cuda/bin/../targets/x86_64-linux/include/math_functions.h:54:2: warning: #warning "math_functions.h is an internal header file and must not be used directly.  This file will be removed in a future CUDA release.  Please use cuda_runtime_api.h or cuda_runtime.h instead." [-Wcpp]
   54 | #warning "math_functions.h is an internal header file and must not be used directly.  This file will be removed in a future CUDA release.  Please use cuda_runtime_api.h or cuda_runtime.h instead."
      |  ^~~~~~~
In file included from /usr/local/cuda/bin/../targets/x86_64-linux/include/thrust/detail/config/config.h:27,
                 from /usr/local/cuda/bin/../targets/x86_64-linux/include/thrust/detail/config.h:23,
                 from /usr/local/cuda/bin/../targets/x86_64-linux/include/thrust/count.h:24,
                 from md_calculateincrementsdem.cu:10:
/usr/local/cuda/bin/../targets/x86_64-linux/include/thrust/detail/config/cpp_dialect.h:131:13: warning: Thrust requires at least C++14. C++11 is deprecated but still supported. C++11 support will be removed in a future release. Define THRUST_IGNORE_DEPRECATED_CPP_DIALECT to suppress this message.
  131 |      THRUST_COMPILER_DEPRECATION_SOFT(C++14, C++11);
      |             ^~~~~~~~~~~~~~~~~~~~~~~~~~~~~~~~~~~~~~~~                                                                                                                                                           
In file included from /usr/local/cuda/bin/../targets/x86_64-linux/include/cub/util_arch.cuh:36,
                 from /usr/local/cuda/bin/../targets/x86_64-linux/include/cub/util_debug.cuh:40,
                 from /usr/local/cuda/bin/../targets/x86_64-linux/include/thrust/system/cuda/config.h:43,
                 from /usr/local/cuda/bin/../targets/x86_64-linux/include/thrust/system/cuda/detail/execution_policy.h:35,
                 from /usr/local/cuda/bin/../targets/x86_64-linux/include/thrust/iterator/detail/device_system_tag.h:23,
                 from /usr/local/cuda/bin/../targets/x86_64-linux/include/thrust/iterator/iterator_traits.h:62,
                 from /usr/local/cuda/bin/../targets/x86_64-linux/include/thrust/count.h:26,
                 from md_calculateincrementsdem.cu:10:
/usr/local/cuda/bin/../targets/x86_64-linux/include/cub/util_cpp_dialect.cuh:142:13: warning: CUB requires at least C++14. C++11 is deprecated but still supported. C++11 support will be removed in a future release. Define CUB_IGNORE_DEPRECATED_CPP_DIALECT to suppress this message.
  142 |      CUB_COMPILER_DEPRECATION_SOFT(C++14, C++11);
      |             ^~~~~~~~~~~~~~~~~~~~~~~~~~~~~~~~~~~~~                                                                                                                                                        
In file included from md_calculateincrementsdem.cu:5:
/usr/local/cuda/bin/../targets/x86_64-linux/include/math_functions.h:54:2: warning: #warning "math_functions.h is an internal header file and must not be used directly.  This file will be removed in a future CUDA release.  Please use cuda_runtime_api.h or cuda_runtime.h instead." [-Wcpp]
   54 | #warning "math_functions.h is an internal header file and must not be used directly.  This file will be removed in a future CUDA release.  Please use cuda_runtime_api.h or cuda_runtime.h instead."
      |  ^~~~~~~
In file included from /usr/local/cuda/bin/../targets/x86_64-linux/include/thrust/detail/config/config.h:27,
                 from /usr/local/cuda/bin/../targets/x86_64-linux/include/thrust/detail/config.h:23,
                 from /usr/local/cuda/bin/../targets/x86_64-linux/include/thrust/count.h:24,
                 from md_calculateincrementsdem.cu:10:
/usr/local/cuda/bin/../targets/x86_64-linux/include/thrust/detail/config/cpp_dialect.h:131:13: warning: Thrust requires at least C++14. C++11 is deprecated but still supported. C++11 support will be removed in a future release. Define THRUST_IGNORE_DEPRECATED_CPP_DIALECT to suppress this message.
  131 |      THRUST_COMPILER_DEPRECATION_SOFT(C++14, C++11);
      |             ^~~~~~~~~~~~~~~~~~~~~~~~~~~~~~~~~~~~~~~~                                                                                                                                                           
In file included from /usr/local/cuda/bin/../targets/x86_64-linux/include/cub/util_arch.cuh:36,
                 from /usr/local/cuda/bin/../targets/x86_64-linux/include/cub/util_debug.cuh:40,
                 from /usr/local/cuda/bin/../targets/x86_64-linux/include/thrust/system/cuda/config.h:43,
                 from /usr/local/cuda/bin/../targets/x86_64-linux/include/thrust/system/cuda/detail/execution_policy.h:35,
                 from /usr/local/cuda/bin/../targets/x86_64-linux/include/thrust/iterator/detail/device_system_tag.h:23,
                 from /usr/local/cuda/bin/../targets/x86_64-linux/include/thrust/iterator/iterator_traits.h:62,
                 from /usr/local/cuda/bin/../targets/x86_64-linux/include/thrust/count.h:26,
                 from md_calculateincrementsdem.cu:10:
/usr/local/cuda/bin/../targets/x86_64-linux/include/cub/util_cpp_dialect.cuh:142:13: warning: CUB requires at least C++14. C++11 is deprecated but still supported. C++11 support will be removed in a future release. Define CUB_IGNORE_DEPRECATED_CPP_DIALECT to suppress this message.
  142 |      CUB_COMPILER_DEPRECATION_SOFT(C++14, C++11);
      |             ^~~~~~~~~~~~~~~~~~~~~~~~~~~~~~~~~~~~~                                                                                                                                                        
In file included from md_calculateincrementsdem.cu:5:
/usr/local/cuda/bin/../targets/x86_64-linux/include/math_functions.h:54:2: warning: #warning "math_functions.h is an internal header file and must not be used directly.  This file will be removed in a future CUDA release.  Please use cuda_runtime_api.h or cuda_runtime.h instead." [-Wcpp]
   54 | #warning "math_functions.h is an internal header file and must not be used directly.  This file will be removed in a future CUDA release.  Please use cuda_runtime_api.h or cuda_runtime.h instead."
      |  ^~~~~~~
In file included from /usr/local/cuda/bin/../targets/x86_64-linux/include/thrust/detail/config/config.h:27,
                 from /usr/local/cuda/bin/../targets/x86_64-linux/include/thrust/detail/config.h:23,
                 from /usr/local/cuda/bin/../targets/x86_64-linux/include/thrust/count.h:24,
                 from md_calculateincrementsdem.cu:10:
/usr/local/cuda/bin/../targets/x86_64-linux/include/thrust/detail/config/cpp_dialect.h:131:13: warning: Thrust requires at least C++14. C++11 is deprecated but still supported. C++11 support will be removed in a future release. Define THRUST_IGNORE_DEPRECATED_CPP_DIALECT to suppress this message.
  131 |      THRUST_COMPILER_DEPRECATION_SOFT(C++14, C++11);
      |             ^~~~~~~~~~~~~~~~~~~~~~~~~~~~~~~~~~~~~~~~                                                                                                                                                           
In file included from /usr/local/cuda/bin/../targets/x86_64-linux/include/cub/util_arch.cuh:36,
                 from /usr/local/cuda/bin/../targets/x86_64-linux/include/cub/util_debug.cuh:40,
                 from /usr/local/cuda/bin/../targets/x86_64-linux/include/thrust/system/cuda/config.h:43,
                 from /usr/local/cuda/bin/../targets/x86_64-linux/include/thrust/system/cuda/detail/execution_policy.h:35,
                 from /usr/local/cuda/bin/../targets/x86_64-linux/include/thrust/iterator/detail/device_system_tag.h:23,
                 from /usr/local/cuda/bin/../targets/x86_64-linux/include/thrust/iterator/iterator_traits.h:62,
                 from /usr/local/cuda/bin/../targets/x86_64-linux/include/thrust/count.h:26,
                 from md_calculateincrementsdem.cu:10:
/usr/local/cuda/bin/../targets/x86_64-linux/include/cub/util_cpp_dialect.cuh:142:13: warning: CUB requires at least C++14. C++11 is deprecated but still supported. C++11 support will be removed in a future release. Define CUB_IGNORE_DEPRECATED_CPP_DIALECT to suppress this message.
  142 |      CUB_COMPILER_DEPRECATION_SOFT(C++14, C++11);
      |             ^~~~~~~~~~~~~~~~~~~~~~~~~~~~~~~~~~~~~                                                                                                                                                        
In file included from md_calculateincrementsdem.cu:5:
/usr/local/cuda/bin/../targets/x86_64-linux/include/math_functions.h:54:2: warning: #warning "math_functions.h is an internal header file and must not be used directly.  This file will be removed in a future CUDA release.  Please use cuda_runtime_api.h or cuda_runtime.h instead." [-Wcpp]
   54 | #warning "math_functions.h is an internal header file and must not be used directly.  This file will be removed in a future CUDA release.  Please use cuda_runtime_api.h or cuda_runtime.h instead."
      |  ^~~~~~~
In file included from /usr/local/cuda/bin/../targets/x86_64-linux/include/thrust/detail/config/config.h:27,
                 from /usr/local/cuda/bin/../targets/x86_64-linux/include/thrust/detail/config.h:23,
                 from /usr/local/cuda/bin/../targets/x86_64-linux/include/thrust/count.h:24,
                 from md_calculateincrementsdem.cu:10:
/usr/local/cuda/bin/../targets/x86_64-linux/include/thrust/detail/config/cpp_dialect.h:131:13: warning: Thrust requires at least C++14. C++11 is deprecated but still supported. C++11 support will be removed in a future release. Define THRUST_IGNORE_DEPRECATED_CPP_DIALECT to suppress this message.
  131 |      THRUST_COMPILER_DEPRECATION_SOFT(C++14, C++11);
      |             ^~~~~~~~~~~~~~~~~~~~~~~~~~~~~~~~~~~~~~~~                                                                                                                                                           
In file included from /usr/local/cuda/bin/../targets/x86_64-linux/include/cub/util_arch.cuh:36,
                 from /usr/local/cuda/bin/../targets/x86_64-linux/include/cub/util_debug.cuh:40,
                 from /usr/local/cuda/bin/../targets/x86_64-linux/include/thrust/system/cuda/config.h:43,
                 from /usr/local/cuda/bin/../targets/x86_64-linux/include/thrust/system/cuda/detail/execution_policy.h:35,
                 from /usr/local/cuda/bin/../targets/x86_64-linux/include/thrust/iterator/detail/device_system_tag.h:23,
                 from /usr/local/cuda/bin/../targets/x86_64-linux/include/thrust/iterator/iterator_traits.h:62,
                 from /usr/local/cuda/bin/../targets/x86_64-linux/include/thrust/count.h:26,
                 from md_calculateincrementsdem.cu:10:
/usr/local/cuda/bin/../targets/x86_64-linux/include/cub/util_cpp_dialect.cuh:142:13: warning: CUB requires at least C++14. C++11 is deprecated but still supported. C++11 support will be removed in a future release. Define CUB_IGNORE_DEPRECATED_CPP_DIALECT to suppress this message.
  142 |      CUB_COMPILER_DEPRECATION_SOFT(C++14, C++11);
      |             ^~~~~~~~~~~~~~~~~~~~~~~~~~~~~~~~~~~~~                                                                                                                                                        
In file included from md_calculateincrementsdem.cu:5:
/usr/local/cuda/bin/../targets/x86_64-linux/include/math_functions.h:54:2: warning: #warning "math_functions.h is an internal header file and must not be used directly.  This file will be removed in a future CUDA release.  Please use cuda_runtime_api.h or cuda_runtime.h instead." [-Wcpp]
   54 | #warning "math_functions.h is an internal header file and must not be used directly.  This file will be removed in a future CUDA release.  Please use cuda_runtime_api.h or cuda_runtime.h instead."
      |  ^~~~~~~
In file included from /usr/local/cuda/bin/../targets/x86_64-linux/include/thrust/detail/config/config.h:27,
                 from /usr/local/cuda/bin/../targets/x86_64-linux/include/thrust/detail/config.h:23,
                 from /usr/local/cuda/bin/../targets/x86_64-linux/include/thrust/count.h:24,
                 from md_calculateincrementsdem.cu:10:
/usr/local/cuda/bin/../targets/x86_64-linux/include/thrust/detail/config/cpp_dialect.h:131:13: warning: Thrust requires at least C++14. C++11 is deprecated but still supported. C++11 support will be removed in a future release. Define THRUST_IGNORE_DEPRECATED_CPP_DIALECT to suppress this message.
  131 |      THRUST_COMPILER_DEPRECATION_SOFT(C++14, C++11);
      |             ^~~~~~~~~~~~~~~~~~~~~~~~~~~~~~~~~~~~~~~~                                                                                                                                                           
In file included from /usr/local/cuda/bin/../targets/x86_64-linux/include/cub/util_arch.cuh:36,
                 from /usr/local/cuda/bin/../targets/x86_64-linux/include/cub/util_debug.cuh:40,
                 from /usr/local/cuda/bin/../targets/x86_64-linux/include/thrust/system/cuda/config.h:43,
                 from /usr/local/cuda/bin/../targets/x86_64-linux/include/thrust/system/cuda/detail/execution_policy.h:35,
                 from /usr/local/cuda/bin/../targets/x86_64-linux/include/thrust/iterator/detail/device_system_tag.h:23,
                 from /usr/local/cuda/bin/../targets/x86_64-linux/include/thrust/iterator/iterator_traits.h:62,
                 from /usr/local/cuda/bin/../targets/x86_64-linux/include/thrust/count.h:26,
                 from md_calculateincrementsdem.cu:10:
/usr/local/cuda/bin/../targets/x86_64-linux/include/cub/util_cpp_dialect.cuh:142:13: warning: CUB requires at least C++14. C++11 is deprecated but still supported. C++11 support will be removed in a future release. Define CUB_IGNORE_DEPRECATED_CPP_DIALECT to suppress this message.
  142 |      CUB_COMPILER_DEPRECATION_SOFT(C++14, C++11);
      |             ^~~~~~~~~~~~~~~~~~~~~~~~~~~~~~~~~~~~~                                                                                                                                                        
In file included from md_calculateincrementsdem.cu:5:
/usr/local/cuda/bin/../targets/x86_64-linux/include/math_functions.h:54:2: warning: #warning "math_functions.h is an internal header file and must not be used directly.  This file will be removed in a future CUDA release.  Please use cuda_runtime_api.h or cuda_runtime.h instead." [-Wcpp]
   54 | #warning "math_functions.h is an internal header file and must not be used directly.  This file will be removed in a future CUDA release.  Please use cuda_runtime_api.h or cuda_runtime.h instead."
      |  ^~~~~~~
In file included from /usr/local/cuda/bin/../targets/x86_64-linux/include/thrust/detail/config/config.h:27,
                 from /usr/local/cuda/bin/../targets/x86_64-linux/include/thrust/detail/config.h:23,
                 from /usr/local/cuda/bin/../targets/x86_64-linux/include/thrust/count.h:24,
                 from md_calculateincrementsdem.cu:10:
/usr/local/cuda/bin/../targets/x86_64-linux/include/thrust/detail/config/cpp_dialect.h:131:13: warning: Thrust requires at least C++14. C++11 is deprecated but still supported. C++11 support will be removed in a future release. Define THRUST_IGNORE_DEPRECATED_CPP_DIALECT to suppress this message.
  131 |      THRUST_COMPILER_DEPRECATION_SOFT(C++14, C++11);
      |             ^~~~~~~~~~~~~~~~~~~~~~~~~~~~~~~~~~~~~~~~                                                                                                                                                           
In file included from /usr/local/cuda/bin/../targets/x86_64-linux/include/cub/util_arch.cuh:36,
                 from /usr/local/cuda/bin/../targets/x86_64-linux/include/cub/util_debug.cuh:40,
                 from /usr/local/cuda/bin/../targets/x86_64-linux/include/thrust/system/cuda/config.h:43,
                 from /usr/local/cuda/bin/../targets/x86_64-linux/include/thrust/system/cuda/detail/execution_policy.h:35,
                 from /usr/local/cuda/bin/../targets/x86_64-linux/include/thrust/iterator/detail/device_system_tag.h:23,
                 from /usr/local/cuda/bin/../targets/x86_64-linux/include/thrust/iterator/iterator_traits.h:62,
                 from /usr/local/cuda/bin/../targets/x86_64-linux/include/thrust/count.h:26,
                 from md_calculateincrementsdem.cu:10:
/usr/local/cuda/bin/../targets/x86_64-linux/include/cub/util_cpp_dialect.cuh:142:13: warning: CUB requires at least C++14. C++11 is deprecated but still supported. C++11 support will be removed in a future release. Define CUB_IGNORE_DEPRECATED_CPP_DIALECT to suppress this message.
  142 |      CUB_COMPILER_DEPRECATION_SOFT(C++14, C++11);
      |             ^~~~~~~~~~~~~~~~~~~~~~~~~~~~~~~~~~~~~                                                                                                                                                        
In file included from md_calculateincrementsdem.cu:5:
/usr/local/cuda/bin/../targets/x86_64-linux/include/math_functions.h:54:2: warning: #warning "math_functions.h is an internal header file and must not be used directly.  This file will be removed in a future CUDA release.  Please use cuda_runtime_api.h or cuda_runtime.h instead." [-Wcpp]
   54 | #warning "math_functions.h is an internal header file and must not be used directly.  This file will be removed in a future CUDA release.  Please use cuda_runtime_api.h or cuda_runtime.h instead."
      |  ^~~~~~~
In file included from /usr/local/cuda/bin/../targets/x86_64-linux/include/thrust/detail/config/config.h:27,
                 from /usr/local/cuda/bin/../targets/x86_64-linux/include/thrust/detail/config.h:23,
                 from /usr/local/cuda/bin/../targets/x86_64-linux/include/thrust/count.h:24,
                 from md_calculateincrementsdem.cu:10:
/usr/local/cuda/bin/../targets/x86_64-linux/include/thrust/detail/config/cpp_dialect.h:131:13: warning: Thrust requires at least C++14. C++11 is deprecated but still supported. C++11 support will be removed in a future release. Define THRUST_IGNORE_DEPRECATED_CPP_DIALECT to suppress this message.
  131 |      THRUST_COMPILER_DEPRECATION_SOFT(C++14, C++11);
      |             ^~~~~~~~~~~~~~~~~~~~~~~~~~~~~~~~~~~~~~~~                                                                                                                                                           
In file included from /usr/local/cuda/bin/../targets/x86_64-linux/include/cub/util_arch.cuh:36,
                 from /usr/local/cuda/bin/../targets/x86_64-linux/include/cub/util_debug.cuh:40,
                 from /usr/local/cuda/bin/../targets/x86_64-linux/include/thrust/system/cuda/config.h:43,
                 from /usr/local/cuda/bin/../targets/x86_64-linux/include/thrust/system/cuda/detail/execution_policy.h:35,
                 from /usr/local/cuda/bin/../targets/x86_64-linux/include/thrust/iterator/detail/device_system_tag.h:23,
                 from /usr/local/cuda/bin/../targets/x86_64-linux/include/thrust/iterator/iterator_traits.h:62,
                 from /usr/local/cuda/bin/../targets/x86_64-linux/include/thrust/count.h:26,
                 from md_calculateincrementsdem.cu:10:
/usr/local/cuda/bin/../targets/x86_64-linux/include/cub/util_cpp_dialect.cuh:142:13: warning: CUB requires at least C++14. C++11 is deprecated but still supported. C++11 support will be removed in a future release. Define CUB_IGNORE_DEPRECATED_CPP_DIALECT to suppress this message.
  142 |      CUB_COMPILER_DEPRECATION_SOFT(C++14, C++11);
      |             ^~~~~~~~~~~~~~~~~~~~~~~~~~~~~~~~~~~~~                                                                                                                                                        
In file included from md_calculateincrementsdem.cu:5:
/usr/local/cuda/bin/../targets/x86_64-linux/include/math_functions.h:54:2: warning: #warning "math_functions.h is an internal header file and must not be used directly.  This file will be removed in a future CUDA release.  Please use cuda_runtime_api.h or cuda_runtime.h instead." [-Wcpp]
   54 | #warning "math_functions.h is an internal header file and must not be used directly.  This file will be removed in a future CUDA release.  Please use cuda_runtime_api.h or cuda_runtime.h instead."
      |  ^~~~~~~
In file included from /usr/local/cuda/bin/../targets/x86_64-linux/include/thrust/detail/config/config.h:27,
                 from /usr/local/cuda/bin/../targets/x86_64-linux/include/thrust/detail/config.h:23,
                 from /usr/local/cuda/bin/../targets/x86_64-linux/include/thrust/count.h:24,
                 from md_calculateincrementsdem.cu:10:
/usr/local/cuda/bin/../targets/x86_64-linux/include/thrust/detail/config/cpp_dialect.h:131:13: warning: Thrust requires at least C++14. C++11 is deprecated but still supported. C++11 support will be removed in a future release. Define THRUST_IGNORE_DEPRECATED_CPP_DIALECT to suppress this message.
  131 |      THRUST_COMPILER_DEPRECATION_SOFT(C++14, C++11);
      |             ^~~~~~~~~~~~~~~~~~~~~~~~~~~~~~~~~~~~~~~~                                                                                                                                                           
In file included from /usr/local/cuda/bin/../targets/x86_64-linux/include/cub/util_arch.cuh:36,
                 from /usr/local/cuda/bin/../targets/x86_64-linux/include/cub/util_debug.cuh:40,
                 from /usr/local/cuda/bin/../targets/x86_64-linux/include/thrust/system/cuda/config.h:43,
                 from /usr/local/cuda/bin/../targets/x86_64-linux/include/thrust/system/cuda/detail/execution_policy.h:35,
                 from /usr/local/cuda/bin/../targets/x86_64-linux/include/thrust/iterator/detail/device_system_tag.h:23,
                 from /usr/local/cuda/bin/../targets/x86_64-linux/include/thrust/iterator/iterator_traits.h:62,
                 from /usr/local/cuda/bin/../targets/x86_64-linux/include/thrust/count.h:26,
                 from md_calculateincrementsdem.cu:10:
/usr/local/cuda/bin/../targets/x86_64-linux/include/cub/util_cpp_dialect.cuh:142:13: warning: CUB requires at least C++14. C++11 is deprecated but still supported. C++11 support will be removed in a future release. Define CUB_IGNORE_DEPRECATED_CPP_DIALECT to suppress this message.
  142 |      CUB_COMPILER_DEPRECATION_SOFT(C++14, C++11);
      |             ^~~~~~~~~~~~~~~~~~~~~~~~~~~~~~~~~~~~~                                                                                                                                                        
In file included from md_calculateincrementsdem.cu:5:
/usr/local/cuda/bin/../targets/x86_64-linux/include/math_functions.h:54:2: warning: #warning "math_functions.h is an internal header file and must not be used directly.  This file will be removed in a future CUDA release.  Please use cuda_runtime_api.h or cuda_runtime.h instead." [-Wcpp]
   54 | #warning "math_functions.h is an internal header file and must not be used directly.  This file will be removed in a future CUDA release.  Please use cuda_runtime_api.h or cuda_runtime.h instead."
      |  ^~~~~~~
In file included from /usr/local/cuda/bin/../targets/x86_64-linux/include/thrust/detail/config/config.h:27,
                 from /usr/local/cuda/bin/../targets/x86_64-linux/include/thrust/detail/config.h:23,
                 from /usr/local/cuda/bin/../targets/x86_64-linux/include/thrust/count.h:24,
                 from md_calculateincrementsdem.cu:10:
/usr/local/cuda/bin/../targets/x86_64-linux/include/thrust/detail/config/cpp_dialect.h:131:13: warning: Thrust requires at least C++14. C++11 is deprecated but still supported. C++11 support will be removed in a future release. Define THRUST_IGNORE_DEPRECATED_CPP_DIALECT to suppress this message.
  131 |      THRUST_COMPILER_DEPRECATION_SOFT(C++14, C++11);
      |             ^~~~~~~~~~~~~~~~~~~~~~~~~~~~~~~~~~~~~~~~                                                                                                                                                           
In file included from /usr/local/cuda/bin/../targets/x86_64-linux/include/cub/util_arch.cuh:36,
                 from /usr/local/cuda/bin/../targets/x86_64-linux/include/cub/util_debug.cuh:40,
                 from /usr/local/cuda/bin/../targets/x86_64-linux/include/thrust/system/cuda/config.h:43,
                 from /usr/local/cuda/bin/../targets/x86_64-linux/include/thrust/system/cuda/detail/execution_policy.h:35,
                 from /usr/local/cuda/bin/../targets/x86_64-linux/include/thrust/iterator/detail/device_system_tag.h:23,
                 from /usr/local/cuda/bin/../targets/x86_64-linux/include/thrust/iterator/iterator_traits.h:62,
                 from /usr/local/cuda/bin/../targets/x86_64-linux/include/thrust/count.h:26,
                 from md_calculateincrementsdem.cu:10:
/usr/local/cuda/bin/../targets/x86_64-linux/include/cub/util_cpp_dialect.cuh:142:13: warning: CUB requires at least C++14. C++11 is deprecated but still supported. C++11 support will be removed in a future release. Define CUB_IGNORE_DEPRECATED_CPP_DIALECT to suppress this message.
  142 |      CUB_COMPILER_DEPRECATION_SOFT(C++14, C++11);
      |             ^~~~~~~~~~~~~~~~~~~~~~~~~~~~~~~~~~~~~                                                                                                                                                        
/usr/local/cuda/bin/nvcc -ccbin g++ -I../../../Common  -m64    --threads 0 --std=c++11 -gencode arch=compute_50,code=sm_50 -gencode arch=compute_52,code=sm_52 -gencode arch=compute_60,code=sm_60 -gencode arch=compute_61,code=sm_61 -gencode arch=compute_70,code=sm_70 -gencode arch=compute_75,code=sm_75 -gencode arch=compute_80,code=sm_80 -gencode arch=compute_86,code=sm_86 -gencode arch=compute_90,code=sm_90 -gencode arch=compute_90,code=compute_90 -o md_cylinderrestriction.o -c md_cylinderrestriction.cu
In file included from md_cylinderrestriction.cu:5:
/usr/local/cuda/bin/../targets/x86_64-linux/include/math_functions.h:54:2: warning: #warning "math_functions.h is an internal header file and must not be used directly.  This file will be removed in a future CUDA release.  Please use cuda_runtime_api.h or cuda_runtime.h instead." [-Wcpp]
   54 | #warning "math_functions.h is an internal header file and must not be used directly.  This file will be removed in a future CUDA release.  Please use cuda_runtime_api.h or cuda_runtime.h instead."
      |  ^~~~~~~
In file included from /usr/local/cuda/bin/../targets/x86_64-linux/include/thrust/detail/config/config.h:27,
                 from /usr/local/cuda/bin/../targets/x86_64-linux/include/thrust/detail/config.h:23,
                 from /usr/local/cuda/bin/../targets/x86_64-linux/include/thrust/count.h:24,
                 from md_cylinderrestriction.cu:10:
/usr/local/cuda/bin/../targets/x86_64-linux/include/thrust/detail/config/cpp_dialect.h:131:13: warning: Thrust requires at least C++14. C++11 is deprecated but still supported. C++11 support will be removed in a future release. Define THRUST_IGNORE_DEPRECATED_CPP_DIALECT to suppress this message.
  131 |      THRUST_COMPILER_DEPRECATION_SOFT(C++14, C++11);
      |             ^~~~~~~~~~~~~~~~~~~~~~~~~~~~~~~~~~~~~~~~                                                                                                                                                           
In file included from /usr/local/cuda/bin/../targets/x86_64-linux/include/cub/util_arch.cuh:36,
                 from /usr/local/cuda/bin/../targets/x86_64-linux/include/cub/util_debug.cuh:40,
                 from /usr/local/cuda/bin/../targets/x86_64-linux/include/thrust/system/cuda/config.h:43,
                 from /usr/local/cuda/bin/../targets/x86_64-linux/include/thrust/system/cuda/detail/execution_policy.h:35,
                 from /usr/local/cuda/bin/../targets/x86_64-linux/include/thrust/iterator/detail/device_system_tag.h:23,
                 from /usr/local/cuda/bin/../targets/x86_64-linux/include/thrust/iterator/iterator_traits.h:62,
                 from /usr/local/cuda/bin/../targets/x86_64-linux/include/thrust/count.h:26,
                 from md_cylinderrestriction.cu:10:
/usr/local/cuda/bin/../targets/x86_64-linux/include/cub/util_cpp_dialect.cuh:142:13: warning: CUB requires at least C++14. C++11 is deprecated but still supported. C++11 support will be removed in a future release. Define CUB_IGNORE_DEPRECATED_CPP_DIALECT to suppress this message.
  142 |      CUB_COMPILER_DEPRECATION_SOFT(C++14, C++11);
      |             ^~~~~~~~~~~~~~~~~~~~~~~~~~~~~~~~~~~~~                                                                                                                                                        
In file included from md_cylinderrestriction.cu:5:
/usr/local/cuda/bin/../targets/x86_64-linux/include/math_functions.h:54:2: warning: #warning "math_functions.h is an internal header file and must not be used directly.  This file will be removed in a future CUDA release.  Please use cuda_runtime_api.h or cuda_runtime.h instead." [-Wcpp]
   54 | #warning "math_functions.h is an internal header file and must not be used directly.  This file will be removed in a future CUDA release.  Please use cuda_runtime_api.h or cuda_runtime.h instead."
      |  ^~~~~~~
In file included from /usr/local/cuda/bin/../targets/x86_64-linux/include/thrust/detail/config/config.h:27,
                 from /usr/local/cuda/bin/../targets/x86_64-linux/include/thrust/detail/config.h:23,
                 from /usr/local/cuda/bin/../targets/x86_64-linux/include/thrust/count.h:24,
                 from md_cylinderrestriction.cu:10:
/usr/local/cuda/bin/../targets/x86_64-linux/include/thrust/detail/config/cpp_dialect.h:131:13: warning: Thrust requires at least C++14. C++11 is deprecated but still supported. C++11 support will be removed in a future release. Define THRUST_IGNORE_DEPRECATED_CPP_DIALECT to suppress this message.
  131 |      THRUST_COMPILER_DEPRECATION_SOFT(C++14, C++11);
      |             ^~~~~~~~~~~~~~~~~~~~~~~~~~~~~~~~~~~~~~~~                                                                                                                                                           
In file included from /usr/local/cuda/bin/../targets/x86_64-linux/include/cub/util_arch.cuh:36,
                 from /usr/local/cuda/bin/../targets/x86_64-linux/include/cub/util_debug.cuh:40,
                 from /usr/local/cuda/bin/../targets/x86_64-linux/include/thrust/system/cuda/config.h:43,
                 from /usr/local/cuda/bin/../targets/x86_64-linux/include/thrust/system/cuda/detail/execution_policy.h:35,
                 from /usr/local/cuda/bin/../targets/x86_64-linux/include/thrust/iterator/detail/device_system_tag.h:23,
                 from /usr/local/cuda/bin/../targets/x86_64-linux/include/thrust/iterator/iterator_traits.h:62,
                 from /usr/local/cuda/bin/../targets/x86_64-linux/include/thrust/count.h:26,
                 from md_cylinderrestriction.cu:10:
/usr/local/cuda/bin/../targets/x86_64-linux/include/cub/util_cpp_dialect.cuh:142:13: warning: CUB requires at least C++14. C++11 is deprecated but still supported. C++11 support will be removed in a future release. Define CUB_IGNORE_DEPRECATED_CPP_DIALECT to suppress this message.
  142 |      CUB_COMPILER_DEPRECATION_SOFT(C++14, C++11);
      |             ^~~~~~~~~~~~~~~~~~~~~~~~~~~~~~~~~~~~~                                                                                                                                                        
In file included from md_cylinderrestriction.cu:5:
/usr/local/cuda/bin/../targets/x86_64-linux/include/math_functions.h:54:2: warning: #warning "math_functions.h is an internal header file and must not be used directly.  This file will be removed in a future CUDA release.  Please use cuda_runtime_api.h or cuda_runtime.h instead." [-Wcpp]
   54 | #warning "math_functions.h is an internal header file and must not be used directly.  This file will be removed in a future CUDA release.  Please use cuda_runtime_api.h or cuda_runtime.h instead."
      |  ^~~~~~~
In file included from /usr/local/cuda/bin/../targets/x86_64-linux/include/thrust/detail/config/config.h:27,
                 from /usr/local/cuda/bin/../targets/x86_64-linux/include/thrust/detail/config.h:23,
                 from /usr/local/cuda/bin/../targets/x86_64-linux/include/thrust/count.h:24,
                 from md_cylinderrestriction.cu:10:
/usr/local/cuda/bin/../targets/x86_64-linux/include/thrust/detail/config/cpp_dialect.h:131:13: warning: Thrust requires at least C++14. C++11 is deprecated but still supported. C++11 support will be removed in a future release. Define THRUST_IGNORE_DEPRECATED_CPP_DIALECT to suppress this message.
  131 |      THRUST_COMPILER_DEPRECATION_SOFT(C++14, C++11);
      |             ^~~~~~~~~~~~~~~~~~~~~~~~~~~~~~~~~~~~~~~~                                                                                                                                                           
In file included from /usr/local/cuda/bin/../targets/x86_64-linux/include/cub/util_arch.cuh:36,
                 from /usr/local/cuda/bin/../targets/x86_64-linux/include/cub/util_debug.cuh:40,
                 from /usr/local/cuda/bin/../targets/x86_64-linux/include/thrust/system/cuda/config.h:43,
                 from /usr/local/cuda/bin/../targets/x86_64-linux/include/thrust/system/cuda/detail/execution_policy.h:35,
                 from /usr/local/cuda/bin/../targets/x86_64-linux/include/thrust/iterator/detail/device_system_tag.h:23,
                 from /usr/local/cuda/bin/../targets/x86_64-linux/include/thrust/iterator/iterator_traits.h:62,
                 from /usr/local/cuda/bin/../targets/x86_64-linux/include/thrust/count.h:26,
                 from md_cylinderrestriction.cu:10:
/usr/local/cuda/bin/../targets/x86_64-linux/include/cub/util_cpp_dialect.cuh:142:13: warning: CUB requires at least C++14. C++11 is deprecated but still supported. C++11 support will be removed in a future release. Define CUB_IGNORE_DEPRECATED_CPP_DIALECT to suppress this message.
  142 |      CUB_COMPILER_DEPRECATION_SOFT(C++14, C++11);
      |             ^~~~~~~~~~~~~~~~~~~~~~~~~~~~~~~~~~~~~                                                                                                                                                        
In file included from md_cylinderrestriction.cu:5:
/usr/local/cuda/bin/../targets/x86_64-linux/include/math_functions.h:54:2: warning: #warning "math_functions.h is an internal header file and must not be used directly.  This file will be removed in a future CUDA release.  Please use cuda_runtime_api.h or cuda_runtime.h instead." [-Wcpp]
   54 | #warning "math_functions.h is an internal header file and must not be used directly.  This file will be removed in a future CUDA release.  Please use cuda_runtime_api.h or cuda_runtime.h instead."
      |  ^~~~~~~
In file included from /usr/local/cuda/bin/../targets/x86_64-linux/include/thrust/detail/config/config.h:27,
                 from /usr/local/cuda/bin/../targets/x86_64-linux/include/thrust/detail/config.h:23,
                 from /usr/local/cuda/bin/../targets/x86_64-linux/include/thrust/count.h:24,
                 from md_cylinderrestriction.cu:10:
/usr/local/cuda/bin/../targets/x86_64-linux/include/thrust/detail/config/cpp_dialect.h:131:13: warning: Thrust requires at least C++14. C++11 is deprecated but still supported. C++11 support will be removed in a future release. Define THRUST_IGNORE_DEPRECATED_CPP_DIALECT to suppress this message.
  131 |      THRUST_COMPILER_DEPRECATION_SOFT(C++14, C++11);
      |             ^~~~~~~~~~~~~~~~~~~~~~~~~~~~~~~~~~~~~~~~                                                                                                                                                           
In file included from /usr/local/cuda/bin/../targets/x86_64-linux/include/cub/util_arch.cuh:36,
                 from /usr/local/cuda/bin/../targets/x86_64-linux/include/cub/util_debug.cuh:40,
                 from /usr/local/cuda/bin/../targets/x86_64-linux/include/thrust/system/cuda/config.h:43,
                 from /usr/local/cuda/bin/../targets/x86_64-linux/include/thrust/system/cuda/detail/execution_policy.h:35,
                 from /usr/local/cuda/bin/../targets/x86_64-linux/include/thrust/iterator/detail/device_system_tag.h:23,
                 from /usr/local/cuda/bin/../targets/x86_64-linux/include/thrust/iterator/iterator_traits.h:62,
                 from /usr/local/cuda/bin/../targets/x86_64-linux/include/thrust/count.h:26,
                 from md_cylinderrestriction.cu:10:
/usr/local/cuda/bin/../targets/x86_64-linux/include/cub/util_cpp_dialect.cuh:142:13: warning: CUB requires at least C++14. C++11 is deprecated but still supported. C++11 support will be removed in a future release. Define CUB_IGNORE_DEPRECATED_CPP_DIALECT to suppress this message.
  142 |      CUB_COMPILER_DEPRECATION_SOFT(C++14, C++11);
      |             ^~~~~~~~~~~~~~~~~~~~~~~~~~~~~~~~~~~~~                                                                                                                                                        
In file included from md_cylinderrestriction.cu:5:
/usr/local/cuda/bin/../targets/x86_64-linux/include/math_functions.h:54:2: warning: #warning "math_functions.h is an internal header file and must not be used directly.  This file will be removed in a future CUDA release.  Please use cuda_runtime_api.h or cuda_runtime.h instead." [-Wcpp]
   54 | #warning "math_functions.h is an internal header file and must not be used directly.  This file will be removed in a future CUDA release.  Please use cuda_runtime_api.h or cuda_runtime.h instead."
      |  ^~~~~~~
In file included from /usr/local/cuda/bin/../targets/x86_64-linux/include/thrust/detail/config/config.h:27,
                 from /usr/local/cuda/bin/../targets/x86_64-linux/include/thrust/detail/config.h:23,
                 from /usr/local/cuda/bin/../targets/x86_64-linux/include/thrust/count.h:24,
                 from md_cylinderrestriction.cu:10:
/usr/local/cuda/bin/../targets/x86_64-linux/include/thrust/detail/config/cpp_dialect.h:131:13: warning: Thrust requires at least C++14. C++11 is deprecated but still supported. C++11 support will be removed in a future release. Define THRUST_IGNORE_DEPRECATED_CPP_DIALECT to suppress this message.
  131 |      THRUST_COMPILER_DEPRECATION_SOFT(C++14, C++11);
      |             ^~~~~~~~~~~~~~~~~~~~~~~~~~~~~~~~~~~~~~~~                                                                                                                                                           
In file included from /usr/local/cuda/bin/../targets/x86_64-linux/include/cub/util_arch.cuh:36,
                 from /usr/local/cuda/bin/../targets/x86_64-linux/include/cub/util_debug.cuh:40,
                 from /usr/local/cuda/bin/../targets/x86_64-linux/include/thrust/system/cuda/config.h:43,
                 from /usr/local/cuda/bin/../targets/x86_64-linux/include/thrust/system/cuda/detail/execution_policy.h:35,
                 from /usr/local/cuda/bin/../targets/x86_64-linux/include/thrust/iterator/detail/device_system_tag.h:23,
                 from /usr/local/cuda/bin/../targets/x86_64-linux/include/thrust/iterator/iterator_traits.h:62,
                 from /usr/local/cuda/bin/../targets/x86_64-linux/include/thrust/count.h:26,
                 from md_cylinderrestriction.cu:10:
/usr/local/cuda/bin/../targets/x86_64-linux/include/cub/util_cpp_dialect.cuh:142:13: warning: CUB requires at least C++14. C++11 is deprecated but still supported. C++11 support will be removed in a future release. Define CUB_IGNORE_DEPRECATED_CPP_DIALECT to suppress this message.
  142 |      CUB_COMPILER_DEPRECATION_SOFT(C++14, C++11);
      |             ^~~~~~~~~~~~~~~~~~~~~~~~~~~~~~~~~~~~~                                                                                                                                                        
In file included from md_cylinderrestriction.cu:5:
/usr/local/cuda/bin/../targets/x86_64-linux/include/math_functions.h:54:2: warning: #warning "math_functions.h is an internal header file and must not be used directly.  This file will be removed in a future CUDA release.  Please use cuda_runtime_api.h or cuda_runtime.h instead." [-Wcpp]
   54 | #warning "math_functions.h is an internal header file and must not be used directly.  This file will be removed in a future CUDA release.  Please use cuda_runtime_api.h or cuda_runtime.h instead."
      |  ^~~~~~~
In file included from /usr/local/cuda/bin/../targets/x86_64-linux/include/thrust/detail/config/config.h:27,
                 from /usr/local/cuda/bin/../targets/x86_64-linux/include/thrust/detail/config.h:23,
                 from /usr/local/cuda/bin/../targets/x86_64-linux/include/thrust/count.h:24,
                 from md_cylinderrestriction.cu:10:
/usr/local/cuda/bin/../targets/x86_64-linux/include/thrust/detail/config/cpp_dialect.h:131:13: warning: Thrust requires at least C++14. C++11 is deprecated but still supported. C++11 support will be removed in a future release. Define THRUST_IGNORE_DEPRECATED_CPP_DIALECT to suppress this message.
  131 |      THRUST_COMPILER_DEPRECATION_SOFT(C++14, C++11);
      |             ^~~~~~~~~~~~~~~~~~~~~~~~~~~~~~~~~~~~~~~~                                                                                                                                                           
In file included from /usr/local/cuda/bin/../targets/x86_64-linux/include/cub/util_arch.cuh:36,
                 from /usr/local/cuda/bin/../targets/x86_64-linux/include/cub/util_debug.cuh:40,
                 from /usr/local/cuda/bin/../targets/x86_64-linux/include/thrust/system/cuda/config.h:43,
                 from /usr/local/cuda/bin/../targets/x86_64-linux/include/thrust/system/cuda/detail/execution_policy.h:35,
                 from /usr/local/cuda/bin/../targets/x86_64-linux/include/thrust/iterator/detail/device_system_tag.h:23,
                 from /usr/local/cuda/bin/../targets/x86_64-linux/include/thrust/iterator/iterator_traits.h:62,
                 from /usr/local/cuda/bin/../targets/x86_64-linux/include/thrust/count.h:26,
                 from md_cylinderrestriction.cu:10:
/usr/local/cuda/bin/../targets/x86_64-linux/include/cub/util_cpp_dialect.cuh:142:13: warning: CUB requires at least C++14. C++11 is deprecated but still supported. C++11 support will be removed in a future release. Define CUB_IGNORE_DEPRECATED_CPP_DIALECT to suppress this message.
  142 |      CUB_COMPILER_DEPRECATION_SOFT(C++14, C++11);
      |             ^~~~~~~~~~~~~~~~~~~~~~~~~~~~~~~~~~~~~                                                                                                                                                        
In file included from md_cylinderrestriction.cu:5:
/usr/local/cuda/bin/../targets/x86_64-linux/include/math_functions.h:54:2: warning: #warning "math_functions.h is an internal header file and must not be used directly.  This file will be removed in a future CUDA release.  Please use cuda_runtime_api.h or cuda_runtime.h instead." [-Wcpp]
   54 | #warning "math_functions.h is an internal header file and must not be used directly.  This file will be removed in a future CUDA release.  Please use cuda_runtime_api.h or cuda_runtime.h instead."
      |  ^~~~~~~
In file included from /usr/local/cuda/bin/../targets/x86_64-linux/include/thrust/detail/config/config.h:27,
                 from /usr/local/cuda/bin/../targets/x86_64-linux/include/thrust/detail/config.h:23,
                 from /usr/local/cuda/bin/../targets/x86_64-linux/include/thrust/count.h:24,
                 from md_cylinderrestriction.cu:10:
/usr/local/cuda/bin/../targets/x86_64-linux/include/thrust/detail/config/cpp_dialect.h:131:13: warning: Thrust requires at least C++14. C++11 is deprecated but still supported. C++11 support will be removed in a future release. Define THRUST_IGNORE_DEPRECATED_CPP_DIALECT to suppress this message.
  131 |      THRUST_COMPILER_DEPRECATION_SOFT(C++14, C++11);
      |             ^~~~~~~~~~~~~~~~~~~~~~~~~~~~~~~~~~~~~~~~                                                                                                                                                           
In file included from /usr/local/cuda/bin/../targets/x86_64-linux/include/cub/util_arch.cuh:36,
                 from /usr/local/cuda/bin/../targets/x86_64-linux/include/cub/util_debug.cuh:40,
                 from /usr/local/cuda/bin/../targets/x86_64-linux/include/thrust/system/cuda/config.h:43,
                 from /usr/local/cuda/bin/../targets/x86_64-linux/include/thrust/system/cuda/detail/execution_policy.h:35,
                 from /usr/local/cuda/bin/../targets/x86_64-linux/include/thrust/iterator/detail/device_system_tag.h:23,
                 from /usr/local/cuda/bin/../targets/x86_64-linux/include/thrust/iterator/iterator_traits.h:62,
                 from /usr/local/cuda/bin/../targets/x86_64-linux/include/thrust/count.h:26,
                 from md_cylinderrestriction.cu:10:
/usr/local/cuda/bin/../targets/x86_64-linux/include/cub/util_cpp_dialect.cuh:142:13: warning: CUB requires at least C++14. C++11 is deprecated but still supported. C++11 support will be removed in a future release. Define CUB_IGNORE_DEPRECATED_CPP_DIALECT to suppress this message.
  142 |      CUB_COMPILER_DEPRECATION_SOFT(C++14, C++11);
      |             ^~~~~~~~~~~~~~~~~~~~~~~~~~~~~~~~~~~~~                                                                                                                                                        
In file included from md_cylinderrestriction.cu:5:
/usr/local/cuda/bin/../targets/x86_64-linux/include/math_functions.h:54:2: warning: #warning "math_functions.h is an internal header file and must not be used directly.  This file will be removed in a future CUDA release.  Please use cuda_runtime_api.h or cuda_runtime.h instead." [-Wcpp]
   54 | #warning "math_functions.h is an internal header file and must not be used directly.  This file will be removed in a future CUDA release.  Please use cuda_runtime_api.h or cuda_runtime.h instead."
      |  ^~~~~~~
In file included from /usr/local/cuda/bin/../targets/x86_64-linux/include/thrust/detail/config/config.h:27,
                 from /usr/local/cuda/bin/../targets/x86_64-linux/include/thrust/detail/config.h:23,
                 from /usr/local/cuda/bin/../targets/x86_64-linux/include/thrust/count.h:24,
                 from md_cylinderrestriction.cu:10:
/usr/local/cuda/bin/../targets/x86_64-linux/include/thrust/detail/config/cpp_dialect.h:131:13: warning: Thrust requires at least C++14. C++11 is deprecated but still supported. C++11 support will be removed in a future release. Define THRUST_IGNORE_DEPRECATED_CPP_DIALECT to suppress this message.
  131 |      THRUST_COMPILER_DEPRECATION_SOFT(C++14, C++11);
      |             ^~~~~~~~~~~~~~~~~~~~~~~~~~~~~~~~~~~~~~~~                                                                                                                                                           
In file included from /usr/local/cuda/bin/../targets/x86_64-linux/include/cub/util_arch.cuh:36,
                 from /usr/local/cuda/bin/../targets/x86_64-linux/include/cub/util_debug.cuh:40,
                 from /usr/local/cuda/bin/../targets/x86_64-linux/include/thrust/system/cuda/config.h:43,
                 from /usr/local/cuda/bin/../targets/x86_64-linux/include/thrust/system/cuda/detail/execution_policy.h:35,
                 from /usr/local/cuda/bin/../targets/x86_64-linux/include/thrust/iterator/detail/device_system_tag.h:23,
                 from /usr/local/cuda/bin/../targets/x86_64-linux/include/thrust/iterator/iterator_traits.h:62,
                 from /usr/local/cuda/bin/../targets/x86_64-linux/include/thrust/count.h:26,
                 from md_cylinderrestriction.cu:10:
/usr/local/cuda/bin/../targets/x86_64-linux/include/cub/util_cpp_dialect.cuh:142:13: warning: CUB requires at least C++14. C++11 is deprecated but still supported. C++11 support will be removed in a future release. Define CUB_IGNORE_DEPRECATED_CPP_DIALECT to suppress this message.
  142 |      CUB_COMPILER_DEPRECATION_SOFT(C++14, C++11);
      |             ^~~~~~~~~~~~~~~~~~~~~~~~~~~~~~~~~~~~~                                                                                                                                                        
In file included from md_cylinderrestriction.cu:5:
/usr/local/cuda/bin/../targets/x86_64-linux/include/math_functions.h:54:2: warning: #warning "math_functions.h is an internal header file and must not be used directly.  This file will be removed in a future CUDA release.  Please use cuda_runtime_api.h or cuda_runtime.h instead." [-Wcpp]
   54 | #warning "math_functions.h is an internal header file and must not be used directly.  This file will be removed in a future CUDA release.  Please use cuda_runtime_api.h or cuda_runtime.h instead."
      |  ^~~~~~~
In file included from /usr/local/cuda/bin/../targets/x86_64-linux/include/thrust/detail/config/config.h:27,
                 from /usr/local/cuda/bin/../targets/x86_64-linux/include/thrust/detail/config.h:23,
                 from /usr/local/cuda/bin/../targets/x86_64-linux/include/thrust/count.h:24,
                 from md_cylinderrestriction.cu:10:
/usr/local/cuda/bin/../targets/x86_64-linux/include/thrust/detail/config/cpp_dialect.h:131:13: warning: Thrust requires at least C++14. C++11 is deprecated but still supported. C++11 support will be removed in a future release. Define THRUST_IGNORE_DEPRECATED_CPP_DIALECT to suppress this message.
  131 |      THRUST_COMPILER_DEPRECATION_SOFT(C++14, C++11);
      |             ^~~~~~~~~~~~~~~~~~~~~~~~~~~~~~~~~~~~~~~~                                                                                                                                                           
In file included from /usr/local/cuda/bin/../targets/x86_64-linux/include/cub/util_arch.cuh:36,
                 from /usr/local/cuda/bin/../targets/x86_64-linux/include/cub/util_debug.cuh:40,
                 from /usr/local/cuda/bin/../targets/x86_64-linux/include/thrust/system/cuda/config.h:43,
                 from /usr/local/cuda/bin/../targets/x86_64-linux/include/thrust/system/cuda/detail/execution_policy.h:35,
                 from /usr/local/cuda/bin/../targets/x86_64-linux/include/thrust/iterator/detail/device_system_tag.h:23,
                 from /usr/local/cuda/bin/../targets/x86_64-linux/include/thrust/iterator/iterator_traits.h:62,
                 from /usr/local/cuda/bin/../targets/x86_64-linux/include/thrust/count.h:26,
                 from md_cylinderrestriction.cu:10:
/usr/local/cuda/bin/../targets/x86_64-linux/include/cub/util_cpp_dialect.cuh:142:13: warning: CUB requires at least C++14. C++11 is deprecated but still supported. C++11 support will be removed in a future release. Define CUB_IGNORE_DEPRECATED_CPP_DIALECT to suppress this message.
  142 |      CUB_COMPILER_DEPRECATION_SOFT(C++14, C++11);
      |             ^~~~~~~~~~~~~~~~~~~~~~~~~~~~~~~~~~~~~                                                                                                                                                        
In file included from md_cylinderrestriction.cu:5:
/usr/local/cuda/bin/../targets/x86_64-linux/include/math_functions.h:54:2: warning: #warning "math_functions.h is an internal header file and must not be used directly.  This file will be removed in a future CUDA release.  Please use cuda_runtime_api.h or cuda_runtime.h instead." [-Wcpp]
   54 | #warning "math_functions.h is an internal header file and must not be used directly.  This file will be removed in a future CUDA release.  Please use cuda_runtime_api.h or cuda_runtime.h instead."
      |  ^~~~~~~
In file included from /usr/local/cuda/bin/../targets/x86_64-linux/include/thrust/detail/config/config.h:27,
                 from /usr/local/cuda/bin/../targets/x86_64-linux/include/thrust/detail/config.h:23,
                 from /usr/local/cuda/bin/../targets/x86_64-linux/include/thrust/count.h:24,
                 from md_cylinderrestriction.cu:10:
/usr/local/cuda/bin/../targets/x86_64-linux/include/thrust/detail/config/cpp_dialect.h:131:13: warning: Thrust requires at least C++14. C++11 is deprecated but still supported. C++11 support will be removed in a future release. Define THRUST_IGNORE_DEPRECATED_CPP_DIALECT to suppress this message.
  131 |      THRUST_COMPILER_DEPRECATION_SOFT(C++14, C++11);
      |             ^~~~~~~~~~~~~~~~~~~~~~~~~~~~~~~~~~~~~~~~                                                                                                                                                           
In file included from /usr/local/cuda/bin/../targets/x86_64-linux/include/cub/util_arch.cuh:36,
                 from /usr/local/cuda/bin/../targets/x86_64-linux/include/cub/util_debug.cuh:40,
                 from /usr/local/cuda/bin/../targets/x86_64-linux/include/thrust/system/cuda/config.h:43,
                 from /usr/local/cuda/bin/../targets/x86_64-linux/include/thrust/system/cuda/detail/execution_policy.h:35,
                 from /usr/local/cuda/bin/../targets/x86_64-linux/include/thrust/iterator/detail/device_system_tag.h:23,
                 from /usr/local/cuda/bin/../targets/x86_64-linux/include/thrust/iterator/iterator_traits.h:62,
                 from /usr/local/cuda/bin/../targets/x86_64-linux/include/thrust/count.h:26,
                 from md_cylinderrestriction.cu:10:
/usr/local/cuda/bin/../targets/x86_64-linux/include/cub/util_cpp_dialect.cuh:142:13: warning: CUB requires at least C++14. C++11 is deprecated but still supported. C++11 support will be removed in a future release. Define CUB_IGNORE_DEPRECATED_CPP_DIALECT to suppress this message.
  142 |      CUB_COMPILER_DEPRECATION_SOFT(C++14, C++11);
      |             ^~~~~~~~~~~~~~~~~~~~~~~~~~~~~~~~~~~~~                                                                                                                                                        
md_cylinderrestriction.cu(75): warning #177-D: variable "hm" was declared but never referenced

Remark: The warnings can be suppressed with "-diag-suppress <warning-number>"

md_cylinderrestriction.cu(75): warning #177-D: variable "sm" was declared but never referenced

md_cylinderrestriction.cu(75): warning #177-D: variable "coefr" was declared but never referenced

md_cylinderrestriction.cu(75): warning #177-D: variable "coefh" was declared but never referenced

md_cylinderrestriction.cu(75): warning #177-D: variable "coefs" was declared but never referenced

md_cylinderrestriction.cu(117): warning #177-D: variable "hm" was declared but never referenced

md_cylinderrestriction.cu(117): warning #177-D: variable "sm" was declared but never referenced

md_cylinderrestriction.cu(117): warning #177-D: variable "coefr" was declared but never referenced

md_cylinderrestriction.cu(117): warning #177-D: variable "coefh" was declared but never referenced

md_cylinderrestriction.cu(117): warning #177-D: variable "coefs" was declared but never referenced

md_cylinderrestriction.cu(75): warning #177-D: variable "hm" was declared but never referenced

Remark: The warnings can be suppressed with "-diag-suppress <warning-number>"

md_cylinderrestriction.cu(75): warning #177-D: variable "sm" was declared but never referenced

md_cylinderrestriction.cu(75): warning #177-D: variable "coefr" was declared but never referenced

md_cylinderrestriction.cu(75): warning #177-D: variable "coefh" was declared but never referenced

md_cylinderrestriction.cu(75): warning #177-D: variable "coefs" was declared but never referenced

md_cylinderrestriction.cu(117): warning #177-D: variable "hm" was declared but never referenced

md_cylinderrestriction.cu(117): warning #177-D: variable "sm" was declared but never referenced

md_cylinderrestriction.cu(117): warning #177-D: variable "coefr" was declared but never referenced

md_cylinderrestriction.cu(117): warning #177-D: variable "coefh" was declared but never referenced

md_cylinderrestriction.cu(117): warning #177-D: variable "coefs" was declared but never referenced

md_cylinderrestriction.cu(75): warning #177-D: variable "hm" was declared but never referenced

Remark: The warnings can be suppressed with "-diag-suppress <warning-number>"

md_cylinderrestriction.cu(75): warning #177-D: variable "sm" was declared but never referenced

md_cylinderrestriction.cu(75): warning #177-D: variable "coefr" was declared but never referenced

md_cylinderrestriction.cu(75): warning #177-D: variable "coefh" was declared but never referenced

md_cylinderrestriction.cu(75): warning #177-D: variable "coefs" was declared but never referenced

md_cylinderrestriction.cu(117): warning #177-D: variable "hm" was declared but never referenced

md_cylinderrestriction.cu(117): warning #177-D: variable "sm" was declared but never referenced

md_cylinderrestriction.cu(117): warning #177-D: variable "coefr" was declared but never referenced

md_cylinderrestriction.cu(117): warning #177-D: variable "coefh" was declared but never referenced

md_cylinderrestriction.cu(117): warning #177-D: variable "coefs" was declared but never referenced

md_cylinderrestriction.cu(75): warning #177-D: variable "hm" was declared but never referenced

Remark: The warnings can be suppressed with "-diag-suppress <warning-number>"

md_cylinderrestriction.cu(75): warning #177-D: variable "sm" was declared but never referenced

md_cylinderrestriction.cu(75): warning #177-D: variable "coefr" was declared but never referenced

md_cylinderrestriction.cu(75): warning #177-D: variable "coefh" was declared but never referenced

md_cylinderrestriction.cu(75): warning #177-D: variable "coefs" was declared but never referenced

md_cylinderrestriction.cu(117): warning #177-D: variable "hm" was declared but never referenced

md_cylinderrestriction.cu(117): warning #177-D: variable "sm" was declared but never referenced

md_cylinderrestriction.cu(117): warning #177-D: variable "coefr" was declared but never referenced

md_cylinderrestriction.cu(117): warning #177-D: variable "coefh" was declared but never referenced

md_cylinderrestriction.cu(117): warning #177-D: variable "coefs" was declared but never referenced

md_cylinderrestriction.cu(75): warning #177-D: variable "hm" was declared but never referenced

Remark: The warnings can be suppressed with "-diag-suppress <warning-number>"

md_cylinderrestriction.cu(75): warning #177-D: variable "sm" was declared but never referenced

md_cylinderrestriction.cu(75): warning #177-D: variable "coefr" was declared but never referenced

md_cylinderrestriction.cu(75): warning #177-D: variable "coefh" was declared but never referenced

md_cylinderrestriction.cu(75): warning #177-D: variable "coefs" was declared but never referenced

md_cylinderrestriction.cu(117): warning #177-D: variable "hm" was declared but never referenced

md_cylinderrestriction.cu(117): warning #177-D: variable "sm" was declared but never referenced

md_cylinderrestriction.cu(117): warning #177-D: variable "coefr" was declared but never referenced

md_cylinderrestriction.cu(117): warning #177-D: variable "coefh" was declared but never referenced

md_cylinderrestriction.cu(117): warning #177-D: variable "coefs" was declared but never referenced

md_cylinderrestriction.cu(75): warning #177-D: variable "hm" was declared but never referenced

Remark: The warnings can be suppressed with "-diag-suppress <warning-number>"

md_cylinderrestriction.cu(75): warning #177-D: variable "sm" was declared but never referenced

md_cylinderrestriction.cu(75): warning #177-D: variable "coefr" was declared but never referenced

md_cylinderrestriction.cu(75): warning #177-D: variable "coefh" was declared but never referenced

md_cylinderrestriction.cu(75): warning #177-D: variable "coefs" was declared but never referenced

md_cylinderrestriction.cu(117): warning #177-D: variable "hm" was declared but never referenced

md_cylinderrestriction.cu(117): warning #177-D: variable "sm" was declared but never referenced

md_cylinderrestriction.cu(117): warning #177-D: variable "coefr" was declared but never referenced

md_cylinderrestriction.cu(117): warning #177-D: variable "coefh" was declared but never referenced

md_cylinderrestriction.cu(117): warning #177-D: variable "coefs" was declared but never referenced

md_cylinderrestriction.cu(75): warning #177-D: variable "hm" was declared but never referenced

Remark: The warnings can be suppressed with "-diag-suppress <warning-number>"

md_cylinderrestriction.cu(75): warning #177-D: variable "sm" was declared but never referenced

md_cylinderrestriction.cu(75): warning #177-D: variable "coefr" was declared but never referenced

md_cylinderrestriction.cu(75): warning #177-D: variable "coefh" was declared but never referenced

md_cylinderrestriction.cu(75): warning #177-D: variable "coefs" was declared but never referenced

md_cylinderrestriction.cu(117): warning #177-D: variable "hm" was declared but never referenced

md_cylinderrestriction.cu(117): warning #177-D: variable "sm" was declared but never referenced

md_cylinderrestriction.cu(117): warning #177-D: variable "coefr" was declared but never referenced

md_cylinderrestriction.cu(117): warning #177-D: variable "coefh" was declared but never referenced

md_cylinderrestriction.cu(117): warning #177-D: variable "coefs" was declared but never referenced

md_cylinderrestriction.cu(75): warning #177-D: variable "hm" was declared but never referenced

Remark: The warnings can be suppressed with "-diag-suppress <warning-number>"

md_cylinderrestriction.cu(75): warning #177-D: variable "sm" was declared but never referenced

md_cylinderrestriction.cu(75): warning #177-D: variable "coefr" was declared but never referenced

md_cylinderrestriction.cu(75): warning #177-D: variable "coefh" was declared but never referenced

md_cylinderrestriction.cu(75): warning #177-D: variable "coefs" was declared but never referenced

md_cylinderrestriction.cu(117): warning #177-D: variable "hm" was declared but never referenced

md_cylinderrestriction.cu(117): warning #177-D: variable "sm" was declared but never referenced

md_cylinderrestriction.cu(117): warning #177-D: variable "coefr" was declared but never referenced

md_cylinderrestriction.cu(117): warning #177-D: variable "coefh" was declared but never referenced

md_cylinderrestriction.cu(117): warning #177-D: variable "coefs" was declared but never referenced

md_cylinderrestriction.cu(75): warning #177-D: variable "hm" was declared but never referenced

Remark: The warnings can be suppressed with "-diag-suppress <warning-number>"

md_cylinderrestriction.cu(75): warning #177-D: variable "sm" was declared but never referenced

md_cylinderrestriction.cu(75): warning #177-D: variable "coefr" was declared but never referenced

md_cylinderrestriction.cu(75): warning #177-D: variable "coefh" was declared but never referenced

md_cylinderrestriction.cu(75): warning #177-D: variable "coefs" was declared but never referenced

md_cylinderrestriction.cu(117): warning #177-D: variable "hm" was declared but never referenced

md_cylinderrestriction.cu(117): warning #177-D: variable "sm" was declared but never referenced

md_cylinderrestriction.cu(117): warning #177-D: variable "coefr" was declared but never referenced

md_cylinderrestriction.cu(117): warning #177-D: variable "coefh" was declared but never referenced

md_cylinderrestriction.cu(117): warning #177-D: variable "coefs" was declared but never referenced

/usr/local/cuda/bin/nvcc -ccbin g++ -I../../../Common  -m64    --threads 0 --std=c++11 -gencode arch=compute_50,code=sm_50 -gencode arch=compute_52,code=sm_52 -gencode arch=compute_60,code=sm_60 -gencode arch=compute_61,code=sm_61 -gencode arch=compute_70,code=sm_70 -gencode arch=compute_75,code=sm_75 -gencode arch=compute_80,code=sm_80 -gencode arch=compute_86,code=sm_86 -gencode arch=compute_90,code=sm_90 -gencode arch=compute_90,code=compute_90 -o md_results.o -c md_results.cu
In file included from md_results.cu:6:
/usr/local/cuda/bin/../targets/x86_64-linux/include/math_functions.h:54:2: warning: #warning "math_functions.h is an internal header file and must not be used directly.  This file will be removed in a future CUDA release.  Please use cuda_runtime_api.h or cuda_runtime.h instead." [-Wcpp]
   54 | #warning "math_functions.h is an internal header file and must not be used directly.  This file will be removed in a future CUDA release.  Please use cuda_runtime_api.h or cuda_runtime.h instead."
      |  ^~~~~~~
In file included from md_results.cu:6:
/usr/local/cuda/bin/../targets/x86_64-linux/include/math_functions.h:54:2: warning: #warning "math_functions.h is an internal header file and must not be used directly.  This file will be removed in a future CUDA release.  Please use cuda_runtime_api.h or cuda_runtime.h instead." [-Wcpp]
   54 | #warning "math_functions.h is an internal header file and must not be used directly.  This file will be removed in a future CUDA release.  Please use cuda_runtime_api.h or cuda_runtime.h instead."
      |  ^~~~~~~
In file included from md_results.cu:6:
/usr/local/cuda/bin/../targets/x86_64-linux/include/math_functions.h:54:2: warning: #warning "math_functions.h is an internal header file and must not be used directly.  This file will be removed in a future CUDA release.  Please use cuda_runtime_api.h or cuda_runtime.h instead." [-Wcpp]
   54 | #warning "math_functions.h is an internal header file and must not be used directly.  This file will be removed in a future CUDA release.  Please use cuda_runtime_api.h or cuda_runtime.h instead."
      |  ^~~~~~~
In file included from md_results.cu:6:
/usr/local/cuda/bin/../targets/x86_64-linux/include/math_functions.h:54:2: warning: #warning "math_functions.h is an internal header file and must not be used directly.  This file will be removed in a future CUDA release.  Please use cuda_runtime_api.h or cuda_runtime.h instead." [-Wcpp]
   54 | #warning "math_functions.h is an internal header file and must not be used directly.  This file will be removed in a future CUDA release.  Please use cuda_runtime_api.h or cuda_runtime.h instead."
      |  ^~~~~~~
In file included from md_results.cu:6:
/usr/local/cuda/bin/../targets/x86_64-linux/include/math_functions.h:54:2: warning: #warning "math_functions.h is an internal header file and must not be used directly.  This file will be removed in a future CUDA release.  Please use cuda_runtime_api.h or cuda_runtime.h instead." [-Wcpp]
   54 | #warning "math_functions.h is an internal header file and must not be used directly.  This file will be removed in a future CUDA release.  Please use cuda_runtime_api.h or cuda_runtime.h instead."
      |  ^~~~~~~
In file included from md_results.cu:6:
/usr/local/cuda/bin/../targets/x86_64-linux/include/math_functions.h:54:2: warning: #warning "math_functions.h is an internal header file and must not be used directly.  This file will be removed in a future CUDA release.  Please use cuda_runtime_api.h or cuda_runtime.h instead." [-Wcpp]
   54 | #warning "math_functions.h is an internal header file and must not be used directly.  This file will be removed in a future CUDA release.  Please use cuda_runtime_api.h or cuda_runtime.h instead."
      |  ^~~~~~~
In file included from md_results.cu:6:
/usr/local/cuda/bin/../targets/x86_64-linux/include/math_functions.h:54:2: warning: #warning "math_functions.h is an internal header file and must not be used directly.  This file will be removed in a future CUDA release.  Please use cuda_runtime_api.h or cuda_runtime.h instead." [-Wcpp]
   54 | #warning "math_functions.h is an internal header file and must not be used directly.  This file will be removed in a future CUDA release.  Please use cuda_runtime_api.h or cuda_runtime.h instead."
      |  ^~~~~~~
In file included from md_results.cu:6:
/usr/local/cuda/bin/../targets/x86_64-linux/include/math_functions.h:54:2: warning: #warning "math_functions.h is an internal header file and must not be used directly.  This file will be removed in a future CUDA release.  Please use cuda_runtime_api.h or cuda_runtime.h instead." [-Wcpp]
   54 | #warning "math_functions.h is an internal header file and must not be used directly.  This file will be removed in a future CUDA release.  Please use cuda_runtime_api.h or cuda_runtime.h instead."
      |  ^~~~~~~
In file included from md_results.cu:6:
/usr/local/cuda/bin/../targets/x86_64-linux/include/math_functions.h:54:2: warning: #warning "math_functions.h is an internal header file and must not be used directly.  This file will be removed in a future CUDA release.  Please use cuda_runtime_api.h or cuda_runtime.h instead." [-Wcpp]
   54 | #warning "math_functions.h is an internal header file and must not be used directly.  This file will be removed in a future CUDA release.  Please use cuda_runtime_api.h or cuda_runtime.h instead."
      |  ^~~~~~~
In file included from md_results.cu:6:
/usr/local/cuda/bin/../targets/x86_64-linux/include/math_functions.h:54:2: warning: #warning "math_functions.h is an internal header file and must not be used directly.  This file will be removed in a future CUDA release.  Please use cuda_runtime_api.h or cuda_runtime.h instead." [-Wcpp]
   54 | #warning "math_functions.h is an internal header file and must not be used directly.  This file will be removed in a future CUDA release.  Please use cuda_runtime_api.h or cuda_runtime.h instead."
      |  ^~~~~~~
/usr/local/cuda/bin/nvcc -ccbin g++ -I../../../Common  -m64    --threads 0 --std=c++11 -gencode arch=compute_50,code=sm_50 -gencode arch=compute_52,code=sm_52 -gencode arch=compute_60,code=sm_60 -gencode arch=compute_61,code=sm_61 -gencode arch=compute_70,code=sm_70 -gencode arch=compute_75,code=sm_75 -gencode arch=compute_80,code=sm_80 -gencode arch=compute_86,code=sm_86 -gencode arch=compute_90,code=sm_90 -gencode arch=compute_90,code=compute_90 -o md_uniaxialcompression_simple.o -c md_uniaxialcompression_simple.cu
In file included from md_uniaxialcompression_simple.cu:5:
/usr/local/cuda/bin/../targets/x86_64-linux/include/math_functions.h:54:2: warning: #warning "math_functions.h is an internal header file and must not be used directly.  This file will be removed in a future CUDA release.  Please use cuda_runtime_api.h or cuda_runtime.h instead." [-Wcpp]
   54 | #warning "math_functions.h is an internal header file and must not be used directly.  This file will be removed in a future CUDA release.  Please use cuda_runtime_api.h or cuda_runtime.h instead."
      |  ^~~~~~~
In file included from /usr/local/cuda/bin/../targets/x86_64-linux/include/thrust/detail/config/config.h:27,
                 from /usr/local/cuda/bin/../targets/x86_64-linux/include/thrust/detail/config.h:23,
                 from /usr/local/cuda/bin/../targets/x86_64-linux/include/thrust/count.h:24,
                 from md_uniaxialcompression_simple.cu:11:
/usr/local/cuda/bin/../targets/x86_64-linux/include/thrust/detail/config/cpp_dialect.h:131:13: warning: Thrust requires at least C++14. C++11 is deprecated but still supported. C++11 support will be removed in a future release. Define THRUST_IGNORE_DEPRECATED_CPP_DIALECT to suppress this message.
  131 |      THRUST_COMPILER_DEPRECATION_SOFT(C++14, C++11);
      |             ^~~~~~~~~~~~~~~~~~~~~~~~~~~~~~~~~~~~~~~~                                                                                                                                                           
In file included from /usr/local/cuda/bin/../targets/x86_64-linux/include/cub/util_arch.cuh:36,
                 from /usr/local/cuda/bin/../targets/x86_64-linux/include/cub/util_debug.cuh:40,
                 from /usr/local/cuda/bin/../targets/x86_64-linux/include/thrust/system/cuda/config.h:43,
                 from /usr/local/cuda/bin/../targets/x86_64-linux/include/thrust/system/cuda/detail/execution_policy.h:35,
                 from /usr/local/cuda/bin/../targets/x86_64-linux/include/thrust/iterator/detail/device_system_tag.h:23,
                 from /usr/local/cuda/bin/../targets/x86_64-linux/include/thrust/iterator/iterator_traits.h:62,
                 from /usr/local/cuda/bin/../targets/x86_64-linux/include/thrust/count.h:26,
                 from md_uniaxialcompression_simple.cu:11:
/usr/local/cuda/bin/../targets/x86_64-linux/include/cub/util_cpp_dialect.cuh:142:13: warning: CUB requires at least C++14. C++11 is deprecated but still supported. C++11 support will be removed in a future release. Define CUB_IGNORE_DEPRECATED_CPP_DIALECT to suppress this message.
  142 |      CUB_COMPILER_DEPRECATION_SOFT(C++14, C++11);
      |             ^~~~~~~~~~~~~~~~~~~~~~~~~~~~~~~~~~~~~                                                                                                                                                        
In file included from md_uniaxialcompression_simple.cu:5:
/usr/local/cuda/bin/../targets/x86_64-linux/include/math_functions.h:54:2: warning: #warning "math_functions.h is an internal header file and must not be used directly.  This file will be removed in a future CUDA release.  Please use cuda_runtime_api.h or cuda_runtime.h instead." [-Wcpp]
   54 | #warning "math_functions.h is an internal header file and must not be used directly.  This file will be removed in a future CUDA release.  Please use cuda_runtime_api.h or cuda_runtime.h instead."
      |  ^~~~~~~
In file included from /usr/local/cuda/bin/../targets/x86_64-linux/include/thrust/detail/config/config.h:27,
                 from /usr/local/cuda/bin/../targets/x86_64-linux/include/thrust/detail/config.h:23,
                 from /usr/local/cuda/bin/../targets/x86_64-linux/include/thrust/count.h:24,
                 from md_uniaxialcompression_simple.cu:11:
/usr/local/cuda/bin/../targets/x86_64-linux/include/thrust/detail/config/cpp_dialect.h:131:13: warning: Thrust requires at least C++14. C++11 is deprecated but still supported. C++11 support will be removed in a future release. Define THRUST_IGNORE_DEPRECATED_CPP_DIALECT to suppress this message.
  131 |      THRUST_COMPILER_DEPRECATION_SOFT(C++14, C++11);
      |             ^~~~~~~~~~~~~~~~~~~~~~~~~~~~~~~~~~~~~~~~                                                                                                                                                           
In file included from /usr/local/cuda/bin/../targets/x86_64-linux/include/cub/util_arch.cuh:36,
                 from /usr/local/cuda/bin/../targets/x86_64-linux/include/cub/util_debug.cuh:40,
                 from /usr/local/cuda/bin/../targets/x86_64-linux/include/thrust/system/cuda/config.h:43,
                 from /usr/local/cuda/bin/../targets/x86_64-linux/include/thrust/system/cuda/detail/execution_policy.h:35,
                 from /usr/local/cuda/bin/../targets/x86_64-linux/include/thrust/iterator/detail/device_system_tag.h:23,
                 from /usr/local/cuda/bin/../targets/x86_64-linux/include/thrust/iterator/iterator_traits.h:62,
                 from /usr/local/cuda/bin/../targets/x86_64-linux/include/thrust/count.h:26,
                 from md_uniaxialcompression_simple.cu:11:
/usr/local/cuda/bin/../targets/x86_64-linux/include/cub/util_cpp_dialect.cuh:142:13: warning: CUB requires at least C++14. C++11 is deprecated but still supported. C++11 support will be removed in a future release. Define CUB_IGNORE_DEPRECATED_CPP_DIALECT to suppress this message.
  142 |      CUB_COMPILER_DEPRECATION_SOFT(C++14, C++11);
      |             ^~~~~~~~~~~~~~~~~~~~~~~~~~~~~~~~~~~~~                                                                                                                                                        
In file included from md_uniaxialcompression_simple.cu:5:
/usr/local/cuda/bin/../targets/x86_64-linux/include/math_functions.h:54:2: warning: #warning "math_functions.h is an internal header file and must not be used directly.  This file will be removed in a future CUDA release.  Please use cuda_runtime_api.h or cuda_runtime.h instead." [-Wcpp]
   54 | #warning "math_functions.h is an internal header file and must not be used directly.  This file will be removed in a future CUDA release.  Please use cuda_runtime_api.h or cuda_runtime.h instead."
      |  ^~~~~~~
In file included from /usr/local/cuda/bin/../targets/x86_64-linux/include/thrust/detail/config/config.h:27,
                 from /usr/local/cuda/bin/../targets/x86_64-linux/include/thrust/detail/config.h:23,
                 from /usr/local/cuda/bin/../targets/x86_64-linux/include/thrust/count.h:24,
                 from md_uniaxialcompression_simple.cu:11:
/usr/local/cuda/bin/../targets/x86_64-linux/include/thrust/detail/config/cpp_dialect.h:131:13: warning: Thrust requires at least C++14. C++11 is deprecated but still supported. C++11 support will be removed in a future release. Define THRUST_IGNORE_DEPRECATED_CPP_DIALECT to suppress this message.
  131 |      THRUST_COMPILER_DEPRECATION_SOFT(C++14, C++11);
      |             ^~~~~~~~~~~~~~~~~~~~~~~~~~~~~~~~~~~~~~~~                                                                                                                                                           
In file included from /usr/local/cuda/bin/../targets/x86_64-linux/include/cub/util_arch.cuh:36,
                 from /usr/local/cuda/bin/../targets/x86_64-linux/include/cub/util_debug.cuh:40,
                 from /usr/local/cuda/bin/../targets/x86_64-linux/include/thrust/system/cuda/config.h:43,
                 from /usr/local/cuda/bin/../targets/x86_64-linux/include/thrust/system/cuda/detail/execution_policy.h:35,
                 from /usr/local/cuda/bin/../targets/x86_64-linux/include/thrust/iterator/detail/device_system_tag.h:23,
                 from /usr/local/cuda/bin/../targets/x86_64-linux/include/thrust/iterator/iterator_traits.h:62,
                 from /usr/local/cuda/bin/../targets/x86_64-linux/include/thrust/count.h:26,
                 from md_uniaxialcompression_simple.cu:11:
/usr/local/cuda/bin/../targets/x86_64-linux/include/cub/util_cpp_dialect.cuh:142:13: warning: CUB requires at least C++14. C++11 is deprecated but still supported. C++11 support will be removed in a future release. Define CUB_IGNORE_DEPRECATED_CPP_DIALECT to suppress this message.
  142 |      CUB_COMPILER_DEPRECATION_SOFT(C++14, C++11);
      |             ^~~~~~~~~~~~~~~~~~~~~~~~~~~~~~~~~~~~~                                                                                                                                                        
In file included from md_uniaxialcompression_simple.cu:5:
/usr/local/cuda/bin/../targets/x86_64-linux/include/math_functions.h:54:2: warning: #warning "math_functions.h is an internal header file and must not be used directly.  This file will be removed in a future CUDA release.  Please use cuda_runtime_api.h or cuda_runtime.h instead." [-Wcpp]
   54 | #warning "math_functions.h is an internal header file and must not be used directly.  This file will be removed in a future CUDA release.  Please use cuda_runtime_api.h or cuda_runtime.h instead."
      |  ^~~~~~~
In file included from /usr/local/cuda/bin/../targets/x86_64-linux/include/thrust/detail/config/config.h:27,
                 from /usr/local/cuda/bin/../targets/x86_64-linux/include/thrust/detail/config.h:23,
                 from /usr/local/cuda/bin/../targets/x86_64-linux/include/thrust/count.h:24,
                 from md_uniaxialcompression_simple.cu:11:
/usr/local/cuda/bin/../targets/x86_64-linux/include/thrust/detail/config/cpp_dialect.h:131:13: warning: Thrust requires at least C++14. C++11 is deprecated but still supported. C++11 support will be removed in a future release. Define THRUST_IGNORE_DEPRECATED_CPP_DIALECT to suppress this message.
  131 |      THRUST_COMPILER_DEPRECATION_SOFT(C++14, C++11);
      |             ^~~~~~~~~~~~~~~~~~~~~~~~~~~~~~~~~~~~~~~~                                                                                                                                                           
In file included from /usr/local/cuda/bin/../targets/x86_64-linux/include/cub/util_arch.cuh:36,
                 from /usr/local/cuda/bin/../targets/x86_64-linux/include/cub/util_debug.cuh:40,
                 from /usr/local/cuda/bin/../targets/x86_64-linux/include/thrust/system/cuda/config.h:43,
                 from /usr/local/cuda/bin/../targets/x86_64-linux/include/thrust/system/cuda/detail/execution_policy.h:35,
                 from /usr/local/cuda/bin/../targets/x86_64-linux/include/thrust/iterator/detail/device_system_tag.h:23,
                 from /usr/local/cuda/bin/../targets/x86_64-linux/include/thrust/iterator/iterator_traits.h:62,
                 from /usr/local/cuda/bin/../targets/x86_64-linux/include/thrust/count.h:26,
                 from md_uniaxialcompression_simple.cu:11:
/usr/local/cuda/bin/../targets/x86_64-linux/include/cub/util_cpp_dialect.cuh:142:13: warning: CUB requires at least C++14. C++11 is deprecated but still supported. C++11 support will be removed in a future release. Define CUB_IGNORE_DEPRECATED_CPP_DIALECT to suppress this message.
  142 |      CUB_COMPILER_DEPRECATION_SOFT(C++14, C++11);
      |             ^~~~~~~~~~~~~~~~~~~~~~~~~~~~~~~~~~~~~                                                                                                                                                        
In file included from md_uniaxialcompression_simple.cu:5:
/usr/local/cuda/bin/../targets/x86_64-linux/include/math_functions.h:54:2: warning: #warning "math_functions.h is an internal header file and must not be used directly.  This file will be removed in a future CUDA release.  Please use cuda_runtime_api.h or cuda_runtime.h instead." [-Wcpp]
   54 | #warning "math_functions.h is an internal header file and must not be used directly.  This file will be removed in a future CUDA release.  Please use cuda_runtime_api.h or cuda_runtime.h instead."
      |  ^~~~~~~
In file included from /usr/local/cuda/bin/../targets/x86_64-linux/include/thrust/detail/config/config.h:27,
                 from /usr/local/cuda/bin/../targets/x86_64-linux/include/thrust/detail/config.h:23,
                 from /usr/local/cuda/bin/../targets/x86_64-linux/include/thrust/count.h:24,
                 from md_uniaxialcompression_simple.cu:11:
/usr/local/cuda/bin/../targets/x86_64-linux/include/thrust/detail/config/cpp_dialect.h:131:13: warning: Thrust requires at least C++14. C++11 is deprecated but still supported. C++11 support will be removed in a future release. Define THRUST_IGNORE_DEPRECATED_CPP_DIALECT to suppress this message.
  131 |      THRUST_COMPILER_DEPRECATION_SOFT(C++14, C++11);
      |             ^~~~~~~~~~~~~~~~~~~~~~~~~~~~~~~~~~~~~~~~                                                                                                                                                           
In file included from /usr/local/cuda/bin/../targets/x86_64-linux/include/cub/util_arch.cuh:36,
                 from /usr/local/cuda/bin/../targets/x86_64-linux/include/cub/util_debug.cuh:40,
                 from /usr/local/cuda/bin/../targets/x86_64-linux/include/thrust/system/cuda/config.h:43,
                 from /usr/local/cuda/bin/../targets/x86_64-linux/include/thrust/system/cuda/detail/execution_policy.h:35,
                 from /usr/local/cuda/bin/../targets/x86_64-linux/include/thrust/iterator/detail/device_system_tag.h:23,
                 from /usr/local/cuda/bin/../targets/x86_64-linux/include/thrust/iterator/iterator_traits.h:62,
                 from /usr/local/cuda/bin/../targets/x86_64-linux/include/thrust/count.h:26,
                 from md_uniaxialcompression_simple.cu:11:
/usr/local/cuda/bin/../targets/x86_64-linux/include/cub/util_cpp_dialect.cuh:142:13: warning: CUB requires at least C++14. C++11 is deprecated but still supported. C++11 support will be removed in a future release. Define CUB_IGNORE_DEPRECATED_CPP_DIALECT to suppress this message.
  142 |      CUB_COMPILER_DEPRECATION_SOFT(C++14, C++11);
      |             ^~~~~~~~~~~~~~~~~~~~~~~~~~~~~~~~~~~~~                                                                                                                                                        
In file included from md_uniaxialcompression_simple.cu:5:
/usr/local/cuda/bin/../targets/x86_64-linux/include/math_functions.h:54:2: warning: #warning "math_functions.h is an internal header file and must not be used directly.  This file will be removed in a future CUDA release.  Please use cuda_runtime_api.h or cuda_runtime.h instead." [-Wcpp]
   54 | #warning "math_functions.h is an internal header file and must not be used directly.  This file will be removed in a future CUDA release.  Please use cuda_runtime_api.h or cuda_runtime.h instead."
      |  ^~~~~~~
In file included from /usr/local/cuda/bin/../targets/x86_64-linux/include/thrust/detail/config/config.h:27,
                 from /usr/local/cuda/bin/../targets/x86_64-linux/include/thrust/detail/config.h:23,
                 from /usr/local/cuda/bin/../targets/x86_64-linux/include/thrust/count.h:24,
                 from md_uniaxialcompression_simple.cu:11:
/usr/local/cuda/bin/../targets/x86_64-linux/include/thrust/detail/config/cpp_dialect.h:131:13: warning: Thrust requires at least C++14. C++11 is deprecated but still supported. C++11 support will be removed in a future release. Define THRUST_IGNORE_DEPRECATED_CPP_DIALECT to suppress this message.
  131 |      THRUST_COMPILER_DEPRECATION_SOFT(C++14, C++11);
      |             ^~~~~~~~~~~~~~~~~~~~~~~~~~~~~~~~~~~~~~~~                                                                                                                                                           
In file included from /usr/local/cuda/bin/../targets/x86_64-linux/include/cub/util_arch.cuh:36,
                 from /usr/local/cuda/bin/../targets/x86_64-linux/include/cub/util_debug.cuh:40,
                 from /usr/local/cuda/bin/../targets/x86_64-linux/include/thrust/system/cuda/config.h:43,
                 from /usr/local/cuda/bin/../targets/x86_64-linux/include/thrust/system/cuda/detail/execution_policy.h:35,
                 from /usr/local/cuda/bin/../targets/x86_64-linux/include/thrust/iterator/detail/device_system_tag.h:23,
                 from /usr/local/cuda/bin/../targets/x86_64-linux/include/thrust/iterator/iterator_traits.h:62,
                 from /usr/local/cuda/bin/../targets/x86_64-linux/include/thrust/count.h:26,
                 from md_uniaxialcompression_simple.cu:11:
/usr/local/cuda/bin/../targets/x86_64-linux/include/cub/util_cpp_dialect.cuh:142:13: warning: CUB requires at least C++14. C++11 is deprecated but still supported. C++11 support will be removed in a future release. Define CUB_IGNORE_DEPRECATED_CPP_DIALECT to suppress this message.
  142 |      CUB_COMPILER_DEPRECATION_SOFT(C++14, C++11);
      |             ^~~~~~~~~~~~~~~~~~~~~~~~~~~~~~~~~~~~~                                                                                                                                                        
In file included from md_uniaxialcompression_simple.cu:5:
/usr/local/cuda/bin/../targets/x86_64-linux/include/math_functions.h:54:2: warning: #warning "math_functions.h is an internal header file and must not be used directly.  This file will be removed in a future CUDA release.  Please use cuda_runtime_api.h or cuda_runtime.h instead." [-Wcpp]
   54 | #warning "math_functions.h is an internal header file and must not be used directly.  This file will be removed in a future CUDA release.  Please use cuda_runtime_api.h or cuda_runtime.h instead."
      |  ^~~~~~~
In file included from /usr/local/cuda/bin/../targets/x86_64-linux/include/thrust/detail/config/config.h:27,
                 from /usr/local/cuda/bin/../targets/x86_64-linux/include/thrust/detail/config.h:23,
                 from /usr/local/cuda/bin/../targets/x86_64-linux/include/thrust/count.h:24,
                 from md_uniaxialcompression_simple.cu:11:
/usr/local/cuda/bin/../targets/x86_64-linux/include/thrust/detail/config/cpp_dialect.h:131:13: warning: Thrust requires at least C++14. C++11 is deprecated but still supported. C++11 support will be removed in a future release. Define THRUST_IGNORE_DEPRECATED_CPP_DIALECT to suppress this message.
  131 |      THRUST_COMPILER_DEPRECATION_SOFT(C++14, C++11);
      |             ^~~~~~~~~~~~~~~~~~~~~~~~~~~~~~~~~~~~~~~~                                                                                                                                                           
In file included from /usr/local/cuda/bin/../targets/x86_64-linux/include/cub/util_arch.cuh:36,
                 from /usr/local/cuda/bin/../targets/x86_64-linux/include/cub/util_debug.cuh:40,
                 from /usr/local/cuda/bin/../targets/x86_64-linux/include/thrust/system/cuda/config.h:43,
                 from /usr/local/cuda/bin/../targets/x86_64-linux/include/thrust/system/cuda/detail/execution_policy.h:35,
                 from /usr/local/cuda/bin/../targets/x86_64-linux/include/thrust/iterator/detail/device_system_tag.h:23,
                 from /usr/local/cuda/bin/../targets/x86_64-linux/include/thrust/iterator/iterator_traits.h:62,
                 from /usr/local/cuda/bin/../targets/x86_64-linux/include/thrust/count.h:26,
                 from md_uniaxialcompression_simple.cu:11:
/usr/local/cuda/bin/../targets/x86_64-linux/include/cub/util_cpp_dialect.cuh:142:13: warning: CUB requires at least C++14. C++11 is deprecated but still supported. C++11 support will be removed in a future release. Define CUB_IGNORE_DEPRECATED_CPP_DIALECT to suppress this message.
  142 |      CUB_COMPILER_DEPRECATION_SOFT(C++14, C++11);
      |             ^~~~~~~~~~~~~~~~~~~~~~~~~~~~~~~~~~~~~                                                                                                                                                        
In file included from md_uniaxialcompression_simple.cu:5:
/usr/local/cuda/bin/../targets/x86_64-linux/include/math_functions.h:54:2: warning: #warning "math_functions.h is an internal header file and must not be used directly.  This file will be removed in a future CUDA release.  Please use cuda_runtime_api.h or cuda_runtime.h instead." [-Wcpp]
   54 | #warning "math_functions.h is an internal header file and must not be used directly.  This file will be removed in a future CUDA release.  Please use cuda_runtime_api.h or cuda_runtime.h instead."
      |  ^~~~~~~
In file included from /usr/local/cuda/bin/../targets/x86_64-linux/include/thrust/detail/config/config.h:27,
                 from /usr/local/cuda/bin/../targets/x86_64-linux/include/thrust/detail/config.h:23,
                 from /usr/local/cuda/bin/../targets/x86_64-linux/include/thrust/count.h:24,
                 from md_uniaxialcompression_simple.cu:11:
/usr/local/cuda/bin/../targets/x86_64-linux/include/thrust/detail/config/cpp_dialect.h:131:13: warning: Thrust requires at least C++14. C++11 is deprecated but still supported. C++11 support will be removed in a future release. Define THRUST_IGNORE_DEPRECATED_CPP_DIALECT to suppress this message.
  131 |      THRUST_COMPILER_DEPRECATION_SOFT(C++14, C++11);
      |             ^~~~~~~~~~~~~~~~~~~~~~~~~~~~~~~~~~~~~~~~                                                                                                                                                           
In file included from /usr/local/cuda/bin/../targets/x86_64-linux/include/cub/util_arch.cuh:36,
                 from /usr/local/cuda/bin/../targets/x86_64-linux/include/cub/util_debug.cuh:40,
                 from /usr/local/cuda/bin/../targets/x86_64-linux/include/thrust/system/cuda/config.h:43,
                 from /usr/local/cuda/bin/../targets/x86_64-linux/include/thrust/system/cuda/detail/execution_policy.h:35,
                 from /usr/local/cuda/bin/../targets/x86_64-linux/include/thrust/iterator/detail/device_system_tag.h:23,
                 from /usr/local/cuda/bin/../targets/x86_64-linux/include/thrust/iterator/iterator_traits.h:62,
                 from /usr/local/cuda/bin/../targets/x86_64-linux/include/thrust/count.h:26,
                 from md_uniaxialcompression_simple.cu:11:
/usr/local/cuda/bin/../targets/x86_64-linux/include/cub/util_cpp_dialect.cuh:142:13: warning: CUB requires at least C++14. C++11 is deprecated but still supported. C++11 support will be removed in a future release. Define CUB_IGNORE_DEPRECATED_CPP_DIALECT to suppress this message.
  142 |      CUB_COMPILER_DEPRECATION_SOFT(C++14, C++11);
      |             ^~~~~~~~~~~~~~~~~~~~~~~~~~~~~~~~~~~~~                                                                                                                                                        
In file included from md_uniaxialcompression_simple.cu:5:
/usr/local/cuda/bin/../targets/x86_64-linux/include/math_functions.h:54:2: warning: #warning "math_functions.h is an internal header file and must not be used directly.  This file will be removed in a future CUDA release.  Please use cuda_runtime_api.h or cuda_runtime.h instead." [-Wcpp]
   54 | #warning "math_functions.h is an internal header file and must not be used directly.  This file will be removed in a future CUDA release.  Please use cuda_runtime_api.h or cuda_runtime.h instead."
      |  ^~~~~~~
In file included from /usr/local/cuda/bin/../targets/x86_64-linux/include/thrust/detail/config/config.h:27,
                 from /usr/local/cuda/bin/../targets/x86_64-linux/include/thrust/detail/config.h:23,
                 from /usr/local/cuda/bin/../targets/x86_64-linux/include/thrust/count.h:24,
                 from md_uniaxialcompression_simple.cu:11:
/usr/local/cuda/bin/../targets/x86_64-linux/include/thrust/detail/config/cpp_dialect.h:131:13: warning: Thrust requires at least C++14. C++11 is deprecated but still supported. C++11 support will be removed in a future release. Define THRUST_IGNORE_DEPRECATED_CPP_DIALECT to suppress this message.
  131 |      THRUST_COMPILER_DEPRECATION_SOFT(C++14, C++11);
      |             ^~~~~~~~~~~~~~~~~~~~~~~~~~~~~~~~~~~~~~~~                                                                                                                                                           
In file included from /usr/local/cuda/bin/../targets/x86_64-linux/include/cub/util_arch.cuh:36,
                 from /usr/local/cuda/bin/../targets/x86_64-linux/include/cub/util_debug.cuh:40,
                 from /usr/local/cuda/bin/../targets/x86_64-linux/include/thrust/system/cuda/config.h:43,
                 from /usr/local/cuda/bin/../targets/x86_64-linux/include/thrust/system/cuda/detail/execution_policy.h:35,
                 from /usr/local/cuda/bin/../targets/x86_64-linux/include/thrust/iterator/detail/device_system_tag.h:23,
                 from /usr/local/cuda/bin/../targets/x86_64-linux/include/thrust/iterator/iterator_traits.h:62,
                 from /usr/local/cuda/bin/../targets/x86_64-linux/include/thrust/count.h:26,
                 from md_uniaxialcompression_simple.cu:11:
/usr/local/cuda/bin/../targets/x86_64-linux/include/cub/util_cpp_dialect.cuh:142:13: warning: CUB requires at least C++14. C++11 is deprecated but still supported. C++11 support will be removed in a future release. Define CUB_IGNORE_DEPRECATED_CPP_DIALECT to suppress this message.
  142 |      CUB_COMPILER_DEPRECATION_SOFT(C++14, C++11);
      |             ^~~~~~~~~~~~~~~~~~~~~~~~~~~~~~~~~~~~~                                                                                                                                                        
In file included from md_uniaxialcompression_simple.cu:5:
/usr/local/cuda/bin/../targets/x86_64-linux/include/math_functions.h:54:2: warning: #warning "math_functions.h is an internal header file and must not be used directly.  This file will be removed in a future CUDA release.  Please use cuda_runtime_api.h or cuda_runtime.h instead." [-Wcpp]
   54 | #warning "math_functions.h is an internal header file and must not be used directly.  This file will be removed in a future CUDA release.  Please use cuda_runtime_api.h or cuda_runtime.h instead."
      |  ^~~~~~~
In file included from /usr/local/cuda/bin/../targets/x86_64-linux/include/thrust/detail/config/config.h:27,
                 from /usr/local/cuda/bin/../targets/x86_64-linux/include/thrust/detail/config.h:23,
                 from /usr/local/cuda/bin/../targets/x86_64-linux/include/thrust/count.h:24,
                 from md_uniaxialcompression_simple.cu:11:
/usr/local/cuda/bin/../targets/x86_64-linux/include/thrust/detail/config/cpp_dialect.h:131:13: warning: Thrust requires at least C++14. C++11 is deprecated but still supported. C++11 support will be removed in a future release. Define THRUST_IGNORE_DEPRECATED_CPP_DIALECT to suppress this message.
  131 |      THRUST_COMPILER_DEPRECATION_SOFT(C++14, C++11);
      |             ^~~~~~~~~~~~~~~~~~~~~~~~~~~~~~~~~~~~~~~~                                                                                                                                                           
In file included from /usr/local/cuda/bin/../targets/x86_64-linux/include/cub/util_arch.cuh:36,
                 from /usr/local/cuda/bin/../targets/x86_64-linux/include/cub/util_debug.cuh:40,
                 from /usr/local/cuda/bin/../targets/x86_64-linux/include/thrust/system/cuda/config.h:43,
                 from /usr/local/cuda/bin/../targets/x86_64-linux/include/thrust/system/cuda/detail/execution_policy.h:35,
                 from /usr/local/cuda/bin/../targets/x86_64-linux/include/thrust/iterator/detail/device_system_tag.h:23,
                 from /usr/local/cuda/bin/../targets/x86_64-linux/include/thrust/iterator/iterator_traits.h:62,
                 from /usr/local/cuda/bin/../targets/x86_64-linux/include/thrust/count.h:26,
                 from md_uniaxialcompression_simple.cu:11:
/usr/local/cuda/bin/../targets/x86_64-linux/include/cub/util_cpp_dialect.cuh:142:13: warning: CUB requires at least C++14. C++11 is deprecated but still supported. C++11 support will be removed in a future release. Define CUB_IGNORE_DEPRECATED_CPP_DIALECT to suppress this message.
  142 |      CUB_COMPILER_DEPRECATION_SOFT(C++14, C++11);
      |             ^~~~~~~~~~~~~~~~~~~~~~~~~~~~~~~~~~~~~                                                                                                                                                        
/usr/local/cuda/bin/nvcc -ccbin g++ -I../../../Common  -m64    --threads 0 --std=c++11 -gencode arch=compute_50,code=sm_50 -gencode arch=compute_52,code=sm_52 -gencode arch=compute_60,code=sm_60 -gencode arch=compute_61,code=sm_61 -gencode arch=compute_70,code=sm_70 -gencode arch=compute_75,code=sm_75 -gencode arch=compute_80,code=sm_80 -gencode arch=compute_86,code=sm_86 -gencode arch=compute_90,code=sm_90 -gencode arch=compute_90,code=compute_90 -o md_uniaxialcompression2_simple.o -c md_uniaxialcompression2_simple.cu
In file included from md_uniaxialcompression2_simple.cu:5:
/usr/local/cuda/bin/../targets/x86_64-linux/include/math_functions.h:54:2: warning: #warning "math_functions.h is an internal header file and must not be used directly.  This file will be removed in a future CUDA release.  Please use cuda_runtime_api.h or cuda_runtime.h instead." [-Wcpp]
   54 | #warning "math_functions.h is an internal header file and must not be used directly.  This file will be removed in a future CUDA release.  Please use cuda_runtime_api.h or cuda_runtime.h instead."
      |  ^~~~~~~
In file included from /usr/local/cuda/bin/../targets/x86_64-linux/include/thrust/detail/config/config.h:27,
                 from /usr/local/cuda/bin/../targets/x86_64-linux/include/thrust/detail/config.h:23,
                 from /usr/local/cuda/bin/../targets/x86_64-linux/include/thrust/count.h:24,
                 from md_uniaxialcompression2_simple.cu:11:
/usr/local/cuda/bin/../targets/x86_64-linux/include/thrust/detail/config/cpp_dialect.h:131:13: warning: Thrust requires at least C++14. C++11 is deprecated but still supported. C++11 support will be removed in a future release. Define THRUST_IGNORE_DEPRECATED_CPP_DIALECT to suppress this message.
  131 |      THRUST_COMPILER_DEPRECATION_SOFT(C++14, C++11);
      |             ^~~~~~~~~~~~~~~~~~~~~~~~~~~~~~~~~~~~~~~~                                                                                                                                                           
In file included from /usr/local/cuda/bin/../targets/x86_64-linux/include/cub/util_arch.cuh:36,
                 from /usr/local/cuda/bin/../targets/x86_64-linux/include/cub/util_debug.cuh:40,
                 from /usr/local/cuda/bin/../targets/x86_64-linux/include/thrust/system/cuda/config.h:43,
                 from /usr/local/cuda/bin/../targets/x86_64-linux/include/thrust/system/cuda/detail/execution_policy.h:35,
                 from /usr/local/cuda/bin/../targets/x86_64-linux/include/thrust/iterator/detail/device_system_tag.h:23,
                 from /usr/local/cuda/bin/../targets/x86_64-linux/include/thrust/iterator/iterator_traits.h:62,
                 from /usr/local/cuda/bin/../targets/x86_64-linux/include/thrust/count.h:26,
                 from md_uniaxialcompression2_simple.cu:11:
/usr/local/cuda/bin/../targets/x86_64-linux/include/cub/util_cpp_dialect.cuh:142:13: warning: CUB requires at least C++14. C++11 is deprecated but still supported. C++11 support will be removed in a future release. Define CUB_IGNORE_DEPRECATED_CPP_DIALECT to suppress this message.
  142 |      CUB_COMPILER_DEPRECATION_SOFT(C++14, C++11);
      |             ^~~~~~~~~~~~~~~~~~~~~~~~~~~~~~~~~~~~~                                                                                                                                                        
In file included from md_uniaxialcompression2_simple.cu:5:
/usr/local/cuda/bin/../targets/x86_64-linux/include/math_functions.h:54:2: warning: #warning "math_functions.h is an internal header file and must not be used directly.  This file will be removed in a future CUDA release.  Please use cuda_runtime_api.h or cuda_runtime.h instead." [-Wcpp]
   54 | #warning "math_functions.h is an internal header file and must not be used directly.  This file will be removed in a future CUDA release.  Please use cuda_runtime_api.h or cuda_runtime.h instead."
      |  ^~~~~~~
In file included from /usr/local/cuda/bin/../targets/x86_64-linux/include/thrust/detail/config/config.h:27,
                 from /usr/local/cuda/bin/../targets/x86_64-linux/include/thrust/detail/config.h:23,
                 from /usr/local/cuda/bin/../targets/x86_64-linux/include/thrust/count.h:24,
                 from md_uniaxialcompression2_simple.cu:11:
/usr/local/cuda/bin/../targets/x86_64-linux/include/thrust/detail/config/cpp_dialect.h:131:13: warning: Thrust requires at least C++14. C++11 is deprecated but still supported. C++11 support will be removed in a future release. Define THRUST_IGNORE_DEPRECATED_CPP_DIALECT to suppress this message.
  131 |      THRUST_COMPILER_DEPRECATION_SOFT(C++14, C++11);
      |             ^~~~~~~~~~~~~~~~~~~~~~~~~~~~~~~~~~~~~~~~                                                                                                                                                           
In file included from /usr/local/cuda/bin/../targets/x86_64-linux/include/cub/util_arch.cuh:36,
                 from /usr/local/cuda/bin/../targets/x86_64-linux/include/cub/util_debug.cuh:40,
                 from /usr/local/cuda/bin/../targets/x86_64-linux/include/thrust/system/cuda/config.h:43,
                 from /usr/local/cuda/bin/../targets/x86_64-linux/include/thrust/system/cuda/detail/execution_policy.h:35,
                 from /usr/local/cuda/bin/../targets/x86_64-linux/include/thrust/iterator/detail/device_system_tag.h:23,
                 from /usr/local/cuda/bin/../targets/x86_64-linux/include/thrust/iterator/iterator_traits.h:62,
                 from /usr/local/cuda/bin/../targets/x86_64-linux/include/thrust/count.h:26,
                 from md_uniaxialcompression2_simple.cu:11:
/usr/local/cuda/bin/../targets/x86_64-linux/include/cub/util_cpp_dialect.cuh:142:13: warning: CUB requires at least C++14. C++11 is deprecated but still supported. C++11 support will be removed in a future release. Define CUB_IGNORE_DEPRECATED_CPP_DIALECT to suppress this message.
  142 |      CUB_COMPILER_DEPRECATION_SOFT(C++14, C++11);
      |             ^~~~~~~~~~~~~~~~~~~~~~~~~~~~~~~~~~~~~                                                                                                                                                        
In file included from md_uniaxialcompression2_simple.cu:5:
/usr/local/cuda/bin/../targets/x86_64-linux/include/math_functions.h:54:2: warning: #warning "math_functions.h is an internal header file and must not be used directly.  This file will be removed in a future CUDA release.  Please use cuda_runtime_api.h or cuda_runtime.h instead." [-Wcpp]
   54 | #warning "math_functions.h is an internal header file and must not be used directly.  This file will be removed in a future CUDA release.  Please use cuda_runtime_api.h or cuda_runtime.h instead."
      |  ^~~~~~~
In file included from /usr/local/cuda/bin/../targets/x86_64-linux/include/thrust/detail/config/config.h:27,
                 from /usr/local/cuda/bin/../targets/x86_64-linux/include/thrust/detail/config.h:23,
                 from /usr/local/cuda/bin/../targets/x86_64-linux/include/thrust/count.h:24,
                 from md_uniaxialcompression2_simple.cu:11:
/usr/local/cuda/bin/../targets/x86_64-linux/include/thrust/detail/config/cpp_dialect.h:131:13: warning: Thrust requires at least C++14. C++11 is deprecated but still supported. C++11 support will be removed in a future release. Define THRUST_IGNORE_DEPRECATED_CPP_DIALECT to suppress this message.
  131 |      THRUST_COMPILER_DEPRECATION_SOFT(C++14, C++11);
      |             ^~~~~~~~~~~~~~~~~~~~~~~~~~~~~~~~~~~~~~~~                                                                                                                                                           
In file included from /usr/local/cuda/bin/../targets/x86_64-linux/include/cub/util_arch.cuh:36,
                 from /usr/local/cuda/bin/../targets/x86_64-linux/include/cub/util_debug.cuh:40,
                 from /usr/local/cuda/bin/../targets/x86_64-linux/include/thrust/system/cuda/config.h:43,
                 from /usr/local/cuda/bin/../targets/x86_64-linux/include/thrust/system/cuda/detail/execution_policy.h:35,
                 from /usr/local/cuda/bin/../targets/x86_64-linux/include/thrust/iterator/detail/device_system_tag.h:23,
                 from /usr/local/cuda/bin/../targets/x86_64-linux/include/thrust/iterator/iterator_traits.h:62,
                 from /usr/local/cuda/bin/../targets/x86_64-linux/include/thrust/count.h:26,
                 from md_uniaxialcompression2_simple.cu:11:
/usr/local/cuda/bin/../targets/x86_64-linux/include/cub/util_cpp_dialect.cuh:142:13: warning: CUB requires at least C++14. C++11 is deprecated but still supported. C++11 support will be removed in a future release. Define CUB_IGNORE_DEPRECATED_CPP_DIALECT to suppress this message.
  142 |      CUB_COMPILER_DEPRECATION_SOFT(C++14, C++11);
      |             ^~~~~~~~~~~~~~~~~~~~~~~~~~~~~~~~~~~~~                                                                                                                                                        
In file included from md_uniaxialcompression2_simple.cu:5:
/usr/local/cuda/bin/../targets/x86_64-linux/include/math_functions.h:54:2: warning: #warning "math_functions.h is an internal header file and must not be used directly.  This file will be removed in a future CUDA release.  Please use cuda_runtime_api.h or cuda_runtime.h instead." [-Wcpp]
   54 | #warning "math_functions.h is an internal header file and must not be used directly.  This file will be removed in a future CUDA release.  Please use cuda_runtime_api.h or cuda_runtime.h instead."
      |  ^~~~~~~
In file included from /usr/local/cuda/bin/../targets/x86_64-linux/include/thrust/detail/config/config.h:27,
                 from /usr/local/cuda/bin/../targets/x86_64-linux/include/thrust/detail/config.h:23,
                 from /usr/local/cuda/bin/../targets/x86_64-linux/include/thrust/count.h:24,
                 from md_uniaxialcompression2_simple.cu:11:
/usr/local/cuda/bin/../targets/x86_64-linux/include/thrust/detail/config/cpp_dialect.h:131:13: warning: Thrust requires at least C++14. C++11 is deprecated but still supported. C++11 support will be removed in a future release. Define THRUST_IGNORE_DEPRECATED_CPP_DIALECT to suppress this message.
  131 |      THRUST_COMPILER_DEPRECATION_SOFT(C++14, C++11);
      |             ^~~~~~~~~~~~~~~~~~~~~~~~~~~~~~~~~~~~~~~~                                                                                                                                                           
In file included from /usr/local/cuda/bin/../targets/x86_64-linux/include/cub/util_arch.cuh:36,
                 from /usr/local/cuda/bin/../targets/x86_64-linux/include/cub/util_debug.cuh:40,
                 from /usr/local/cuda/bin/../targets/x86_64-linux/include/thrust/system/cuda/config.h:43,
                 from /usr/local/cuda/bin/../targets/x86_64-linux/include/thrust/system/cuda/detail/execution_policy.h:35,
                 from /usr/local/cuda/bin/../targets/x86_64-linux/include/thrust/iterator/detail/device_system_tag.h:23,
                 from /usr/local/cuda/bin/../targets/x86_64-linux/include/thrust/iterator/iterator_traits.h:62,
                 from /usr/local/cuda/bin/../targets/x86_64-linux/include/thrust/count.h:26,
                 from md_uniaxialcompression2_simple.cu:11:
/usr/local/cuda/bin/../targets/x86_64-linux/include/cub/util_cpp_dialect.cuh:142:13: warning: CUB requires at least C++14. C++11 is deprecated but still supported. C++11 support will be removed in a future release. Define CUB_IGNORE_DEPRECATED_CPP_DIALECT to suppress this message.
  142 |      CUB_COMPILER_DEPRECATION_SOFT(C++14, C++11);
      |             ^~~~~~~~~~~~~~~~~~~~~~~~~~~~~~~~~~~~~                                                                                                                                                        
In file included from md_uniaxialcompression2_simple.cu:5:
/usr/local/cuda/bin/../targets/x86_64-linux/include/math_functions.h:54:2: warning: #warning "math_functions.h is an internal header file and must not be used directly.  This file will be removed in a future CUDA release.  Please use cuda_runtime_api.h or cuda_runtime.h instead." [-Wcpp]
   54 | #warning "math_functions.h is an internal header file and must not be used directly.  This file will be removed in a future CUDA release.  Please use cuda_runtime_api.h or cuda_runtime.h instead."
      |  ^~~~~~~
In file included from /usr/local/cuda/bin/../targets/x86_64-linux/include/thrust/detail/config/config.h:27,
                 from /usr/local/cuda/bin/../targets/x86_64-linux/include/thrust/detail/config.h:23,
                 from /usr/local/cuda/bin/../targets/x86_64-linux/include/thrust/count.h:24,
                 from md_uniaxialcompression2_simple.cu:11:
/usr/local/cuda/bin/../targets/x86_64-linux/include/thrust/detail/config/cpp_dialect.h:131:13: warning: Thrust requires at least C++14. C++11 is deprecated but still supported. C++11 support will be removed in a future release. Define THRUST_IGNORE_DEPRECATED_CPP_DIALECT to suppress this message.
  131 |      THRUST_COMPILER_DEPRECATION_SOFT(C++14, C++11);
      |             ^~~~~~~~~~~~~~~~~~~~~~~~~~~~~~~~~~~~~~~~                                                                                                                                                           
In file included from /usr/local/cuda/bin/../targets/x86_64-linux/include/cub/util_arch.cuh:36,
                 from /usr/local/cuda/bin/../targets/x86_64-linux/include/cub/util_debug.cuh:40,
                 from /usr/local/cuda/bin/../targets/x86_64-linux/include/thrust/system/cuda/config.h:43,
                 from /usr/local/cuda/bin/../targets/x86_64-linux/include/thrust/system/cuda/detail/execution_policy.h:35,
                 from /usr/local/cuda/bin/../targets/x86_64-linux/include/thrust/iterator/detail/device_system_tag.h:23,
                 from /usr/local/cuda/bin/../targets/x86_64-linux/include/thrust/iterator/iterator_traits.h:62,
                 from /usr/local/cuda/bin/../targets/x86_64-linux/include/thrust/count.h:26,
                 from md_uniaxialcompression2_simple.cu:11:
/usr/local/cuda/bin/../targets/x86_64-linux/include/cub/util_cpp_dialect.cuh:142:13: warning: CUB requires at least C++14. C++11 is deprecated but still supported. C++11 support will be removed in a future release. Define CUB_IGNORE_DEPRECATED_CPP_DIALECT to suppress this message.
  142 |      CUB_COMPILER_DEPRECATION_SOFT(C++14, C++11);
      |             ^~~~~~~~~~~~~~~~~~~~~~~~~~~~~~~~~~~~~                                                                                                                                                        
In file included from md_uniaxialcompression2_simple.cu:5:
/usr/local/cuda/bin/../targets/x86_64-linux/include/math_functions.h:54:2: warning: #warning "math_functions.h is an internal header file and must not be used directly.  This file will be removed in a future CUDA release.  Please use cuda_runtime_api.h or cuda_runtime.h instead." [-Wcpp]
   54 | #warning "math_functions.h is an internal header file and must not be used directly.  This file will be removed in a future CUDA release.  Please use cuda_runtime_api.h or cuda_runtime.h instead."
      |  ^~~~~~~
In file included from /usr/local/cuda/bin/../targets/x86_64-linux/include/thrust/detail/config/config.h:27,
                 from /usr/local/cuda/bin/../targets/x86_64-linux/include/thrust/detail/config.h:23,
                 from /usr/local/cuda/bin/../targets/x86_64-linux/include/thrust/count.h:24,
                 from md_uniaxialcompression2_simple.cu:11:
/usr/local/cuda/bin/../targets/x86_64-linux/include/thrust/detail/config/cpp_dialect.h:131:13: warning: Thrust requires at least C++14. C++11 is deprecated but still supported. C++11 support will be removed in a future release. Define THRUST_IGNORE_DEPRECATED_CPP_DIALECT to suppress this message.
  131 |      THRUST_COMPILER_DEPRECATION_SOFT(C++14, C++11);
      |             ^~~~~~~~~~~~~~~~~~~~~~~~~~~~~~~~~~~~~~~~                                                                                                                                                           
In file included from /usr/local/cuda/bin/../targets/x86_64-linux/include/cub/util_arch.cuh:36,
                 from /usr/local/cuda/bin/../targets/x86_64-linux/include/cub/util_debug.cuh:40,
                 from /usr/local/cuda/bin/../targets/x86_64-linux/include/thrust/system/cuda/config.h:43,
                 from /usr/local/cuda/bin/../targets/x86_64-linux/include/thrust/system/cuda/detail/execution_policy.h:35,
                 from /usr/local/cuda/bin/../targets/x86_64-linux/include/thrust/iterator/detail/device_system_tag.h:23,
                 from /usr/local/cuda/bin/../targets/x86_64-linux/include/thrust/iterator/iterator_traits.h:62,
                 from /usr/local/cuda/bin/../targets/x86_64-linux/include/thrust/count.h:26,
                 from md_uniaxialcompression2_simple.cu:11:
/usr/local/cuda/bin/../targets/x86_64-linux/include/cub/util_cpp_dialect.cuh:142:13: warning: CUB requires at least C++14. C++11 is deprecated but still supported. C++11 support will be removed in a future release. Define CUB_IGNORE_DEPRECATED_CPP_DIALECT to suppress this message.
  142 |      CUB_COMPILER_DEPRECATION_SOFT(C++14, C++11);
      |             ^~~~~~~~~~~~~~~~~~~~~~~~~~~~~~~~~~~~~                                                                                                                                                        
In file included from md_uniaxialcompression2_simple.cu:5:
/usr/local/cuda/bin/../targets/x86_64-linux/include/math_functions.h:54:2: warning: #warning "math_functions.h is an internal header file and must not be used directly.  This file will be removed in a future CUDA release.  Please use cuda_runtime_api.h or cuda_runtime.h instead." [-Wcpp]
   54 | #warning "math_functions.h is an internal header file and must not be used directly.  This file will be removed in a future CUDA release.  Please use cuda_runtime_api.h or cuda_runtime.h instead."
      |  ^~~~~~~
In file included from /usr/local/cuda/bin/../targets/x86_64-linux/include/thrust/detail/config/config.h:27,
                 from /usr/local/cuda/bin/../targets/x86_64-linux/include/thrust/detail/config.h:23,
                 from /usr/local/cuda/bin/../targets/x86_64-linux/include/thrust/count.h:24,
                 from md_uniaxialcompression2_simple.cu:11:
/usr/local/cuda/bin/../targets/x86_64-linux/include/thrust/detail/config/cpp_dialect.h:131:13: warning: Thrust requires at least C++14. C++11 is deprecated but still supported. C++11 support will be removed in a future release. Define THRUST_IGNORE_DEPRECATED_CPP_DIALECT to suppress this message.
  131 |      THRUST_COMPILER_DEPRECATION_SOFT(C++14, C++11);
      |             ^~~~~~~~~~~~~~~~~~~~~~~~~~~~~~~~~~~~~~~~                                                                                                                                                           
In file included from /usr/local/cuda/bin/../targets/x86_64-linux/include/cub/util_arch.cuh:36,
                 from /usr/local/cuda/bin/../targets/x86_64-linux/include/cub/util_debug.cuh:40,
                 from /usr/local/cuda/bin/../targets/x86_64-linux/include/thrust/system/cuda/config.h:43,
                 from /usr/local/cuda/bin/../targets/x86_64-linux/include/thrust/system/cuda/detail/execution_policy.h:35,
                 from /usr/local/cuda/bin/../targets/x86_64-linux/include/thrust/iterator/detail/device_system_tag.h:23,
                 from /usr/local/cuda/bin/../targets/x86_64-linux/include/thrust/iterator/iterator_traits.h:62,
                 from /usr/local/cuda/bin/../targets/x86_64-linux/include/thrust/count.h:26,
                 from md_uniaxialcompression2_simple.cu:11:
/usr/local/cuda/bin/../targets/x86_64-linux/include/cub/util_cpp_dialect.cuh:142:13: warning: CUB requires at least C++14. C++11 is deprecated but still supported. C++11 support will be removed in a future release. Define CUB_IGNORE_DEPRECATED_CPP_DIALECT to suppress this message.
  142 |      CUB_COMPILER_DEPRECATION_SOFT(C++14, C++11);
      |             ^~~~~~~~~~~~~~~~~~~~~~~~~~~~~~~~~~~~~                                                                                                                                                        
In file included from md_uniaxialcompression2_simple.cu:5:
/usr/local/cuda/bin/../targets/x86_64-linux/include/math_functions.h:54:2: warning: #warning "math_functions.h is an internal header file and must not be used directly.  This file will be removed in a future CUDA release.  Please use cuda_runtime_api.h or cuda_runtime.h instead." [-Wcpp]
   54 | #warning "math_functions.h is an internal header file and must not be used directly.  This file will be removed in a future CUDA release.  Please use cuda_runtime_api.h or cuda_runtime.h instead."
      |  ^~~~~~~
In file included from /usr/local/cuda/bin/../targets/x86_64-linux/include/thrust/detail/config/config.h:27,
                 from /usr/local/cuda/bin/../targets/x86_64-linux/include/thrust/detail/config.h:23,
                 from /usr/local/cuda/bin/../targets/x86_64-linux/include/thrust/count.h:24,
                 from md_uniaxialcompression2_simple.cu:11:
/usr/local/cuda/bin/../targets/x86_64-linux/include/thrust/detail/config/cpp_dialect.h:131:13: warning: Thrust requires at least C++14. C++11 is deprecated but still supported. C++11 support will be removed in a future release. Define THRUST_IGNORE_DEPRECATED_CPP_DIALECT to suppress this message.
  131 |      THRUST_COMPILER_DEPRECATION_SOFT(C++14, C++11);
      |             ^~~~~~~~~~~~~~~~~~~~~~~~~~~~~~~~~~~~~~~~                                                                                                                                                           
In file included from /usr/local/cuda/bin/../targets/x86_64-linux/include/cub/util_arch.cuh:36,
                 from /usr/local/cuda/bin/../targets/x86_64-linux/include/cub/util_debug.cuh:40,
                 from /usr/local/cuda/bin/../targets/x86_64-linux/include/thrust/system/cuda/config.h:43,
                 from /usr/local/cuda/bin/../targets/x86_64-linux/include/thrust/system/cuda/detail/execution_policy.h:35,
                 from /usr/local/cuda/bin/../targets/x86_64-linux/include/thrust/iterator/detail/device_system_tag.h:23,
                 from /usr/local/cuda/bin/../targets/x86_64-linux/include/thrust/iterator/iterator_traits.h:62,
                 from /usr/local/cuda/bin/../targets/x86_64-linux/include/thrust/count.h:26,
                 from md_uniaxialcompression2_simple.cu:11:
/usr/local/cuda/bin/../targets/x86_64-linux/include/cub/util_cpp_dialect.cuh:142:13: warning: CUB requires at least C++14. C++11 is deprecated but still supported. C++11 support will be removed in a future release. Define CUB_IGNORE_DEPRECATED_CPP_DIALECT to suppress this message.
  142 |      CUB_COMPILER_DEPRECATION_SOFT(C++14, C++11);
      |             ^~~~~~~~~~~~~~~~~~~~~~~~~~~~~~~~~~~~~                                                                                                                                                        
In file included from md_uniaxialcompression2_simple.cu:5:
/usr/local/cuda/bin/../targets/x86_64-linux/include/math_functions.h:54:2: warning: #warning "math_functions.h is an internal header file and must not be used directly.  This file will be removed in a future CUDA release.  Please use cuda_runtime_api.h or cuda_runtime.h instead." [-Wcpp]
   54 | #warning "math_functions.h is an internal header file and must not be used directly.  This file will be removed in a future CUDA release.  Please use cuda_runtime_api.h or cuda_runtime.h instead."
      |  ^~~~~~~
In file included from /usr/local/cuda/bin/../targets/x86_64-linux/include/thrust/detail/config/config.h:27,
                 from /usr/local/cuda/bin/../targets/x86_64-linux/include/thrust/detail/config.h:23,
                 from /usr/local/cuda/bin/../targets/x86_64-linux/include/thrust/count.h:24,
                 from md_uniaxialcompression2_simple.cu:11:
/usr/local/cuda/bin/../targets/x86_64-linux/include/thrust/detail/config/cpp_dialect.h:131:13: warning: Thrust requires at least C++14. C++11 is deprecated but still supported. C++11 support will be removed in a future release. Define THRUST_IGNORE_DEPRECATED_CPP_DIALECT to suppress this message.
  131 |      THRUST_COMPILER_DEPRECATION_SOFT(C++14, C++11);
      |             ^~~~~~~~~~~~~~~~~~~~~~~~~~~~~~~~~~~~~~~~                                                                                                                                                           
In file included from /usr/local/cuda/bin/../targets/x86_64-linux/include/cub/util_arch.cuh:36,
                 from /usr/local/cuda/bin/../targets/x86_64-linux/include/cub/util_debug.cuh:40,
                 from /usr/local/cuda/bin/../targets/x86_64-linux/include/thrust/system/cuda/config.h:43,
                 from /usr/local/cuda/bin/../targets/x86_64-linux/include/thrust/system/cuda/detail/execution_policy.h:35,
                 from /usr/local/cuda/bin/../targets/x86_64-linux/include/thrust/iterator/detail/device_system_tag.h:23,
                 from /usr/local/cuda/bin/../targets/x86_64-linux/include/thrust/iterator/iterator_traits.h:62,
                 from /usr/local/cuda/bin/../targets/x86_64-linux/include/thrust/count.h:26,
                 from md_uniaxialcompression2_simple.cu:11:
/usr/local/cuda/bin/../targets/x86_64-linux/include/cub/util_cpp_dialect.cuh:142:13: warning: CUB requires at least C++14. C++11 is deprecated but still supported. C++11 support will be removed in a future release. Define CUB_IGNORE_DEPRECATED_CPP_DIALECT to suppress this message.
  142 |      CUB_COMPILER_DEPRECATION_SOFT(C++14, C++11);
      |             ^~~~~~~~~~~~~~~~~~~~~~~~~~~~~~~~~~~~~                                                                                                                                                        
In file included from md_uniaxialcompression2_simple.cu:5:
/usr/local/cuda/bin/../targets/x86_64-linux/include/math_functions.h:54:2: warning: #warning "math_functions.h is an internal header file and must not be used directly.  This file will be removed in a future CUDA release.  Please use cuda_runtime_api.h or cuda_runtime.h instead." [-Wcpp]
   54 | #warning "math_functions.h is an internal header file and must not be used directly.  This file will be removed in a future CUDA release.  Please use cuda_runtime_api.h or cuda_runtime.h instead."
      |  ^~~~~~~
In file included from /usr/local/cuda/bin/../targets/x86_64-linux/include/thrust/detail/config/config.h:27,
                 from /usr/local/cuda/bin/../targets/x86_64-linux/include/thrust/detail/config.h:23,
                 from /usr/local/cuda/bin/../targets/x86_64-linux/include/thrust/count.h:24,
                 from md_uniaxialcompression2_simple.cu:11:
/usr/local/cuda/bin/../targets/x86_64-linux/include/thrust/detail/config/cpp_dialect.h:131:13: warning: Thrust requires at least C++14. C++11 is deprecated but still supported. C++11 support will be removed in a future release. Define THRUST_IGNORE_DEPRECATED_CPP_DIALECT to suppress this message.
  131 |      THRUST_COMPILER_DEPRECATION_SOFT(C++14, C++11);
      |             ^~~~~~~~~~~~~~~~~~~~~~~~~~~~~~~~~~~~~~~~                                                                                                                                                           
In file included from /usr/local/cuda/bin/../targets/x86_64-linux/include/cub/util_arch.cuh:36,
                 from /usr/local/cuda/bin/../targets/x86_64-linux/include/cub/util_debug.cuh:40,
                 from /usr/local/cuda/bin/../targets/x86_64-linux/include/thrust/system/cuda/config.h:43,
                 from /usr/local/cuda/bin/../targets/x86_64-linux/include/thrust/system/cuda/detail/execution_policy.h:35,
                 from /usr/local/cuda/bin/../targets/x86_64-linux/include/thrust/iterator/detail/device_system_tag.h:23,
                 from /usr/local/cuda/bin/../targets/x86_64-linux/include/thrust/iterator/iterator_traits.h:62,
                 from /usr/local/cuda/bin/../targets/x86_64-linux/include/thrust/count.h:26,
                 from md_uniaxialcompression2_simple.cu:11:
/usr/local/cuda/bin/../targets/x86_64-linux/include/cub/util_cpp_dialect.cuh:142:13: warning: CUB requires at least C++14. C++11 is deprecated but still supported. C++11 support will be removed in a future release. Define CUB_IGNORE_DEPRECATED_CPP_DIALECT to suppress this message.
  142 |      CUB_COMPILER_DEPRECATION_SOFT(C++14, C++11);
      |             ^~~~~~~~~~~~~~~~~~~~~~~~~~~~~~~~~~~~~                                                                                                                                                        
/usr/local/cuda/bin/nvcc -ccbin g++ -I../../../Common  -m64    --threads 0 --std=c++11 -gencode arch=compute_50,code=sm_50 -gencode arch=compute_52,code=sm_52 -gencode arch=compute_60,code=sm_60 -gencode arch=compute_61,code=sm_61 -gencode arch=compute_70,code=sm_70 -gencode arch=compute_75,code=sm_75 -gencode arch=compute_80,code=sm_80 -gencode arch=compute_86,code=sm_86 -gencode arch=compute_90,code=sm_90 -gencode arch=compute_90,code=compute_90 -o md_uniaxialcompression3_simple.o -c md_uniaxialcompression3_simple.cu
In file included from md_uniaxialcompression3_simple.cu:5:
/usr/local/cuda/bin/../targets/x86_64-linux/include/math_functions.h:54:2: warning: #warning "math_functions.h is an internal header file and must not be used directly.  This file will be removed in a future CUDA release.  Please use cuda_runtime_api.h or cuda_runtime.h instead." [-Wcpp]
   54 | #warning "math_functions.h is an internal header file and must not be used directly.  This file will be removed in a future CUDA release.  Please use cuda_runtime_api.h or cuda_runtime.h instead."
      |  ^~~~~~~
In file included from /usr/local/cuda/bin/../targets/x86_64-linux/include/thrust/detail/config/config.h:27,
                 from /usr/local/cuda/bin/../targets/x86_64-linux/include/thrust/detail/config.h:23,
                 from /usr/local/cuda/bin/../targets/x86_64-linux/include/thrust/count.h:24,
                 from md_uniaxialcompression3_simple.cu:11:
/usr/local/cuda/bin/../targets/x86_64-linux/include/thrust/detail/config/cpp_dialect.h:131:13: warning: Thrust requires at least C++14. C++11 is deprecated but still supported. C++11 support will be removed in a future release. Define THRUST_IGNORE_DEPRECATED_CPP_DIALECT to suppress this message.
  131 |      THRUST_COMPILER_DEPRECATION_SOFT(C++14, C++11);
      |             ^~~~~~~~~~~~~~~~~~~~~~~~~~~~~~~~~~~~~~~~                                                                                                                                                           
In file included from /usr/local/cuda/bin/../targets/x86_64-linux/include/cub/util_arch.cuh:36,
                 from /usr/local/cuda/bin/../targets/x86_64-linux/include/cub/util_debug.cuh:40,
                 from /usr/local/cuda/bin/../targets/x86_64-linux/include/thrust/system/cuda/config.h:43,
                 from /usr/local/cuda/bin/../targets/x86_64-linux/include/thrust/system/cuda/detail/execution_policy.h:35,
                 from /usr/local/cuda/bin/../targets/x86_64-linux/include/thrust/iterator/detail/device_system_tag.h:23,
                 from /usr/local/cuda/bin/../targets/x86_64-linux/include/thrust/iterator/iterator_traits.h:62,
                 from /usr/local/cuda/bin/../targets/x86_64-linux/include/thrust/count.h:26,
                 from md_uniaxialcompression3_simple.cu:11:
/usr/local/cuda/bin/../targets/x86_64-linux/include/cub/util_cpp_dialect.cuh:142:13: warning: CUB requires at least C++14. C++11 is deprecated but still supported. C++11 support will be removed in a future release. Define CUB_IGNORE_DEPRECATED_CPP_DIALECT to suppress this message.
  142 |      CUB_COMPILER_DEPRECATION_SOFT(C++14, C++11);
      |             ^~~~~~~~~~~~~~~~~~~~~~~~~~~~~~~~~~~~~                                                                                                                                                        
In file included from md_uniaxialcompression3_simple.cu:5:
/usr/local/cuda/bin/../targets/x86_64-linux/include/math_functions.h:54:2: warning: #warning "math_functions.h is an internal header file and must not be used directly.  This file will be removed in a future CUDA release.  Please use cuda_runtime_api.h or cuda_runtime.h instead." [-Wcpp]
   54 | #warning "math_functions.h is an internal header file and must not be used directly.  This file will be removed in a future CUDA release.  Please use cuda_runtime_api.h or cuda_runtime.h instead."
      |  ^~~~~~~
In file included from /usr/local/cuda/bin/../targets/x86_64-linux/include/thrust/detail/config/config.h:27,
                 from /usr/local/cuda/bin/../targets/x86_64-linux/include/thrust/detail/config.h:23,
                 from /usr/local/cuda/bin/../targets/x86_64-linux/include/thrust/count.h:24,
                 from md_uniaxialcompression3_simple.cu:11:
/usr/local/cuda/bin/../targets/x86_64-linux/include/thrust/detail/config/cpp_dialect.h:131:13: warning: Thrust requires at least C++14. C++11 is deprecated but still supported. C++11 support will be removed in a future release. Define THRUST_IGNORE_DEPRECATED_CPP_DIALECT to suppress this message.
  131 |      THRUST_COMPILER_DEPRECATION_SOFT(C++14, C++11);
      |             ^~~~~~~~~~~~~~~~~~~~~~~~~~~~~~~~~~~~~~~~                                                                                                                                                           
In file included from /usr/local/cuda/bin/../targets/x86_64-linux/include/cub/util_arch.cuh:36,
                 from /usr/local/cuda/bin/../targets/x86_64-linux/include/cub/util_debug.cuh:40,
                 from /usr/local/cuda/bin/../targets/x86_64-linux/include/thrust/system/cuda/config.h:43,
                 from /usr/local/cuda/bin/../targets/x86_64-linux/include/thrust/system/cuda/detail/execution_policy.h:35,
                 from /usr/local/cuda/bin/../targets/x86_64-linux/include/thrust/iterator/detail/device_system_tag.h:23,
                 from /usr/local/cuda/bin/../targets/x86_64-linux/include/thrust/iterator/iterator_traits.h:62,
                 from /usr/local/cuda/bin/../targets/x86_64-linux/include/thrust/count.h:26,
                 from md_uniaxialcompression3_simple.cu:11:
/usr/local/cuda/bin/../targets/x86_64-linux/include/cub/util_cpp_dialect.cuh:142:13: warning: CUB requires at least C++14. C++11 is deprecated but still supported. C++11 support will be removed in a future release. Define CUB_IGNORE_DEPRECATED_CPP_DIALECT to suppress this message.
  142 |      CUB_COMPILER_DEPRECATION_SOFT(C++14, C++11);
      |             ^~~~~~~~~~~~~~~~~~~~~~~~~~~~~~~~~~~~~                                                                                                                                                        
In file included from md_uniaxialcompression3_simple.cu:5:
/usr/local/cuda/bin/../targets/x86_64-linux/include/math_functions.h:54:2: warning: #warning "math_functions.h is an internal header file and must not be used directly.  This file will be removed in a future CUDA release.  Please use cuda_runtime_api.h or cuda_runtime.h instead." [-Wcpp]
   54 | #warning "math_functions.h is an internal header file and must not be used directly.  This file will be removed in a future CUDA release.  Please use cuda_runtime_api.h or cuda_runtime.h instead."
      |  ^~~~~~~
In file included from /usr/local/cuda/bin/../targets/x86_64-linux/include/thrust/detail/config/config.h:27,
                 from /usr/local/cuda/bin/../targets/x86_64-linux/include/thrust/detail/config.h:23,
                 from /usr/local/cuda/bin/../targets/x86_64-linux/include/thrust/count.h:24,
                 from md_uniaxialcompression3_simple.cu:11:
/usr/local/cuda/bin/../targets/x86_64-linux/include/thrust/detail/config/cpp_dialect.h:131:13: warning: Thrust requires at least C++14. C++11 is deprecated but still supported. C++11 support will be removed in a future release. Define THRUST_IGNORE_DEPRECATED_CPP_DIALECT to suppress this message.
  131 |      THRUST_COMPILER_DEPRECATION_SOFT(C++14, C++11);
      |             ^~~~~~~~~~~~~~~~~~~~~~~~~~~~~~~~~~~~~~~~                                                                                                                                                           
In file included from /usr/local/cuda/bin/../targets/x86_64-linux/include/cub/util_arch.cuh:36,
                 from /usr/local/cuda/bin/../targets/x86_64-linux/include/cub/util_debug.cuh:40,
                 from /usr/local/cuda/bin/../targets/x86_64-linux/include/thrust/system/cuda/config.h:43,
                 from /usr/local/cuda/bin/../targets/x86_64-linux/include/thrust/system/cuda/detail/execution_policy.h:35,
                 from /usr/local/cuda/bin/../targets/x86_64-linux/include/thrust/iterator/detail/device_system_tag.h:23,
                 from /usr/local/cuda/bin/../targets/x86_64-linux/include/thrust/iterator/iterator_traits.h:62,
                 from /usr/local/cuda/bin/../targets/x86_64-linux/include/thrust/count.h:26,
                 from md_uniaxialcompression3_simple.cu:11:
/usr/local/cuda/bin/../targets/x86_64-linux/include/cub/util_cpp_dialect.cuh:142:13: warning: CUB requires at least C++14. C++11 is deprecated but still supported. C++11 support will be removed in a future release. Define CUB_IGNORE_DEPRECATED_CPP_DIALECT to suppress this message.
  142 |      CUB_COMPILER_DEPRECATION_SOFT(C++14, C++11);
      |             ^~~~~~~~~~~~~~~~~~~~~~~~~~~~~~~~~~~~~                                                                                                                                                        
In file included from md_uniaxialcompression3_simple.cu:5:
/usr/local/cuda/bin/../targets/x86_64-linux/include/math_functions.h:54:2: warning: #warning "math_functions.h is an internal header file and must not be used directly.  This file will be removed in a future CUDA release.  Please use cuda_runtime_api.h or cuda_runtime.h instead." [-Wcpp]
   54 | #warning "math_functions.h is an internal header file and must not be used directly.  This file will be removed in a future CUDA release.  Please use cuda_runtime_api.h or cuda_runtime.h instead."
      |  ^~~~~~~
In file included from /usr/local/cuda/bin/../targets/x86_64-linux/include/thrust/detail/config/config.h:27,
                 from /usr/local/cuda/bin/../targets/x86_64-linux/include/thrust/detail/config.h:23,
                 from /usr/local/cuda/bin/../targets/x86_64-linux/include/thrust/count.h:24,
                 from md_uniaxialcompression3_simple.cu:11:
/usr/local/cuda/bin/../targets/x86_64-linux/include/thrust/detail/config/cpp_dialect.h:131:13: warning: Thrust requires at least C++14. C++11 is deprecated but still supported. C++11 support will be removed in a future release. Define THRUST_IGNORE_DEPRECATED_CPP_DIALECT to suppress this message.
  131 |      THRUST_COMPILER_DEPRECATION_SOFT(C++14, C++11);
      |             ^~~~~~~~~~~~~~~~~~~~~~~~~~~~~~~~~~~~~~~~                                                                                                                                                           
In file included from /usr/local/cuda/bin/../targets/x86_64-linux/include/cub/util_arch.cuh:36,
                 from /usr/local/cuda/bin/../targets/x86_64-linux/include/cub/util_debug.cuh:40,
                 from /usr/local/cuda/bin/../targets/x86_64-linux/include/thrust/system/cuda/config.h:43,
                 from /usr/local/cuda/bin/../targets/x86_64-linux/include/thrust/system/cuda/detail/execution_policy.h:35,
                 from /usr/local/cuda/bin/../targets/x86_64-linux/include/thrust/iterator/detail/device_system_tag.h:23,
                 from /usr/local/cuda/bin/../targets/x86_64-linux/include/thrust/iterator/iterator_traits.h:62,
                 from /usr/local/cuda/bin/../targets/x86_64-linux/include/thrust/count.h:26,
                 from md_uniaxialcompression3_simple.cu:11:
/usr/local/cuda/bin/../targets/x86_64-linux/include/cub/util_cpp_dialect.cuh:142:13: warning: CUB requires at least C++14. C++11 is deprecated but still supported. C++11 support will be removed in a future release. Define CUB_IGNORE_DEPRECATED_CPP_DIALECT to suppress this message.
  142 |      CUB_COMPILER_DEPRECATION_SOFT(C++14, C++11);
      |             ^~~~~~~~~~~~~~~~~~~~~~~~~~~~~~~~~~~~~                                                                                                                                                        
In file included from md_uniaxialcompression3_simple.cu:5:
/usr/local/cuda/bin/../targets/x86_64-linux/include/math_functions.h:54:2: warning: #warning "math_functions.h is an internal header file and must not be used directly.  This file will be removed in a future CUDA release.  Please use cuda_runtime_api.h or cuda_runtime.h instead." [-Wcpp]
   54 | #warning "math_functions.h is an internal header file and must not be used directly.  This file will be removed in a future CUDA release.  Please use cuda_runtime_api.h or cuda_runtime.h instead."
      |  ^~~~~~~
In file included from /usr/local/cuda/bin/../targets/x86_64-linux/include/thrust/detail/config/config.h:27,
                 from /usr/local/cuda/bin/../targets/x86_64-linux/include/thrust/detail/config.h:23,
                 from /usr/local/cuda/bin/../targets/x86_64-linux/include/thrust/count.h:24,
                 from md_uniaxialcompression3_simple.cu:11:
/usr/local/cuda/bin/../targets/x86_64-linux/include/thrust/detail/config/cpp_dialect.h:131:13: warning: Thrust requires at least C++14. C++11 is deprecated but still supported. C++11 support will be removed in a future release. Define THRUST_IGNORE_DEPRECATED_CPP_DIALECT to suppress this message.
  131 |      THRUST_COMPILER_DEPRECATION_SOFT(C++14, C++11);
      |             ^~~~~~~~~~~~~~~~~~~~~~~~~~~~~~~~~~~~~~~~                                                                                                                                                           
In file included from /usr/local/cuda/bin/../targets/x86_64-linux/include/cub/util_arch.cuh:36,
                 from /usr/local/cuda/bin/../targets/x86_64-linux/include/cub/util_debug.cuh:40,
                 from /usr/local/cuda/bin/../targets/x86_64-linux/include/thrust/system/cuda/config.h:43,
                 from /usr/local/cuda/bin/../targets/x86_64-linux/include/thrust/system/cuda/detail/execution_policy.h:35,
                 from /usr/local/cuda/bin/../targets/x86_64-linux/include/thrust/iterator/detail/device_system_tag.h:23,
                 from /usr/local/cuda/bin/../targets/x86_64-linux/include/thrust/iterator/iterator_traits.h:62,
                 from /usr/local/cuda/bin/../targets/x86_64-linux/include/thrust/count.h:26,
                 from md_uniaxialcompression3_simple.cu:11:
/usr/local/cuda/bin/../targets/x86_64-linux/include/cub/util_cpp_dialect.cuh:142:13: warning: CUB requires at least C++14. C++11 is deprecated but still supported. C++11 support will be removed in a future release. Define CUB_IGNORE_DEPRECATED_CPP_DIALECT to suppress this message.
  142 |      CUB_COMPILER_DEPRECATION_SOFT(C++14, C++11);
      |             ^~~~~~~~~~~~~~~~~~~~~~~~~~~~~~~~~~~~~                                                                                                                                                        
In file included from md_uniaxialcompression3_simple.cu:5:
/usr/local/cuda/bin/../targets/x86_64-linux/include/math_functions.h:54:2: warning: #warning "math_functions.h is an internal header file and must not be used directly.  This file will be removed in a future CUDA release.  Please use cuda_runtime_api.h or cuda_runtime.h instead." [-Wcpp]
   54 | #warning "math_functions.h is an internal header file and must not be used directly.  This file will be removed in a future CUDA release.  Please use cuda_runtime_api.h or cuda_runtime.h instead."
      |  ^~~~~~~
In file included from /usr/local/cuda/bin/../targets/x86_64-linux/include/thrust/detail/config/config.h:27,
                 from /usr/local/cuda/bin/../targets/x86_64-linux/include/thrust/detail/config.h:23,
                 from /usr/local/cuda/bin/../targets/x86_64-linux/include/thrust/count.h:24,
                 from md_uniaxialcompression3_simple.cu:11:
/usr/local/cuda/bin/../targets/x86_64-linux/include/thrust/detail/config/cpp_dialect.h:131:13: warning: Thrust requires at least C++14. C++11 is deprecated but still supported. C++11 support will be removed in a future release. Define THRUST_IGNORE_DEPRECATED_CPP_DIALECT to suppress this message.
  131 |      THRUST_COMPILER_DEPRECATION_SOFT(C++14, C++11);
      |             ^~~~~~~~~~~~~~~~~~~~~~~~~~~~~~~~~~~~~~~~                                                                                                                                                           
In file included from /usr/local/cuda/bin/../targets/x86_64-linux/include/cub/util_arch.cuh:36,
                 from /usr/local/cuda/bin/../targets/x86_64-linux/include/cub/util_debug.cuh:40,
                 from /usr/local/cuda/bin/../targets/x86_64-linux/include/thrust/system/cuda/config.h:43,
                 from /usr/local/cuda/bin/../targets/x86_64-linux/include/thrust/system/cuda/detail/execution_policy.h:35,
                 from /usr/local/cuda/bin/../targets/x86_64-linux/include/thrust/iterator/detail/device_system_tag.h:23,
                 from /usr/local/cuda/bin/../targets/x86_64-linux/include/thrust/iterator/iterator_traits.h:62,
                 from /usr/local/cuda/bin/../targets/x86_64-linux/include/thrust/count.h:26,
                 from md_uniaxialcompression3_simple.cu:11:
/usr/local/cuda/bin/../targets/x86_64-linux/include/cub/util_cpp_dialect.cuh:142:13: warning: CUB requires at least C++14. C++11 is deprecated but still supported. C++11 support will be removed in a future release. Define CUB_IGNORE_DEPRECATED_CPP_DIALECT to suppress this message.
  142 |      CUB_COMPILER_DEPRECATION_SOFT(C++14, C++11);
      |             ^~~~~~~~~~~~~~~~~~~~~~~~~~~~~~~~~~~~~                                                                                                                                                        
In file included from md_uniaxialcompression3_simple.cu:5:
/usr/local/cuda/bin/../targets/x86_64-linux/include/math_functions.h:54:2: warning: #warning "math_functions.h is an internal header file and must not be used directly.  This file will be removed in a future CUDA release.  Please use cuda_runtime_api.h or cuda_runtime.h instead." [-Wcpp]
   54 | #warning "math_functions.h is an internal header file and must not be used directly.  This file will be removed in a future CUDA release.  Please use cuda_runtime_api.h or cuda_runtime.h instead."
      |  ^~~~~~~
In file included from /usr/local/cuda/bin/../targets/x86_64-linux/include/thrust/detail/config/config.h:27,
                 from /usr/local/cuda/bin/../targets/x86_64-linux/include/thrust/detail/config.h:23,
                 from /usr/local/cuda/bin/../targets/x86_64-linux/include/thrust/count.h:24,
                 from md_uniaxialcompression3_simple.cu:11:
/usr/local/cuda/bin/../targets/x86_64-linux/include/thrust/detail/config/cpp_dialect.h:131:13: warning: Thrust requires at least C++14. C++11 is deprecated but still supported. C++11 support will be removed in a future release. Define THRUST_IGNORE_DEPRECATED_CPP_DIALECT to suppress this message.
  131 |      THRUST_COMPILER_DEPRECATION_SOFT(C++14, C++11);
      |             ^~~~~~~~~~~~~~~~~~~~~~~~~~~~~~~~~~~~~~~~                                                                                                                                                           
In file included from /usr/local/cuda/bin/../targets/x86_64-linux/include/cub/util_arch.cuh:36,
                 from /usr/local/cuda/bin/../targets/x86_64-linux/include/cub/util_debug.cuh:40,
                 from /usr/local/cuda/bin/../targets/x86_64-linux/include/thrust/system/cuda/config.h:43,
                 from /usr/local/cuda/bin/../targets/x86_64-linux/include/thrust/system/cuda/detail/execution_policy.h:35,
                 from /usr/local/cuda/bin/../targets/x86_64-linux/include/thrust/iterator/detail/device_system_tag.h:23,
                 from /usr/local/cuda/bin/../targets/x86_64-linux/include/thrust/iterator/iterator_traits.h:62,
                 from /usr/local/cuda/bin/../targets/x86_64-linux/include/thrust/count.h:26,
                 from md_uniaxialcompression3_simple.cu:11:
/usr/local/cuda/bin/../targets/x86_64-linux/include/cub/util_cpp_dialect.cuh:142:13: warning: CUB requires at least C++14. C++11 is deprecated but still supported. C++11 support will be removed in a future release. Define CUB_IGNORE_DEPRECATED_CPP_DIALECT to suppress this message.
  142 |      CUB_COMPILER_DEPRECATION_SOFT(C++14, C++11);
      |             ^~~~~~~~~~~~~~~~~~~~~~~~~~~~~~~~~~~~~                                                                                                                                                        
In file included from md_uniaxialcompression3_simple.cu:5:
/usr/local/cuda/bin/../targets/x86_64-linux/include/math_functions.h:54:2: warning: #warning "math_functions.h is an internal header file and must not be used directly.  This file will be removed in a future CUDA release.  Please use cuda_runtime_api.h or cuda_runtime.h instead." [-Wcpp]
   54 | #warning "math_functions.h is an internal header file and must not be used directly.  This file will be removed in a future CUDA release.  Please use cuda_runtime_api.h or cuda_runtime.h instead."
      |  ^~~~~~~
In file included from /usr/local/cuda/bin/../targets/x86_64-linux/include/thrust/detail/config/config.h:27,
                 from /usr/local/cuda/bin/../targets/x86_64-linux/include/thrust/detail/config.h:23,
                 from /usr/local/cuda/bin/../targets/x86_64-linux/include/thrust/count.h:24,
                 from md_uniaxialcompression3_simple.cu:11:
/usr/local/cuda/bin/../targets/x86_64-linux/include/thrust/detail/config/cpp_dialect.h:131:13: warning: Thrust requires at least C++14. C++11 is deprecated but still supported. C++11 support will be removed in a future release. Define THRUST_IGNORE_DEPRECATED_CPP_DIALECT to suppress this message.
  131 |      THRUST_COMPILER_DEPRECATION_SOFT(C++14, C++11);
      |             ^~~~~~~~~~~~~~~~~~~~~~~~~~~~~~~~~~~~~~~~                                                                                                                                                           
In file included from /usr/local/cuda/bin/../targets/x86_64-linux/include/cub/util_arch.cuh:36,
                 from /usr/local/cuda/bin/../targets/x86_64-linux/include/cub/util_debug.cuh:40,
                 from /usr/local/cuda/bin/../targets/x86_64-linux/include/thrust/system/cuda/config.h:43,
                 from /usr/local/cuda/bin/../targets/x86_64-linux/include/thrust/system/cuda/detail/execution_policy.h:35,
                 from /usr/local/cuda/bin/../targets/x86_64-linux/include/thrust/iterator/detail/device_system_tag.h:23,
                 from /usr/local/cuda/bin/../targets/x86_64-linux/include/thrust/iterator/iterator_traits.h:62,
                 from /usr/local/cuda/bin/../targets/x86_64-linux/include/thrust/count.h:26,
                 from md_uniaxialcompression3_simple.cu:11:
/usr/local/cuda/bin/../targets/x86_64-linux/include/cub/util_cpp_dialect.cuh:142:13: warning: CUB requires at least C++14. C++11 is deprecated but still supported. C++11 support will be removed in a future release. Define CUB_IGNORE_DEPRECATED_CPP_DIALECT to suppress this message.
  142 |      CUB_COMPILER_DEPRECATION_SOFT(C++14, C++11);
      |             ^~~~~~~~~~~~~~~~~~~~~~~~~~~~~~~~~~~~~                                                                                                                                                        
In file included from md_uniaxialcompression3_simple.cu:5:
/usr/local/cuda/bin/../targets/x86_64-linux/include/math_functions.h:54:2: warning: #warning "math_functions.h is an internal header file and must not be used directly.  This file will be removed in a future CUDA release.  Please use cuda_runtime_api.h or cuda_runtime.h instead." [-Wcpp]
   54 | #warning "math_functions.h is an internal header file and must not be used directly.  This file will be removed in a future CUDA release.  Please use cuda_runtime_api.h or cuda_runtime.h instead."
      |  ^~~~~~~
In file included from /usr/local/cuda/bin/../targets/x86_64-linux/include/thrust/detail/config/config.h:27,
                 from /usr/local/cuda/bin/../targets/x86_64-linux/include/thrust/detail/config.h:23,
                 from /usr/local/cuda/bin/../targets/x86_64-linux/include/thrust/count.h:24,
                 from md_uniaxialcompression3_simple.cu:11:
/usr/local/cuda/bin/../targets/x86_64-linux/include/thrust/detail/config/cpp_dialect.h:131:13: warning: Thrust requires at least C++14. C++11 is deprecated but still supported. C++11 support will be removed in a future release. Define THRUST_IGNORE_DEPRECATED_CPP_DIALECT to suppress this message.
  131 |      THRUST_COMPILER_DEPRECATION_SOFT(C++14, C++11);
      |             ^~~~~~~~~~~~~~~~~~~~~~~~~~~~~~~~~~~~~~~~                                                                                                                                                           
In file included from /usr/local/cuda/bin/../targets/x86_64-linux/include/cub/util_arch.cuh:36,
                 from /usr/local/cuda/bin/../targets/x86_64-linux/include/cub/util_debug.cuh:40,
                 from /usr/local/cuda/bin/../targets/x86_64-linux/include/thrust/system/cuda/config.h:43,
                 from /usr/local/cuda/bin/../targets/x86_64-linux/include/thrust/system/cuda/detail/execution_policy.h:35,
                 from /usr/local/cuda/bin/../targets/x86_64-linux/include/thrust/iterator/detail/device_system_tag.h:23,
                 from /usr/local/cuda/bin/../targets/x86_64-linux/include/thrust/iterator/iterator_traits.h:62,
                 from /usr/local/cuda/bin/../targets/x86_64-linux/include/thrust/count.h:26,
                 from md_uniaxialcompression3_simple.cu:11:
/usr/local/cuda/bin/../targets/x86_64-linux/include/cub/util_cpp_dialect.cuh:142:13: warning: CUB requires at least C++14. C++11 is deprecated but still supported. C++11 support will be removed in a future release. Define CUB_IGNORE_DEPRECATED_CPP_DIALECT to suppress this message.
  142 |      CUB_COMPILER_DEPRECATION_SOFT(C++14, C++11);
      |             ^~~~~~~~~~~~~~~~~~~~~~~~~~~~~~~~~~~~~                                                                                                                                                        
In file included from md_uniaxialcompression3_simple.cu:5:
/usr/local/cuda/bin/../targets/x86_64-linux/include/math_functions.h:54:2: warning: #warning "math_functions.h is an internal header file and must not be used directly.  This file will be removed in a future CUDA release.  Please use cuda_runtime_api.h or cuda_runtime.h instead." [-Wcpp]
   54 | #warning "math_functions.h is an internal header file and must not be used directly.  This file will be removed in a future CUDA release.  Please use cuda_runtime_api.h or cuda_runtime.h instead."
      |  ^~~~~~~
In file included from /usr/local/cuda/bin/../targets/x86_64-linux/include/thrust/detail/config/config.h:27,
                 from /usr/local/cuda/bin/../targets/x86_64-linux/include/thrust/detail/config.h:23,
                 from /usr/local/cuda/bin/../targets/x86_64-linux/include/thrust/count.h:24,
                 from md_uniaxialcompression3_simple.cu:11:
/usr/local/cuda/bin/../targets/x86_64-linux/include/thrust/detail/config/cpp_dialect.h:131:13: warning: Thrust requires at least C++14. C++11 is deprecated but still supported. C++11 support will be removed in a future release. Define THRUST_IGNORE_DEPRECATED_CPP_DIALECT to suppress this message.
  131 |      THRUST_COMPILER_DEPRECATION_SOFT(C++14, C++11);
      |             ^~~~~~~~~~~~~~~~~~~~~~~~~~~~~~~~~~~~~~~~                                                                                                                                                           
In file included from /usr/local/cuda/bin/../targets/x86_64-linux/include/cub/util_arch.cuh:36,
                 from /usr/local/cuda/bin/../targets/x86_64-linux/include/cub/util_debug.cuh:40,
                 from /usr/local/cuda/bin/../targets/x86_64-linux/include/thrust/system/cuda/config.h:43,
                 from /usr/local/cuda/bin/../targets/x86_64-linux/include/thrust/system/cuda/detail/execution_policy.h:35,
                 from /usr/local/cuda/bin/../targets/x86_64-linux/include/thrust/iterator/detail/device_system_tag.h:23,
                 from /usr/local/cuda/bin/../targets/x86_64-linux/include/thrust/iterator/iterator_traits.h:62,
                 from /usr/local/cuda/bin/../targets/x86_64-linux/include/thrust/count.h:26,
                 from md_uniaxialcompression3_simple.cu:11:
/usr/local/cuda/bin/../targets/x86_64-linux/include/cub/util_cpp_dialect.cuh:142:13: warning: CUB requires at least C++14. C++11 is deprecated but still supported. C++11 support will be removed in a future release. Define CUB_IGNORE_DEPRECATED_CPP_DIALECT to suppress this message.
  142 |      CUB_COMPILER_DEPRECATION_SOFT(C++14, C++11);
      |             ^~~~~~~~~~~~~~~~~~~~~~~~~~~~~~~~~~~~~                                                                                                                                                        
md_uniaxialcompression3_simple.cu(64): warning #177-D: variable "fz" was declared but never referenced

Remark: The warnings can be suppressed with "-diag-suppress <warning-number>"

md_uniaxialcompression3_simple.cu(64): warning #177-D: variable "fz" was declared but never referenced

Remark: The warnings can be suppressed with "-diag-suppress <warning-number>"

md_uniaxialcompression3_simple.cu(64): warning #177-D: variable "fz" was declared but never referenced

Remark: The warnings can be suppressed with "-diag-suppress <warning-number>"

md_uniaxialcompression3_simple.cu(64): warning #177-D: variable "fz" was declared but never referenced

Remark: The warnings can be suppressed with "-diag-suppress <warning-number>"

md_uniaxialcompression3_simple.cu(64): warning #177-D: variable "fz" was declared but never referenced

Remark: The warnings can be suppressed with "-diag-suppress <warning-number>"

md_uniaxialcompression3_simple.cu(64): warning #177-D: variable "fz" was declared but never referenced

Remark: The warnings can be suppressed with "-diag-suppress <warning-number>"

md_uniaxialcompression3_simple.cu(64): warning #177-D: variable "fz" was declared but never referenced

Remark: The warnings can be suppressed with "-diag-suppress <warning-number>"

md_uniaxialcompression3_simple.cu(64): warning #177-D: variable "fz" was declared but never referenced

Remark: The warnings can be suppressed with "-diag-suppress <warning-number>"

md_uniaxialcompression3_simple.cu(64): warning #177-D: variable "fz" was declared but never referenced

Remark: The warnings can be suppressed with "-diag-suppress <warning-number>"

/usr/local/cuda/bin/nvcc -ccbin g++ -I../../../Common  -m64    --threads 0 --std=c++11 -gencode arch=compute_50,code=sm_50 -gencode arch=compute_52,code=sm_52 -gencode arch=compute_60,code=sm_60 -gencode arch=compute_61,code=sm_61 -gencode arch=compute_70,code=sm_70 -gencode arch=compute_75,code=sm_75 -gencode arch=compute_80,code=sm_80 -gencode arch=compute_86,code=sm_86 -gencode arch=compute_90,code=sm_90 -gencode arch=compute_90,code=compute_90 -o md_boundinteractions_construct.o -c md_boundinteractions_construct.cu
In file included from md_boundinteractions_construct.cu:6:
/usr/local/cuda/bin/../targets/x86_64-linux/include/math_functions.h:54:2: warning: #warning "math_functions.h is an internal header file and must not be used directly.  This file will be removed in a future CUDA release.  Please use cuda_runtime_api.h or cuda_runtime.h instead." [-Wcpp]
   54 | #warning "math_functions.h is an internal header file and must not be used directly.  This file will be removed in a future CUDA release.  Please use cuda_runtime_api.h or cuda_runtime.h instead."
      |  ^~~~~~~
In file included from md_boundinteractions_construct.cu:6:
/usr/local/cuda/bin/../targets/x86_64-linux/include/math_functions.h:54:2: warning: #warning "math_functions.h is an internal header file and must not be used directly.  This file will be removed in a future CUDA release.  Please use cuda_runtime_api.h or cuda_runtime.h instead." [-Wcpp]
   54 | #warning "math_functions.h is an internal header file and must not be used directly.  This file will be removed in a future CUDA release.  Please use cuda_runtime_api.h or cuda_runtime.h instead."
      |  ^~~~~~~
In file included from md_boundinteractions_construct.cu:6:
/usr/local/cuda/bin/../targets/x86_64-linux/include/math_functions.h:54:2: warning: #warning "math_functions.h is an internal header file and must not be used directly.  This file will be removed in a future CUDA release.  Please use cuda_runtime_api.h or cuda_runtime.h instead." [-Wcpp]
   54 | #warning "math_functions.h is an internal header file and must not be used directly.  This file will be removed in a future CUDA release.  Please use cuda_runtime_api.h or cuda_runtime.h instead."
      |  ^~~~~~~
In file included from md_boundinteractions_construct.cu:6:
/usr/local/cuda/bin/../targets/x86_64-linux/include/math_functions.h:54:2: warning: #warning "math_functions.h is an internal header file and must not be used directly.  This file will be removed in a future CUDA release.  Please use cuda_runtime_api.h or cuda_runtime.h instead." [-Wcpp]
   54 | #warning "math_functions.h is an internal header file and must not be used directly.  This file will be removed in a future CUDA release.  Please use cuda_runtime_api.h or cuda_runtime.h instead."
      |  ^~~~~~~
In file included from md_boundinteractions_construct.cu:6:
/usr/local/cuda/bin/../targets/x86_64-linux/include/math_functions.h:54:2: warning: #warning "math_functions.h is an internal header file and must not be used directly.  This file will be removed in a future CUDA release.  Please use cuda_runtime_api.h or cuda_runtime.h instead." [-Wcpp]
   54 | #warning "math_functions.h is an internal header file and must not be used directly.  This file will be removed in a future CUDA release.  Please use cuda_runtime_api.h or cuda_runtime.h instead."
      |  ^~~~~~~
In file included from md_boundinteractions_construct.cu:6:
/usr/local/cuda/bin/../targets/x86_64-linux/include/math_functions.h:54:2: warning: #warning "math_functions.h is an internal header file and must not be used directly.  This file will be removed in a future CUDA release.  Please use cuda_runtime_api.h or cuda_runtime.h instead." [-Wcpp]
   54 | #warning "math_functions.h is an internal header file and must not be used directly.  This file will be removed in a future CUDA release.  Please use cuda_runtime_api.h or cuda_runtime.h instead."
      |  ^~~~~~~
In file included from md_boundinteractions_construct.cu:6:
/usr/local/cuda/bin/../targets/x86_64-linux/include/math_functions.h:54:2: warning: #warning "math_functions.h is an internal header file and must not be used directly.  This file will be removed in a future CUDA release.  Please use cuda_runtime_api.h or cuda_runtime.h instead." [-Wcpp]
   54 | #warning "math_functions.h is an internal header file and must not be used directly.  This file will be removed in a future CUDA release.  Please use cuda_runtime_api.h or cuda_runtime.h instead."
      |  ^~~~~~~
In file included from md_boundinteractions_construct.cu:6:
/usr/local/cuda/bin/../targets/x86_64-linux/include/math_functions.h:54:2: warning: #warning "math_functions.h is an internal header file and must not be used directly.  This file will be removed in a future CUDA release.  Please use cuda_runtime_api.h or cuda_runtime.h instead." [-Wcpp]
   54 | #warning "math_functions.h is an internal header file and must not be used directly.  This file will be removed in a future CUDA release.  Please use cuda_runtime_api.h or cuda_runtime.h instead."
      |  ^~~~~~~
In file included from md_boundinteractions_construct.cu:6:
/usr/local/cuda/bin/../targets/x86_64-linux/include/math_functions.h:54:2: warning: #warning "math_functions.h is an internal header file and must not be used directly.  This file will be removed in a future CUDA release.  Please use cuda_runtime_api.h or cuda_runtime.h instead." [-Wcpp]
   54 | #warning "math_functions.h is an internal header file and must not be used directly.  This file will be removed in a future CUDA release.  Please use cuda_runtime_api.h or cuda_runtime.h instead."
      |  ^~~~~~~
In file included from md_boundinteractions_construct.cu:6:
/usr/local/cuda/bin/../targets/x86_64-linux/include/math_functions.h:54:2: warning: #warning "math_functions.h is an internal header file and must not be used directly.  This file will be removed in a future CUDA release.  Please use cuda_runtime_api.h or cuda_runtime.h instead." [-Wcpp]
   54 | #warning "math_functions.h is an internal header file and must not be used directly.  This file will be removed in a future CUDA release.  Please use cuda_runtime_api.h or cuda_runtime.h instead."
      |  ^~~~~~~
/usr/local/cuda/bin/nvcc -ccbin g++ -I../../../Common  -m64    --threads 0 --std=c++11 -gencode arch=compute_50,code=sm_50 -gencode arch=compute_52,code=sm_52 -gencode arch=compute_60,code=sm_60 -gencode arch=compute_61,code=sm_61 -gencode arch=compute_70,code=sm_70 -gencode arch=compute_75,code=sm_75 -gencode arch=compute_80,code=sm_80 -gencode arch=compute_86,code=sm_86 -gencode arch=compute_90,code=sm_90 -gencode arch=compute_90,code=compute_90 -o md_parallelepipedrestriction.o -c md_parallelepipedrestriction.cu
In file included from md_parallelepipedrestriction.cu:5:
/usr/local/cuda/bin/../targets/x86_64-linux/include/math_functions.h:54:2: warning: #warning "math_functions.h is an internal header file and must not be used directly.  This file will be removed in a future CUDA release.  Please use cuda_runtime_api.h or cuda_runtime.h instead." [-Wcpp]
   54 | #warning "math_functions.h is an internal header file and must not be used directly.  This file will be removed in a future CUDA release.  Please use cuda_runtime_api.h or cuda_runtime.h instead."
      |  ^~~~~~~
In file included from /usr/local/cuda/bin/../targets/x86_64-linux/include/thrust/detail/config/config.h:27,
                 from /usr/local/cuda/bin/../targets/x86_64-linux/include/thrust/detail/config.h:23,
                 from /usr/local/cuda/bin/../targets/x86_64-linux/include/thrust/count.h:24,
                 from md_parallelepipedrestriction.cu:10:
/usr/local/cuda/bin/../targets/x86_64-linux/include/thrust/detail/config/cpp_dialect.h:131:13: warning: Thrust requires at least C++14. C++11 is deprecated but still supported. C++11 support will be removed in a future release. Define THRUST_IGNORE_DEPRECATED_CPP_DIALECT to suppress this message.
  131 |      THRUST_COMPILER_DEPRECATION_SOFT(C++14, C++11);
      |             ^~~~~~~~~~~~~~~~~~~~~~~~~~~~~~~~~~~~~~~~                                                                                                                                                           
In file included from /usr/local/cuda/bin/../targets/x86_64-linux/include/cub/util_arch.cuh:36,
                 from /usr/local/cuda/bin/../targets/x86_64-linux/include/cub/util_debug.cuh:40,
                 from /usr/local/cuda/bin/../targets/x86_64-linux/include/thrust/system/cuda/config.h:43,
                 from /usr/local/cuda/bin/../targets/x86_64-linux/include/thrust/system/cuda/detail/execution_policy.h:35,
                 from /usr/local/cuda/bin/../targets/x86_64-linux/include/thrust/iterator/detail/device_system_tag.h:23,
                 from /usr/local/cuda/bin/../targets/x86_64-linux/include/thrust/iterator/iterator_traits.h:62,
                 from /usr/local/cuda/bin/../targets/x86_64-linux/include/thrust/count.h:26,
                 from md_parallelepipedrestriction.cu:10:
/usr/local/cuda/bin/../targets/x86_64-linux/include/cub/util_cpp_dialect.cuh:142:13: warning: CUB requires at least C++14. C++11 is deprecated but still supported. C++11 support will be removed in a future release. Define CUB_IGNORE_DEPRECATED_CPP_DIALECT to suppress this message.
  142 |      CUB_COMPILER_DEPRECATION_SOFT(C++14, C++11);
      |             ^~~~~~~~~~~~~~~~~~~~~~~~~~~~~~~~~~~~~                                                                                                                                                        
In file included from md_parallelepipedrestriction.cu:5:
/usr/local/cuda/bin/../targets/x86_64-linux/include/math_functions.h:54:2: warning: #warning "math_functions.h is an internal header file and must not be used directly.  This file will be removed in a future CUDA release.  Please use cuda_runtime_api.h or cuda_runtime.h instead." [-Wcpp]
   54 | #warning "math_functions.h is an internal header file and must not be used directly.  This file will be removed in a future CUDA release.  Please use cuda_runtime_api.h or cuda_runtime.h instead."
      |  ^~~~~~~
In file included from /usr/local/cuda/bin/../targets/x86_64-linux/include/thrust/detail/config/config.h:27,
                 from /usr/local/cuda/bin/../targets/x86_64-linux/include/thrust/detail/config.h:23,
                 from /usr/local/cuda/bin/../targets/x86_64-linux/include/thrust/count.h:24,
                 from md_parallelepipedrestriction.cu:10:
/usr/local/cuda/bin/../targets/x86_64-linux/include/thrust/detail/config/cpp_dialect.h:131:13: warning: Thrust requires at least C++14. C++11 is deprecated but still supported. C++11 support will be removed in a future release. Define THRUST_IGNORE_DEPRECATED_CPP_DIALECT to suppress this message.
  131 |      THRUST_COMPILER_DEPRECATION_SOFT(C++14, C++11);
      |             ^~~~~~~~~~~~~~~~~~~~~~~~~~~~~~~~~~~~~~~~                                                                                                                                                           
In file included from /usr/local/cuda/bin/../targets/x86_64-linux/include/cub/util_arch.cuh:36,
                 from /usr/local/cuda/bin/../targets/x86_64-linux/include/cub/util_debug.cuh:40,
                 from /usr/local/cuda/bin/../targets/x86_64-linux/include/thrust/system/cuda/config.h:43,
                 from /usr/local/cuda/bin/../targets/x86_64-linux/include/thrust/system/cuda/detail/execution_policy.h:35,
                 from /usr/local/cuda/bin/../targets/x86_64-linux/include/thrust/iterator/detail/device_system_tag.h:23,
                 from /usr/local/cuda/bin/../targets/x86_64-linux/include/thrust/iterator/iterator_traits.h:62,
                 from /usr/local/cuda/bin/../targets/x86_64-linux/include/thrust/count.h:26,
                 from md_parallelepipedrestriction.cu:10:
/usr/local/cuda/bin/../targets/x86_64-linux/include/cub/util_cpp_dialect.cuh:142:13: warning: CUB requires at least C++14. C++11 is deprecated but still supported. C++11 support will be removed in a future release. Define CUB_IGNORE_DEPRECATED_CPP_DIALECT to suppress this message.
  142 |      CUB_COMPILER_DEPRECATION_SOFT(C++14, C++11);
      |             ^~~~~~~~~~~~~~~~~~~~~~~~~~~~~~~~~~~~~                                                                                                                                                        
In file included from md_parallelepipedrestriction.cu:5:
/usr/local/cuda/bin/../targets/x86_64-linux/include/math_functions.h:54:2: warning: #warning "math_functions.h is an internal header file and must not be used directly.  This file will be removed in a future CUDA release.  Please use cuda_runtime_api.h or cuda_runtime.h instead." [-Wcpp]
   54 | #warning "math_functions.h is an internal header file and must not be used directly.  This file will be removed in a future CUDA release.  Please use cuda_runtime_api.h or cuda_runtime.h instead."
      |  ^~~~~~~
In file included from /usr/local/cuda/bin/../targets/x86_64-linux/include/thrust/detail/config/config.h:27,
                 from /usr/local/cuda/bin/../targets/x86_64-linux/include/thrust/detail/config.h:23,
                 from /usr/local/cuda/bin/../targets/x86_64-linux/include/thrust/count.h:24,
                 from md_parallelepipedrestriction.cu:10:
/usr/local/cuda/bin/../targets/x86_64-linux/include/thrust/detail/config/cpp_dialect.h:131:13: warning: Thrust requires at least C++14. C++11 is deprecated but still supported. C++11 support will be removed in a future release. Define THRUST_IGNORE_DEPRECATED_CPP_DIALECT to suppress this message.
  131 |      THRUST_COMPILER_DEPRECATION_SOFT(C++14, C++11);
      |             ^~~~~~~~~~~~~~~~~~~~~~~~~~~~~~~~~~~~~~~~                                                                                                                                                           
In file included from /usr/local/cuda/bin/../targets/x86_64-linux/include/cub/util_arch.cuh:36,
                 from /usr/local/cuda/bin/../targets/x86_64-linux/include/cub/util_debug.cuh:40,
                 from /usr/local/cuda/bin/../targets/x86_64-linux/include/thrust/system/cuda/config.h:43,
                 from /usr/local/cuda/bin/../targets/x86_64-linux/include/thrust/system/cuda/detail/execution_policy.h:35,
                 from /usr/local/cuda/bin/../targets/x86_64-linux/include/thrust/iterator/detail/device_system_tag.h:23,
                 from /usr/local/cuda/bin/../targets/x86_64-linux/include/thrust/iterator/iterator_traits.h:62,
                 from /usr/local/cuda/bin/../targets/x86_64-linux/include/thrust/count.h:26,
                 from md_parallelepipedrestriction.cu:10:
/usr/local/cuda/bin/../targets/x86_64-linux/include/cub/util_cpp_dialect.cuh:142:13: warning: CUB requires at least C++14. C++11 is deprecated but still supported. C++11 support will be removed in a future release. Define CUB_IGNORE_DEPRECATED_CPP_DIALECT to suppress this message.
  142 |      CUB_COMPILER_DEPRECATION_SOFT(C++14, C++11);
      |             ^~~~~~~~~~~~~~~~~~~~~~~~~~~~~~~~~~~~~                                                                                                                                                        
In file included from md_parallelepipedrestriction.cu:5:
/usr/local/cuda/bin/../targets/x86_64-linux/include/math_functions.h:54:2: warning: #warning "math_functions.h is an internal header file and must not be used directly.  This file will be removed in a future CUDA release.  Please use cuda_runtime_api.h or cuda_runtime.h instead." [-Wcpp]
   54 | #warning "math_functions.h is an internal header file and must not be used directly.  This file will be removed in a future CUDA release.  Please use cuda_runtime_api.h or cuda_runtime.h instead."
      |  ^~~~~~~
In file included from /usr/local/cuda/bin/../targets/x86_64-linux/include/thrust/detail/config/config.h:27,
                 from /usr/local/cuda/bin/../targets/x86_64-linux/include/thrust/detail/config.h:23,
                 from /usr/local/cuda/bin/../targets/x86_64-linux/include/thrust/count.h:24,
                 from md_parallelepipedrestriction.cu:10:
/usr/local/cuda/bin/../targets/x86_64-linux/include/thrust/detail/config/cpp_dialect.h:131:13: warning: Thrust requires at least C++14. C++11 is deprecated but still supported. C++11 support will be removed in a future release. Define THRUST_IGNORE_DEPRECATED_CPP_DIALECT to suppress this message.
  131 |      THRUST_COMPILER_DEPRECATION_SOFT(C++14, C++11);
      |             ^~~~~~~~~~~~~~~~~~~~~~~~~~~~~~~~~~~~~~~~                                                                                                                                                           
In file included from /usr/local/cuda/bin/../targets/x86_64-linux/include/cub/util_arch.cuh:36,
                 from /usr/local/cuda/bin/../targets/x86_64-linux/include/cub/util_debug.cuh:40,
                 from /usr/local/cuda/bin/../targets/x86_64-linux/include/thrust/system/cuda/config.h:43,
                 from /usr/local/cuda/bin/../targets/x86_64-linux/include/thrust/system/cuda/detail/execution_policy.h:35,
                 from /usr/local/cuda/bin/../targets/x86_64-linux/include/thrust/iterator/detail/device_system_tag.h:23,
                 from /usr/local/cuda/bin/../targets/x86_64-linux/include/thrust/iterator/iterator_traits.h:62,
                 from /usr/local/cuda/bin/../targets/x86_64-linux/include/thrust/count.h:26,
                 from md_parallelepipedrestriction.cu:10:
/usr/local/cuda/bin/../targets/x86_64-linux/include/cub/util_cpp_dialect.cuh:142:13: warning: CUB requires at least C++14. C++11 is deprecated but still supported. C++11 support will be removed in a future release. Define CUB_IGNORE_DEPRECATED_CPP_DIALECT to suppress this message.
  142 |      CUB_COMPILER_DEPRECATION_SOFT(C++14, C++11);
      |             ^~~~~~~~~~~~~~~~~~~~~~~~~~~~~~~~~~~~~                                                                                                                                                        
In file included from md_parallelepipedrestriction.cu:5:
/usr/local/cuda/bin/../targets/x86_64-linux/include/math_functions.h:54:2: warning: #warning "math_functions.h is an internal header file and must not be used directly.  This file will be removed in a future CUDA release.  Please use cuda_runtime_api.h or cuda_runtime.h instead." [-Wcpp]
   54 | #warning "math_functions.h is an internal header file and must not be used directly.  This file will be removed in a future CUDA release.  Please use cuda_runtime_api.h or cuda_runtime.h instead."
      |  ^~~~~~~
In file included from /usr/local/cuda/bin/../targets/x86_64-linux/include/thrust/detail/config/config.h:27,
                 from /usr/local/cuda/bin/../targets/x86_64-linux/include/thrust/detail/config.h:23,
                 from /usr/local/cuda/bin/../targets/x86_64-linux/include/thrust/count.h:24,
                 from md_parallelepipedrestriction.cu:10:
/usr/local/cuda/bin/../targets/x86_64-linux/include/thrust/detail/config/cpp_dialect.h:131:13: warning: Thrust requires at least C++14. C++11 is deprecated but still supported. C++11 support will be removed in a future release. Define THRUST_IGNORE_DEPRECATED_CPP_DIALECT to suppress this message.
  131 |      THRUST_COMPILER_DEPRECATION_SOFT(C++14, C++11);
      |             ^~~~~~~~~~~~~~~~~~~~~~~~~~~~~~~~~~~~~~~~                                                                                                                                                           
In file included from /usr/local/cuda/bin/../targets/x86_64-linux/include/cub/util_arch.cuh:36,
                 from /usr/local/cuda/bin/../targets/x86_64-linux/include/cub/util_debug.cuh:40,
                 from /usr/local/cuda/bin/../targets/x86_64-linux/include/thrust/system/cuda/config.h:43,
                 from /usr/local/cuda/bin/../targets/x86_64-linux/include/thrust/system/cuda/detail/execution_policy.h:35,
                 from /usr/local/cuda/bin/../targets/x86_64-linux/include/thrust/iterator/detail/device_system_tag.h:23,
                 from /usr/local/cuda/bin/../targets/x86_64-linux/include/thrust/iterator/iterator_traits.h:62,
                 from /usr/local/cuda/bin/../targets/x86_64-linux/include/thrust/count.h:26,
                 from md_parallelepipedrestriction.cu:10:
/usr/local/cuda/bin/../targets/x86_64-linux/include/cub/util_cpp_dialect.cuh:142:13: warning: CUB requires at least C++14. C++11 is deprecated but still supported. C++11 support will be removed in a future release. Define CUB_IGNORE_DEPRECATED_CPP_DIALECT to suppress this message.
  142 |      CUB_COMPILER_DEPRECATION_SOFT(C++14, C++11);
      |             ^~~~~~~~~~~~~~~~~~~~~~~~~~~~~~~~~~~~~                                                                                                                                                        
In file included from md_parallelepipedrestriction.cu:5:
/usr/local/cuda/bin/../targets/x86_64-linux/include/math_functions.h:54:2: warning: #warning "math_functions.h is an internal header file and must not be used directly.  This file will be removed in a future CUDA release.  Please use cuda_runtime_api.h or cuda_runtime.h instead." [-Wcpp]
   54 | #warning "math_functions.h is an internal header file and must not be used directly.  This file will be removed in a future CUDA release.  Please use cuda_runtime_api.h or cuda_runtime.h instead."
      |  ^~~~~~~
In file included from /usr/local/cuda/bin/../targets/x86_64-linux/include/thrust/detail/config/config.h:27,
                 from /usr/local/cuda/bin/../targets/x86_64-linux/include/thrust/detail/config.h:23,
                 from /usr/local/cuda/bin/../targets/x86_64-linux/include/thrust/count.h:24,
                 from md_parallelepipedrestriction.cu:10:
/usr/local/cuda/bin/../targets/x86_64-linux/include/thrust/detail/config/cpp_dialect.h:131:13: warning: Thrust requires at least C++14. C++11 is deprecated but still supported. C++11 support will be removed in a future release. Define THRUST_IGNORE_DEPRECATED_CPP_DIALECT to suppress this message.
  131 |      THRUST_COMPILER_DEPRECATION_SOFT(C++14, C++11);
      |             ^~~~~~~~~~~~~~~~~~~~~~~~~~~~~~~~~~~~~~~~                                                                                                                                                           
In file included from /usr/local/cuda/bin/../targets/x86_64-linux/include/cub/util_arch.cuh:36,
                 from /usr/local/cuda/bin/../targets/x86_64-linux/include/cub/util_debug.cuh:40,
                 from /usr/local/cuda/bin/../targets/x86_64-linux/include/thrust/system/cuda/config.h:43,
                 from /usr/local/cuda/bin/../targets/x86_64-linux/include/thrust/system/cuda/detail/execution_policy.h:35,
                 from /usr/local/cuda/bin/../targets/x86_64-linux/include/thrust/iterator/detail/device_system_tag.h:23,
                 from /usr/local/cuda/bin/../targets/x86_64-linux/include/thrust/iterator/iterator_traits.h:62,
                 from /usr/local/cuda/bin/../targets/x86_64-linux/include/thrust/count.h:26,
                 from md_parallelepipedrestriction.cu:10:
/usr/local/cuda/bin/../targets/x86_64-linux/include/cub/util_cpp_dialect.cuh:142:13: warning: CUB requires at least C++14. C++11 is deprecated but still supported. C++11 support will be removed in a future release. Define CUB_IGNORE_DEPRECATED_CPP_DIALECT to suppress this message.
  142 |      CUB_COMPILER_DEPRECATION_SOFT(C++14, C++11);
      |             ^~~~~~~~~~~~~~~~~~~~~~~~~~~~~~~~~~~~~                                                                                                                                                        
In file included from md_parallelepipedrestriction.cu:5:
/usr/local/cuda/bin/../targets/x86_64-linux/include/math_functions.h:54:2: warning: #warning "math_functions.h is an internal header file and must not be used directly.  This file will be removed in a future CUDA release.  Please use cuda_runtime_api.h or cuda_runtime.h instead." [-Wcpp]
   54 | #warning "math_functions.h is an internal header file and must not be used directly.  This file will be removed in a future CUDA release.  Please use cuda_runtime_api.h or cuda_runtime.h instead."
      |  ^~~~~~~
In file included from /usr/local/cuda/bin/../targets/x86_64-linux/include/thrust/detail/config/config.h:27,
                 from /usr/local/cuda/bin/../targets/x86_64-linux/include/thrust/detail/config.h:23,
                 from /usr/local/cuda/bin/../targets/x86_64-linux/include/thrust/count.h:24,
                 from md_parallelepipedrestriction.cu:10:
/usr/local/cuda/bin/../targets/x86_64-linux/include/thrust/detail/config/cpp_dialect.h:131:13: warning: Thrust requires at least C++14. C++11 is deprecated but still supported. C++11 support will be removed in a future release. Define THRUST_IGNORE_DEPRECATED_CPP_DIALECT to suppress this message.
  131 |      THRUST_COMPILER_DEPRECATION_SOFT(C++14, C++11);
      |             ^~~~~~~~~~~~~~~~~~~~~~~~~~~~~~~~~~~~~~~~                                                                                                                                                           
In file included from /usr/local/cuda/bin/../targets/x86_64-linux/include/cub/util_arch.cuh:36,
                 from /usr/local/cuda/bin/../targets/x86_64-linux/include/cub/util_debug.cuh:40,
                 from /usr/local/cuda/bin/../targets/x86_64-linux/include/thrust/system/cuda/config.h:43,
                 from /usr/local/cuda/bin/../targets/x86_64-linux/include/thrust/system/cuda/detail/execution_policy.h:35,
                 from /usr/local/cuda/bin/../targets/x86_64-linux/include/thrust/iterator/detail/device_system_tag.h:23,
                 from /usr/local/cuda/bin/../targets/x86_64-linux/include/thrust/iterator/iterator_traits.h:62,
                 from /usr/local/cuda/bin/../targets/x86_64-linux/include/thrust/count.h:26,
                 from md_parallelepipedrestriction.cu:10:
/usr/local/cuda/bin/../targets/x86_64-linux/include/cub/util_cpp_dialect.cuh:142:13: warning: CUB requires at least C++14. C++11 is deprecated but still supported. C++11 support will be removed in a future release. Define CUB_IGNORE_DEPRECATED_CPP_DIALECT to suppress this message.
  142 |      CUB_COMPILER_DEPRECATION_SOFT(C++14, C++11);
      |             ^~~~~~~~~~~~~~~~~~~~~~~~~~~~~~~~~~~~~                                                                                                                                                        
In file included from md_parallelepipedrestriction.cu:5:
/usr/local/cuda/bin/../targets/x86_64-linux/include/math_functions.h:54:2: warning: #warning "math_functions.h is an internal header file and must not be used directly.  This file will be removed in a future CUDA release.  Please use cuda_runtime_api.h or cuda_runtime.h instead." [-Wcpp]
   54 | #warning "math_functions.h is an internal header file and must not be used directly.  This file will be removed in a future CUDA release.  Please use cuda_runtime_api.h or cuda_runtime.h instead."
      |  ^~~~~~~
In file included from /usr/local/cuda/bin/../targets/x86_64-linux/include/thrust/detail/config/config.h:27,
                 from /usr/local/cuda/bin/../targets/x86_64-linux/include/thrust/detail/config.h:23,
                 from /usr/local/cuda/bin/../targets/x86_64-linux/include/thrust/count.h:24,
                 from md_parallelepipedrestriction.cu:10:
/usr/local/cuda/bin/../targets/x86_64-linux/include/thrust/detail/config/cpp_dialect.h:131:13: warning: Thrust requires at least C++14. C++11 is deprecated but still supported. C++11 support will be removed in a future release. Define THRUST_IGNORE_DEPRECATED_CPP_DIALECT to suppress this message.
  131 |      THRUST_COMPILER_DEPRECATION_SOFT(C++14, C++11);
      |             ^~~~~~~~~~~~~~~~~~~~~~~~~~~~~~~~~~~~~~~~                                                                                                                                                           
In file included from /usr/local/cuda/bin/../targets/x86_64-linux/include/cub/util_arch.cuh:36,
                 from /usr/local/cuda/bin/../targets/x86_64-linux/include/cub/util_debug.cuh:40,
                 from /usr/local/cuda/bin/../targets/x86_64-linux/include/thrust/system/cuda/config.h:43,
                 from /usr/local/cuda/bin/../targets/x86_64-linux/include/thrust/system/cuda/detail/execution_policy.h:35,
                 from /usr/local/cuda/bin/../targets/x86_64-linux/include/thrust/iterator/detail/device_system_tag.h:23,
                 from /usr/local/cuda/bin/../targets/x86_64-linux/include/thrust/iterator/iterator_traits.h:62,
                 from /usr/local/cuda/bin/../targets/x86_64-linux/include/thrust/count.h:26,
                 from md_parallelepipedrestriction.cu:10:
/usr/local/cuda/bin/../targets/x86_64-linux/include/cub/util_cpp_dialect.cuh:142:13: warning: CUB requires at least C++14. C++11 is deprecated but still supported. C++11 support will be removed in a future release. Define CUB_IGNORE_DEPRECATED_CPP_DIALECT to suppress this message.
  142 |      CUB_COMPILER_DEPRECATION_SOFT(C++14, C++11);
      |             ^~~~~~~~~~~~~~~~~~~~~~~~~~~~~~~~~~~~~                                                                                                                                                        
In file included from md_parallelepipedrestriction.cu:5:
/usr/local/cuda/bin/../targets/x86_64-linux/include/math_functions.h:54:2: warning: #warning "math_functions.h is an internal header file and must not be used directly.  This file will be removed in a future CUDA release.  Please use cuda_runtime_api.h or cuda_runtime.h instead." [-Wcpp]
   54 | #warning "math_functions.h is an internal header file and must not be used directly.  This file will be removed in a future CUDA release.  Please use cuda_runtime_api.h or cuda_runtime.h instead."
      |  ^~~~~~~
In file included from /usr/local/cuda/bin/../targets/x86_64-linux/include/thrust/detail/config/config.h:27,
                 from /usr/local/cuda/bin/../targets/x86_64-linux/include/thrust/detail/config.h:23,
                 from /usr/local/cuda/bin/../targets/x86_64-linux/include/thrust/count.h:24,
                 from md_parallelepipedrestriction.cu:10:
/usr/local/cuda/bin/../targets/x86_64-linux/include/thrust/detail/config/cpp_dialect.h:131:13: warning: Thrust requires at least C++14. C++11 is deprecated but still supported. C++11 support will be removed in a future release. Define THRUST_IGNORE_DEPRECATED_CPP_DIALECT to suppress this message.
  131 |      THRUST_COMPILER_DEPRECATION_SOFT(C++14, C++11);
      |             ^~~~~~~~~~~~~~~~~~~~~~~~~~~~~~~~~~~~~~~~                                                                                                                                                           
In file included from /usr/local/cuda/bin/../targets/x86_64-linux/include/cub/util_arch.cuh:36,
                 from /usr/local/cuda/bin/../targets/x86_64-linux/include/cub/util_debug.cuh:40,
                 from /usr/local/cuda/bin/../targets/x86_64-linux/include/thrust/system/cuda/config.h:43,
                 from /usr/local/cuda/bin/../targets/x86_64-linux/include/thrust/system/cuda/detail/execution_policy.h:35,
                 from /usr/local/cuda/bin/../targets/x86_64-linux/include/thrust/iterator/detail/device_system_tag.h:23,
                 from /usr/local/cuda/bin/../targets/x86_64-linux/include/thrust/iterator/iterator_traits.h:62,
                 from /usr/local/cuda/bin/../targets/x86_64-linux/include/thrust/count.h:26,
                 from md_parallelepipedrestriction.cu:10:
/usr/local/cuda/bin/../targets/x86_64-linux/include/cub/util_cpp_dialect.cuh:142:13: warning: CUB requires at least C++14. C++11 is deprecated but still supported. C++11 support will be removed in a future release. Define CUB_IGNORE_DEPRECATED_CPP_DIALECT to suppress this message.
  142 |      CUB_COMPILER_DEPRECATION_SOFT(C++14, C++11);
      |             ^~~~~~~~~~~~~~~~~~~~~~~~~~~~~~~~~~~~~                                                                                                                                                        
In file included from md_parallelepipedrestriction.cu:5:
/usr/local/cuda/bin/../targets/x86_64-linux/include/math_functions.h:54:2: warning: #warning "math_functions.h is an internal header file and must not be used directly.  This file will be removed in a future CUDA release.  Please use cuda_runtime_api.h or cuda_runtime.h instead." [-Wcpp]
   54 | #warning "math_functions.h is an internal header file and must not be used directly.  This file will be removed in a future CUDA release.  Please use cuda_runtime_api.h or cuda_runtime.h instead."
      |  ^~~~~~~
In file included from /usr/local/cuda/bin/../targets/x86_64-linux/include/thrust/detail/config/config.h:27,
                 from /usr/local/cuda/bin/../targets/x86_64-linux/include/thrust/detail/config.h:23,
                 from /usr/local/cuda/bin/../targets/x86_64-linux/include/thrust/count.h:24,
                 from md_parallelepipedrestriction.cu:10:
/usr/local/cuda/bin/../targets/x86_64-linux/include/thrust/detail/config/cpp_dialect.h:131:13: warning: Thrust requires at least C++14. C++11 is deprecated but still supported. C++11 support will be removed in a future release. Define THRUST_IGNORE_DEPRECATED_CPP_DIALECT to suppress this message.
  131 |      THRUST_COMPILER_DEPRECATION_SOFT(C++14, C++11);
      |             ^~~~~~~~~~~~~~~~~~~~~~~~~~~~~~~~~~~~~~~~                                                                                                                                                           
In file included from /usr/local/cuda/bin/../targets/x86_64-linux/include/cub/util_arch.cuh:36,
                 from /usr/local/cuda/bin/../targets/x86_64-linux/include/cub/util_debug.cuh:40,
                 from /usr/local/cuda/bin/../targets/x86_64-linux/include/thrust/system/cuda/config.h:43,
                 from /usr/local/cuda/bin/../targets/x86_64-linux/include/thrust/system/cuda/detail/execution_policy.h:35,
                 from /usr/local/cuda/bin/../targets/x86_64-linux/include/thrust/iterator/detail/device_system_tag.h:23,
                 from /usr/local/cuda/bin/../targets/x86_64-linux/include/thrust/iterator/iterator_traits.h:62,
                 from /usr/local/cuda/bin/../targets/x86_64-linux/include/thrust/count.h:26,
                 from md_parallelepipedrestriction.cu:10:
/usr/local/cuda/bin/../targets/x86_64-linux/include/cub/util_cpp_dialect.cuh:142:13: warning: CUB requires at least C++14. C++11 is deprecated but still supported. C++11 support will be removed in a future release. Define CUB_IGNORE_DEPRECATED_CPP_DIALECT to suppress this message.
  142 |      CUB_COMPILER_DEPRECATION_SOFT(C++14, C++11);
      |             ^~~~~~~~~~~~~~~~~~~~~~~~~~~~~~~~~~~~~                                                                                                                                                        
md_parallelepipedrestriction.cu(79): warning #177-D: variable "shift" was declared but never referenced

Remark: The warnings can be suppressed with "-diag-suppress <warning-number>"

md_parallelepipedrestriction.cu(79): warning #177-D: variable "shift" was declared but never referenced

Remark: The warnings can be suppressed with "-diag-suppress <warning-number>"

md_parallelepipedrestriction.cu(79): warning #177-D: variable "shift" was declared but never referenced

Remark: The warnings can be suppressed with "-diag-suppress <warning-number>"

md_parallelepipedrestriction.cu(79): warning #177-D: variable "shift" was declared but never referenced

Remark: The warnings can be suppressed with "-diag-suppress <warning-number>"

md_parallelepipedrestriction.cu(79): warning #177-D: variable "shift" was declared but never referenced

Remark: The warnings can be suppressed with "-diag-suppress <warning-number>"

md_parallelepipedrestriction.cu(79): warning #177-D: variable "shift" was declared but never referenced

Remark: The warnings can be suppressed with "-diag-suppress <warning-number>"

md_parallelepipedrestriction.cu(79): warning #177-D: variable "shift" was declared but never referenced

Remark: The warnings can be suppressed with "-diag-suppress <warning-number>"

md_parallelepipedrestriction.cu(79): warning #177-D: variable "shift" was declared but never referenced

Remark: The warnings can be suppressed with "-diag-suppress <warning-number>"

md_parallelepipedrestriction.cu(79): warning #177-D: variable "shift" was declared but never referenced

Remark: The warnings can be suppressed with "-diag-suppress <warning-number>"

/usr/local/cuda/bin/nvcc -ccbin g++ -I../../../Common  -m64    --threads 0 --std=c++11 -gencode arch=compute_50,code=sm_50 -gencode arch=compute_52,code=sm_52 -gencode arch=compute_60,code=sm_60 -gencode arch=compute_61,code=sm_61 -gencode arch=compute_70,code=sm_70 -gencode arch=compute_75,code=sm_75 -gencode arch=compute_80,code=sm_80 -gencode arch=compute_86,code=sm_86 -gencode arch=compute_90,code=sm_90 -gencode arch=compute_90,code=compute_90 -o md_braziltest_simple.o -c md_braziltest_simple.cu
In file included from md_braziltest_simple.cu:5:
/usr/local/cuda/bin/../targets/x86_64-linux/include/math_functions.h:54:2: warning: #warning "math_functions.h is an internal header file and must not be used directly.  This file will be removed in a future CUDA release.  Please use cuda_runtime_api.h or cuda_runtime.h instead." [-Wcpp]
   54 | #warning "math_functions.h is an internal header file and must not be used directly.  This file will be removed in a future CUDA release.  Please use cuda_runtime_api.h or cuda_runtime.h instead."
      |  ^~~~~~~
In file included from /usr/local/cuda/bin/../targets/x86_64-linux/include/thrust/detail/config/config.h:27,
                 from /usr/local/cuda/bin/../targets/x86_64-linux/include/thrust/detail/config.h:23,
                 from /usr/local/cuda/bin/../targets/x86_64-linux/include/thrust/count.h:24,
                 from md_braziltest_simple.cu:11:
/usr/local/cuda/bin/../targets/x86_64-linux/include/thrust/detail/config/cpp_dialect.h:131:13: warning: Thrust requires at least C++14. C++11 is deprecated but still supported. C++11 support will be removed in a future release. Define THRUST_IGNORE_DEPRECATED_CPP_DIALECT to suppress this message.
  131 |      THRUST_COMPILER_DEPRECATION_SOFT(C++14, C++11);
      |             ^~~~~~~~~~~~~~~~~~~~~~~~~~~~~~~~~~~~~~~~                                                                                                                                                           
In file included from /usr/local/cuda/bin/../targets/x86_64-linux/include/cub/util_arch.cuh:36,
                 from /usr/local/cuda/bin/../targets/x86_64-linux/include/cub/util_debug.cuh:40,
                 from /usr/local/cuda/bin/../targets/x86_64-linux/include/thrust/system/cuda/config.h:43,
                 from /usr/local/cuda/bin/../targets/x86_64-linux/include/thrust/system/cuda/detail/execution_policy.h:35,
                 from /usr/local/cuda/bin/../targets/x86_64-linux/include/thrust/iterator/detail/device_system_tag.h:23,
                 from /usr/local/cuda/bin/../targets/x86_64-linux/include/thrust/iterator/iterator_traits.h:62,
                 from /usr/local/cuda/bin/../targets/x86_64-linux/include/thrust/count.h:26,
                 from md_braziltest_simple.cu:11:
/usr/local/cuda/bin/../targets/x86_64-linux/include/cub/util_cpp_dialect.cuh:142:13: warning: CUB requires at least C++14. C++11 is deprecated but still supported. C++11 support will be removed in a future release. Define CUB_IGNORE_DEPRECATED_CPP_DIALECT to suppress this message.
  142 |      CUB_COMPILER_DEPRECATION_SOFT(C++14, C++11);
      |             ^~~~~~~~~~~~~~~~~~~~~~~~~~~~~~~~~~~~~                                                                                                                                                        
In file included from md_braziltest_simple.cu:5:
/usr/local/cuda/bin/../targets/x86_64-linux/include/math_functions.h:54:2: warning: #warning "math_functions.h is an internal header file and must not be used directly.  This file will be removed in a future CUDA release.  Please use cuda_runtime_api.h or cuda_runtime.h instead." [-Wcpp]
   54 | #warning "math_functions.h is an internal header file and must not be used directly.  This file will be removed in a future CUDA release.  Please use cuda_runtime_api.h or cuda_runtime.h instead."
      |  ^~~~~~~
In file included from /usr/local/cuda/bin/../targets/x86_64-linux/include/thrust/detail/config/config.h:27,
                 from /usr/local/cuda/bin/../targets/x86_64-linux/include/thrust/detail/config.h:23,
                 from /usr/local/cuda/bin/../targets/x86_64-linux/include/thrust/count.h:24,
                 from md_braziltest_simple.cu:11:
/usr/local/cuda/bin/../targets/x86_64-linux/include/thrust/detail/config/cpp_dialect.h:131:13: warning: Thrust requires at least C++14. C++11 is deprecated but still supported. C++11 support will be removed in a future release. Define THRUST_IGNORE_DEPRECATED_CPP_DIALECT to suppress this message.
  131 |      THRUST_COMPILER_DEPRECATION_SOFT(C++14, C++11);
      |             ^~~~~~~~~~~~~~~~~~~~~~~~~~~~~~~~~~~~~~~~                                                                                                                                                           
In file included from /usr/local/cuda/bin/../targets/x86_64-linux/include/cub/util_arch.cuh:36,
                 from /usr/local/cuda/bin/../targets/x86_64-linux/include/cub/util_debug.cuh:40,
                 from /usr/local/cuda/bin/../targets/x86_64-linux/include/thrust/system/cuda/config.h:43,
                 from /usr/local/cuda/bin/../targets/x86_64-linux/include/thrust/system/cuda/detail/execution_policy.h:35,
                 from /usr/local/cuda/bin/../targets/x86_64-linux/include/thrust/iterator/detail/device_system_tag.h:23,
                 from /usr/local/cuda/bin/../targets/x86_64-linux/include/thrust/iterator/iterator_traits.h:62,
                 from /usr/local/cuda/bin/../targets/x86_64-linux/include/thrust/count.h:26,
                 from md_braziltest_simple.cu:11:
/usr/local/cuda/bin/../targets/x86_64-linux/include/cub/util_cpp_dialect.cuh:142:13: warning: CUB requires at least C++14. C++11 is deprecated but still supported. C++11 support will be removed in a future release. Define CUB_IGNORE_DEPRECATED_CPP_DIALECT to suppress this message.
  142 |      CUB_COMPILER_DEPRECATION_SOFT(C++14, C++11);
      |             ^~~~~~~~~~~~~~~~~~~~~~~~~~~~~~~~~~~~~                                                                                                                                                        
In file included from md_braziltest_simple.cu:5:
/usr/local/cuda/bin/../targets/x86_64-linux/include/math_functions.h:54:2: warning: #warning "math_functions.h is an internal header file and must not be used directly.  This file will be removed in a future CUDA release.  Please use cuda_runtime_api.h or cuda_runtime.h instead." [-Wcpp]
   54 | #warning "math_functions.h is an internal header file and must not be used directly.  This file will be removed in a future CUDA release.  Please use cuda_runtime_api.h or cuda_runtime.h instead."
      |  ^~~~~~~
In file included from /usr/local/cuda/bin/../targets/x86_64-linux/include/thrust/detail/config/config.h:27,
                 from /usr/local/cuda/bin/../targets/x86_64-linux/include/thrust/detail/config.h:23,
                 from /usr/local/cuda/bin/../targets/x86_64-linux/include/thrust/count.h:24,
                 from md_braziltest_simple.cu:11:
/usr/local/cuda/bin/../targets/x86_64-linux/include/thrust/detail/config/cpp_dialect.h:131:13: warning: Thrust requires at least C++14. C++11 is deprecated but still supported. C++11 support will be removed in a future release. Define THRUST_IGNORE_DEPRECATED_CPP_DIALECT to suppress this message.
  131 |      THRUST_COMPILER_DEPRECATION_SOFT(C++14, C++11);
      |             ^~~~~~~~~~~~~~~~~~~~~~~~~~~~~~~~~~~~~~~~                                                                                                                                                           
In file included from /usr/local/cuda/bin/../targets/x86_64-linux/include/cub/util_arch.cuh:36,
                 from /usr/local/cuda/bin/../targets/x86_64-linux/include/cub/util_debug.cuh:40,
                 from /usr/local/cuda/bin/../targets/x86_64-linux/include/thrust/system/cuda/config.h:43,
                 from /usr/local/cuda/bin/../targets/x86_64-linux/include/thrust/system/cuda/detail/execution_policy.h:35,
                 from /usr/local/cuda/bin/../targets/x86_64-linux/include/thrust/iterator/detail/device_system_tag.h:23,
                 from /usr/local/cuda/bin/../targets/x86_64-linux/include/thrust/iterator/iterator_traits.h:62,
                 from /usr/local/cuda/bin/../targets/x86_64-linux/include/thrust/count.h:26,
                 from md_braziltest_simple.cu:11:
/usr/local/cuda/bin/../targets/x86_64-linux/include/cub/util_cpp_dialect.cuh:142:13: warning: CUB requires at least C++14. C++11 is deprecated but still supported. C++11 support will be removed in a future release. Define CUB_IGNORE_DEPRECATED_CPP_DIALECT to suppress this message.
  142 |      CUB_COMPILER_DEPRECATION_SOFT(C++14, C++11);
      |             ^~~~~~~~~~~~~~~~~~~~~~~~~~~~~~~~~~~~~                                                                                                                                                        
In file included from md_braziltest_simple.cu:5:
/usr/local/cuda/bin/../targets/x86_64-linux/include/math_functions.h:54:2: warning: #warning "math_functions.h is an internal header file and must not be used directly.  This file will be removed in a future CUDA release.  Please use cuda_runtime_api.h or cuda_runtime.h instead." [-Wcpp]
   54 | #warning "math_functions.h is an internal header file and must not be used directly.  This file will be removed in a future CUDA release.  Please use cuda_runtime_api.h or cuda_runtime.h instead."
      |  ^~~~~~~
In file included from /usr/local/cuda/bin/../targets/x86_64-linux/include/thrust/detail/config/config.h:27,
                 from /usr/local/cuda/bin/../targets/x86_64-linux/include/thrust/detail/config.h:23,
                 from /usr/local/cuda/bin/../targets/x86_64-linux/include/thrust/count.h:24,
                 from md_braziltest_simple.cu:11:
/usr/local/cuda/bin/../targets/x86_64-linux/include/thrust/detail/config/cpp_dialect.h:131:13: warning: Thrust requires at least C++14. C++11 is deprecated but still supported. C++11 support will be removed in a future release. Define THRUST_IGNORE_DEPRECATED_CPP_DIALECT to suppress this message.
  131 |      THRUST_COMPILER_DEPRECATION_SOFT(C++14, C++11);
      |             ^~~~~~~~~~~~~~~~~~~~~~~~~~~~~~~~~~~~~~~~                                                                                                                                                           
In file included from /usr/local/cuda/bin/../targets/x86_64-linux/include/cub/util_arch.cuh:36,
                 from /usr/local/cuda/bin/../targets/x86_64-linux/include/cub/util_debug.cuh:40,
                 from /usr/local/cuda/bin/../targets/x86_64-linux/include/thrust/system/cuda/config.h:43,
                 from /usr/local/cuda/bin/../targets/x86_64-linux/include/thrust/system/cuda/detail/execution_policy.h:35,
                 from /usr/local/cuda/bin/../targets/x86_64-linux/include/thrust/iterator/detail/device_system_tag.h:23,
                 from /usr/local/cuda/bin/../targets/x86_64-linux/include/thrust/iterator/iterator_traits.h:62,
                 from /usr/local/cuda/bin/../targets/x86_64-linux/include/thrust/count.h:26,
                 from md_braziltest_simple.cu:11:
/usr/local/cuda/bin/../targets/x86_64-linux/include/cub/util_cpp_dialect.cuh:142:13: warning: CUB requires at least C++14. C++11 is deprecated but still supported. C++11 support will be removed in a future release. Define CUB_IGNORE_DEPRECATED_CPP_DIALECT to suppress this message.
  142 |      CUB_COMPILER_DEPRECATION_SOFT(C++14, C++11);
      |             ^~~~~~~~~~~~~~~~~~~~~~~~~~~~~~~~~~~~~                                                                                                                                                        
In file included from md_braziltest_simple.cu:5:
/usr/local/cuda/bin/../targets/x86_64-linux/include/math_functions.h:54:2: warning: #warning "math_functions.h is an internal header file and must not be used directly.  This file will be removed in a future CUDA release.  Please use cuda_runtime_api.h or cuda_runtime.h instead." [-Wcpp]
   54 | #warning "math_functions.h is an internal header file and must not be used directly.  This file will be removed in a future CUDA release.  Please use cuda_runtime_api.h or cuda_runtime.h instead."
      |  ^~~~~~~
In file included from /usr/local/cuda/bin/../targets/x86_64-linux/include/thrust/detail/config/config.h:27,
                 from /usr/local/cuda/bin/../targets/x86_64-linux/include/thrust/detail/config.h:23,
                 from /usr/local/cuda/bin/../targets/x86_64-linux/include/thrust/count.h:24,
                 from md_braziltest_simple.cu:11:
/usr/local/cuda/bin/../targets/x86_64-linux/include/thrust/detail/config/cpp_dialect.h:131:13: warning: Thrust requires at least C++14. C++11 is deprecated but still supported. C++11 support will be removed in a future release. Define THRUST_IGNORE_DEPRECATED_CPP_DIALECT to suppress this message.
  131 |      THRUST_COMPILER_DEPRECATION_SOFT(C++14, C++11);
      |             ^~~~~~~~~~~~~~~~~~~~~~~~~~~~~~~~~~~~~~~~                                                                                                                                                           
In file included from /usr/local/cuda/bin/../targets/x86_64-linux/include/cub/util_arch.cuh:36,
                 from /usr/local/cuda/bin/../targets/x86_64-linux/include/cub/util_debug.cuh:40,
                 from /usr/local/cuda/bin/../targets/x86_64-linux/include/thrust/system/cuda/config.h:43,
                 from /usr/local/cuda/bin/../targets/x86_64-linux/include/thrust/system/cuda/detail/execution_policy.h:35,
                 from /usr/local/cuda/bin/../targets/x86_64-linux/include/thrust/iterator/detail/device_system_tag.h:23,
                 from /usr/local/cuda/bin/../targets/x86_64-linux/include/thrust/iterator/iterator_traits.h:62,
                 from /usr/local/cuda/bin/../targets/x86_64-linux/include/thrust/count.h:26,
                 from md_braziltest_simple.cu:11:
/usr/local/cuda/bin/../targets/x86_64-linux/include/cub/util_cpp_dialect.cuh:142:13: warning: CUB requires at least C++14. C++11 is deprecated but still supported. C++11 support will be removed in a future release. Define CUB_IGNORE_DEPRECATED_CPP_DIALECT to suppress this message.
  142 |      CUB_COMPILER_DEPRECATION_SOFT(C++14, C++11);
      |             ^~~~~~~~~~~~~~~~~~~~~~~~~~~~~~~~~~~~~                                                                                                                                                        
In file included from md_braziltest_simple.cu:5:
/usr/local/cuda/bin/../targets/x86_64-linux/include/math_functions.h:54:2: warning: #warning "math_functions.h is an internal header file and must not be used directly.  This file will be removed in a future CUDA release.  Please use cuda_runtime_api.h or cuda_runtime.h instead." [-Wcpp]
   54 | #warning "math_functions.h is an internal header file and must not be used directly.  This file will be removed in a future CUDA release.  Please use cuda_runtime_api.h or cuda_runtime.h instead."
      |  ^~~~~~~
In file included from /usr/local/cuda/bin/../targets/x86_64-linux/include/thrust/detail/config/config.h:27,
                 from /usr/local/cuda/bin/../targets/x86_64-linux/include/thrust/detail/config.h:23,
                 from /usr/local/cuda/bin/../targets/x86_64-linux/include/thrust/count.h:24,
                 from md_braziltest_simple.cu:11:
/usr/local/cuda/bin/../targets/x86_64-linux/include/thrust/detail/config/cpp_dialect.h:131:13: warning: Thrust requires at least C++14. C++11 is deprecated but still supported. C++11 support will be removed in a future release. Define THRUST_IGNORE_DEPRECATED_CPP_DIALECT to suppress this message.
  131 |      THRUST_COMPILER_DEPRECATION_SOFT(C++14, C++11);
      |             ^~~~~~~~~~~~~~~~~~~~~~~~~~~~~~~~~~~~~~~~                                                                                                                                                           
In file included from /usr/local/cuda/bin/../targets/x86_64-linux/include/cub/util_arch.cuh:36,
                 from /usr/local/cuda/bin/../targets/x86_64-linux/include/cub/util_debug.cuh:40,
                 from /usr/local/cuda/bin/../targets/x86_64-linux/include/thrust/system/cuda/config.h:43,
                 from /usr/local/cuda/bin/../targets/x86_64-linux/include/thrust/system/cuda/detail/execution_policy.h:35,
                 from /usr/local/cuda/bin/../targets/x86_64-linux/include/thrust/iterator/detail/device_system_tag.h:23,
                 from /usr/local/cuda/bin/../targets/x86_64-linux/include/thrust/iterator/iterator_traits.h:62,
                 from /usr/local/cuda/bin/../targets/x86_64-linux/include/thrust/count.h:26,
                 from md_braziltest_simple.cu:11:
/usr/local/cuda/bin/../targets/x86_64-linux/include/cub/util_cpp_dialect.cuh:142:13: warning: CUB requires at least C++14. C++11 is deprecated but still supported. C++11 support will be removed in a future release. Define CUB_IGNORE_DEPRECATED_CPP_DIALECT to suppress this message.
  142 |      CUB_COMPILER_DEPRECATION_SOFT(C++14, C++11);
      |             ^~~~~~~~~~~~~~~~~~~~~~~~~~~~~~~~~~~~~                                                                                                                                                        
In file included from md_braziltest_simple.cu:5:
/usr/local/cuda/bin/../targets/x86_64-linux/include/math_functions.h:54:2: warning: #warning "math_functions.h is an internal header file and must not be used directly.  This file will be removed in a future CUDA release.  Please use cuda_runtime_api.h or cuda_runtime.h instead." [-Wcpp]
   54 | #warning "math_functions.h is an internal header file and must not be used directly.  This file will be removed in a future CUDA release.  Please use cuda_runtime_api.h or cuda_runtime.h instead."
      |  ^~~~~~~
In file included from /usr/local/cuda/bin/../targets/x86_64-linux/include/thrust/detail/config/config.h:27,
                 from /usr/local/cuda/bin/../targets/x86_64-linux/include/thrust/detail/config.h:23,
                 from /usr/local/cuda/bin/../targets/x86_64-linux/include/thrust/count.h:24,
                 from md_braziltest_simple.cu:11:
/usr/local/cuda/bin/../targets/x86_64-linux/include/thrust/detail/config/cpp_dialect.h:131:13: warning: Thrust requires at least C++14. C++11 is deprecated but still supported. C++11 support will be removed in a future release. Define THRUST_IGNORE_DEPRECATED_CPP_DIALECT to suppress this message.
  131 |      THRUST_COMPILER_DEPRECATION_SOFT(C++14, C++11);
      |             ^~~~~~~~~~~~~~~~~~~~~~~~~~~~~~~~~~~~~~~~                                                                                                                                                           
In file included from /usr/local/cuda/bin/../targets/x86_64-linux/include/cub/util_arch.cuh:36,
                 from /usr/local/cuda/bin/../targets/x86_64-linux/include/cub/util_debug.cuh:40,
                 from /usr/local/cuda/bin/../targets/x86_64-linux/include/thrust/system/cuda/config.h:43,
                 from /usr/local/cuda/bin/../targets/x86_64-linux/include/thrust/system/cuda/detail/execution_policy.h:35,
                 from /usr/local/cuda/bin/../targets/x86_64-linux/include/thrust/iterator/detail/device_system_tag.h:23,
                 from /usr/local/cuda/bin/../targets/x86_64-linux/include/thrust/iterator/iterator_traits.h:62,
                 from /usr/local/cuda/bin/../targets/x86_64-linux/include/thrust/count.h:26,
                 from md_braziltest_simple.cu:11:
/usr/local/cuda/bin/../targets/x86_64-linux/include/cub/util_cpp_dialect.cuh:142:13: warning: CUB requires at least C++14. C++11 is deprecated but still supported. C++11 support will be removed in a future release. Define CUB_IGNORE_DEPRECATED_CPP_DIALECT to suppress this message.
  142 |      CUB_COMPILER_DEPRECATION_SOFT(C++14, C++11);
      |             ^~~~~~~~~~~~~~~~~~~~~~~~~~~~~~~~~~~~~                                                                                                                                                        
In file included from md_braziltest_simple.cu:5:
/usr/local/cuda/bin/../targets/x86_64-linux/include/math_functions.h:54:2: warning: #warning "math_functions.h is an internal header file and must not be used directly.  This file will be removed in a future CUDA release.  Please use cuda_runtime_api.h or cuda_runtime.h instead." [-Wcpp]
   54 | #warning "math_functions.h is an internal header file and must not be used directly.  This file will be removed in a future CUDA release.  Please use cuda_runtime_api.h or cuda_runtime.h instead."
      |  ^~~~~~~
In file included from /usr/local/cuda/bin/../targets/x86_64-linux/include/thrust/detail/config/config.h:27,
                 from /usr/local/cuda/bin/../targets/x86_64-linux/include/thrust/detail/config.h:23,
                 from /usr/local/cuda/bin/../targets/x86_64-linux/include/thrust/count.h:24,
                 from md_braziltest_simple.cu:11:
/usr/local/cuda/bin/../targets/x86_64-linux/include/thrust/detail/config/cpp_dialect.h:131:13: warning: Thrust requires at least C++14. C++11 is deprecated but still supported. C++11 support will be removed in a future release. Define THRUST_IGNORE_DEPRECATED_CPP_DIALECT to suppress this message.
  131 |      THRUST_COMPILER_DEPRECATION_SOFT(C++14, C++11);
      |             ^~~~~~~~~~~~~~~~~~~~~~~~~~~~~~~~~~~~~~~~                                                                                                                                                           
In file included from /usr/local/cuda/bin/../targets/x86_64-linux/include/cub/util_arch.cuh:36,
                 from /usr/local/cuda/bin/../targets/x86_64-linux/include/cub/util_debug.cuh:40,
                 from /usr/local/cuda/bin/../targets/x86_64-linux/include/thrust/system/cuda/config.h:43,
                 from /usr/local/cuda/bin/../targets/x86_64-linux/include/thrust/system/cuda/detail/execution_policy.h:35,
                 from /usr/local/cuda/bin/../targets/x86_64-linux/include/thrust/iterator/detail/device_system_tag.h:23,
                 from /usr/local/cuda/bin/../targets/x86_64-linux/include/thrust/iterator/iterator_traits.h:62,
                 from /usr/local/cuda/bin/../targets/x86_64-linux/include/thrust/count.h:26,
                 from md_braziltest_simple.cu:11:
/usr/local/cuda/bin/../targets/x86_64-linux/include/cub/util_cpp_dialect.cuh:142:13: warning: CUB requires at least C++14. C++11 is deprecated but still supported. C++11 support will be removed in a future release. Define CUB_IGNORE_DEPRECATED_CPP_DIALECT to suppress this message.
  142 |      CUB_COMPILER_DEPRECATION_SOFT(C++14, C++11);
      |             ^~~~~~~~~~~~~~~~~~~~~~~~~~~~~~~~~~~~~                                                                                                                                                        
In file included from md_braziltest_simple.cu:5:
/usr/local/cuda/bin/../targets/x86_64-linux/include/math_functions.h:54:2: warning: #warning "math_functions.h is an internal header file and must not be used directly.  This file will be removed in a future CUDA release.  Please use cuda_runtime_api.h or cuda_runtime.h instead." [-Wcpp]
   54 | #warning "math_functions.h is an internal header file and must not be used directly.  This file will be removed in a future CUDA release.  Please use cuda_runtime_api.h or cuda_runtime.h instead."
      |  ^~~~~~~
In file included from /usr/local/cuda/bin/../targets/x86_64-linux/include/thrust/detail/config/config.h:27,
                 from /usr/local/cuda/bin/../targets/x86_64-linux/include/thrust/detail/config.h:23,
                 from /usr/local/cuda/bin/../targets/x86_64-linux/include/thrust/count.h:24,
                 from md_braziltest_simple.cu:11:
/usr/local/cuda/bin/../targets/x86_64-linux/include/thrust/detail/config/cpp_dialect.h:131:13: warning: Thrust requires at least C++14. C++11 is deprecated but still supported. C++11 support will be removed in a future release. Define THRUST_IGNORE_DEPRECATED_CPP_DIALECT to suppress this message.
  131 |      THRUST_COMPILER_DEPRECATION_SOFT(C++14, C++11);
      |             ^~~~~~~~~~~~~~~~~~~~~~~~~~~~~~~~~~~~~~~~                                                                                                                                                           
In file included from /usr/local/cuda/bin/../targets/x86_64-linux/include/cub/util_arch.cuh:36,
                 from /usr/local/cuda/bin/../targets/x86_64-linux/include/cub/util_debug.cuh:40,
                 from /usr/local/cuda/bin/../targets/x86_64-linux/include/thrust/system/cuda/config.h:43,
                 from /usr/local/cuda/bin/../targets/x86_64-linux/include/thrust/system/cuda/detail/execution_policy.h:35,
                 from /usr/local/cuda/bin/../targets/x86_64-linux/include/thrust/iterator/detail/device_system_tag.h:23,
                 from /usr/local/cuda/bin/../targets/x86_64-linux/include/thrust/iterator/iterator_traits.h:62,
                 from /usr/local/cuda/bin/../targets/x86_64-linux/include/thrust/count.h:26,
                 from md_braziltest_simple.cu:11:
/usr/local/cuda/bin/../targets/x86_64-linux/include/cub/util_cpp_dialect.cuh:142:13: warning: CUB requires at least C++14. C++11 is deprecated but still supported. C++11 support will be removed in a future release. Define CUB_IGNORE_DEPRECATED_CPP_DIALECT to suppress this message.
  142 |      CUB_COMPILER_DEPRECATION_SOFT(C++14, C++11);
      |             ^~~~~~~~~~~~~~~~~~~~~~~~~~~~~~~~~~~~~                                                                                                                                                        
In file included from md_braziltest_simple.cu:5:
/usr/local/cuda/bin/../targets/x86_64-linux/include/math_functions.h:54:2: warning: #warning "math_functions.h is an internal header file and must not be used directly.  This file will be removed in a future CUDA release.  Please use cuda_runtime_api.h or cuda_runtime.h instead." [-Wcpp]
   54 | #warning "math_functions.h is an internal header file and must not be used directly.  This file will be removed in a future CUDA release.  Please use cuda_runtime_api.h or cuda_runtime.h instead."
      |  ^~~~~~~
In file included from /usr/local/cuda/bin/../targets/x86_64-linux/include/thrust/detail/config/config.h:27,
                 from /usr/local/cuda/bin/../targets/x86_64-linux/include/thrust/detail/config.h:23,
                 from /usr/local/cuda/bin/../targets/x86_64-linux/include/thrust/count.h:24,
                 from md_braziltest_simple.cu:11:
/usr/local/cuda/bin/../targets/x86_64-linux/include/thrust/detail/config/cpp_dialect.h:131:13: warning: Thrust requires at least C++14. C++11 is deprecated but still supported. C++11 support will be removed in a future release. Define THRUST_IGNORE_DEPRECATED_CPP_DIALECT to suppress this message.
  131 |      THRUST_COMPILER_DEPRECATION_SOFT(C++14, C++11);
      |             ^~~~~~~~~~~~~~~~~~~~~~~~~~~~~~~~~~~~~~~~                                                                                                                                                           
In file included from /usr/local/cuda/bin/../targets/x86_64-linux/include/cub/util_arch.cuh:36,
                 from /usr/local/cuda/bin/../targets/x86_64-linux/include/cub/util_debug.cuh:40,
                 from /usr/local/cuda/bin/../targets/x86_64-linux/include/thrust/system/cuda/config.h:43,
                 from /usr/local/cuda/bin/../targets/x86_64-linux/include/thrust/system/cuda/detail/execution_policy.h:35,
                 from /usr/local/cuda/bin/../targets/x86_64-linux/include/thrust/iterator/detail/device_system_tag.h:23,
                 from /usr/local/cuda/bin/../targets/x86_64-linux/include/thrust/iterator/iterator_traits.h:62,
                 from /usr/local/cuda/bin/../targets/x86_64-linux/include/thrust/count.h:26,
                 from md_braziltest_simple.cu:11:
/usr/local/cuda/bin/../targets/x86_64-linux/include/cub/util_cpp_dialect.cuh:142:13: warning: CUB requires at least C++14. C++11 is deprecated but still supported. C++11 support will be removed in a future release. Define CUB_IGNORE_DEPRECATED_CPP_DIALECT to suppress this message.
  142 |      CUB_COMPILER_DEPRECATION_SOFT(C++14, C++11);
      |             ^~~~~~~~~~~~~~~~~~~~~~~~~~~~~~~~~~~~~                                                                                                                                                        
/usr/local/cuda/bin/nvcc -ccbin g++ -I../../../Common  -m64    --threads 0 --std=c++11 -gencode arch=compute_50,code=sm_50 -gencode arch=compute_52,code=sm_52 -gencode arch=compute_60,code=sm_60 -gencode arch=compute_61,code=sm_61 -gencode arch=compute_70,code=sm_70 -gencode arch=compute_75,code=sm_75 -gencode arch=compute_80,code=sm_80 -gencode arch=compute_86,code=sm_86 -gencode arch=compute_90,code=sm_90 -gencode arch=compute_90,code=compute_90 -o md_braziltest_simple2.o -c md_braziltest_simple2.cu
In file included from md_braziltest_simple2.cu:5:
/usr/local/cuda/bin/../targets/x86_64-linux/include/math_functions.h:54:2: warning: #warning "math_functions.h is an internal header file and must not be used directly.  This file will be removed in a future CUDA release.  Please use cuda_runtime_api.h or cuda_runtime.h instead." [-Wcpp]
   54 | #warning "math_functions.h is an internal header file and must not be used directly.  This file will be removed in a future CUDA release.  Please use cuda_runtime_api.h or cuda_runtime.h instead."
      |  ^~~~~~~
In file included from /usr/local/cuda/bin/../targets/x86_64-linux/include/thrust/detail/config/config.h:27,
                 from /usr/local/cuda/bin/../targets/x86_64-linux/include/thrust/detail/config.h:23,
                 from /usr/local/cuda/bin/../targets/x86_64-linux/include/thrust/count.h:24,
                 from md_braziltest_simple2.cu:11:
/usr/local/cuda/bin/../targets/x86_64-linux/include/thrust/detail/config/cpp_dialect.h:131:13: warning: Thrust requires at least C++14. C++11 is deprecated but still supported. C++11 support will be removed in a future release. Define THRUST_IGNORE_DEPRECATED_CPP_DIALECT to suppress this message.
  131 |      THRUST_COMPILER_DEPRECATION_SOFT(C++14, C++11);
      |             ^~~~~~~~~~~~~~~~~~~~~~~~~~~~~~~~~~~~~~~~                                                                                                                                                           
In file included from /usr/local/cuda/bin/../targets/x86_64-linux/include/cub/util_arch.cuh:36,
                 from /usr/local/cuda/bin/../targets/x86_64-linux/include/cub/util_debug.cuh:40,
                 from /usr/local/cuda/bin/../targets/x86_64-linux/include/thrust/system/cuda/config.h:43,
                 from /usr/local/cuda/bin/../targets/x86_64-linux/include/thrust/system/cuda/detail/execution_policy.h:35,
                 from /usr/local/cuda/bin/../targets/x86_64-linux/include/thrust/iterator/detail/device_system_tag.h:23,
                 from /usr/local/cuda/bin/../targets/x86_64-linux/include/thrust/iterator/iterator_traits.h:62,
                 from /usr/local/cuda/bin/../targets/x86_64-linux/include/thrust/count.h:26,
                 from md_braziltest_simple2.cu:11:
/usr/local/cuda/bin/../targets/x86_64-linux/include/cub/util_cpp_dialect.cuh:142:13: warning: CUB requires at least C++14. C++11 is deprecated but still supported. C++11 support will be removed in a future release. Define CUB_IGNORE_DEPRECATED_CPP_DIALECT to suppress this message.
  142 |      CUB_COMPILER_DEPRECATION_SOFT(C++14, C++11);
      |             ^~~~~~~~~~~~~~~~~~~~~~~~~~~~~~~~~~~~~                                                                                                                                                        
In file included from md_braziltest_simple2.cu:5:
/usr/local/cuda/bin/../targets/x86_64-linux/include/math_functions.h:54:2: warning: #warning "math_functions.h is an internal header file and must not be used directly.  This file will be removed in a future CUDA release.  Please use cuda_runtime_api.h or cuda_runtime.h instead." [-Wcpp]
   54 | #warning "math_functions.h is an internal header file and must not be used directly.  This file will be removed in a future CUDA release.  Please use cuda_runtime_api.h or cuda_runtime.h instead."
      |  ^~~~~~~
In file included from /usr/local/cuda/bin/../targets/x86_64-linux/include/thrust/detail/config/config.h:27,
                 from /usr/local/cuda/bin/../targets/x86_64-linux/include/thrust/detail/config.h:23,
                 from /usr/local/cuda/bin/../targets/x86_64-linux/include/thrust/count.h:24,
                 from md_braziltest_simple2.cu:11:
/usr/local/cuda/bin/../targets/x86_64-linux/include/thrust/detail/config/cpp_dialect.h:131:13: warning: Thrust requires at least C++14. C++11 is deprecated but still supported. C++11 support will be removed in a future release. Define THRUST_IGNORE_DEPRECATED_CPP_DIALECT to suppress this message.
  131 |      THRUST_COMPILER_DEPRECATION_SOFT(C++14, C++11);
      |             ^~~~~~~~~~~~~~~~~~~~~~~~~~~~~~~~~~~~~~~~                                                                                                                                                           
In file included from /usr/local/cuda/bin/../targets/x86_64-linux/include/cub/util_arch.cuh:36,
                 from /usr/local/cuda/bin/../targets/x86_64-linux/include/cub/util_debug.cuh:40,
                 from /usr/local/cuda/bin/../targets/x86_64-linux/include/thrust/system/cuda/config.h:43,
                 from /usr/local/cuda/bin/../targets/x86_64-linux/include/thrust/system/cuda/detail/execution_policy.h:35,
                 from /usr/local/cuda/bin/../targets/x86_64-linux/include/thrust/iterator/detail/device_system_tag.h:23,
                 from /usr/local/cuda/bin/../targets/x86_64-linux/include/thrust/iterator/iterator_traits.h:62,
                 from /usr/local/cuda/bin/../targets/x86_64-linux/include/thrust/count.h:26,
                 from md_braziltest_simple2.cu:11:
/usr/local/cuda/bin/../targets/x86_64-linux/include/cub/util_cpp_dialect.cuh:142:13: warning: CUB requires at least C++14. C++11 is deprecated but still supported. C++11 support will be removed in a future release. Define CUB_IGNORE_DEPRECATED_CPP_DIALECT to suppress this message.
  142 |      CUB_COMPILER_DEPRECATION_SOFT(C++14, C++11);
      |             ^~~~~~~~~~~~~~~~~~~~~~~~~~~~~~~~~~~~~                                                                                                                                                        
In file included from md_braziltest_simple2.cu:5:
/usr/local/cuda/bin/../targets/x86_64-linux/include/math_functions.h:54:2: warning: #warning "math_functions.h is an internal header file and must not be used directly.  This file will be removed in a future CUDA release.  Please use cuda_runtime_api.h or cuda_runtime.h instead." [-Wcpp]
   54 | #warning "math_functions.h is an internal header file and must not be used directly.  This file will be removed in a future CUDA release.  Please use cuda_runtime_api.h or cuda_runtime.h instead."
      |  ^~~~~~~
In file included from /usr/local/cuda/bin/../targets/x86_64-linux/include/thrust/detail/config/config.h:27,
                 from /usr/local/cuda/bin/../targets/x86_64-linux/include/thrust/detail/config.h:23,
                 from /usr/local/cuda/bin/../targets/x86_64-linux/include/thrust/count.h:24,
                 from md_braziltest_simple2.cu:11:
/usr/local/cuda/bin/../targets/x86_64-linux/include/thrust/detail/config/cpp_dialect.h:131:13: warning: Thrust requires at least C++14. C++11 is deprecated but still supported. C++11 support will be removed in a future release. Define THRUST_IGNORE_DEPRECATED_CPP_DIALECT to suppress this message.
  131 |      THRUST_COMPILER_DEPRECATION_SOFT(C++14, C++11);
      |             ^~~~~~~~~~~~~~~~~~~~~~~~~~~~~~~~~~~~~~~~                                                                                                                                                           
In file included from /usr/local/cuda/bin/../targets/x86_64-linux/include/cub/util_arch.cuh:36,
                 from /usr/local/cuda/bin/../targets/x86_64-linux/include/cub/util_debug.cuh:40,
                 from /usr/local/cuda/bin/../targets/x86_64-linux/include/thrust/system/cuda/config.h:43,
                 from /usr/local/cuda/bin/../targets/x86_64-linux/include/thrust/system/cuda/detail/execution_policy.h:35,
                 from /usr/local/cuda/bin/../targets/x86_64-linux/include/thrust/iterator/detail/device_system_tag.h:23,
                 from /usr/local/cuda/bin/../targets/x86_64-linux/include/thrust/iterator/iterator_traits.h:62,
                 from /usr/local/cuda/bin/../targets/x86_64-linux/include/thrust/count.h:26,
                 from md_braziltest_simple2.cu:11:
/usr/local/cuda/bin/../targets/x86_64-linux/include/cub/util_cpp_dialect.cuh:142:13: warning: CUB requires at least C++14. C++11 is deprecated but still supported. C++11 support will be removed in a future release. Define CUB_IGNORE_DEPRECATED_CPP_DIALECT to suppress this message.
  142 |      CUB_COMPILER_DEPRECATION_SOFT(C++14, C++11);
      |             ^~~~~~~~~~~~~~~~~~~~~~~~~~~~~~~~~~~~~                                                                                                                                                        
In file included from md_braziltest_simple2.cu:5:
/usr/local/cuda/bin/../targets/x86_64-linux/include/math_functions.h:54:2: warning: #warning "math_functions.h is an internal header file and must not be used directly.  This file will be removed in a future CUDA release.  Please use cuda_runtime_api.h or cuda_runtime.h instead." [-Wcpp]
   54 | #warning "math_functions.h is an internal header file and must not be used directly.  This file will be removed in a future CUDA release.  Please use cuda_runtime_api.h or cuda_runtime.h instead."
      |  ^~~~~~~
In file included from /usr/local/cuda/bin/../targets/x86_64-linux/include/thrust/detail/config/config.h:27,
                 from /usr/local/cuda/bin/../targets/x86_64-linux/include/thrust/detail/config.h:23,
                 from /usr/local/cuda/bin/../targets/x86_64-linux/include/thrust/count.h:24,
                 from md_braziltest_simple2.cu:11:
/usr/local/cuda/bin/../targets/x86_64-linux/include/thrust/detail/config/cpp_dialect.h:131:13: warning: Thrust requires at least C++14. C++11 is deprecated but still supported. C++11 support will be removed in a future release. Define THRUST_IGNORE_DEPRECATED_CPP_DIALECT to suppress this message.
  131 |      THRUST_COMPILER_DEPRECATION_SOFT(C++14, C++11);
      |             ^~~~~~~~~~~~~~~~~~~~~~~~~~~~~~~~~~~~~~~~                                                                                                                                                           
In file included from /usr/local/cuda/bin/../targets/x86_64-linux/include/cub/util_arch.cuh:36,
                 from /usr/local/cuda/bin/../targets/x86_64-linux/include/cub/util_debug.cuh:40,
                 from /usr/local/cuda/bin/../targets/x86_64-linux/include/thrust/system/cuda/config.h:43,
                 from /usr/local/cuda/bin/../targets/x86_64-linux/include/thrust/system/cuda/detail/execution_policy.h:35,
                 from /usr/local/cuda/bin/../targets/x86_64-linux/include/thrust/iterator/detail/device_system_tag.h:23,
                 from /usr/local/cuda/bin/../targets/x86_64-linux/include/thrust/iterator/iterator_traits.h:62,
                 from /usr/local/cuda/bin/../targets/x86_64-linux/include/thrust/count.h:26,
                 from md_braziltest_simple2.cu:11:
/usr/local/cuda/bin/../targets/x86_64-linux/include/cub/util_cpp_dialect.cuh:142:13: warning: CUB requires at least C++14. C++11 is deprecated but still supported. C++11 support will be removed in a future release. Define CUB_IGNORE_DEPRECATED_CPP_DIALECT to suppress this message.
  142 |      CUB_COMPILER_DEPRECATION_SOFT(C++14, C++11);
      |             ^~~~~~~~~~~~~~~~~~~~~~~~~~~~~~~~~~~~~                                                                                                                                                        
In file included from md_braziltest_simple2.cu:5:
/usr/local/cuda/bin/../targets/x86_64-linux/include/math_functions.h:54:2: warning: #warning "math_functions.h is an internal header file and must not be used directly.  This file will be removed in a future CUDA release.  Please use cuda_runtime_api.h or cuda_runtime.h instead." [-Wcpp]
   54 | #warning "math_functions.h is an internal header file and must not be used directly.  This file will be removed in a future CUDA release.  Please use cuda_runtime_api.h or cuda_runtime.h instead."
      |  ^~~~~~~
In file included from /usr/local/cuda/bin/../targets/x86_64-linux/include/thrust/detail/config/config.h:27,
                 from /usr/local/cuda/bin/../targets/x86_64-linux/include/thrust/detail/config.h:23,
                 from /usr/local/cuda/bin/../targets/x86_64-linux/include/thrust/count.h:24,
                 from md_braziltest_simple2.cu:11:
/usr/local/cuda/bin/../targets/x86_64-linux/include/thrust/detail/config/cpp_dialect.h:131:13: warning: Thrust requires at least C++14. C++11 is deprecated but still supported. C++11 support will be removed in a future release. Define THRUST_IGNORE_DEPRECATED_CPP_DIALECT to suppress this message.
  131 |      THRUST_COMPILER_DEPRECATION_SOFT(C++14, C++11);
      |             ^~~~~~~~~~~~~~~~~~~~~~~~~~~~~~~~~~~~~~~~                                                                                                                                                           
In file included from /usr/local/cuda/bin/../targets/x86_64-linux/include/cub/util_arch.cuh:36,
                 from /usr/local/cuda/bin/../targets/x86_64-linux/include/cub/util_debug.cuh:40,
                 from /usr/local/cuda/bin/../targets/x86_64-linux/include/thrust/system/cuda/config.h:43,
                 from /usr/local/cuda/bin/../targets/x86_64-linux/include/thrust/system/cuda/detail/execution_policy.h:35,
                 from /usr/local/cuda/bin/../targets/x86_64-linux/include/thrust/iterator/detail/device_system_tag.h:23,
                 from /usr/local/cuda/bin/../targets/x86_64-linux/include/thrust/iterator/iterator_traits.h:62,
                 from /usr/local/cuda/bin/../targets/x86_64-linux/include/thrust/count.h:26,
                 from md_braziltest_simple2.cu:11:
/usr/local/cuda/bin/../targets/x86_64-linux/include/cub/util_cpp_dialect.cuh:142:13: warning: CUB requires at least C++14. C++11 is deprecated but still supported. C++11 support will be removed in a future release. Define CUB_IGNORE_DEPRECATED_CPP_DIALECT to suppress this message.
  142 |      CUB_COMPILER_DEPRECATION_SOFT(C++14, C++11);
      |             ^~~~~~~~~~~~~~~~~~~~~~~~~~~~~~~~~~~~~                                                                                                                                                        
In file included from md_braziltest_simple2.cu:5:
/usr/local/cuda/bin/../targets/x86_64-linux/include/math_functions.h:54:2: warning: #warning "math_functions.h is an internal header file and must not be used directly.  This file will be removed in a future CUDA release.  Please use cuda_runtime_api.h or cuda_runtime.h instead." [-Wcpp]
   54 | #warning "math_functions.h is an internal header file and must not be used directly.  This file will be removed in a future CUDA release.  Please use cuda_runtime_api.h or cuda_runtime.h instead."
      |  ^~~~~~~
In file included from /usr/local/cuda/bin/../targets/x86_64-linux/include/thrust/detail/config/config.h:27,
                 from /usr/local/cuda/bin/../targets/x86_64-linux/include/thrust/detail/config.h:23,
                 from /usr/local/cuda/bin/../targets/x86_64-linux/include/thrust/count.h:24,
                 from md_braziltest_simple2.cu:11:
/usr/local/cuda/bin/../targets/x86_64-linux/include/thrust/detail/config/cpp_dialect.h:131:13: warning: Thrust requires at least C++14. C++11 is deprecated but still supported. C++11 support will be removed in a future release. Define THRUST_IGNORE_DEPRECATED_CPP_DIALECT to suppress this message.
  131 |      THRUST_COMPILER_DEPRECATION_SOFT(C++14, C++11);
      |             ^~~~~~~~~~~~~~~~~~~~~~~~~~~~~~~~~~~~~~~~                                                                                                                                                           
In file included from /usr/local/cuda/bin/../targets/x86_64-linux/include/cub/util_arch.cuh:36,
                 from /usr/local/cuda/bin/../targets/x86_64-linux/include/cub/util_debug.cuh:40,
                 from /usr/local/cuda/bin/../targets/x86_64-linux/include/thrust/system/cuda/config.h:43,
                 from /usr/local/cuda/bin/../targets/x86_64-linux/include/thrust/system/cuda/detail/execution_policy.h:35,
                 from /usr/local/cuda/bin/../targets/x86_64-linux/include/thrust/iterator/detail/device_system_tag.h:23,
                 from /usr/local/cuda/bin/../targets/x86_64-linux/include/thrust/iterator/iterator_traits.h:62,
                 from /usr/local/cuda/bin/../targets/x86_64-linux/include/thrust/count.h:26,
                 from md_braziltest_simple2.cu:11:
/usr/local/cuda/bin/../targets/x86_64-linux/include/cub/util_cpp_dialect.cuh:142:13: warning: CUB requires at least C++14. C++11 is deprecated but still supported. C++11 support will be removed in a future release. Define CUB_IGNORE_DEPRECATED_CPP_DIALECT to suppress this message.
  142 |      CUB_COMPILER_DEPRECATION_SOFT(C++14, C++11);
      |             ^~~~~~~~~~~~~~~~~~~~~~~~~~~~~~~~~~~~~                                                                                                                                                        
In file included from md_braziltest_simple2.cu:5:
/usr/local/cuda/bin/../targets/x86_64-linux/include/math_functions.h:54:2: warning: #warning "math_functions.h is an internal header file and must not be used directly.  This file will be removed in a future CUDA release.  Please use cuda_runtime_api.h or cuda_runtime.h instead." [-Wcpp]
   54 | #warning "math_functions.h is an internal header file and must not be used directly.  This file will be removed in a future CUDA release.  Please use cuda_runtime_api.h or cuda_runtime.h instead."
      |  ^~~~~~~
In file included from /usr/local/cuda/bin/../targets/x86_64-linux/include/thrust/detail/config/config.h:27,
                 from /usr/local/cuda/bin/../targets/x86_64-linux/include/thrust/detail/config.h:23,
                 from /usr/local/cuda/bin/../targets/x86_64-linux/include/thrust/count.h:24,
                 from md_braziltest_simple2.cu:11:
/usr/local/cuda/bin/../targets/x86_64-linux/include/thrust/detail/config/cpp_dialect.h:131:13: warning: Thrust requires at least C++14. C++11 is deprecated but still supported. C++11 support will be removed in a future release. Define THRUST_IGNORE_DEPRECATED_CPP_DIALECT to suppress this message.
  131 |      THRUST_COMPILER_DEPRECATION_SOFT(C++14, C++11);
      |             ^~~~~~~~~~~~~~~~~~~~~~~~~~~~~~~~~~~~~~~~                                                                                                                                                           
In file included from /usr/local/cuda/bin/../targets/x86_64-linux/include/cub/util_arch.cuh:36,
                 from /usr/local/cuda/bin/../targets/x86_64-linux/include/cub/util_debug.cuh:40,
                 from /usr/local/cuda/bin/../targets/x86_64-linux/include/thrust/system/cuda/config.h:43,
                 from /usr/local/cuda/bin/../targets/x86_64-linux/include/thrust/system/cuda/detail/execution_policy.h:35,
                 from /usr/local/cuda/bin/../targets/x86_64-linux/include/thrust/iterator/detail/device_system_tag.h:23,
                 from /usr/local/cuda/bin/../targets/x86_64-linux/include/thrust/iterator/iterator_traits.h:62,
                 from /usr/local/cuda/bin/../targets/x86_64-linux/include/thrust/count.h:26,
                 from md_braziltest_simple2.cu:11:
/usr/local/cuda/bin/../targets/x86_64-linux/include/cub/util_cpp_dialect.cuh:142:13: warning: CUB requires at least C++14. C++11 is deprecated but still supported. C++11 support will be removed in a future release. Define CUB_IGNORE_DEPRECATED_CPP_DIALECT to suppress this message.
  142 |      CUB_COMPILER_DEPRECATION_SOFT(C++14, C++11);
      |             ^~~~~~~~~~~~~~~~~~~~~~~~~~~~~~~~~~~~~                                                                                                                                                        
In file included from md_braziltest_simple2.cu:5:
/usr/local/cuda/bin/../targets/x86_64-linux/include/math_functions.h:54:2: warning: #warning "math_functions.h is an internal header file and must not be used directly.  This file will be removed in a future CUDA release.  Please use cuda_runtime_api.h or cuda_runtime.h instead." [-Wcpp]
   54 | #warning "math_functions.h is an internal header file and must not be used directly.  This file will be removed in a future CUDA release.  Please use cuda_runtime_api.h or cuda_runtime.h instead."
      |  ^~~~~~~
In file included from /usr/local/cuda/bin/../targets/x86_64-linux/include/thrust/detail/config/config.h:27,
                 from /usr/local/cuda/bin/../targets/x86_64-linux/include/thrust/detail/config.h:23,
                 from /usr/local/cuda/bin/../targets/x86_64-linux/include/thrust/count.h:24,
                 from md_braziltest_simple2.cu:11:
/usr/local/cuda/bin/../targets/x86_64-linux/include/thrust/detail/config/cpp_dialect.h:131:13: warning: Thrust requires at least C++14. C++11 is deprecated but still supported. C++11 support will be removed in a future release. Define THRUST_IGNORE_DEPRECATED_CPP_DIALECT to suppress this message.
  131 |      THRUST_COMPILER_DEPRECATION_SOFT(C++14, C++11);
      |             ^~~~~~~~~~~~~~~~~~~~~~~~~~~~~~~~~~~~~~~~                                                                                                                                                           
In file included from /usr/local/cuda/bin/../targets/x86_64-linux/include/cub/util_arch.cuh:36,
                 from /usr/local/cuda/bin/../targets/x86_64-linux/include/cub/util_debug.cuh:40,
                 from /usr/local/cuda/bin/../targets/x86_64-linux/include/thrust/system/cuda/config.h:43,
                 from /usr/local/cuda/bin/../targets/x86_64-linux/include/thrust/system/cuda/detail/execution_policy.h:35,
                 from /usr/local/cuda/bin/../targets/x86_64-linux/include/thrust/iterator/detail/device_system_tag.h:23,
                 from /usr/local/cuda/bin/../targets/x86_64-linux/include/thrust/iterator/iterator_traits.h:62,
                 from /usr/local/cuda/bin/../targets/x86_64-linux/include/thrust/count.h:26,
                 from md_braziltest_simple2.cu:11:
/usr/local/cuda/bin/../targets/x86_64-linux/include/cub/util_cpp_dialect.cuh:142:13: warning: CUB requires at least C++14. C++11 is deprecated but still supported. C++11 support will be removed in a future release. Define CUB_IGNORE_DEPRECATED_CPP_DIALECT to suppress this message.
  142 |      CUB_COMPILER_DEPRECATION_SOFT(C++14, C++11);
      |             ^~~~~~~~~~~~~~~~~~~~~~~~~~~~~~~~~~~~~                                                                                                                                                        
In file included from md_braziltest_simple2.cu:5:
/usr/local/cuda/bin/../targets/x86_64-linux/include/math_functions.h:54:2: warning: #warning "math_functions.h is an internal header file and must not be used directly.  This file will be removed in a future CUDA release.  Please use cuda_runtime_api.h or cuda_runtime.h instead." [-Wcpp]
   54 | #warning "math_functions.h is an internal header file and must not be used directly.  This file will be removed in a future CUDA release.  Please use cuda_runtime_api.h or cuda_runtime.h instead."
      |  ^~~~~~~
In file included from /usr/local/cuda/bin/../targets/x86_64-linux/include/thrust/detail/config/config.h:27,
                 from /usr/local/cuda/bin/../targets/x86_64-linux/include/thrust/detail/config.h:23,
                 from /usr/local/cuda/bin/../targets/x86_64-linux/include/thrust/count.h:24,
                 from md_braziltest_simple2.cu:11:
/usr/local/cuda/bin/../targets/x86_64-linux/include/thrust/detail/config/cpp_dialect.h:131:13: warning: Thrust requires at least C++14. C++11 is deprecated but still supported. C++11 support will be removed in a future release. Define THRUST_IGNORE_DEPRECATED_CPP_DIALECT to suppress this message.
  131 |      THRUST_COMPILER_DEPRECATION_SOFT(C++14, C++11);
      |             ^~~~~~~~~~~~~~~~~~~~~~~~~~~~~~~~~~~~~~~~                                                                                                                                                           
In file included from /usr/local/cuda/bin/../targets/x86_64-linux/include/cub/util_arch.cuh:36,
                 from /usr/local/cuda/bin/../targets/x86_64-linux/include/cub/util_debug.cuh:40,
                 from /usr/local/cuda/bin/../targets/x86_64-linux/include/thrust/system/cuda/config.h:43,
                 from /usr/local/cuda/bin/../targets/x86_64-linux/include/thrust/system/cuda/detail/execution_policy.h:35,
                 from /usr/local/cuda/bin/../targets/x86_64-linux/include/thrust/iterator/detail/device_system_tag.h:23,
                 from /usr/local/cuda/bin/../targets/x86_64-linux/include/thrust/iterator/iterator_traits.h:62,
                 from /usr/local/cuda/bin/../targets/x86_64-linux/include/thrust/count.h:26,
                 from md_braziltest_simple2.cu:11:
/usr/local/cuda/bin/../targets/x86_64-linux/include/cub/util_cpp_dialect.cuh:142:13: warning: CUB requires at least C++14. C++11 is deprecated but still supported. C++11 support will be removed in a future release. Define CUB_IGNORE_DEPRECATED_CPP_DIALECT to suppress this message.
  142 |      CUB_COMPILER_DEPRECATION_SOFT(C++14, C++11);
      |             ^~~~~~~~~~~~~~~~~~~~~~~~~~~~~~~~~~~~~                                                                                                                                                        
In file included from md_braziltest_simple2.cu:5:
/usr/local/cuda/bin/../targets/x86_64-linux/include/math_functions.h:54:2: warning: #warning "math_functions.h is an internal header file and must not be used directly.  This file will be removed in a future CUDA release.  Please use cuda_runtime_api.h or cuda_runtime.h instead." [-Wcpp]
   54 | #warning "math_functions.h is an internal header file and must not be used directly.  This file will be removed in a future CUDA release.  Please use cuda_runtime_api.h or cuda_runtime.h instead."
      |  ^~~~~~~
In file included from /usr/local/cuda/bin/../targets/x86_64-linux/include/thrust/detail/config/config.h:27,
                 from /usr/local/cuda/bin/../targets/x86_64-linux/include/thrust/detail/config.h:23,
                 from /usr/local/cuda/bin/../targets/x86_64-linux/include/thrust/count.h:24,
                 from md_braziltest_simple2.cu:11:
/usr/local/cuda/bin/../targets/x86_64-linux/include/thrust/detail/config/cpp_dialect.h:131:13: warning: Thrust requires at least C++14. C++11 is deprecated but still supported. C++11 support will be removed in a future release. Define THRUST_IGNORE_DEPRECATED_CPP_DIALECT to suppress this message.
  131 |      THRUST_COMPILER_DEPRECATION_SOFT(C++14, C++11);
      |             ^~~~~~~~~~~~~~~~~~~~~~~~~~~~~~~~~~~~~~~~                                                                                                                                                           
In file included from /usr/local/cuda/bin/../targets/x86_64-linux/include/cub/util_arch.cuh:36,
                 from /usr/local/cuda/bin/../targets/x86_64-linux/include/cub/util_debug.cuh:40,
                 from /usr/local/cuda/bin/../targets/x86_64-linux/include/thrust/system/cuda/config.h:43,
                 from /usr/local/cuda/bin/../targets/x86_64-linux/include/thrust/system/cuda/detail/execution_policy.h:35,
                 from /usr/local/cuda/bin/../targets/x86_64-linux/include/thrust/iterator/detail/device_system_tag.h:23,
                 from /usr/local/cuda/bin/../targets/x86_64-linux/include/thrust/iterator/iterator_traits.h:62,
                 from /usr/local/cuda/bin/../targets/x86_64-linux/include/thrust/count.h:26,
                 from md_braziltest_simple2.cu:11:
/usr/local/cuda/bin/../targets/x86_64-linux/include/cub/util_cpp_dialect.cuh:142:13: warning: CUB requires at least C++14. C++11 is deprecated but still supported. C++11 support will be removed in a future release. Define CUB_IGNORE_DEPRECATED_CPP_DIALECT to suppress this message.
  142 |      CUB_COMPILER_DEPRECATION_SOFT(C++14, C++11);
      |             ^~~~~~~~~~~~~~~~~~~~~~~~~~~~~~~~~~~~~                                                                                                                                                        
/usr/local/cuda/bin/nvcc -ccbin g++   -m64      -gencode arch=compute_50,code=sm_50 -gencode arch=compute_52,code=sm_52 -gencode arch=compute_60,code=sm_60 -gencode arch=compute_61,code=sm_61 -gencode arch=compute_70,code=sm_70 -gencode arch=compute_75,code=sm_75 -gencode arch=compute_80,code=sm_80 -gencode arch=compute_86,code=sm_86 -gencode arch=compute_90,code=sm_90 -gencode arch=compute_90,code=compute_90 -o RockFit-DEM md.o md_savealldata.o md_savelammpsdata.o md_renewinteractionlist_full.o kernel.o mp_determineconjgradient.o md_createcylindersample.o md_firerelaxation.o md_calculate_cell.o md_calculationuniaxialcompression.o md_calculationbraziltest.o md_generate_particles.o md_cell_distribution.o md_interaction_list_construct.o md_interaction_list_construction.o md_interaction_list_reconstruct.o md_interaction_list_reconstructbpm.o md_calculateforces.o md_calculateforcesbpm_cpu.o md_calculateforcesbpm.o md_calculateforcesdem.o md_calculateforcesdem2.o md_calculateforcesdem3.o md_calculateforcesdem6.o md_calculateforceslj.o md_calculateforcespp.o md_calculateincrements.o md_calculateincrementsdem.o md_cylinderrestriction.o md_results.o md_uniaxialcompression_simple.o md_uniaxialcompression2_simple.o md_uniaxialcompression3_simple.o md_boundinteractions_construct.o md_parallelepipedrestriction.o md_braziltest_simple.o md_braziltest_simple2.o  -lcurand
mkdir -p ../../../bin/x86_64/linux/release
cp RockFit-DEM ../../../bin/x86_64/linux/release
